/data/apps/linux-centos8-cascadelake/gcc-9.3.0/anaconda3-2020.07-i7qavhiohb2uwqs4eqjeefzx3kp5jqdu/bin/python
----------------------------------------
fixed_positions_jsonl is NOT loaded
----------------------------------------
pssm_jsonl is NOT loaded
----------------------------------------
omit_AA_jsonl is NOT loaded
----------------------------------------
bias_AA_jsonl is NOT loaded
----------------------------------------
bias by residue dictionary is not loaded, or not provided
----------------------------------------
discarded {'bad_chars': 0, 'too_long': 0, 'bad_seq_length': 0}
----------------------------------------
Number of edges: 48
Training noise level: 0.2A
[DBG] first_global C = 194
[DBG] residue_idx C first 5 = [394, 395, 396, 397, 398]
Calculating conditional probabilities for merged_tetramer_ignorechain
[DBG] Forcing chain_M=1.0 on chain K at 273 positions
[DBG] Forcing chain_M=1.0 on chain L at 273 positions
[DBG] Forcing chain_M=1.0 on chain E at 97 positions
[DBG] Forcing chain_M=1.0 on chain F at 97 positions

[DBG] design mask summary for selected chains:
  C: len=273, min(mask)=1.0, max(mask)=1.0, first5=[1.0, 1.0, 1.0, 1.0, 1.0]
  D: len=273, min(mask)=1.0, max(mask)=1.0, first5=[1.0, 1.0, 1.0, 1.0, 1.0]
  K: len=273, min(mask)=1.0, max(mask)=1.0, first5=[1.0, 1.0, 1.0, 1.0, 1.0]
  L: len=273, min(mask)=1.0, max(mask)=1.0, first5=[1.0, 1.0, 1.0, 1.0, 1.0]

[DBG] designed chains: {'merged_tetramer_ignorechain': [['A', 'B', 'C', 'D', 'E', 'F', 'K', 'L'], ['G', 'H', 'I', 'J']]}
[DBG] pdb_start: {'A': 1, 'B': 98, 'C': 195, 'D': 468, 'E': 741, 'F': 838, 'K': 1675, 'L': 1948}

[CHECK] interface_globals sample:
[15, 16, 17, 18, 19, 20, 21, 22, 23, 24, 25, 26, 27, 28, 29, 30, 31, 32, 33, 34]

[CHECK] C locals: [93, 94, 95, 96, 97, 98, 99, 100, 101, 123, 124, 125, 145, 146, 147, 148, 166, 167, 168, 169]
total C local sites: 43

Top mutations (A/B view):
A:S21T {'count': 936, 'best_delta': -0.28461742401123047, 'best_corr_logp': -2.397327184677124, 'wt_logp': -2.1502082347869873}
A:R74Q {'count': 834, 'best_delta': -0.28649187088012695, 'best_corr_logp': -5.009897708892822, 'wt_logp': -4.723822116851807}
A:V73L {'count': 729, 'best_delta': -0.3030557632446289, 'best_corr_logp': -5.878773212432861, 'wt_logp': -5.57818078994751}
A:W35F {'count': 717, 'best_delta': -0.387439489364624, 'best_corr_logp': -2.1513900756835938, 'wt_logp': -1.8539179563522339}
A:E19K {'count': 704, 'best_delta': -0.3243448734283447, 'best_corr_logp': -3.6431100368499756, 'wt_logp': -3.4317243099212646}
A:K81S {'count': 690, 'best_delta': -0.21545720100402832, 'best_corr_logp': -4.111395835876465, 'wt_logp': -3.9587671756744385}
A:I72V {'count': 541, 'best_delta': -0.29745054244995117, 'best_corr_logp': -3.612889289855957, 'wt_logp': -2.9833474159240723}
A:R23K {'count': 513, 'best_delta': -0.2958061695098877, 'best_corr_logp': -4.377979278564453, 'wt_logp': -3.859074115753174}
A:F18R {'count': 504, 'best_delta': -0.3265664577484131, 'best_corr_logp': -3.452777862548828, 'wt_logp': -3.2944982051849365}
A:K80S {'count': 447, 'best_delta': -0.2733335494995117, 'best_corr_logp': -2.5716869831085205, 'wt_logp': -2.451840400695801}

Top mutations (C/D view):
C:D422Q {'count': 845, 'best_delta': -0.2900533676147461, 'best_corr_logp': -5.160994529724121, 'wt_logp': -4.521764755249023}
C:K319Q {'count': 727, 'best_delta': -0.21477222442626953, 'best_corr_logp': -5.474386215209961, 'wt_logp': -5.397678852081299}
C:L421V {'count': 612, 'best_delta': -0.15265607833862305, 'best_corr_logp': -6.147789478302002, 'wt_logp': -5.746732234954834}
C:A287P {'count': 580, 'best_delta': -0.2159285545349121, 'best_corr_logp': -6.450132846832275, 'wt_logp': -5.901782035827637}
C:M423P {'count': 532, 'best_delta': -0.16945123672485352, 'best_corr_logp': -7.176665306091309, 'wt_logp': -6.992651462554932}
C:H426M {'count': 529, 'best_delta': -0.31812524795532227, 'best_corr_logp': -6.428482532501221, 'wt_logp': -6.226311206817627}
C:V416E {'count': 521, 'best_delta': -0.1509559154510498, 'best_corr_logp': -2.9695565700531006, 'wt_logp': -2.884455442428589}
C:D418E {'count': 494, 'best_delta': -0.2411794662475586, 'best_corr_logp': -2.6136069297790527, 'wt_logp': -2.550262689590454}
C:L290Q {'count': 487, 'best_delta': -0.3225259780883789, 'best_corr_logp': -4.670143127441406, 'wt_logp': -4.286938190460205}
C:Y362I {'count': 455, 'best_delta': -0.3509256839752197, 'best_corr_logp': -2.902399778366089, 'wt_logp': -2.5743627548217773}
