/data/apps/linux-centos8-cascadelake/gcc-9.3.0/anaconda3-2020.07-i7qavhiohb2uwqs4eqjeefzx3kp5jqdu/bin/python
----------------------------------------
fixed_positions_jsonl is NOT loaded
----------------------------------------
pssm_jsonl is NOT loaded
----------------------------------------
omit_AA_jsonl is NOT loaded
----------------------------------------
bias_AA_jsonl is NOT loaded
----------------------------------------
bias by residue dictionary is not loaded, or not provided
----------------------------------------
discarded {'bad_chars': 0, 'too_long': 0, 'bad_seq_length': 0}
----------------------------------------
Number of edges: 48
Training noise level: 0.2A
[DBG] first_global C = 194
[DBG] residue_idx C first 5 = [394, 395, 396, 397, 398]
Calculating conditional probabilities for merged_tetramer_ignorechain
[DBG] Forcing chain_M=1.0 on chain K at 273 positions
[DBG] Forcing chain_M=1.0 on chain L at 273 positions
[DBG] Forcing chain_M=1.0 on chain E at 97 positions
[DBG] Forcing chain_M=1.0 on chain F at 97 positions

[DBG] design mask summary for selected chains:
  C: len=273, min(mask)=1.0, max(mask)=1.0, first5=[1.0, 1.0, 1.0, 1.0, 1.0]
  D: len=273, min(mask)=1.0, max(mask)=1.0, first5=[1.0, 1.0, 1.0, 1.0, 1.0]
  K: len=273, min(mask)=1.0, max(mask)=1.0, first5=[1.0, 1.0, 1.0, 1.0, 1.0]
  L: len=273, min(mask)=1.0, max(mask)=1.0, first5=[1.0, 1.0, 1.0, 1.0, 1.0]

[DBG] designed chains: {'merged_tetramer_ignorechain': [['A', 'B', 'C', 'D', 'E', 'F', 'K', 'L'], ['G', 'H', 'I', 'J']]}
[DBG] pdb_start: {'A': 1, 'B': 98, 'C': 195, 'D': 468, 'E': 741, 'F': 838, 'K': 1675, 'L': 1948}

[CHECK] interface_globals sample:
[15, 16, 17, 18, 19, 20, 21, 22, 23, 24, 25, 26, 27, 28, 29, 30, 31, 32, 33, 34]

[CHECK] C locals: [93, 94, 95, 96, 97, 98, 99, 100, 101, 123, 124, 125, 145, 146, 147, 148, 166, 167, 168, 169]
total C local sites: 43

Top mutations (A/B view):
A:S21T {'count': 870, 'best_delta': -0.25202488899230957, 'best_corr_logp': -1.9030958414077759, 'wt_logp': -1.5859795808792114}
A:R74Q {'count': 752, 'best_delta': -0.20567035675048828, 'best_corr_logp': -3.8226795196533203, 'wt_logp': -3.6381993293762207}
A:V73L {'count': 647, 'best_delta': -0.23943853378295898, 'best_corr_logp': -4.485104560852051, 'wt_logp': -4.183032989501953}
A:W35F {'count': 623, 'best_delta': -0.25441431999206543, 'best_corr_logp': -1.6780784130096436, 'wt_logp': -1.4564768075942993}
A:E19K {'count': 568, 'best_delta': -0.2119901180267334, 'best_corr_logp': -2.795578956604004, 'wt_logp': -2.4936838150024414}
A:I72V {'count': 544, 'best_delta': -0.2533235549926758, 'best_corr_logp': -2.8363046646118164, 'wt_logp': -2.4118728637695312}
A:K81S {'count': 485, 'best_delta': -0.22932839393615723, 'best_corr_logp': -3.1460373401641846, 'wt_logp': -2.949436664581299}
A:K80S {'count': 420, 'best_delta': -0.20456266403198242, 'best_corr_logp': -1.9367009401321411, 'wt_logp': -1.8491802215576172}
A:R23K {'count': 406, 'best_delta': -0.23492860794067383, 'best_corr_logp': -3.399514675140381, 'wt_logp': -2.941140651702881}
A:R27E {'count': 387, 'best_delta': -0.27431583404541016, 'best_corr_logp': -4.283461570739746, 'wt_logp': -4.0489888191223145}

Top mutations (C/D view):
C:D422Q {'count': 738, 'best_delta': -0.21265125274658203, 'best_corr_logp': -3.8439841270446777, 'wt_logp': -3.456881046295166}
C:L421V {'count': 636, 'best_delta': -0.15038299560546875, 'best_corr_logp': -4.677402496337891, 'wt_logp': -4.346661567687988}
C:K319Q {'count': 582, 'best_delta': -0.1716747283935547, 'best_corr_logp': -4.124687194824219, 'wt_logp': -3.8661999702453613}
C:V416E {'count': 493, 'best_delta': -0.23656606674194336, 'best_corr_logp': -2.3000783920288086, 'wt_logp': -2.17909836769104}
C:M423P {'count': 474, 'best_delta': -0.19968843460083008, 'best_corr_logp': -5.488293170928955, 'wt_logp': -5.308963775634766}
C:L290Q {'count': 454, 'best_delta': -0.2752962112426758, 'best_corr_logp': -3.6024651527404785, 'wt_logp': -2.95918607711792}
C:H426M {'count': 403, 'best_delta': -0.18365478515625, 'best_corr_logp': -4.878023624420166, 'wt_logp': -4.608827114105225}
C:A287P {'count': 396, 'best_delta': -0.1839432716369629, 'best_corr_logp': -4.9492902755737305, 'wt_logp': -4.54960298538208}
C:H426D {'count': 365, 'best_delta': -0.1422114372253418, 'best_corr_logp': -5.039930820465088, 'wt_logp': -4.763338565826416}
C:D418E {'count': 360, 'best_delta': -0.2159566879272461, 'best_corr_logp': -2.0677406787872314, 'wt_logp': -1.7918901443481445}
