/data/apps/linux-centos8-cascadelake/gcc-9.3.0/anaconda3-2020.07-i7qavhiohb2uwqs4eqjeefzx3kp5jqdu/bin/python
----------------------------------------
fixed_positions_jsonl is NOT loaded
----------------------------------------
pssm_jsonl is NOT loaded
----------------------------------------
omit_AA_jsonl is NOT loaded
----------------------------------------
bias_AA_jsonl is NOT loaded
----------------------------------------
bias by residue dictionary is not loaded, or not provided
----------------------------------------
discarded {'bad_chars': 0, 'too_long': 0, 'bad_seq_length': 0}
----------------------------------------
Number of edges: 48
Training noise level: 0.2A
[DBG] first_global C = 194
[DBG] residue_idx C first 5 = [394, 395, 396, 397, 398]
Calculating conditional probabilities for merged_tetramer_ignorechain
[DBG] Forcing chain_M=1.0 on chain K at 273 positions
[DBG] Forcing chain_M=1.0 on chain L at 273 positions
[DBG] Forcing chain_M=1.0 on chain E at 97 positions
[DBG] Forcing chain_M=1.0 on chain F at 97 positions

[DBG] design mask summary for selected chains:
  C: len=273, min(mask)=1.0, max(mask)=1.0, first5=[1.0, 1.0, 1.0, 1.0, 1.0]
  D: len=273, min(mask)=1.0, max(mask)=1.0, first5=[1.0, 1.0, 1.0, 1.0, 1.0]
  K: len=273, min(mask)=1.0, max(mask)=1.0, first5=[1.0, 1.0, 1.0, 1.0, 1.0]
  L: len=273, min(mask)=1.0, max(mask)=1.0, first5=[1.0, 1.0, 1.0, 1.0, 1.0]

[DBG] designed chains: {'merged_tetramer_ignorechain': [['A', 'B', 'C', 'D', 'E', 'F', 'K', 'L'], ['G', 'H', 'I', 'J']]}
[DBG] pdb_start: {'A': 1, 'B': 98, 'C': 195, 'D': 468, 'E': 741, 'F': 838, 'K': 1675, 'L': 1948}

[CHECK] interface_globals sample:
[15, 16, 17, 18, 19, 20, 21, 22, 23, 24, 25, 26, 27, 28, 29, 30, 31, 32, 33, 34]

[CHECK] C locals: [93, 94, 95, 96, 97, 98, 99, 100, 101, 123, 124, 125, 145, 146, 147, 148, 166, 167, 168, 169]
total C local sites: 43

Top mutations (A/B view):
A:S21T {'count': 917, 'best_delta': -0.3180229663848877, 'best_corr_logp': -2.4175963401794434, 'wt_logp': -2.1171650886535645}
A:R74Q {'count': 853, 'best_delta': -0.2576732635498047, 'best_corr_logp': -5.012426376342773, 'wt_logp': -4.7583184242248535}
A:V73L {'count': 725, 'best_delta': -0.2954387664794922, 'best_corr_logp': -5.876854419708252, 'wt_logp': -5.462344169616699}
A:E19K {'count': 702, 'best_delta': -0.25258636474609375, 'best_corr_logp': -3.6611108779907227, 'wt_logp': -3.348475217819214}
A:K81S {'count': 692, 'best_delta': -0.26606273651123047, 'best_corr_logp': -4.143987655639648, 'wt_logp': -4.025330543518066}
A:W35F {'count': 691, 'best_delta': -0.3995964527130127, 'best_corr_logp': -2.1724538803100586, 'wt_logp': -1.8361626863479614}
A:I72V {'count': 560, 'best_delta': -0.32935619354248047, 'best_corr_logp': -3.621128559112549, 'wt_logp': -2.892975330352783}
A:R23K {'count': 550, 'best_delta': -0.31409454345703125, 'best_corr_logp': -4.353051662445068, 'wt_logp': -4.00038480758667}
A:F18R {'count': 508, 'best_delta': -0.29726529121398926, 'best_corr_logp': -3.4709439277648926, 'wt_logp': -3.1482045650482178}
A:K80S {'count': 478, 'best_delta': -0.2396712303161621, 'best_corr_logp': -2.567890167236328, 'wt_logp': -2.327813148498535}

Top mutations (C/D view):
C:D422Q {'count': 869, 'best_delta': -0.3136625289916992, 'best_corr_logp': -5.154775619506836, 'wt_logp': -4.665455341339111}
C:K319Q {'count': 690, 'best_delta': -0.19970464706420898, 'best_corr_logp': -5.431671619415283, 'wt_logp': -5.1836137771606445}
C:L421V {'count': 616, 'best_delta': -0.14265203475952148, 'best_corr_logp': -6.127868175506592, 'wt_logp': -5.702045440673828}
C:A287P {'count': 612, 'best_delta': -0.22577142715454102, 'best_corr_logp': -6.482935428619385, 'wt_logp': -6.198829650878906}
C:V416E {'count': 541, 'best_delta': -0.1434779167175293, 'best_corr_logp': -2.9484972953796387, 'wt_logp': -2.8123438358306885}
C:M423P {'count': 523, 'best_delta': -0.16238737106323242, 'best_corr_logp': -7.139275550842285, 'wt_logp': -6.9382476806640625}
C:H426M {'count': 510, 'best_delta': -0.2525620460510254, 'best_corr_logp': -6.415731430053711, 'wt_logp': -6.276043891906738}
C:D418E {'count': 484, 'best_delta': -0.21498513221740723, 'best_corr_logp': -2.626828193664551, 'wt_logp': -2.475416421890259}
C:L290Q {'count': 469, 'best_delta': -0.339036226272583, 'best_corr_logp': -4.720559120178223, 'wt_logp': -4.335862159729004}
C:Y362I {'count': 440, 'best_delta': -0.3617393970489502, 'best_corr_logp': -2.852262020111084, 'wt_logp': -2.4060897827148438}
