/data/apps/linux-centos8-cascadelake/gcc-9.3.0/anaconda3-2020.07-i7qavhiohb2uwqs4eqjeefzx3kp5jqdu/bin/python
----------------------------------------
fixed_positions_jsonl is NOT loaded
----------------------------------------
pssm_jsonl is NOT loaded
----------------------------------------
omit_AA_jsonl is NOT loaded
----------------------------------------
bias_AA_jsonl is NOT loaded
----------------------------------------
bias by residue dictionary is not loaded, or not provided
----------------------------------------
discarded {'bad_chars': 0, 'too_long': 0, 'bad_seq_length': 0}
----------------------------------------
Number of edges: 48
Training noise level: 0.2A
[DBG] first_global C = 194
[DBG] residue_idx C first 5 = [394, 395, 396, 397, 398]
Calculating conditional probabilities for merged_tetramer_ignorechain
[DBG] Forcing chain_M=1.0 on chain K at 273 positions
[DBG] Forcing chain_M=1.0 on chain L at 273 positions
[DBG] Forcing chain_M=1.0 on chain E at 97 positions
[DBG] Forcing chain_M=1.0 on chain F at 97 positions

[DBG] design mask summary for selected chains:
  C: len=273, min(mask)=1.0, max(mask)=1.0, first5=[1.0, 1.0, 1.0, 1.0, 1.0]
  D: len=273, min(mask)=1.0, max(mask)=1.0, first5=[1.0, 1.0, 1.0, 1.0, 1.0]
  K: len=273, min(mask)=1.0, max(mask)=1.0, first5=[1.0, 1.0, 1.0, 1.0, 1.0]
  L: len=273, min(mask)=1.0, max(mask)=1.0, first5=[1.0, 1.0, 1.0, 1.0, 1.0]

[DBG] designed chains: {'merged_tetramer_ignorechain': [['A', 'B', 'C', 'D', 'E', 'F', 'K', 'L'], ['G', 'H', 'I', 'J']]}
[DBG] pdb_start: {'A': 1, 'B': 98, 'C': 195, 'D': 468, 'E': 741, 'F': 838, 'K': 1675, 'L': 1948}

[CHECK] interface_globals sample:
[15, 16, 17, 18, 19, 20, 21, 22, 23, 24, 25, 26, 27, 28, 29, 30, 31, 32, 33, 34]

[CHECK] C locals: [93, 94, 95, 96, 97, 98, 99, 100, 101, 123, 124, 125, 145, 146, 147, 148, 166, 167, 168, 169]
total C local sites: 43

Top mutations (A/B view):
A:S21T {'count': 569, 'best_delta': -0.11630594730377197, 'best_corr_logp': -0.7075141668319702, 'wt_logp': -0.5153936743736267}
A:V73L {'count': 291, 'best_delta': -0.0976792573928833, 'best_corr_logp': -1.6376562118530273, 'wt_logp': -1.3224937915802002}
A:R74Q {'count': 263, 'best_delta': -0.08545184135437012, 'best_corr_logp': -1.411604642868042, 'wt_logp': -1.1861097812652588}
A:I72V {'count': 258, 'best_delta': -0.10815846920013428, 'best_corr_logp': -1.0982880592346191, 'wt_logp': -0.5824050903320312}
A:T28S {'count': 222, 'best_delta': -0.11204510927200317, 'best_corr_logp': -0.583660900592804, 'wt_logp': -0.4086330533027649}
A:L24M {'count': 222, 'best_delta': -0.13347411155700684, 'best_corr_logp': -0.8746896982192993, 'wt_logp': -0.5968995690345764}
A:W35F {'count': 218, 'best_delta': -0.12458866834640503, 'best_corr_logp': -0.6085672378540039, 'wt_logp': -0.5102813243865967}
A:V73Y {'count': 209, 'best_delta': -0.0942314863204956, 'best_corr_logp': -1.6075944900512695, 'wt_logp': -1.5200153589248657}
A:R27E {'count': 194, 'best_delta': -0.09555435180664062, 'best_corr_logp': -1.542006492614746, 'wt_logp': -1.2277107238769531}
A:R27K {'count': 183, 'best_delta': -0.11346626281738281, 'best_corr_logp': -1.5343172550201416, 'wt_logp': -1.3871238231658936}

Top mutations (C/D view):
C:L421V {'count': 261, 'best_delta': -0.05336952209472656, 'best_corr_logp': -1.7032866477966309, 'wt_logp': -1.47965407371521}
C:A287S {'count': 198, 'best_delta': -0.05531120300292969, 'best_corr_logp': -1.8579747676849365, 'wt_logp': -1.421999454498291}
C:M423P {'count': 198, 'best_delta': -0.062230587005615234, 'best_corr_logp': -1.9437735080718994, 'wt_logp': -1.7038559913635254}
C:D422Q {'count': 185, 'best_delta': -0.08697962760925293, 'best_corr_logp': -1.5265071392059326, 'wt_logp': -1.2539424896240234}
C:E289D {'count': 173, 'best_delta': -0.07694876194000244, 'best_corr_logp': -0.9618310928344727, 'wt_logp': -0.6234555244445801}
C:V416E {'count': 171, 'best_delta': -0.07017266750335693, 'best_corr_logp': -0.8156498670578003, 'wt_logp': -0.7232474088668823}
C:I292L {'count': 162, 'best_delta': -0.07452920079231262, 'best_corr_logp': -0.40777063369750977, 'wt_logp': -0.3462105989456177}
C:L290Q {'count': 158, 'best_delta': -0.07774615287780762, 'best_corr_logp': -1.3421273231506348, 'wt_logp': -1.1056346893310547}
C:L421H {'count': 154, 'best_delta': -0.06012225151062012, 'best_corr_logp': -1.6163818836212158, 'wt_logp': -1.4393198490142822}
C:E339D {'count': 152, 'best_delta': -0.07293260097503662, 'best_corr_logp': -0.7986975908279419, 'wt_logp': -0.7068121433258057}
