/data/apps/linux-centos8-cascadelake/gcc-9.3.0/anaconda3-2020.07-i7qavhiohb2uwqs4eqjeefzx3kp5jqdu/bin/python
----------------------------------------
fixed_positions_jsonl is NOT loaded
----------------------------------------
pssm_jsonl is NOT loaded
----------------------------------------
omit_AA_jsonl is NOT loaded
----------------------------------------
bias_AA_jsonl is NOT loaded
----------------------------------------
bias by residue dictionary is not loaded, or not provided
----------------------------------------
discarded {'bad_chars': 0, 'too_long': 0, 'bad_seq_length': 0}
----------------------------------------
Number of edges: 48
Training noise level: 0.2A
[DBG] first_global C = 194
[DBG] residue_idx C first 5 = [394, 395, 396, 397, 398]
Calculating conditional probabilities for merged_tetramer_ignorechain
[DBG] Forcing chain_M=1.0 on chain K at 273 positions
[DBG] Forcing chain_M=1.0 on chain L at 273 positions
[DBG] Forcing chain_M=1.0 on chain E at 97 positions
[DBG] Forcing chain_M=1.0 on chain F at 97 positions

[DBG] design mask summary for selected chains:
  C: len=273, min(mask)=1.0, max(mask)=1.0, first5=[1.0, 1.0, 1.0, 1.0, 1.0]
  D: len=273, min(mask)=1.0, max(mask)=1.0, first5=[1.0, 1.0, 1.0, 1.0, 1.0]
  K: len=273, min(mask)=1.0, max(mask)=1.0, first5=[1.0, 1.0, 1.0, 1.0, 1.0]
  L: len=273, min(mask)=1.0, max(mask)=1.0, first5=[1.0, 1.0, 1.0, 1.0, 1.0]

[DBG] designed chains: {'merged_tetramer_ignorechain': [['A', 'B', 'C', 'D', 'E', 'F', 'K', 'L'], ['G', 'H', 'I', 'J']]}
[DBG] pdb_start: {'A': 1, 'B': 98, 'C': 195, 'D': 468, 'E': 741, 'F': 838, 'K': 1675, 'L': 1948}

[CHECK] interface_globals sample:
[15, 16, 17, 18, 19, 20, 21, 22, 23, 24, 25, 26, 27, 28, 29, 30, 31, 32, 33, 34]

[CHECK] C locals: [93, 94, 95, 96, 97, 98, 99, 100, 101, 123, 124, 125, 145, 146, 147, 148, 166, 167, 168, 169]
total C local sites: 43

Top mutations (A/B view):
A:S21T {'count': 793, 'best_delta': -0.1771928071975708, 'best_corr_logp': -1.2940951585769653, 'wt_logp': -1.0956225395202637}
A:R74Q {'count': 537, 'best_delta': -0.16871166229248047, 'best_corr_logp': -2.6134281158447266, 'wt_logp': -2.2922725677490234}
A:V73L {'count': 529, 'best_delta': -0.18155908584594727, 'best_corr_logp': -3.021181583404541, 'wt_logp': -2.807509660720825}
A:W35F {'count': 465, 'best_delta': -0.19649869203567505, 'best_corr_logp': -1.1387426853179932, 'wt_logp': -1.0740625858306885}
A:I72V {'count': 465, 'best_delta': -0.24260878562927246, 'best_corr_logp': -2.043795585632324, 'wt_logp': -1.4891505241394043}
A:E19K {'count': 377, 'best_delta': -0.19478774070739746, 'best_corr_logp': -1.9234322309494019, 'wt_logp': -1.6862307786941528}
A:R27K {'count': 357, 'best_delta': -0.12589168548583984, 'best_corr_logp': -2.824561834335327, 'wt_logp': -2.549438953399658}
A:R27E {'count': 354, 'best_delta': -0.2040698528289795, 'best_corr_logp': -2.8922030925750732, 'wt_logp': -2.6278417110443115}
A:L24M {'count': 301, 'best_delta': -0.18787217140197754, 'best_corr_logp': -1.5404469966888428, 'wt_logp': -1.1683626174926758}
A:K80S {'count': 296, 'best_delta': -0.20473849773406982, 'best_corr_logp': -1.351737380027771, 'wt_logp': -1.2512538433074951}

Top mutations (C/D view):
C:L421V {'count': 545, 'best_delta': -0.13824152946472168, 'best_corr_logp': -3.2427940368652344, 'wt_logp': -2.8761510848999023}
C:D422Q {'count': 509, 'best_delta': -0.13292217254638672, 'best_corr_logp': -2.6495237350463867, 'wt_logp': -2.3106918334960938}
C:M423P {'count': 380, 'best_delta': -0.11903142929077148, 'best_corr_logp': -3.697223424911499, 'wt_logp': -3.5045785903930664}
C:V416E {'count': 380, 'best_delta': -0.16342926025390625, 'best_corr_logp': -1.5660109519958496, 'wt_logp': -1.3577067852020264}
C:L290Q {'count': 359, 'best_delta': -0.17107939720153809, 'best_corr_logp': -2.5084304809570312, 'wt_logp': -2.0687460899353027}
C:K319Q {'count': 308, 'best_delta': -0.13605356216430664, 'best_corr_logp': -2.815450429916382, 'wt_logp': -2.7204620838165283}
C:L421H {'count': 306, 'best_delta': -0.08770155906677246, 'best_corr_logp': -3.0479676723480225, 'wt_logp': -2.8519978523254395}
C:A287S {'count': 296, 'best_delta': -0.1240074634552002, 'best_corr_logp': -3.3408048152923584, 'wt_logp': -3.0267956256866455}
C:F419A {'count': 290, 'best_delta': -0.17063069343566895, 'best_corr_logp': -3.7832298278808594, 'wt_logp': -3.6559042930603027}
C:H426M {'count': 278, 'best_delta': -0.16150808334350586, 'best_corr_logp': -3.2793548107147217, 'wt_logp': -3.061866521835327}
