/data/apps/linux-centos8-cascadelake/gcc-9.3.0/anaconda3-2020.07-i7qavhiohb2uwqs4eqjeefzx3kp5jqdu/bin/python
----------------------------------------
fixed_positions_jsonl is NOT loaded
----------------------------------------
pssm_jsonl is NOT loaded
----------------------------------------
omit_AA_jsonl is NOT loaded
----------------------------------------
bias_AA_jsonl is NOT loaded
----------------------------------------
bias by residue dictionary is not loaded, or not provided
----------------------------------------
discarded {'bad_chars': 0, 'too_long': 0, 'bad_seq_length': 0}
----------------------------------------
Number of edges: 48
Training noise level: 0.2A
[DBG] first_global C = 194
[DBG] residue_idx C first 5 = [394, 395, 396, 397, 398]
Calculating conditional probabilities for merged_tetramer_ignorechain
[DBG] Forcing chain_M=1.0 on chain K at 273 positions
[DBG] Forcing chain_M=1.0 on chain L at 273 positions
[DBG] Forcing chain_M=1.0 on chain E at 97 positions
[DBG] Forcing chain_M=1.0 on chain F at 97 positions

[DBG] design mask summary for selected chains:
  C: len=273, min(mask)=1.0, max(mask)=1.0, first5=[1.0, 1.0, 1.0, 1.0, 1.0]
  D: len=273, min(mask)=1.0, max(mask)=1.0, first5=[1.0, 1.0, 1.0, 1.0, 1.0]
  K: len=273, min(mask)=1.0, max(mask)=1.0, first5=[1.0, 1.0, 1.0, 1.0, 1.0]
  L: len=273, min(mask)=1.0, max(mask)=1.0, first5=[1.0, 1.0, 1.0, 1.0, 1.0]

[DBG] designed chains: {'merged_tetramer_ignorechain': [['A', 'B', 'C', 'D', 'E', 'F', 'K', 'L'], ['G', 'H', 'I', 'J']]}
[DBG] pdb_start: {'A': 1, 'B': 98, 'C': 195, 'D': 468, 'E': 741, 'F': 838, 'K': 1675, 'L': 1948}

[CHECK] interface_globals sample:
[15, 16, 17, 18, 19, 20, 21, 22, 23, 24, 25, 26, 27, 28, 29, 30, 31, 32, 33, 34]

[CHECK] C locals: [93, 94, 95, 96, 97, 98, 99, 100, 101, 123, 124, 125, 145, 146, 147, 148, 166, 167, 168, 169]
total C local sites: 43

Top mutations (A/B view):
A:P36L {'count': 74, 'best_delta': -0.003848634660243988, 'best_corr_logp': -0.0025701522827148438, 'wt_logp': -0.000534355640411377}
A:P36W {'count': 69, 'best_delta': -0.003796488046646118, 'best_corr_logp': -0.002887725830078125, 'wt_logp': -0.0010836869478225708}
A:V67X {'count': 65, 'best_delta': -0.0028165876865386963, 'best_corr_logp': -0.01692676544189453, 'wt_logp': -0.007724091410636902}
A:P36T {'count': 64, 'best_delta': -0.002125360071659088, 'best_corr_logp': -0.0026841163635253906, 'wt_logp': -0.0007285922765731812}
A:P36S {'count': 64, 'best_delta': -0.003857143223285675, 'best_corr_logp': -0.0026993751525878906, 'wt_logp': -0.0010291412472724915}
A:P36G {'count': 61, 'best_delta': -0.004508167505264282, 'best_corr_logp': -0.005787849426269531, 'wt_logp': -0.000886775553226471}
A:P36V {'count': 60, 'best_delta': -0.0027483180165290833, 'best_corr_logp': -0.0020613670349121094, 'wt_logp': 0.0004301518201828003}
A:E16W {'count': 59, 'best_delta': -0.0030125677585601807, 'best_corr_logp': -0.019446372985839844, 'wt_logp': -0.0019792914390563965}
A:V34X {'count': 57, 'best_delta': -0.004525594413280487, 'best_corr_logp': -0.025989532470703125, 'wt_logp': 0.007203899323940277}
A:V17N {'count': 57, 'best_delta': -0.002573080360889435, 'best_corr_logp': -0.0029478073120117188, 'wt_logp': -0.0011278465390205383}

Top mutations (C/D view):
C:V361D {'count': 60, 'best_delta': -0.003652125597000122, 'best_corr_logp': -0.07414913177490234, 'wt_logp': 0.051733702421188354}
C:F400K {'count': 58, 'best_delta': -0.005174912512302399, 'best_corr_logp': -0.017090320587158203, 'wt_logp': 0.0044992342591285706}
C:V398X {'count': 45, 'best_delta': -0.003781944513320923, 'best_corr_logp': -0.03908681869506836, 'wt_logp': -0.018625706434249878}
C:V361W {'count': 43, 'best_delta': -0.0037220120429992676, 'best_corr_logp': -0.039345741271972656, 'wt_logp': 0.0038495659828186035}
C:V361E {'count': 42, 'best_delta': -0.003685474395751953, 'best_corr_logp': -0.06269073486328125, 'wt_logp': -0.004121661186218262}
C:V361P {'count': 42, 'best_delta': -0.003163158893585205, 'best_corr_logp': -0.029976367950439453, 'wt_logp': -0.030086636543273926}
C:F400A {'count': 41, 'best_delta': -0.003872498869895935, 'best_corr_logp': -0.012600421905517578, 'wt_logp': 0.002806626260280609}
C:V398R {'count': 37, 'best_delta': -0.005257338285446167, 'best_corr_logp': -0.03858375549316406, 'wt_logp': 0.021787315607070923}
C:V361M {'count': 37, 'best_delta': -0.0027001500129699707, 'best_corr_logp': -0.04098367691040039, 'wt_logp': -0.009928345680236816}
C:F400S {'count': 36, 'best_delta': -0.003074154257774353, 'best_corr_logp': -0.01740121841430664, 'wt_logp': 0.006654515862464905}
