/data/apps/linux-centos8-cascadelake/gcc-9.3.0/anaconda3-2020.07-i7qavhiohb2uwqs4eqjeefzx3kp5jqdu/bin/python
----------------------------------------
fixed_positions_jsonl is NOT loaded
----------------------------------------
pssm_jsonl is NOT loaded
----------------------------------------
omit_AA_jsonl is NOT loaded
----------------------------------------
bias_AA_jsonl is NOT loaded
----------------------------------------
bias by residue dictionary is not loaded, or not provided
----------------------------------------
discarded {'bad_chars': 0, 'too_long': 0, 'bad_seq_length': 0}
----------------------------------------
Number of edges: 48
Training noise level: 0.2A
[DBG] first_global C = 194
[DBG] residue_idx C first 5 = [394, 395, 396, 397, 398]
Calculating conditional probabilities for merged_tetramer_ignorechain
[DBG] Forcing chain_M=1.0 on chain K at 273 positions
[DBG] Forcing chain_M=1.0 on chain L at 273 positions
[DBG] Forcing chain_M=1.0 on chain E at 97 positions
[DBG] Forcing chain_M=1.0 on chain F at 97 positions

[DBG] design mask summary for selected chains:
  C: len=273, min(mask)=1.0, max(mask)=1.0, first5=[1.0, 1.0, 1.0, 1.0, 1.0]
  D: len=273, min(mask)=1.0, max(mask)=1.0, first5=[1.0, 1.0, 1.0, 1.0, 1.0]
  K: len=273, min(mask)=1.0, max(mask)=1.0, first5=[1.0, 1.0, 1.0, 1.0, 1.0]
  L: len=273, min(mask)=1.0, max(mask)=1.0, first5=[1.0, 1.0, 1.0, 1.0, 1.0]

[DBG] designed chains: {'merged_tetramer_ignorechain': [['A', 'B', 'C', 'D', 'E', 'F', 'K', 'L'], ['G', 'H', 'I', 'J']]}
[DBG] pdb_start: {'A': 1, 'B': 98, 'C': 195, 'D': 468, 'E': 741, 'F': 838, 'K': 1675, 'L': 1948}

[CHECK] interface_globals sample:
[15, 16, 17, 18, 19, 20, 21, 22, 23, 24, 25, 26, 27, 28, 29, 30, 31, 32, 33, 34]

[CHECK] C locals: [93, 94, 95, 96, 97, 98, 99, 100, 101, 123, 124, 125, 145, 146, 147, 148, 166, 167, 168, 169]
total C local sites: 43

Top mutations (A/B view):
A:S21T {'count': 865, 'best_delta': -0.24718856811523438, 'best_corr_logp': -1.8485993146896362, 'wt_logp': -1.5748502016067505}
A:R74Q {'count': 763, 'best_delta': -0.2113337516784668, 'best_corr_logp': -3.830565929412842, 'wt_logp': -3.716916799545288}
A:V73L {'count': 660, 'best_delta': -0.22640371322631836, 'best_corr_logp': -4.461212158203125, 'wt_logp': -4.011420249938965}
A:W35F {'count': 618, 'best_delta': -0.31125128269195557, 'best_corr_logp': -1.6322777271270752, 'wt_logp': -1.5539774894714355}
A:E19K {'count': 566, 'best_delta': -0.21367454528808594, 'best_corr_logp': -2.750209331512451, 'wt_logp': -2.436736583709717}
A:I72V {'count': 542, 'best_delta': -0.2806386947631836, 'best_corr_logp': -2.8062820434570312, 'wt_logp': -2.4177467823028564}
A:K81S {'count': 487, 'best_delta': -0.1734933853149414, 'best_corr_logp': -3.1479225158691406, 'wt_logp': -3.0238661766052246}
A:R27E {'count': 405, 'best_delta': -0.25786828994750977, 'best_corr_logp': -4.318418502807617, 'wt_logp': -3.973464012145996}
A:R23K {'count': 405, 'best_delta': -0.24559569358825684, 'best_corr_logp': -3.3489458560943604, 'wt_logp': -3.049832820892334}
A:K80S {'count': 400, 'best_delta': -0.2714885473251343, 'best_corr_logp': -1.9791531562805176, 'wt_logp': -1.8329873085021973}

Top mutations (C/D view):
C:D422Q {'count': 746, 'best_delta': -0.24750947952270508, 'best_corr_logp': -3.858386993408203, 'wt_logp': -3.4970765113830566}
C:L421V {'count': 637, 'best_delta': -0.12304067611694336, 'best_corr_logp': -4.674638271331787, 'wt_logp': -4.117069244384766}
C:K319Q {'count': 551, 'best_delta': -0.18864154815673828, 'best_corr_logp': -4.112443923950195, 'wt_logp': -3.9927051067352295}
C:M423P {'count': 512, 'best_delta': -0.15813922882080078, 'best_corr_logp': -5.489753723144531, 'wt_logp': -5.18668270111084}
C:V416E {'count': 482, 'best_delta': -0.17183637619018555, 'best_corr_logp': -2.2865633964538574, 'wt_logp': -2.064229965209961}
C:H426M {'count': 448, 'best_delta': -0.25840330123901367, 'best_corr_logp': -4.8654704093933105, 'wt_logp': -4.761661529541016}
C:A287P {'count': 448, 'best_delta': -0.17665910720825195, 'best_corr_logp': -4.969465255737305, 'wt_logp': -4.569057464599609}
C:L290Q {'count': 442, 'best_delta': -0.2903175354003906, 'best_corr_logp': -3.6214804649353027, 'wt_logp': -3.1369643211364746}
C:S451R {'count': 397, 'best_delta': -0.22499966621398926, 'best_corr_logp': -3.166412591934204, 'wt_logp': -2.975785255432129}
C:D418E {'count': 383, 'best_delta': -0.21466970443725586, 'best_corr_logp': -2.002707004547119, 'wt_logp': -1.84722900390625}
