/data/apps/linux-centos8-cascadelake/gcc-9.3.0/anaconda3-2020.07-i7qavhiohb2uwqs4eqjeefzx3kp5jqdu/bin/python
----------------------------------------
fixed_positions_jsonl is NOT loaded
----------------------------------------
pssm_jsonl is NOT loaded
----------------------------------------
omit_AA_jsonl is NOT loaded
----------------------------------------
bias_AA_jsonl is NOT loaded
----------------------------------------
bias by residue dictionary is not loaded, or not provided
----------------------------------------
discarded {'bad_chars': 0, 'too_long': 0, 'bad_seq_length': 0}
----------------------------------------
Number of edges: 48
Training noise level: 0.2A
[DBG] first_global C = 194
[DBG] residue_idx C first 5 = [394, 395, 396, 397, 398]
Calculating conditional probabilities for merged_tetramer_ignorechain
[DBG] Forcing chain_M=1.0 on chain K at 273 positions
[DBG] Forcing chain_M=1.0 on chain L at 273 positions
[DBG] Forcing chain_M=1.0 on chain E at 97 positions
[DBG] Forcing chain_M=1.0 on chain F at 97 positions

[DBG] design mask summary for selected chains:
  C: len=273, min(mask)=1.0, max(mask)=1.0, first5=[1.0, 1.0, 1.0, 1.0, 1.0]
  D: len=273, min(mask)=1.0, max(mask)=1.0, first5=[1.0, 1.0, 1.0, 1.0, 1.0]
  K: len=273, min(mask)=1.0, max(mask)=1.0, first5=[1.0, 1.0, 1.0, 1.0, 1.0]
  L: len=273, min(mask)=1.0, max(mask)=1.0, first5=[1.0, 1.0, 1.0, 1.0, 1.0]

[DBG] designed chains: {'merged_tetramer_ignorechain': [['A', 'B', 'C', 'D', 'E', 'F', 'K', 'L'], ['G', 'H', 'I', 'J']]}
[DBG] pdb_start: {'A': 1, 'B': 98, 'C': 195, 'D': 468, 'E': 741, 'F': 838, 'K': 1675, 'L': 1948}

[CHECK] interface_globals sample:
[15, 16, 17, 18, 19, 20, 21, 22, 23, 24, 25, 26, 27, 28, 29, 30, 31, 32, 33, 34]

[CHECK] C locals: [93, 94, 95, 96, 97, 98, 99, 100, 101, 123, 124, 125, 145, 146, 147, 148, 166, 167, 168, 169]
total C local sites: 43

Top mutations (A/B view):
A:S21T {'count': 1, 'best_delta': 0.0016293525695800781, 'best_corr_logp': -1.8442437648773193, 'wt_logp': -1.8458731174468994}
A:W35F {'count': 1, 'best_delta': -0.05279338359832764, 'best_corr_logp': -1.745782494544983, 'wt_logp': -1.6929891109466553}
A:I72V {'count': 1, 'best_delta': -0.0682063102722168, 'best_corr_logp': -2.966085910797119, 'wt_logp': -2.8978796005249023}
A:R68Q {'count': 1, 'best_delta': -0.08704376220703125, 'best_corr_logp': -4.117034912109375, 'wt_logp': -4.029991149902344}
A:K81Q {'count': 1, 'best_delta': -0.09172511100769043, 'best_corr_logp': -3.679018259048462, 'wt_logp': -3.5872931480407715}
A:R74Q {'count': 1, 'best_delta': 0.09743738174438477, 'best_corr_logp': -4.119684219360352, 'wt_logp': -4.217121601104736}
A:R23T {'count': 1, 'best_delta': -0.15001392364501953, 'best_corr_logp': -3.7148003578186035, 'wt_logp': -3.564786434173584}
A:V73L {'count': 1, 'best_delta': -0.1693572998046875, 'best_corr_logp': -5.037924289703369, 'wt_logp': -4.868566989898682}
A:R27E {'count': 1, 'best_delta': -0.18143796920776367, 'best_corr_logp': -4.883566379547119, 'wt_logp': -4.7021284103393555}
A:E19K {'count': 1, 'best_delta': -0.23126864433288574, 'best_corr_logp': -3.0711851119995117, 'wt_logp': -2.839916467666626}

Top mutations (C/D view):
C:D418E {'count': 1, 'best_delta': 0.008302450180053711, 'best_corr_logp': -2.13157320022583, 'wt_logp': -2.139875650405884}
C:S451R {'count': 1, 'best_delta': 0.012225627899169922, 'best_corr_logp': -3.4163808822631836, 'wt_logp': -3.4286065101623535}
C:K319Q {'count': 1, 'best_delta': 0.02437305450439453, 'best_corr_logp': -4.533219337463379, 'wt_logp': -4.557592391967773}
C:H426M {'count': 1, 'best_delta': -0.033598899841308594, 'best_corr_logp': -5.581604480743408, 'wt_logp': -5.5480055809021}
C:F419M {'count': 1, 'best_delta': 0.04442262649536133, 'best_corr_logp': -5.9896721839904785, 'wt_logp': -6.03409481048584}
C:D422Q {'count': 1, 'best_delta': -0.05334281921386719, 'best_corr_logp': -4.141040802001953, 'wt_logp': -4.087697982788086}
C:L421V {'count': 1, 'best_delta': -0.07066774368286133, 'best_corr_logp': -5.010725021362305, 'wt_logp': -4.940057277679443}
C:Y362I {'count': 1, 'best_delta': 0.10906815528869629, 'best_corr_logp': -1.9025301933288574, 'wt_logp': -2.0115983486175537}
C:N453H {'count': 1, 'best_delta': -0.13361859321594238, 'best_corr_logp': -3.2669198513031006, 'wt_logp': -3.133301258087158}
C:A287S {'count': 1, 'best_delta': -0.14819717407226562, 'best_corr_logp': -5.5147504806518555, 'wt_logp': -5.36655330657959}
