Using existing logs directory.
[DEBUG] Parsed R27K, N36D, N54V, N57H, R73K -> [('A 27', 'K'), ('A 36', 'D'), ('B 54', 'V'), ('B 57', 'H'), ('A 73', 'K')]
[DEBUG] Parsed R27E, N34P, N36D, N54V, N57D, R73Q -> [('A 27', 'E'), ('A 34', 'P'), ('A 36', 'D'), ('B 54', 'V'), ('B 57', 'D'), ('A 73', 'Q')]
[DEBUG] Parsed R27K, N36T, N54T, N57K, R73L -> [('A 27', 'K'), ('A 36', 'T'), ('B 54', 'T'), ('B 57', 'K'), ('A 73', 'L')]
[DEBUG] Parsed R27E, N54P, N57Q, R73L -> [('A 27', 'E'), ('B 54', 'P'), ('B 57', 'Q'), ('A 73', 'L')]
[DEBUG] Parsed R27E, N54V, N57S, R73V -> [('A 27', 'E'), ('B 54', 'V'), ('B 57', 'S'), ('A 73', 'V')]
[DEBUG] Parsed R27K, N36M, N54V, R73E -> [('A 27', 'K'), ('A 36', 'M'), ('B 54', 'V'), ('A 73', 'E')]
[DEBUG] Parsed R27Q, N54V, N57V, R73Y -> [('A 27', 'Q'), ('B 54', 'V'), ('B 57', 'V'), ('A 73', 'Y')]
[DEBUG] Parsed R27K, D31C, N34F, N36D, N54T, N57Q, R73S -> [('A 27', 'K'), ('A 31', 'C'), ('A 34', 'F'), ('A 36', 'D'), ('B 54', 'T'), ('B 57', 'Q'), ('A 73', 'S')]
[DEBUG] Parsed R27E, N36D, N54P, N57R, R73M -> [('A 27', 'E'), ('A 36', 'D'), ('B 54', 'P'), ('B 57', 'R'), ('A 73', 'M')]
[DEBUG] Parsed R27V, N54P, N57V, R73Y -> [('A 27', 'V'), ('B 54', 'P'), ('B 57', 'V'), ('A 73', 'Y')]
[DEBUG] Parsed R27K, N34T, N54V, N57T, R73M -> [('A 27', 'K'), ('A 34', 'T'), ('B 54', 'V'), ('B 57', 'T'), ('A 73', 'M')]
[DEBUG] Parsed R27K, N34T, N54V, N57K, R73L -> [('A 27', 'K'), ('A 34', 'T'), ('B 54', 'V'), ('B 57', 'K'), ('A 73', 'L')]
[DEBUG] Parsed R27K, N34D, N36T, N54I, R73Y -> [('A 27', 'K'), ('A 34', 'D'), ('A 36', 'T'), ('B 54', 'I'), ('A 73', 'Y')]
[DEBUG] Parsed R27K, D31S, N54I, N57H, R73C -> [('A 27', 'K'), ('A 31', 'S'), ('B 54', 'I'), ('B 57', 'H'), ('A 73', 'C')]
[DEBUG] Parsed R27K, N36D, N54I, N57W, R73K -> [('A 27', 'K'), ('A 36', 'D'), ('B 54', 'I'), ('B 57', 'W'), ('A 73', 'K')]
[DEBUG] Parsed R27K, D31N, N34D, N54V, R73L -> [('A 27', 'K'), ('A 31', 'N'), ('A 34', 'D'), ('B 54', 'V'), ('A 73', 'L')]
[DEBUG] Parsed R27E, N36P, N54I, R73W -> [('A 27', 'E'), ('A 36', 'P'), ('B 54', 'I'), ('A 73', 'W')]
[DEBUG] Parsed R27K, N34T, N36D, N54V, R73V -> [('A 27', 'K'), ('A 34', 'T'), ('A 36', 'D'), ('B 54', 'V'), ('A 73', 'V')]
[DEBUG] Parsed R27K, D31Q, N34M, N36D, N54V, R73W -> [('A 27', 'K'), ('A 31', 'Q'), ('A 34', 'M'), ('A 36', 'D'), ('B 54', 'V'), ('A 73', 'W')]
[DEBUG] Parsed R27K, N36D, N54V, N57E, R73K -> [('A 27', 'K'), ('A 36', 'D'), ('B 54', 'V'), ('B 57', 'E'), ('A 73', 'K')]
[DEBUG] Parsed R27K, N36D, N54V, R73L -> [('A 27', 'K'), ('A 36', 'D'), ('B 54', 'V'), ('A 73', 'L')]
[DEBUG] Parsed R27E, N54I, N57D, R73F -> [('A 27', 'E'), ('B 54', 'I'), ('B 57', 'D'), ('A 73', 'F')]
[DEBUG] Parsed R27Q, N54V, N57K, R73L -> [('A 27', 'Q'), ('B 54', 'V'), ('B 57', 'K'), ('A 73', 'L')]
[DEBUG] Parsed R27D, N34T, N54L, R73Q -> [('A 27', 'D'), ('A 34', 'T'), ('B 54', 'L'), ('A 73', 'Q')]
[DEBUG] Parsed R27D, N54V, R73M -> [('A 27', 'D'), ('B 54', 'V'), ('A 73', 'M')]
[DEBUG] Parsed R27K, N34D, N36S, N54I, N57C, R73T -> [('A 27', 'K'), ('A 34', 'D'), ('A 36', 'S'), ('B 54', 'I'), ('B 57', 'C'), ('A 73', 'T')]
[DEBUG] Parsed R27E, N34T, N36D, N54I -> [('A 27', 'E'), ('A 34', 'T'), ('A 36', 'D'), ('B 54', 'I')]
[DEBUG] Parsed R27K, N34G, N36D, N54I, N57Q, R73S -> [('A 27', 'K'), ('A 34', 'G'), ('A 36', 'D'), ('B 54', 'I'), ('B 57', 'Q'), ('A 73', 'S')]
[DEBUG] Parsed R27D, N54P, N57D, R73L -> [('A 27', 'D'), ('B 54', 'P'), ('B 57', 'D'), ('A 73', 'L')]
[DEBUG] Parsed R27K, N36R, N54V, N57H, R73A -> [('A 27', 'K'), ('A 36', 'R'), ('B 54', 'V'), ('B 57', 'H'), ('A 73', 'A')]
[DEBUG] Parsed R27K, N36S, N54V, N57H -> [('A 27', 'K'), ('A 36', 'S'), ('B 54', 'V'), ('B 57', 'H')]
[DEBUG] Parsed R27A, N34T, N36D, N54P, R73I -> [('A 27', 'A'), ('A 34', 'T'), ('A 36', 'D'), ('B 54', 'P'), ('A 73', 'I')]
[DEBUG] Parsed R27E, N54V, N57K, R73K -> [('A 27', 'E'), ('B 54', 'V'), ('B 57', 'K'), ('A 73', 'K')]
[DEBUG] Parsed R27K, D31P, N54V, N57Q, R73L -> [('A 27', 'K'), ('A 31', 'P'), ('B 54', 'V'), ('B 57', 'Q'), ('A 73', 'L')]
[DEBUG] Parsed R27K, N34D, N54I, N57L, R73W -> [('A 27', 'K'), ('A 34', 'D'), ('B 54', 'I'), ('B 57', 'L'), ('A 73', 'W')]
[DEBUG] Parsed R27K, N34D, N54T, N57Q, R73Y -> [('A 27', 'K'), ('A 34', 'D'), ('B 54', 'T'), ('B 57', 'Q'), ('A 73', 'Y')]
[DEBUG] Parsed R27S, N34T, N36H -> [('A 27', 'S'), ('A 34', 'T'), ('A 36', 'H')]
[DEBUG] Parsed R27K, N54I, R73Y -> [('A 27', 'K'), ('B 54', 'I'), ('A 73', 'Y')]
[DEBUG] Parsed R27K, N34G, N36R, N54H, N57K, R73E -> [('A 27', 'K'), ('A 34', 'G'), ('A 36', 'R'), ('B 54', 'H'), ('B 57', 'K'), ('A 73', 'E')]
[DEBUG] Parsed R27Q, D31N, N36S, N54V, N57R, R73Y -> [('A 27', 'Q'), ('A 31', 'N'), ('A 36', 'S'), ('B 54', 'V'), ('B 57', 'R'), ('A 73', 'Y')]
[DEBUG] Parsed R27K, N34L, N36D, N54V, R73M -> [('A 27', 'K'), ('A 34', 'L'), ('A 36', 'D'), ('B 54', 'V'), ('A 73', 'M')]
[DEBUG] Parsed R27K, N34R, N54T, N57K, R73L -> [('A 27', 'K'), ('A 34', 'R'), ('B 54', 'T'), ('B 57', 'K'), ('A 73', 'L')]
[DEBUG] Parsed R27P, N36G, N54V, N57R, R73Y -> [('A 27', 'P'), ('A 36', 'G'), ('B 54', 'V'), ('B 57', 'R'), ('A 73', 'Y')]
[DEBUG] Parsed R27K, N34T, N36S, N54V, R73Q -> [('A 27', 'K'), ('A 34', 'T'), ('A 36', 'S'), ('B 54', 'V'), ('A 73', 'Q')]
[DEBUG] Parsed R27K, N36D, N54P, N57R, R73M -> [('A 27', 'K'), ('A 36', 'D'), ('B 54', 'P'), ('B 57', 'R'), ('A 73', 'M')]
[DEBUG] Parsed R27K, D31N, N54V, N57F, R73K -> [('A 27', 'K'), ('A 31', 'N'), ('B 54', 'V'), ('B 57', 'F'), ('A 73', 'K')]
[DEBUG] Parsed R27D, N54I, N57Q, R73W -> [('A 27', 'D'), ('B 54', 'I'), ('B 57', 'Q'), ('A 73', 'W')]
[DEBUG] Parsed R27T, N34T, N36D, N54P, R73F -> [('A 27', 'T'), ('A 34', 'T'), ('A 36', 'D'), ('B 54', 'P'), ('A 73', 'F')]
[DEBUG] Parsed R27I, N34T, N54Q, R73M -> [('A 27', 'I'), ('A 34', 'T'), ('B 54', 'Q'), ('A 73', 'M')]
[DEBUG] Parsed R27D, D31A, N54I, R73D -> [('A 27', 'D'), ('A 31', 'A'), ('B 54', 'I'), ('A 73', 'D')]
[DEBUG] Creating jobs for bundle: [('A 27', 'K'), ('A 36', 'D'), ('B 54', 'V'), ('B 57', 'H'), ('A 73', 'K')]
[DEBUG] Output file: /scratch/jgray21/zyhuggan/tryingggg/pos_neg_design/OrthoMPNN/Rosetta/output_pdbs/crystal_ortho_pmpnn/0.8/0.8_relaxed_ortho_3_A27K_A36D_B54V_B57H_A73K_rep1.pdb
[DEBUG] Output file: /scratch/jgray21/zyhuggan/tryingggg/pos_neg_design/OrthoMPNN/Rosetta/output_pdbs/crystal_ortho_pmpnn/0.8/0.8_relaxed_ortho_3_A27K_A36D_B54V_B57H_A73K_rep2.pdb
[DEBUG] Output file: /scratch/jgray21/zyhuggan/tryingggg/pos_neg_design/OrthoMPNN/Rosetta/output_pdbs/crystal_ortho_pmpnn/0.8/0.8_relaxed_ortho_3_A27K_A36D_B54V_B57H_A73K_rep3.pdb
[DEBUG] Output file: /scratch/jgray21/zyhuggan/tryingggg/pos_neg_design/OrthoMPNN/Rosetta/output_pdbs/crystal_ortho_pmpnn/0.8/0.8_relaxed_ortho_3_A27K_A36D_B54V_B57H_A73K_rep4.pdb
[DEBUG] Output file: /scratch/jgray21/zyhuggan/tryingggg/pos_neg_design/OrthoMPNN/Rosetta/output_pdbs/crystal_ortho_pmpnn/0.8/0.8_relaxed_ortho_3_A27K_A36D_B54V_B57H_A73K_rep5.pdb
[DEBUG] Creating jobs for bundle: [('A 27', 'E'), ('A 34', 'P'), ('A 36', 'D'), ('B 54', 'V'), ('B 57', 'D'), ('A 73', 'Q')]
[DEBUG] Output file: /scratch/jgray21/zyhuggan/tryingggg/pos_neg_design/OrthoMPNN/Rosetta/output_pdbs/crystal_ortho_pmpnn/0.8/0.8_relaxed_ortho_3_A27E_A34P_A36D_B54V_B57D_A73Q_rep1.pdb
[DEBUG] Output file: /scratch/jgray21/zyhuggan/tryingggg/pos_neg_design/OrthoMPNN/Rosetta/output_pdbs/crystal_ortho_pmpnn/0.8/0.8_relaxed_ortho_3_A27E_A34P_A36D_B54V_B57D_A73Q_rep2.pdb
[DEBUG] Output file: /scratch/jgray21/zyhuggan/tryingggg/pos_neg_design/OrthoMPNN/Rosetta/output_pdbs/crystal_ortho_pmpnn/0.8/0.8_relaxed_ortho_3_A27E_A34P_A36D_B54V_B57D_A73Q_rep3.pdb
[DEBUG] Output file: /scratch/jgray21/zyhuggan/tryingggg/pos_neg_design/OrthoMPNN/Rosetta/output_pdbs/crystal_ortho_pmpnn/0.8/0.8_relaxed_ortho_3_A27E_A34P_A36D_B54V_B57D_A73Q_rep4.pdb
[DEBUG] Output file: /scratch/jgray21/zyhuggan/tryingggg/pos_neg_design/OrthoMPNN/Rosetta/output_pdbs/crystal_ortho_pmpnn/0.8/0.8_relaxed_ortho_3_A27E_A34P_A36D_B54V_B57D_A73Q_rep5.pdb
[DEBUG] Creating jobs for bundle: [('A 27', 'K'), ('A 36', 'T'), ('B 54', 'T'), ('B 57', 'K'), ('A 73', 'L')]
[DEBUG] Output file: /scratch/jgray21/zyhuggan/tryingggg/pos_neg_design/OrthoMPNN/Rosetta/output_pdbs/crystal_ortho_pmpnn/0.8/0.8_relaxed_ortho_3_A27K_A36T_B54T_B57K_A73L_rep1.pdb
[DEBUG] Output file: /scratch/jgray21/zyhuggan/tryingggg/pos_neg_design/OrthoMPNN/Rosetta/output_pdbs/crystal_ortho_pmpnn/0.8/0.8_relaxed_ortho_3_A27K_A36T_B54T_B57K_A73L_rep2.pdb
[DEBUG] Output file: /scratch/jgray21/zyhuggan/tryingggg/pos_neg_design/OrthoMPNN/Rosetta/output_pdbs/crystal_ortho_pmpnn/0.8/0.8_relaxed_ortho_3_A27K_A36T_B54T_B57K_A73L_rep3.pdb
[DEBUG] Output file: /scratch/jgray21/zyhuggan/tryingggg/pos_neg_design/OrthoMPNN/Rosetta/output_pdbs/crystal_ortho_pmpnn/0.8/0.8_relaxed_ortho_3_A27K_A36T_B54T_B57K_A73L_rep4.pdb
[DEBUG] Output file: /scratch/jgray21/zyhuggan/tryingggg/pos_neg_design/OrthoMPNN/Rosetta/output_pdbs/crystal_ortho_pmpnn/0.8/0.8_relaxed_ortho_3_A27K_A36T_B54T_B57K_A73L_rep5.pdb
[DEBUG] Creating jobs for bundle: [('A 27', 'E'), ('B 54', 'P'), ('B 57', 'Q'), ('A 73', 'L')]
[DEBUG] Output file: /scratch/jgray21/zyhuggan/tryingggg/pos_neg_design/OrthoMPNN/Rosetta/output_pdbs/crystal_ortho_pmpnn/0.8/0.8_relaxed_ortho_3_A27E_B54P_B57Q_A73L_rep1.pdb
[DEBUG] Output file: /scratch/jgray21/zyhuggan/tryingggg/pos_neg_design/OrthoMPNN/Rosetta/output_pdbs/crystal_ortho_pmpnn/0.8/0.8_relaxed_ortho_3_A27E_B54P_B57Q_A73L_rep2.pdb
[DEBUG] Output file: /scratch/jgray21/zyhuggan/tryingggg/pos_neg_design/OrthoMPNN/Rosetta/output_pdbs/crystal_ortho_pmpnn/0.8/0.8_relaxed_ortho_3_A27E_B54P_B57Q_A73L_rep3.pdb
[DEBUG] Output file: /scratch/jgray21/zyhuggan/tryingggg/pos_neg_design/OrthoMPNN/Rosetta/output_pdbs/crystal_ortho_pmpnn/0.8/0.8_relaxed_ortho_3_A27E_B54P_B57Q_A73L_rep4.pdb
[DEBUG] Output file: /scratch/jgray21/zyhuggan/tryingggg/pos_neg_design/OrthoMPNN/Rosetta/output_pdbs/crystal_ortho_pmpnn/0.8/0.8_relaxed_ortho_3_A27E_B54P_B57Q_A73L_rep5.pdb
[DEBUG] Creating jobs for bundle: [('A 27', 'E'), ('B 54', 'V'), ('B 57', 'S'), ('A 73', 'V')]
[DEBUG] Output file: /scratch/jgray21/zyhuggan/tryingggg/pos_neg_design/OrthoMPNN/Rosetta/output_pdbs/crystal_ortho_pmpnn/0.8/0.8_relaxed_ortho_3_A27E_B54V_B57S_A73V_rep1.pdb
[DEBUG] Output file: /scratch/jgray21/zyhuggan/tryingggg/pos_neg_design/OrthoMPNN/Rosetta/output_pdbs/crystal_ortho_pmpnn/0.8/0.8_relaxed_ortho_3_A27E_B54V_B57S_A73V_rep2.pdb
[DEBUG] Output file: /scratch/jgray21/zyhuggan/tryingggg/pos_neg_design/OrthoMPNN/Rosetta/output_pdbs/crystal_ortho_pmpnn/0.8/0.8_relaxed_ortho_3_A27E_B54V_B57S_A73V_rep3.pdb
[DEBUG] Output file: /scratch/jgray21/zyhuggan/tryingggg/pos_neg_design/OrthoMPNN/Rosetta/output_pdbs/crystal_ortho_pmpnn/0.8/0.8_relaxed_ortho_3_A27E_B54V_B57S_A73V_rep4.pdb
[DEBUG] Output file: /scratch/jgray21/zyhuggan/tryingggg/pos_neg_design/OrthoMPNN/Rosetta/output_pdbs/crystal_ortho_pmpnn/0.8/0.8_relaxed_ortho_3_A27E_B54V_B57S_A73V_rep5.pdb
[DEBUG] Creating jobs for bundle: [('A 27', 'K'), ('A 36', 'M'), ('B 54', 'V'), ('A 73', 'E')]
[DEBUG] Output file: /scratch/jgray21/zyhuggan/tryingggg/pos_neg_design/OrthoMPNN/Rosetta/output_pdbs/crystal_ortho_pmpnn/0.8/0.8_relaxed_ortho_3_A27K_A36M_B54V_A73E_rep1.pdb
[DEBUG] Output file: /scratch/jgray21/zyhuggan/tryingggg/pos_neg_design/OrthoMPNN/Rosetta/output_pdbs/crystal_ortho_pmpnn/0.8/0.8_relaxed_ortho_3_A27K_A36M_B54V_A73E_rep2.pdb
[DEBUG] Output file: /scratch/jgray21/zyhuggan/tryingggg/pos_neg_design/OrthoMPNN/Rosetta/output_pdbs/crystal_ortho_pmpnn/0.8/0.8_relaxed_ortho_3_A27K_A36M_B54V_A73E_rep3.pdb
[DEBUG] Output file: /scratch/jgray21/zyhuggan/tryingggg/pos_neg_design/OrthoMPNN/Rosetta/output_pdbs/crystal_ortho_pmpnn/0.8/0.8_relaxed_ortho_3_A27K_A36M_B54V_A73E_rep4.pdb
[DEBUG] Output file: /scratch/jgray21/zyhuggan/tryingggg/pos_neg_design/OrthoMPNN/Rosetta/output_pdbs/crystal_ortho_pmpnn/0.8/0.8_relaxed_ortho_3_A27K_A36M_B54V_A73E_rep5.pdb
[DEBUG] Creating jobs for bundle: [('A 27', 'Q'), ('B 54', 'V'), ('B 57', 'V'), ('A 73', 'Y')]
[DEBUG] Output file: /scratch/jgray21/zyhuggan/tryingggg/pos_neg_design/OrthoMPNN/Rosetta/output_pdbs/crystal_ortho_pmpnn/0.8/0.8_relaxed_ortho_3_A27Q_B54V_B57V_A73Y_rep1.pdb
[DEBUG] Output file: /scratch/jgray21/zyhuggan/tryingggg/pos_neg_design/OrthoMPNN/Rosetta/output_pdbs/crystal_ortho_pmpnn/0.8/0.8_relaxed_ortho_3_A27Q_B54V_B57V_A73Y_rep2.pdb
[DEBUG] Output file: /scratch/jgray21/zyhuggan/tryingggg/pos_neg_design/OrthoMPNN/Rosetta/output_pdbs/crystal_ortho_pmpnn/0.8/0.8_relaxed_ortho_3_A27Q_B54V_B57V_A73Y_rep3.pdb
[DEBUG] Output file: /scratch/jgray21/zyhuggan/tryingggg/pos_neg_design/OrthoMPNN/Rosetta/output_pdbs/crystal_ortho_pmpnn/0.8/0.8_relaxed_ortho_3_A27Q_B54V_B57V_A73Y_rep4.pdb
[DEBUG] Output file: /scratch/jgray21/zyhuggan/tryingggg/pos_neg_design/OrthoMPNN/Rosetta/output_pdbs/crystal_ortho_pmpnn/0.8/0.8_relaxed_ortho_3_A27Q_B54V_B57V_A73Y_rep5.pdb
[DEBUG] Creating jobs for bundle: [('A 27', 'K'), ('A 31', 'C'), ('A 34', 'F'), ('A 36', 'D'), ('B 54', 'T'), ('B 57', 'Q'), ('A 73', 'S')]
[DEBUG] Output file: /scratch/jgray21/zyhuggan/tryingggg/pos_neg_design/OrthoMPNN/Rosetta/output_pdbs/crystal_ortho_pmpnn/0.8/0.8_relaxed_ortho_3_A27K_A31C_A34F_A36D_B54T_B57Q_A73S_rep1.pdb
[DEBUG] Output file: /scratch/jgray21/zyhuggan/tryingggg/pos_neg_design/OrthoMPNN/Rosetta/output_pdbs/crystal_ortho_pmpnn/0.8/0.8_relaxed_ortho_3_A27K_A31C_A34F_A36D_B54T_B57Q_A73S_rep2.pdb
[DEBUG] Output file: /scratch/jgray21/zyhuggan/tryingggg/pos_neg_design/OrthoMPNN/Rosetta/output_pdbs/crystal_ortho_pmpnn/0.8/0.8_relaxed_ortho_3_A27K_A31C_A34F_A36D_B54T_B57Q_A73S_rep3.pdb
[DEBUG] Output file: /scratch/jgray21/zyhuggan/tryingggg/pos_neg_design/OrthoMPNN/Rosetta/output_pdbs/crystal_ortho_pmpnn/0.8/0.8_relaxed_ortho_3_A27K_A31C_A34F_A36D_B54T_B57Q_A73S_rep4.pdb
[DEBUG] Output file: /scratch/jgray21/zyhuggan/tryingggg/pos_neg_design/OrthoMPNN/Rosetta/output_pdbs/crystal_ortho_pmpnn/0.8/0.8_relaxed_ortho_3_A27K_A31C_A34F_A36D_B54T_B57Q_A73S_rep5.pdb
[DEBUG] Creating jobs for bundle: [('A 27', 'E'), ('A 36', 'D'), ('B 54', 'P'), ('B 57', 'R'), ('A 73', 'M')]
[DEBUG] Output file: /scratch/jgray21/zyhuggan/tryingggg/pos_neg_design/OrthoMPNN/Rosetta/output_pdbs/crystal_ortho_pmpnn/0.8/0.8_relaxed_ortho_3_A27E_A36D_B54P_B57R_A73M_rep1.pdb
[DEBUG] Output file: /scratch/jgray21/zyhuggan/tryingggg/pos_neg_design/OrthoMPNN/Rosetta/output_pdbs/crystal_ortho_pmpnn/0.8/0.8_relaxed_ortho_3_A27E_A36D_B54P_B57R_A73M_rep2.pdb
[DEBUG] Output file: /scratch/jgray21/zyhuggan/tryingggg/pos_neg_design/OrthoMPNN/Rosetta/output_pdbs/crystal_ortho_pmpnn/0.8/0.8_relaxed_ortho_3_A27E_A36D_B54P_B57R_A73M_rep3.pdb
[DEBUG] Output file: /scratch/jgray21/zyhuggan/tryingggg/pos_neg_design/OrthoMPNN/Rosetta/output_pdbs/crystal_ortho_pmpnn/0.8/0.8_relaxed_ortho_3_A27E_A36D_B54P_B57R_A73M_rep4.pdb
[DEBUG] Output file: /scratch/jgray21/zyhuggan/tryingggg/pos_neg_design/OrthoMPNN/Rosetta/output_pdbs/crystal_ortho_pmpnn/0.8/0.8_relaxed_ortho_3_A27E_A36D_B54P_B57R_A73M_rep5.pdb
[DEBUG] Creating jobs for bundle: [('A 27', 'V'), ('B 54', 'P'), ('B 57', 'V'), ('A 73', 'Y')]
[DEBUG] Output file: /scratch/jgray21/zyhuggan/tryingggg/pos_neg_design/OrthoMPNN/Rosetta/output_pdbs/crystal_ortho_pmpnn/0.8/0.8_relaxed_ortho_3_A27V_B54P_B57V_A73Y_rep1.pdb
[DEBUG] Output file: /scratch/jgray21/zyhuggan/tryingggg/pos_neg_design/OrthoMPNN/Rosetta/output_pdbs/crystal_ortho_pmpnn/0.8/0.8_relaxed_ortho_3_A27V_B54P_B57V_A73Y_rep2.pdb
[DEBUG] Output file: /scratch/jgray21/zyhuggan/tryingggg/pos_neg_design/OrthoMPNN/Rosetta/output_pdbs/crystal_ortho_pmpnn/0.8/0.8_relaxed_ortho_3_A27V_B54P_B57V_A73Y_rep3.pdb
[DEBUG] Output file: /scratch/jgray21/zyhuggan/tryingggg/pos_neg_design/OrthoMPNN/Rosetta/output_pdbs/crystal_ortho_pmpnn/0.8/0.8_relaxed_ortho_3_A27V_B54P_B57V_A73Y_rep4.pdb
[DEBUG] Output file: /scratch/jgray21/zyhuggan/tryingggg/pos_neg_design/OrthoMPNN/Rosetta/output_pdbs/crystal_ortho_pmpnn/0.8/0.8_relaxed_ortho_3_A27V_B54P_B57V_A73Y_rep5.pdb
[DEBUG] Creating jobs for bundle: [('A 27', 'K'), ('A 34', 'T'), ('B 54', 'V'), ('B 57', 'T'), ('A 73', 'M')]
[DEBUG] Output file: /scratch/jgray21/zyhuggan/tryingggg/pos_neg_design/OrthoMPNN/Rosetta/output_pdbs/crystal_ortho_pmpnn/0.8/0.8_relaxed_ortho_3_A27K_A34T_B54V_B57T_A73M_rep1.pdb
[DEBUG] Output file: /scratch/jgray21/zyhuggan/tryingggg/pos_neg_design/OrthoMPNN/Rosetta/output_pdbs/crystal_ortho_pmpnn/0.8/0.8_relaxed_ortho_3_A27K_A34T_B54V_B57T_A73M_rep2.pdb
[DEBUG] Output file: /scratch/jgray21/zyhuggan/tryingggg/pos_neg_design/OrthoMPNN/Rosetta/output_pdbs/crystal_ortho_pmpnn/0.8/0.8_relaxed_ortho_3_A27K_A34T_B54V_B57T_A73M_rep3.pdb
[DEBUG] Output file: /scratch/jgray21/zyhuggan/tryingggg/pos_neg_design/OrthoMPNN/Rosetta/output_pdbs/crystal_ortho_pmpnn/0.8/0.8_relaxed_ortho_3_A27K_A34T_B54V_B57T_A73M_rep4.pdb
[DEBUG] Output file: /scratch/jgray21/zyhuggan/tryingggg/pos_neg_design/OrthoMPNN/Rosetta/output_pdbs/crystal_ortho_pmpnn/0.8/0.8_relaxed_ortho_3_A27K_A34T_B54V_B57T_A73M_rep5.pdb
[DEBUG] Creating jobs for bundle: [('A 27', 'K'), ('A 34', 'T'), ('B 54', 'V'), ('B 57', 'K'), ('A 73', 'L')]
[DEBUG] Output file: /scratch/jgray21/zyhuggan/tryingggg/pos_neg_design/OrthoMPNN/Rosetta/output_pdbs/crystal_ortho_pmpnn/0.8/0.8_relaxed_ortho_3_A27K_A34T_B54V_B57K_A73L_rep1.pdb
[DEBUG] Output file: /scratch/jgray21/zyhuggan/tryingggg/pos_neg_design/OrthoMPNN/Rosetta/output_pdbs/crystal_ortho_pmpnn/0.8/0.8_relaxed_ortho_3_A27K_A34T_B54V_B57K_A73L_rep2.pdb
[DEBUG] Output file: /scratch/jgray21/zyhuggan/tryingggg/pos_neg_design/OrthoMPNN/Rosetta/output_pdbs/crystal_ortho_pmpnn/0.8/0.8_relaxed_ortho_3_A27K_A34T_B54V_B57K_A73L_rep3.pdb
[DEBUG] Output file: /scratch/jgray21/zyhuggan/tryingggg/pos_neg_design/OrthoMPNN/Rosetta/output_pdbs/crystal_ortho_pmpnn/0.8/0.8_relaxed_ortho_3_A27K_A34T_B54V_B57K_A73L_rep4.pdb
[DEBUG] Output file: /scratch/jgray21/zyhuggan/tryingggg/pos_neg_design/OrthoMPNN/Rosetta/output_pdbs/crystal_ortho_pmpnn/0.8/0.8_relaxed_ortho_3_A27K_A34T_B54V_B57K_A73L_rep5.pdb
[DEBUG] Creating jobs for bundle: [('A 27', 'K'), ('A 34', 'D'), ('A 36', 'T'), ('B 54', 'I'), ('A 73', 'Y')]
[DEBUG] Output file: /scratch/jgray21/zyhuggan/tryingggg/pos_neg_design/OrthoMPNN/Rosetta/output_pdbs/crystal_ortho_pmpnn/0.8/0.8_relaxed_ortho_3_A27K_A34D_A36T_B54I_A73Y_rep1.pdb
[DEBUG] Output file: /scratch/jgray21/zyhuggan/tryingggg/pos_neg_design/OrthoMPNN/Rosetta/output_pdbs/crystal_ortho_pmpnn/0.8/0.8_relaxed_ortho_3_A27K_A34D_A36T_B54I_A73Y_rep2.pdb
[DEBUG] Output file: /scratch/jgray21/zyhuggan/tryingggg/pos_neg_design/OrthoMPNN/Rosetta/output_pdbs/crystal_ortho_pmpnn/0.8/0.8_relaxed_ortho_3_A27K_A34D_A36T_B54I_A73Y_rep3.pdb
[DEBUG] Output file: /scratch/jgray21/zyhuggan/tryingggg/pos_neg_design/OrthoMPNN/Rosetta/output_pdbs/crystal_ortho_pmpnn/0.8/0.8_relaxed_ortho_3_A27K_A34D_A36T_B54I_A73Y_rep4.pdb
[DEBUG] Output file: /scratch/jgray21/zyhuggan/tryingggg/pos_neg_design/OrthoMPNN/Rosetta/output_pdbs/crystal_ortho_pmpnn/0.8/0.8_relaxed_ortho_3_A27K_A34D_A36T_B54I_A73Y_rep5.pdb
[DEBUG] Creating jobs for bundle: [('A 27', 'K'), ('A 31', 'S'), ('B 54', 'I'), ('B 57', 'H'), ('A 73', 'C')]
[DEBUG] Output file: /scratch/jgray21/zyhuggan/tryingggg/pos_neg_design/OrthoMPNN/Rosetta/output_pdbs/crystal_ortho_pmpnn/0.8/0.8_relaxed_ortho_3_A27K_A31S_B54I_B57H_A73C_rep1.pdb
[DEBUG] Output file: /scratch/jgray21/zyhuggan/tryingggg/pos_neg_design/OrthoMPNN/Rosetta/output_pdbs/crystal_ortho_pmpnn/0.8/0.8_relaxed_ortho_3_A27K_A31S_B54I_B57H_A73C_rep2.pdb
[DEBUG] Output file: /scratch/jgray21/zyhuggan/tryingggg/pos_neg_design/OrthoMPNN/Rosetta/output_pdbs/crystal_ortho_pmpnn/0.8/0.8_relaxed_ortho_3_A27K_A31S_B54I_B57H_A73C_rep3.pdb
[DEBUG] Output file: /scratch/jgray21/zyhuggan/tryingggg/pos_neg_design/OrthoMPNN/Rosetta/output_pdbs/crystal_ortho_pmpnn/0.8/0.8_relaxed_ortho_3_A27K_A31S_B54I_B57H_A73C_rep4.pdb
[DEBUG] Output file: /scratch/jgray21/zyhuggan/tryingggg/pos_neg_design/OrthoMPNN/Rosetta/output_pdbs/crystal_ortho_pmpnn/0.8/0.8_relaxed_ortho_3_A27K_A31S_B54I_B57H_A73C_rep5.pdb
[DEBUG] Creating jobs for bundle: [('A 27', 'K'), ('A 36', 'D'), ('B 54', 'I'), ('B 57', 'W'), ('A 73', 'K')]
[DEBUG] Output file: /scratch/jgray21/zyhuggan/tryingggg/pos_neg_design/OrthoMPNN/Rosetta/output_pdbs/crystal_ortho_pmpnn/0.8/0.8_relaxed_ortho_3_A27K_A36D_B54I_B57W_A73K_rep1.pdb
[DEBUG] Output file: /scratch/jgray21/zyhuggan/tryingggg/pos_neg_design/OrthoMPNN/Rosetta/output_pdbs/crystal_ortho_pmpnn/0.8/0.8_relaxed_ortho_3_A27K_A36D_B54I_B57W_A73K_rep2.pdb
[DEBUG] Output file: /scratch/jgray21/zyhuggan/tryingggg/pos_neg_design/OrthoMPNN/Rosetta/output_pdbs/crystal_ortho_pmpnn/0.8/0.8_relaxed_ortho_3_A27K_A36D_B54I_B57W_A73K_rep3.pdb
[DEBUG] Output file: /scratch/jgray21/zyhuggan/tryingggg/pos_neg_design/OrthoMPNN/Rosetta/output_pdbs/crystal_ortho_pmpnn/0.8/0.8_relaxed_ortho_3_A27K_A36D_B54I_B57W_A73K_rep4.pdb
[DEBUG] Output file: /scratch/jgray21/zyhuggan/tryingggg/pos_neg_design/OrthoMPNN/Rosetta/output_pdbs/crystal_ortho_pmpnn/0.8/0.8_relaxed_ortho_3_A27K_A36D_B54I_B57W_A73K_rep5.pdb
[DEBUG] Creating jobs for bundle: [('A 27', 'K'), ('A 31', 'N'), ('A 34', 'D'), ('B 54', 'V'), ('A 73', 'L')]
[DEBUG] Output file: /scratch/jgray21/zyhuggan/tryingggg/pos_neg_design/OrthoMPNN/Rosetta/output_pdbs/crystal_ortho_pmpnn/0.8/0.8_relaxed_ortho_3_A27K_A31N_A34D_B54V_A73L_rep1.pdb
[DEBUG] Output file: /scratch/jgray21/zyhuggan/tryingggg/pos_neg_design/OrthoMPNN/Rosetta/output_pdbs/crystal_ortho_pmpnn/0.8/0.8_relaxed_ortho_3_A27K_A31N_A34D_B54V_A73L_rep2.pdb
[DEBUG] Output file: /scratch/jgray21/zyhuggan/tryingggg/pos_neg_design/OrthoMPNN/Rosetta/output_pdbs/crystal_ortho_pmpnn/0.8/0.8_relaxed_ortho_3_A27K_A31N_A34D_B54V_A73L_rep3.pdb
[DEBUG] Output file: /scratch/jgray21/zyhuggan/tryingggg/pos_neg_design/OrthoMPNN/Rosetta/output_pdbs/crystal_ortho_pmpnn/0.8/0.8_relaxed_ortho_3_A27K_A31N_A34D_B54V_A73L_rep4.pdb
[DEBUG] Output file: /scratch/jgray21/zyhuggan/tryingggg/pos_neg_design/OrthoMPNN/Rosetta/output_pdbs/crystal_ortho_pmpnn/0.8/0.8_relaxed_ortho_3_A27K_A31N_A34D_B54V_A73L_rep5.pdb
[DEBUG] Creating jobs for bundle: [('A 27', 'E'), ('A 36', 'P'), ('B 54', 'I'), ('A 73', 'W')]
[DEBUG] Output file: /scratch/jgray21/zyhuggan/tryingggg/pos_neg_design/OrthoMPNN/Rosetta/output_pdbs/crystal_ortho_pmpnn/0.8/0.8_relaxed_ortho_3_A27E_A36P_B54I_A73W_rep1.pdb
[DEBUG] Output file: /scratch/jgray21/zyhuggan/tryingggg/pos_neg_design/OrthoMPNN/Rosetta/output_pdbs/crystal_ortho_pmpnn/0.8/0.8_relaxed_ortho_3_A27E_A36P_B54I_A73W_rep2.pdb
[DEBUG] Output file: /scratch/jgray21/zyhuggan/tryingggg/pos_neg_design/OrthoMPNN/Rosetta/output_pdbs/crystal_ortho_pmpnn/0.8/0.8_relaxed_ortho_3_A27E_A36P_B54I_A73W_rep3.pdb
[DEBUG] Output file: /scratch/jgray21/zyhuggan/tryingggg/pos_neg_design/OrthoMPNN/Rosetta/output_pdbs/crystal_ortho_pmpnn/0.8/0.8_relaxed_ortho_3_A27E_A36P_B54I_A73W_rep4.pdb
[DEBUG] Output file: /scratch/jgray21/zyhuggan/tryingggg/pos_neg_design/OrthoMPNN/Rosetta/output_pdbs/crystal_ortho_pmpnn/0.8/0.8_relaxed_ortho_3_A27E_A36P_B54I_A73W_rep5.pdb
[DEBUG] Creating jobs for bundle: [('A 27', 'K'), ('A 34', 'T'), ('A 36', 'D'), ('B 54', 'V'), ('A 73', 'V')]
[DEBUG] Output file: /scratch/jgray21/zyhuggan/tryingggg/pos_neg_design/OrthoMPNN/Rosetta/output_pdbs/crystal_ortho_pmpnn/0.8/0.8_relaxed_ortho_3_A27K_A34T_A36D_B54V_A73V_rep1.pdb
[DEBUG] Output file: /scratch/jgray21/zyhuggan/tryingggg/pos_neg_design/OrthoMPNN/Rosetta/output_pdbs/crystal_ortho_pmpnn/0.8/0.8_relaxed_ortho_3_A27K_A34T_A36D_B54V_A73V_rep2.pdb
[DEBUG] Output file: /scratch/jgray21/zyhuggan/tryingggg/pos_neg_design/OrthoMPNN/Rosetta/output_pdbs/crystal_ortho_pmpnn/0.8/0.8_relaxed_ortho_3_A27K_A34T_A36D_B54V_A73V_rep3.pdb
[DEBUG] Output file: /scratch/jgray21/zyhuggan/tryingggg/pos_neg_design/OrthoMPNN/Rosetta/output_pdbs/crystal_ortho_pmpnn/0.8/0.8_relaxed_ortho_3_A27K_A34T_A36D_B54V_A73V_rep4.pdb
[DEBUG] Output file: /scratch/jgray21/zyhuggan/tryingggg/pos_neg_design/OrthoMPNN/Rosetta/output_pdbs/crystal_ortho_pmpnn/0.8/0.8_relaxed_ortho_3_A27K_A34T_A36D_B54V_A73V_rep5.pdb
[DEBUG] Creating jobs for bundle: [('A 27', 'K'), ('A 31', 'Q'), ('A 34', 'M'), ('A 36', 'D'), ('B 54', 'V'), ('A 73', 'W')]
[DEBUG] Output file: /scratch/jgray21/zyhuggan/tryingggg/pos_neg_design/OrthoMPNN/Rosetta/output_pdbs/crystal_ortho_pmpnn/0.8/0.8_relaxed_ortho_3_A27K_A31Q_A34M_A36D_B54V_A73W_rep1.pdb
[DEBUG] Output file: /scratch/jgray21/zyhuggan/tryingggg/pos_neg_design/OrthoMPNN/Rosetta/output_pdbs/crystal_ortho_pmpnn/0.8/0.8_relaxed_ortho_3_A27K_A31Q_A34M_A36D_B54V_A73W_rep2.pdb
[DEBUG] Output file: /scratch/jgray21/zyhuggan/tryingggg/pos_neg_design/OrthoMPNN/Rosetta/output_pdbs/crystal_ortho_pmpnn/0.8/0.8_relaxed_ortho_3_A27K_A31Q_A34M_A36D_B54V_A73W_rep3.pdb
[DEBUG] Output file: /scratch/jgray21/zyhuggan/tryingggg/pos_neg_design/OrthoMPNN/Rosetta/output_pdbs/crystal_ortho_pmpnn/0.8/0.8_relaxed_ortho_3_A27K_A31Q_A34M_A36D_B54V_A73W_rep4.pdb
[DEBUG] Output file: /scratch/jgray21/zyhuggan/tryingggg/pos_neg_design/OrthoMPNN/Rosetta/output_pdbs/crystal_ortho_pmpnn/0.8/0.8_relaxed_ortho_3_A27K_A31Q_A34M_A36D_B54V_A73W_rep5.pdb
[DEBUG] Creating jobs for bundle: [('A 27', 'K'), ('A 36', 'D'), ('B 54', 'V'), ('B 57', 'E'), ('A 73', 'K')]
[DEBUG] Output file: /scratch/jgray21/zyhuggan/tryingggg/pos_neg_design/OrthoMPNN/Rosetta/output_pdbs/crystal_ortho_pmpnn/0.8/0.8_relaxed_ortho_3_A27K_A36D_B54V_B57E_A73K_rep1.pdb
[DEBUG] Output file: /scratch/jgray21/zyhuggan/tryingggg/pos_neg_design/OrthoMPNN/Rosetta/output_pdbs/crystal_ortho_pmpnn/0.8/0.8_relaxed_ortho_3_A27K_A36D_B54V_B57E_A73K_rep2.pdb
[DEBUG] Output file: /scratch/jgray21/zyhuggan/tryingggg/pos_neg_design/OrthoMPNN/Rosetta/output_pdbs/crystal_ortho_pmpnn/0.8/0.8_relaxed_ortho_3_A27K_A36D_B54V_B57E_A73K_rep3.pdb
[DEBUG] Output file: /scratch/jgray21/zyhuggan/tryingggg/pos_neg_design/OrthoMPNN/Rosetta/output_pdbs/crystal_ortho_pmpnn/0.8/0.8_relaxed_ortho_3_A27K_A36D_B54V_B57E_A73K_rep4.pdb
[DEBUG] Output file: /scratch/jgray21/zyhuggan/tryingggg/pos_neg_design/OrthoMPNN/Rosetta/output_pdbs/crystal_ortho_pmpnn/0.8/0.8_relaxed_ortho_3_A27K_A36D_B54V_B57E_A73K_rep5.pdb
[DEBUG] Creating jobs for bundle: [('A 27', 'K'), ('A 36', 'D'), ('B 54', 'V'), ('A 73', 'L')]
[DEBUG] Output file: /scratch/jgray21/zyhuggan/tryingggg/pos_neg_design/OrthoMPNN/Rosetta/output_pdbs/crystal_ortho_pmpnn/0.8/0.8_relaxed_ortho_3_A27K_A36D_B54V_A73L_rep1.pdb
[DEBUG] Output file: /scratch/jgray21/zyhuggan/tryingggg/pos_neg_design/OrthoMPNN/Rosetta/output_pdbs/crystal_ortho_pmpnn/0.8/0.8_relaxed_ortho_3_A27K_A36D_B54V_A73L_rep2.pdb
[DEBUG] Output file: /scratch/jgray21/zyhuggan/tryingggg/pos_neg_design/OrthoMPNN/Rosetta/output_pdbs/crystal_ortho_pmpnn/0.8/0.8_relaxed_ortho_3_A27K_A36D_B54V_A73L_rep3.pdb
[DEBUG] Output file: /scratch/jgray21/zyhuggan/tryingggg/pos_neg_design/OrthoMPNN/Rosetta/output_pdbs/crystal_ortho_pmpnn/0.8/0.8_relaxed_ortho_3_A27K_A36D_B54V_A73L_rep4.pdb
[DEBUG] Output file: /scratch/jgray21/zyhuggan/tryingggg/pos_neg_design/OrthoMPNN/Rosetta/output_pdbs/crystal_ortho_pmpnn/0.8/0.8_relaxed_ortho_3_A27K_A36D_B54V_A73L_rep5.pdb
[DEBUG] Creating jobs for bundle: [('A 27', 'E'), ('B 54', 'I'), ('B 57', 'D'), ('A 73', 'F')]
[DEBUG] Output file: /scratch/jgray21/zyhuggan/tryingggg/pos_neg_design/OrthoMPNN/Rosetta/output_pdbs/crystal_ortho_pmpnn/0.8/0.8_relaxed_ortho_3_A27E_B54I_B57D_A73F_rep1.pdb
[DEBUG] Output file: /scratch/jgray21/zyhuggan/tryingggg/pos_neg_design/OrthoMPNN/Rosetta/output_pdbs/crystal_ortho_pmpnn/0.8/0.8_relaxed_ortho_3_A27E_B54I_B57D_A73F_rep2.pdb
[DEBUG] Output file: /scratch/jgray21/zyhuggan/tryingggg/pos_neg_design/OrthoMPNN/Rosetta/output_pdbs/crystal_ortho_pmpnn/0.8/0.8_relaxed_ortho_3_A27E_B54I_B57D_A73F_rep3.pdb
[DEBUG] Output file: /scratch/jgray21/zyhuggan/tryingggg/pos_neg_design/OrthoMPNN/Rosetta/output_pdbs/crystal_ortho_pmpnn/0.8/0.8_relaxed_ortho_3_A27E_B54I_B57D_A73F_rep4.pdb
[DEBUG] Output file: /scratch/jgray21/zyhuggan/tryingggg/pos_neg_design/OrthoMPNN/Rosetta/output_pdbs/crystal_ortho_pmpnn/0.8/0.8_relaxed_ortho_3_A27E_B54I_B57D_A73F_rep5.pdb
[DEBUG] Creating jobs for bundle: [('A 27', 'Q'), ('B 54', 'V'), ('B 57', 'K'), ('A 73', 'L')]
[DEBUG] Output file: /scratch/jgray21/zyhuggan/tryingggg/pos_neg_design/OrthoMPNN/Rosetta/output_pdbs/crystal_ortho_pmpnn/0.8/0.8_relaxed_ortho_3_A27Q_B54V_B57K_A73L_rep1.pdb
[DEBUG] Output file: /scratch/jgray21/zyhuggan/tryingggg/pos_neg_design/OrthoMPNN/Rosetta/output_pdbs/crystal_ortho_pmpnn/0.8/0.8_relaxed_ortho_3_A27Q_B54V_B57K_A73L_rep2.pdb
[DEBUG] Output file: /scratch/jgray21/zyhuggan/tryingggg/pos_neg_design/OrthoMPNN/Rosetta/output_pdbs/crystal_ortho_pmpnn/0.8/0.8_relaxed_ortho_3_A27Q_B54V_B57K_A73L_rep3.pdb
[DEBUG] Output file: /scratch/jgray21/zyhuggan/tryingggg/pos_neg_design/OrthoMPNN/Rosetta/output_pdbs/crystal_ortho_pmpnn/0.8/0.8_relaxed_ortho_3_A27Q_B54V_B57K_A73L_rep4.pdb
[DEBUG] Output file: /scratch/jgray21/zyhuggan/tryingggg/pos_neg_design/OrthoMPNN/Rosetta/output_pdbs/crystal_ortho_pmpnn/0.8/0.8_relaxed_ortho_3_A27Q_B54V_B57K_A73L_rep5.pdb
[DEBUG] Creating jobs for bundle: [('A 27', 'D'), ('A 34', 'T'), ('B 54', 'L'), ('A 73', 'Q')]
[DEBUG] Output file: /scratch/jgray21/zyhuggan/tryingggg/pos_neg_design/OrthoMPNN/Rosetta/output_pdbs/crystal_ortho_pmpnn/0.8/0.8_relaxed_ortho_3_A27D_A34T_B54L_A73Q_rep1.pdb
[DEBUG] Output file: /scratch/jgray21/zyhuggan/tryingggg/pos_neg_design/OrthoMPNN/Rosetta/output_pdbs/crystal_ortho_pmpnn/0.8/0.8_relaxed_ortho_3_A27D_A34T_B54L_A73Q_rep2.pdb
[DEBUG] Output file: /scratch/jgray21/zyhuggan/tryingggg/pos_neg_design/OrthoMPNN/Rosetta/output_pdbs/crystal_ortho_pmpnn/0.8/0.8_relaxed_ortho_3_A27D_A34T_B54L_A73Q_rep3.pdb
[DEBUG] Output file: /scratch/jgray21/zyhuggan/tryingggg/pos_neg_design/OrthoMPNN/Rosetta/output_pdbs/crystal_ortho_pmpnn/0.8/0.8_relaxed_ortho_3_A27D_A34T_B54L_A73Q_rep4.pdb
[DEBUG] Output file: /scratch/jgray21/zyhuggan/tryingggg/pos_neg_design/OrthoMPNN/Rosetta/output_pdbs/crystal_ortho_pmpnn/0.8/0.8_relaxed_ortho_3_A27D_A34T_B54L_A73Q_rep5.pdb
[DEBUG] Creating jobs for bundle: [('A 27', 'D'), ('B 54', 'V'), ('A 73', 'M')]
[DEBUG] Output file: /scratch/jgray21/zyhuggan/tryingggg/pos_neg_design/OrthoMPNN/Rosetta/output_pdbs/crystal_ortho_pmpnn/0.8/0.8_relaxed_ortho_3_A27D_B54V_A73M_rep1.pdb
[DEBUG] Output file: /scratch/jgray21/zyhuggan/tryingggg/pos_neg_design/OrthoMPNN/Rosetta/output_pdbs/crystal_ortho_pmpnn/0.8/0.8_relaxed_ortho_3_A27D_B54V_A73M_rep2.pdb
[DEBUG] Output file: /scratch/jgray21/zyhuggan/tryingggg/pos_neg_design/OrthoMPNN/Rosetta/output_pdbs/crystal_ortho_pmpnn/0.8/0.8_relaxed_ortho_3_A27D_B54V_A73M_rep3.pdb
[DEBUG] Output file: /scratch/jgray21/zyhuggan/tryingggg/pos_neg_design/OrthoMPNN/Rosetta/output_pdbs/crystal_ortho_pmpnn/0.8/0.8_relaxed_ortho_3_A27D_B54V_A73M_rep4.pdb
[DEBUG] Output file: /scratch/jgray21/zyhuggan/tryingggg/pos_neg_design/OrthoMPNN/Rosetta/output_pdbs/crystal_ortho_pmpnn/0.8/0.8_relaxed_ortho_3_A27D_B54V_A73M_rep5.pdb
[DEBUG] Creating jobs for bundle: [('A 27', 'K'), ('A 34', 'D'), ('A 36', 'S'), ('B 54', 'I'), ('B 57', 'C'), ('A 73', 'T')]
[DEBUG] Output file: /scratch/jgray21/zyhuggan/tryingggg/pos_neg_design/OrthoMPNN/Rosetta/output_pdbs/crystal_ortho_pmpnn/0.8/0.8_relaxed_ortho_3_A27K_A34D_A36S_B54I_B57C_A73T_rep1.pdb
[DEBUG] Output file: /scratch/jgray21/zyhuggan/tryingggg/pos_neg_design/OrthoMPNN/Rosetta/output_pdbs/crystal_ortho_pmpnn/0.8/0.8_relaxed_ortho_3_A27K_A34D_A36S_B54I_B57C_A73T_rep2.pdb
[DEBUG] Output file: /scratch/jgray21/zyhuggan/tryingggg/pos_neg_design/OrthoMPNN/Rosetta/output_pdbs/crystal_ortho_pmpnn/0.8/0.8_relaxed_ortho_3_A27K_A34D_A36S_B54I_B57C_A73T_rep3.pdb
[DEBUG] Output file: /scratch/jgray21/zyhuggan/tryingggg/pos_neg_design/OrthoMPNN/Rosetta/output_pdbs/crystal_ortho_pmpnn/0.8/0.8_relaxed_ortho_3_A27K_A34D_A36S_B54I_B57C_A73T_rep4.pdb
[DEBUG] Output file: /scratch/jgray21/zyhuggan/tryingggg/pos_neg_design/OrthoMPNN/Rosetta/output_pdbs/crystal_ortho_pmpnn/0.8/0.8_relaxed_ortho_3_A27K_A34D_A36S_B54I_B57C_A73T_rep5.pdb
[DEBUG] Creating jobs for bundle: [('A 27', 'E'), ('A 34', 'T'), ('A 36', 'D'), ('B 54', 'I')]
[DEBUG] Output file: /scratch/jgray21/zyhuggan/tryingggg/pos_neg_design/OrthoMPNN/Rosetta/output_pdbs/crystal_ortho_pmpnn/0.8/0.8_relaxed_ortho_3_A27E_A34T_A36D_B54I_rep1.pdb
[DEBUG] Output file: /scratch/jgray21/zyhuggan/tryingggg/pos_neg_design/OrthoMPNN/Rosetta/output_pdbs/crystal_ortho_pmpnn/0.8/0.8_relaxed_ortho_3_A27E_A34T_A36D_B54I_rep2.pdb
[DEBUG] Output file: /scratch/jgray21/zyhuggan/tryingggg/pos_neg_design/OrthoMPNN/Rosetta/output_pdbs/crystal_ortho_pmpnn/0.8/0.8_relaxed_ortho_3_A27E_A34T_A36D_B54I_rep3.pdb
[DEBUG] Output file: /scratch/jgray21/zyhuggan/tryingggg/pos_neg_design/OrthoMPNN/Rosetta/output_pdbs/crystal_ortho_pmpnn/0.8/0.8_relaxed_ortho_3_A27E_A34T_A36D_B54I_rep4.pdb
[DEBUG] Output file: /scratch/jgray21/zyhuggan/tryingggg/pos_neg_design/OrthoMPNN/Rosetta/output_pdbs/crystal_ortho_pmpnn/0.8/0.8_relaxed_ortho_3_A27E_A34T_A36D_B54I_rep5.pdb
[DEBUG] Creating jobs for bundle: [('A 27', 'K'), ('A 34', 'G'), ('A 36', 'D'), ('B 54', 'I'), ('B 57', 'Q'), ('A 73', 'S')]
[DEBUG] Output file: /scratch/jgray21/zyhuggan/tryingggg/pos_neg_design/OrthoMPNN/Rosetta/output_pdbs/crystal_ortho_pmpnn/0.8/0.8_relaxed_ortho_3_A27K_A34G_A36D_B54I_B57Q_A73S_rep1.pdb
[DEBUG] Output file: /scratch/jgray21/zyhuggan/tryingggg/pos_neg_design/OrthoMPNN/Rosetta/output_pdbs/crystal_ortho_pmpnn/0.8/0.8_relaxed_ortho_3_A27K_A34G_A36D_B54I_B57Q_A73S_rep2.pdb
[DEBUG] Output file: /scratch/jgray21/zyhuggan/tryingggg/pos_neg_design/OrthoMPNN/Rosetta/output_pdbs/crystal_ortho_pmpnn/0.8/0.8_relaxed_ortho_3_A27K_A34G_A36D_B54I_B57Q_A73S_rep3.pdb
[DEBUG] Output file: /scratch/jgray21/zyhuggan/tryingggg/pos_neg_design/OrthoMPNN/Rosetta/output_pdbs/crystal_ortho_pmpnn/0.8/0.8_relaxed_ortho_3_A27K_A34G_A36D_B54I_B57Q_A73S_rep4.pdb
[DEBUG] Output file: /scratch/jgray21/zyhuggan/tryingggg/pos_neg_design/OrthoMPNN/Rosetta/output_pdbs/crystal_ortho_pmpnn/0.8/0.8_relaxed_ortho_3_A27K_A34G_A36D_B54I_B57Q_A73S_rep5.pdb
[DEBUG] Creating jobs for bundle: [('A 27', 'D'), ('B 54', 'P'), ('B 57', 'D'), ('A 73', 'L')]
[DEBUG] Output file: /scratch/jgray21/zyhuggan/tryingggg/pos_neg_design/OrthoMPNN/Rosetta/output_pdbs/crystal_ortho_pmpnn/0.8/0.8_relaxed_ortho_3_A27D_B54P_B57D_A73L_rep1.pdb
[DEBUG] Output file: /scratch/jgray21/zyhuggan/tryingggg/pos_neg_design/OrthoMPNN/Rosetta/output_pdbs/crystal_ortho_pmpnn/0.8/0.8_relaxed_ortho_3_A27D_B54P_B57D_A73L_rep2.pdb
[DEBUG] Output file: /scratch/jgray21/zyhuggan/tryingggg/pos_neg_design/OrthoMPNN/Rosetta/output_pdbs/crystal_ortho_pmpnn/0.8/0.8_relaxed_ortho_3_A27D_B54P_B57D_A73L_rep3.pdb
[DEBUG] Output file: /scratch/jgray21/zyhuggan/tryingggg/pos_neg_design/OrthoMPNN/Rosetta/output_pdbs/crystal_ortho_pmpnn/0.8/0.8_relaxed_ortho_3_A27D_B54P_B57D_A73L_rep4.pdb
[DEBUG] Output file: /scratch/jgray21/zyhuggan/tryingggg/pos_neg_design/OrthoMPNN/Rosetta/output_pdbs/crystal_ortho_pmpnn/0.8/0.8_relaxed_ortho_3_A27D_B54P_B57D_A73L_rep5.pdb
[DEBUG] Creating jobs for bundle: [('A 27', 'K'), ('A 36', 'R'), ('B 54', 'V'), ('B 57', 'H'), ('A 73', 'A')]
[DEBUG] Output file: /scratch/jgray21/zyhuggan/tryingggg/pos_neg_design/OrthoMPNN/Rosetta/output_pdbs/crystal_ortho_pmpnn/0.8/0.8_relaxed_ortho_3_A27K_A36R_B54V_B57H_A73A_rep1.pdb
[DEBUG] Output file: /scratch/jgray21/zyhuggan/tryingggg/pos_neg_design/OrthoMPNN/Rosetta/output_pdbs/crystal_ortho_pmpnn/0.8/0.8_relaxed_ortho_3_A27K_A36R_B54V_B57H_A73A_rep2.pdb
[DEBUG] Output file: /scratch/jgray21/zyhuggan/tryingggg/pos_neg_design/OrthoMPNN/Rosetta/output_pdbs/crystal_ortho_pmpnn/0.8/0.8_relaxed_ortho_3_A27K_A36R_B54V_B57H_A73A_rep3.pdb
[DEBUG] Output file: /scratch/jgray21/zyhuggan/tryingggg/pos_neg_design/OrthoMPNN/Rosetta/output_pdbs/crystal_ortho_pmpnn/0.8/0.8_relaxed_ortho_3_A27K_A36R_B54V_B57H_A73A_rep4.pdb
[DEBUG] Output file: /scratch/jgray21/zyhuggan/tryingggg/pos_neg_design/OrthoMPNN/Rosetta/output_pdbs/crystal_ortho_pmpnn/0.8/0.8_relaxed_ortho_3_A27K_A36R_B54V_B57H_A73A_rep5.pdb
[DEBUG] Creating jobs for bundle: [('A 27', 'K'), ('A 36', 'S'), ('B 54', 'V'), ('B 57', 'H')]
[DEBUG] Output file: /scratch/jgray21/zyhuggan/tryingggg/pos_neg_design/OrthoMPNN/Rosetta/output_pdbs/crystal_ortho_pmpnn/0.8/0.8_relaxed_ortho_3_A27K_A36S_B54V_B57H_rep1.pdb
[DEBUG] Output file: /scratch/jgray21/zyhuggan/tryingggg/pos_neg_design/OrthoMPNN/Rosetta/output_pdbs/crystal_ortho_pmpnn/0.8/0.8_relaxed_ortho_3_A27K_A36S_B54V_B57H_rep2.pdb
[DEBUG] Output file: /scratch/jgray21/zyhuggan/tryingggg/pos_neg_design/OrthoMPNN/Rosetta/output_pdbs/crystal_ortho_pmpnn/0.8/0.8_relaxed_ortho_3_A27K_A36S_B54V_B57H_rep3.pdb
[DEBUG] Output file: /scratch/jgray21/zyhuggan/tryingggg/pos_neg_design/OrthoMPNN/Rosetta/output_pdbs/crystal_ortho_pmpnn/0.8/0.8_relaxed_ortho_3_A27K_A36S_B54V_B57H_rep4.pdb
[DEBUG] Output file: /scratch/jgray21/zyhuggan/tryingggg/pos_neg_design/OrthoMPNN/Rosetta/output_pdbs/crystal_ortho_pmpnn/0.8/0.8_relaxed_ortho_3_A27K_A36S_B54V_B57H_rep5.pdb
[DEBUG] Creating jobs for bundle: [('A 27', 'A'), ('A 34', 'T'), ('A 36', 'D'), ('B 54', 'P'), ('A 73', 'I')]
[DEBUG] Output file: /scratch/jgray21/zyhuggan/tryingggg/pos_neg_design/OrthoMPNN/Rosetta/output_pdbs/crystal_ortho_pmpnn/0.8/0.8_relaxed_ortho_3_A27A_A34T_A36D_B54P_A73I_rep1.pdb
[DEBUG] Output file: /scratch/jgray21/zyhuggan/tryingggg/pos_neg_design/OrthoMPNN/Rosetta/output_pdbs/crystal_ortho_pmpnn/0.8/0.8_relaxed_ortho_3_A27A_A34T_A36D_B54P_A73I_rep2.pdb
[DEBUG] Output file: /scratch/jgray21/zyhuggan/tryingggg/pos_neg_design/OrthoMPNN/Rosetta/output_pdbs/crystal_ortho_pmpnn/0.8/0.8_relaxed_ortho_3_A27A_A34T_A36D_B54P_A73I_rep3.pdb
[DEBUG] Output file: /scratch/jgray21/zyhuggan/tryingggg/pos_neg_design/OrthoMPNN/Rosetta/output_pdbs/crystal_ortho_pmpnn/0.8/0.8_relaxed_ortho_3_A27A_A34T_A36D_B54P_A73I_rep4.pdb
[DEBUG] Output file: /scratch/jgray21/zyhuggan/tryingggg/pos_neg_design/OrthoMPNN/Rosetta/output_pdbs/crystal_ortho_pmpnn/0.8/0.8_relaxed_ortho_3_A27A_A34T_A36D_B54P_A73I_rep5.pdb
[DEBUG] Creating jobs for bundle: [('A 27', 'E'), ('B 54', 'V'), ('B 57', 'K'), ('A 73', 'K')]
[DEBUG] Output file: /scratch/jgray21/zyhuggan/tryingggg/pos_neg_design/OrthoMPNN/Rosetta/output_pdbs/crystal_ortho_pmpnn/0.8/0.8_relaxed_ortho_3_A27E_B54V_B57K_A73K_rep1.pdb
[DEBUG] Output file: /scratch/jgray21/zyhuggan/tryingggg/pos_neg_design/OrthoMPNN/Rosetta/output_pdbs/crystal_ortho_pmpnn/0.8/0.8_relaxed_ortho_3_A27E_B54V_B57K_A73K_rep2.pdb
[DEBUG] Output file: /scratch/jgray21/zyhuggan/tryingggg/pos_neg_design/OrthoMPNN/Rosetta/output_pdbs/crystal_ortho_pmpnn/0.8/0.8_relaxed_ortho_3_A27E_B54V_B57K_A73K_rep3.pdb
[DEBUG] Output file: /scratch/jgray21/zyhuggan/tryingggg/pos_neg_design/OrthoMPNN/Rosetta/output_pdbs/crystal_ortho_pmpnn/0.8/0.8_relaxed_ortho_3_A27E_B54V_B57K_A73K_rep4.pdb
[DEBUG] Output file: /scratch/jgray21/zyhuggan/tryingggg/pos_neg_design/OrthoMPNN/Rosetta/output_pdbs/crystal_ortho_pmpnn/0.8/0.8_relaxed_ortho_3_A27E_B54V_B57K_A73K_rep5.pdb
[DEBUG] Creating jobs for bundle: [('A 27', 'K'), ('A 31', 'P'), ('B 54', 'V'), ('B 57', 'Q'), ('A 73', 'L')]
[DEBUG] Output file: /scratch/jgray21/zyhuggan/tryingggg/pos_neg_design/OrthoMPNN/Rosetta/output_pdbs/crystal_ortho_pmpnn/0.8/0.8_relaxed_ortho_3_A27K_A31P_B54V_B57Q_A73L_rep1.pdb
[DEBUG] Output file: /scratch/jgray21/zyhuggan/tryingggg/pos_neg_design/OrthoMPNN/Rosetta/output_pdbs/crystal_ortho_pmpnn/0.8/0.8_relaxed_ortho_3_A27K_A31P_B54V_B57Q_A73L_rep2.pdb
[DEBUG] Output file: /scratch/jgray21/zyhuggan/tryingggg/pos_neg_design/OrthoMPNN/Rosetta/output_pdbs/crystal_ortho_pmpnn/0.8/0.8_relaxed_ortho_3_A27K_A31P_B54V_B57Q_A73L_rep3.pdb
[DEBUG] Output file: /scratch/jgray21/zyhuggan/tryingggg/pos_neg_design/OrthoMPNN/Rosetta/output_pdbs/crystal_ortho_pmpnn/0.8/0.8_relaxed_ortho_3_A27K_A31P_B54V_B57Q_A73L_rep4.pdb
[DEBUG] Output file: /scratch/jgray21/zyhuggan/tryingggg/pos_neg_design/OrthoMPNN/Rosetta/output_pdbs/crystal_ortho_pmpnn/0.8/0.8_relaxed_ortho_3_A27K_A31P_B54V_B57Q_A73L_rep5.pdb
[DEBUG] Creating jobs for bundle: [('A 27', 'K'), ('A 34', 'D'), ('B 54', 'I'), ('B 57', 'L'), ('A 73', 'W')]
[DEBUG] Output file: /scratch/jgray21/zyhuggan/tryingggg/pos_neg_design/OrthoMPNN/Rosetta/output_pdbs/crystal_ortho_pmpnn/0.8/0.8_relaxed_ortho_3_A27K_A34D_B54I_B57L_A73W_rep1.pdb
[DEBUG] Output file: /scratch/jgray21/zyhuggan/tryingggg/pos_neg_design/OrthoMPNN/Rosetta/output_pdbs/crystal_ortho_pmpnn/0.8/0.8_relaxed_ortho_3_A27K_A34D_B54I_B57L_A73W_rep2.pdb
[DEBUG] Output file: /scratch/jgray21/zyhuggan/tryingggg/pos_neg_design/OrthoMPNN/Rosetta/output_pdbs/crystal_ortho_pmpnn/0.8/0.8_relaxed_ortho_3_A27K_A34D_B54I_B57L_A73W_rep3.pdb
[DEBUG] Output file: /scratch/jgray21/zyhuggan/tryingggg/pos_neg_design/OrthoMPNN/Rosetta/output_pdbs/crystal_ortho_pmpnn/0.8/0.8_relaxed_ortho_3_A27K_A34D_B54I_B57L_A73W_rep4.pdb
[DEBUG] Output file: /scratch/jgray21/zyhuggan/tryingggg/pos_neg_design/OrthoMPNN/Rosetta/output_pdbs/crystal_ortho_pmpnn/0.8/0.8_relaxed_ortho_3_A27K_A34D_B54I_B57L_A73W_rep5.pdb
[DEBUG] Creating jobs for bundle: [('A 27', 'K'), ('A 34', 'D'), ('B 54', 'T'), ('B 57', 'Q'), ('A 73', 'Y')]
[DEBUG] Output file: /scratch/jgray21/zyhuggan/tryingggg/pos_neg_design/OrthoMPNN/Rosetta/output_pdbs/crystal_ortho_pmpnn/0.8/0.8_relaxed_ortho_3_A27K_A34D_B54T_B57Q_A73Y_rep1.pdb
[DEBUG] Output file: /scratch/jgray21/zyhuggan/tryingggg/pos_neg_design/OrthoMPNN/Rosetta/output_pdbs/crystal_ortho_pmpnn/0.8/0.8_relaxed_ortho_3_A27K_A34D_B54T_B57Q_A73Y_rep2.pdb
[DEBUG] Output file: /scratch/jgray21/zyhuggan/tryingggg/pos_neg_design/OrthoMPNN/Rosetta/output_pdbs/crystal_ortho_pmpnn/0.8/0.8_relaxed_ortho_3_A27K_A34D_B54T_B57Q_A73Y_rep3.pdb
[DEBUG] Output file: /scratch/jgray21/zyhuggan/tryingggg/pos_neg_design/OrthoMPNN/Rosetta/output_pdbs/crystal_ortho_pmpnn/0.8/0.8_relaxed_ortho_3_A27K_A34D_B54T_B57Q_A73Y_rep4.pdb
[DEBUG] Output file: /scratch/jgray21/zyhuggan/tryingggg/pos_neg_design/OrthoMPNN/Rosetta/output_pdbs/crystal_ortho_pmpnn/0.8/0.8_relaxed_ortho_3_A27K_A34D_B54T_B57Q_A73Y_rep5.pdb
[DEBUG] Creating jobs for bundle: [('A 27', 'S'), ('A 34', 'T'), ('A 36', 'H')]
[DEBUG] Output file: /scratch/jgray21/zyhuggan/tryingggg/pos_neg_design/OrthoMPNN/Rosetta/output_pdbs/crystal_ortho_pmpnn/0.8/0.8_relaxed_ortho_3_A27S_A34T_A36H_rep1.pdb
[DEBUG] Output file: /scratch/jgray21/zyhuggan/tryingggg/pos_neg_design/OrthoMPNN/Rosetta/output_pdbs/crystal_ortho_pmpnn/0.8/0.8_relaxed_ortho_3_A27S_A34T_A36H_rep2.pdb
[DEBUG] Output file: /scratch/jgray21/zyhuggan/tryingggg/pos_neg_design/OrthoMPNN/Rosetta/output_pdbs/crystal_ortho_pmpnn/0.8/0.8_relaxed_ortho_3_A27S_A34T_A36H_rep3.pdb
[DEBUG] Output file: /scratch/jgray21/zyhuggan/tryingggg/pos_neg_design/OrthoMPNN/Rosetta/output_pdbs/crystal_ortho_pmpnn/0.8/0.8_relaxed_ortho_3_A27S_A34T_A36H_rep4.pdb
[DEBUG] Output file: /scratch/jgray21/zyhuggan/tryingggg/pos_neg_design/OrthoMPNN/Rosetta/output_pdbs/crystal_ortho_pmpnn/0.8/0.8_relaxed_ortho_3_A27S_A34T_A36H_rep5.pdb
[DEBUG] Creating jobs for bundle: [('A 27', 'K'), ('B 54', 'I'), ('A 73', 'Y')]
[DEBUG] Output file: /scratch/jgray21/zyhuggan/tryingggg/pos_neg_design/OrthoMPNN/Rosetta/output_pdbs/crystal_ortho_pmpnn/0.8/0.8_relaxed_ortho_3_A27K_B54I_A73Y_rep1.pdb
[DEBUG] Output file: /scratch/jgray21/zyhuggan/tryingggg/pos_neg_design/OrthoMPNN/Rosetta/output_pdbs/crystal_ortho_pmpnn/0.8/0.8_relaxed_ortho_3_A27K_B54I_A73Y_rep2.pdb
[DEBUG] Output file: /scratch/jgray21/zyhuggan/tryingggg/pos_neg_design/OrthoMPNN/Rosetta/output_pdbs/crystal_ortho_pmpnn/0.8/0.8_relaxed_ortho_3_A27K_B54I_A73Y_rep3.pdb
[DEBUG] Output file: /scratch/jgray21/zyhuggan/tryingggg/pos_neg_design/OrthoMPNN/Rosetta/output_pdbs/crystal_ortho_pmpnn/0.8/0.8_relaxed_ortho_3_A27K_B54I_A73Y_rep4.pdb
[DEBUG] Output file: /scratch/jgray21/zyhuggan/tryingggg/pos_neg_design/OrthoMPNN/Rosetta/output_pdbs/crystal_ortho_pmpnn/0.8/0.8_relaxed_ortho_3_A27K_B54I_A73Y_rep5.pdb
[DEBUG] Creating jobs for bundle: [('A 27', 'K'), ('A 34', 'G'), ('A 36', 'R'), ('B 54', 'H'), ('B 57', 'K'), ('A 73', 'E')]
[DEBUG] Output file: /scratch/jgray21/zyhuggan/tryingggg/pos_neg_design/OrthoMPNN/Rosetta/output_pdbs/crystal_ortho_pmpnn/0.8/0.8_relaxed_ortho_3_A27K_A34G_A36R_B54H_B57K_A73E_rep1.pdb
[DEBUG] Output file: /scratch/jgray21/zyhuggan/tryingggg/pos_neg_design/OrthoMPNN/Rosetta/output_pdbs/crystal_ortho_pmpnn/0.8/0.8_relaxed_ortho_3_A27K_A34G_A36R_B54H_B57K_A73E_rep2.pdb
[DEBUG] Output file: /scratch/jgray21/zyhuggan/tryingggg/pos_neg_design/OrthoMPNN/Rosetta/output_pdbs/crystal_ortho_pmpnn/0.8/0.8_relaxed_ortho_3_A27K_A34G_A36R_B54H_B57K_A73E_rep3.pdb
[DEBUG] Output file: /scratch/jgray21/zyhuggan/tryingggg/pos_neg_design/OrthoMPNN/Rosetta/output_pdbs/crystal_ortho_pmpnn/0.8/0.8_relaxed_ortho_3_A27K_A34G_A36R_B54H_B57K_A73E_rep4.pdb
[DEBUG] Output file: /scratch/jgray21/zyhuggan/tryingggg/pos_neg_design/OrthoMPNN/Rosetta/output_pdbs/crystal_ortho_pmpnn/0.8/0.8_relaxed_ortho_3_A27K_A34G_A36R_B54H_B57K_A73E_rep5.pdb
[DEBUG] Creating jobs for bundle: [('A 27', 'Q'), ('A 31', 'N'), ('A 36', 'S'), ('B 54', 'V'), ('B 57', 'R'), ('A 73', 'Y')]
[DEBUG] Output file: /scratch/jgray21/zyhuggan/tryingggg/pos_neg_design/OrthoMPNN/Rosetta/output_pdbs/crystal_ortho_pmpnn/0.8/0.8_relaxed_ortho_3_A27Q_A31N_A36S_B54V_B57R_A73Y_rep1.pdb
[DEBUG] Output file: /scratch/jgray21/zyhuggan/tryingggg/pos_neg_design/OrthoMPNN/Rosetta/output_pdbs/crystal_ortho_pmpnn/0.8/0.8_relaxed_ortho_3_A27Q_A31N_A36S_B54V_B57R_A73Y_rep2.pdb
[DEBUG] Output file: /scratch/jgray21/zyhuggan/tryingggg/pos_neg_design/OrthoMPNN/Rosetta/output_pdbs/crystal_ortho_pmpnn/0.8/0.8_relaxed_ortho_3_A27Q_A31N_A36S_B54V_B57R_A73Y_rep3.pdb
[DEBUG] Output file: /scratch/jgray21/zyhuggan/tryingggg/pos_neg_design/OrthoMPNN/Rosetta/output_pdbs/crystal_ortho_pmpnn/0.8/0.8_relaxed_ortho_3_A27Q_A31N_A36S_B54V_B57R_A73Y_rep4.pdb
[DEBUG] Output file: /scratch/jgray21/zyhuggan/tryingggg/pos_neg_design/OrthoMPNN/Rosetta/output_pdbs/crystal_ortho_pmpnn/0.8/0.8_relaxed_ortho_3_A27Q_A31N_A36S_B54V_B57R_A73Y_rep5.pdb
[DEBUG] Creating jobs for bundle: [('A 27', 'K'), ('A 34', 'L'), ('A 36', 'D'), ('B 54', 'V'), ('A 73', 'M')]
[DEBUG] Output file: /scratch/jgray21/zyhuggan/tryingggg/pos_neg_design/OrthoMPNN/Rosetta/output_pdbs/crystal_ortho_pmpnn/0.8/0.8_relaxed_ortho_3_A27K_A34L_A36D_B54V_A73M_rep1.pdb
[DEBUG] Output file: /scratch/jgray21/zyhuggan/tryingggg/pos_neg_design/OrthoMPNN/Rosetta/output_pdbs/crystal_ortho_pmpnn/0.8/0.8_relaxed_ortho_3_A27K_A34L_A36D_B54V_A73M_rep2.pdb
[DEBUG] Output file: /scratch/jgray21/zyhuggan/tryingggg/pos_neg_design/OrthoMPNN/Rosetta/output_pdbs/crystal_ortho_pmpnn/0.8/0.8_relaxed_ortho_3_A27K_A34L_A36D_B54V_A73M_rep3.pdb
[DEBUG] Output file: /scratch/jgray21/zyhuggan/tryingggg/pos_neg_design/OrthoMPNN/Rosetta/output_pdbs/crystal_ortho_pmpnn/0.8/0.8_relaxed_ortho_3_A27K_A34L_A36D_B54V_A73M_rep4.pdb
[DEBUG] Output file: /scratch/jgray21/zyhuggan/tryingggg/pos_neg_design/OrthoMPNN/Rosetta/output_pdbs/crystal_ortho_pmpnn/0.8/0.8_relaxed_ortho_3_A27K_A34L_A36D_B54V_A73M_rep5.pdb
[DEBUG] Creating jobs for bundle: [('A 27', 'K'), ('A 34', 'R'), ('B 54', 'T'), ('B 57', 'K'), ('A 73', 'L')]
[DEBUG] Output file: /scratch/jgray21/zyhuggan/tryingggg/pos_neg_design/OrthoMPNN/Rosetta/output_pdbs/crystal_ortho_pmpnn/0.8/0.8_relaxed_ortho_3_A27K_A34R_B54T_B57K_A73L_rep1.pdb
[DEBUG] Output file: /scratch/jgray21/zyhuggan/tryingggg/pos_neg_design/OrthoMPNN/Rosetta/output_pdbs/crystal_ortho_pmpnn/0.8/0.8_relaxed_ortho_3_A27K_A34R_B54T_B57K_A73L_rep2.pdb
[DEBUG] Output file: /scratch/jgray21/zyhuggan/tryingggg/pos_neg_design/OrthoMPNN/Rosetta/output_pdbs/crystal_ortho_pmpnn/0.8/0.8_relaxed_ortho_3_A27K_A34R_B54T_B57K_A73L_rep3.pdb
[DEBUG] Output file: /scratch/jgray21/zyhuggan/tryingggg/pos_neg_design/OrthoMPNN/Rosetta/output_pdbs/crystal_ortho_pmpnn/0.8/0.8_relaxed_ortho_3_A27K_A34R_B54T_B57K_A73L_rep4.pdb
[DEBUG] Output file: /scratch/jgray21/zyhuggan/tryingggg/pos_neg_design/OrthoMPNN/Rosetta/output_pdbs/crystal_ortho_pmpnn/0.8/0.8_relaxed_ortho_3_A27K_A34R_B54T_B57K_A73L_rep5.pdb
[DEBUG] Creating jobs for bundle: [('A 27', 'P'), ('A 36', 'G'), ('B 54', 'V'), ('B 57', 'R'), ('A 73', 'Y')]
[DEBUG] Output file: /scratch/jgray21/zyhuggan/tryingggg/pos_neg_design/OrthoMPNN/Rosetta/output_pdbs/crystal_ortho_pmpnn/0.8/0.8_relaxed_ortho_3_A27P_A36G_B54V_B57R_A73Y_rep1.pdb
[DEBUG] Output file: /scratch/jgray21/zyhuggan/tryingggg/pos_neg_design/OrthoMPNN/Rosetta/output_pdbs/crystal_ortho_pmpnn/0.8/0.8_relaxed_ortho_3_A27P_A36G_B54V_B57R_A73Y_rep2.pdb
[DEBUG] Output file: /scratch/jgray21/zyhuggan/tryingggg/pos_neg_design/OrthoMPNN/Rosetta/output_pdbs/crystal_ortho_pmpnn/0.8/0.8_relaxed_ortho_3_A27P_A36G_B54V_B57R_A73Y_rep3.pdb
[DEBUG] Output file: /scratch/jgray21/zyhuggan/tryingggg/pos_neg_design/OrthoMPNN/Rosetta/output_pdbs/crystal_ortho_pmpnn/0.8/0.8_relaxed_ortho_3_A27P_A36G_B54V_B57R_A73Y_rep4.pdb
[DEBUG] Output file: /scratch/jgray21/zyhuggan/tryingggg/pos_neg_design/OrthoMPNN/Rosetta/output_pdbs/crystal_ortho_pmpnn/0.8/0.8_relaxed_ortho_3_A27P_A36G_B54V_B57R_A73Y_rep5.pdb
[DEBUG] Creating jobs for bundle: [('A 27', 'K'), ('A 34', 'T'), ('A 36', 'S'), ('B 54', 'V'), ('A 73', 'Q')]
[DEBUG] Output file: /scratch/jgray21/zyhuggan/tryingggg/pos_neg_design/OrthoMPNN/Rosetta/output_pdbs/crystal_ortho_pmpnn/0.8/0.8_relaxed_ortho_3_A27K_A34T_A36S_B54V_A73Q_rep1.pdb
[DEBUG] Output file: /scratch/jgray21/zyhuggan/tryingggg/pos_neg_design/OrthoMPNN/Rosetta/output_pdbs/crystal_ortho_pmpnn/0.8/0.8_relaxed_ortho_3_A27K_A34T_A36S_B54V_A73Q_rep2.pdb
[DEBUG] Output file: /scratch/jgray21/zyhuggan/tryingggg/pos_neg_design/OrthoMPNN/Rosetta/output_pdbs/crystal_ortho_pmpnn/0.8/0.8_relaxed_ortho_3_A27K_A34T_A36S_B54V_A73Q_rep3.pdb
[DEBUG] Output file: /scratch/jgray21/zyhuggan/tryingggg/pos_neg_design/OrthoMPNN/Rosetta/output_pdbs/crystal_ortho_pmpnn/0.8/0.8_relaxed_ortho_3_A27K_A34T_A36S_B54V_A73Q_rep4.pdb
[DEBUG] Output file: /scratch/jgray21/zyhuggan/tryingggg/pos_neg_design/OrthoMPNN/Rosetta/output_pdbs/crystal_ortho_pmpnn/0.8/0.8_relaxed_ortho_3_A27K_A34T_A36S_B54V_A73Q_rep5.pdb
[DEBUG] Creating jobs for bundle: [('A 27', 'K'), ('A 36', 'D'), ('B 54', 'P'), ('B 57', 'R'), ('A 73', 'M')]
[DEBUG] Output file: /scratch/jgray21/zyhuggan/tryingggg/pos_neg_design/OrthoMPNN/Rosetta/output_pdbs/crystal_ortho_pmpnn/0.8/0.8_relaxed_ortho_3_A27K_A36D_B54P_B57R_A73M_rep1.pdb
[DEBUG] Output file: /scratch/jgray21/zyhuggan/tryingggg/pos_neg_design/OrthoMPNN/Rosetta/output_pdbs/crystal_ortho_pmpnn/0.8/0.8_relaxed_ortho_3_A27K_A36D_B54P_B57R_A73M_rep2.pdb
[DEBUG] Output file: /scratch/jgray21/zyhuggan/tryingggg/pos_neg_design/OrthoMPNN/Rosetta/output_pdbs/crystal_ortho_pmpnn/0.8/0.8_relaxed_ortho_3_A27K_A36D_B54P_B57R_A73M_rep3.pdb
[DEBUG] Output file: /scratch/jgray21/zyhuggan/tryingggg/pos_neg_design/OrthoMPNN/Rosetta/output_pdbs/crystal_ortho_pmpnn/0.8/0.8_relaxed_ortho_3_A27K_A36D_B54P_B57R_A73M_rep4.pdb
[DEBUG] Output file: /scratch/jgray21/zyhuggan/tryingggg/pos_neg_design/OrthoMPNN/Rosetta/output_pdbs/crystal_ortho_pmpnn/0.8/0.8_relaxed_ortho_3_A27K_A36D_B54P_B57R_A73M_rep5.pdb
[DEBUG] Creating jobs for bundle: [('A 27', 'K'), ('A 31', 'N'), ('B 54', 'V'), ('B 57', 'F'), ('A 73', 'K')]
[DEBUG] Output file: /scratch/jgray21/zyhuggan/tryingggg/pos_neg_design/OrthoMPNN/Rosetta/output_pdbs/crystal_ortho_pmpnn/0.8/0.8_relaxed_ortho_3_A27K_A31N_B54V_B57F_A73K_rep1.pdb
[DEBUG] Output file: /scratch/jgray21/zyhuggan/tryingggg/pos_neg_design/OrthoMPNN/Rosetta/output_pdbs/crystal_ortho_pmpnn/0.8/0.8_relaxed_ortho_3_A27K_A31N_B54V_B57F_A73K_rep2.pdb
[DEBUG] Output file: /scratch/jgray21/zyhuggan/tryingggg/pos_neg_design/OrthoMPNN/Rosetta/output_pdbs/crystal_ortho_pmpnn/0.8/0.8_relaxed_ortho_3_A27K_A31N_B54V_B57F_A73K_rep3.pdb
[DEBUG] Output file: /scratch/jgray21/zyhuggan/tryingggg/pos_neg_design/OrthoMPNN/Rosetta/output_pdbs/crystal_ortho_pmpnn/0.8/0.8_relaxed_ortho_3_A27K_A31N_B54V_B57F_A73K_rep4.pdb
[DEBUG] Output file: /scratch/jgray21/zyhuggan/tryingggg/pos_neg_design/OrthoMPNN/Rosetta/output_pdbs/crystal_ortho_pmpnn/0.8/0.8_relaxed_ortho_3_A27K_A31N_B54V_B57F_A73K_rep5.pdb
[DEBUG] Creating jobs for bundle: [('A 27', 'D'), ('B 54', 'I'), ('B 57', 'Q'), ('A 73', 'W')]
[DEBUG] Output file: /scratch/jgray21/zyhuggan/tryingggg/pos_neg_design/OrthoMPNN/Rosetta/output_pdbs/crystal_ortho_pmpnn/0.8/0.8_relaxed_ortho_3_A27D_B54I_B57Q_A73W_rep1.pdb
[DEBUG] Output file: /scratch/jgray21/zyhuggan/tryingggg/pos_neg_design/OrthoMPNN/Rosetta/output_pdbs/crystal_ortho_pmpnn/0.8/0.8_relaxed_ortho_3_A27D_B54I_B57Q_A73W_rep2.pdb
[DEBUG] Output file: /scratch/jgray21/zyhuggan/tryingggg/pos_neg_design/OrthoMPNN/Rosetta/output_pdbs/crystal_ortho_pmpnn/0.8/0.8_relaxed_ortho_3_A27D_B54I_B57Q_A73W_rep3.pdb
[DEBUG] Output file: /scratch/jgray21/zyhuggan/tryingggg/pos_neg_design/OrthoMPNN/Rosetta/output_pdbs/crystal_ortho_pmpnn/0.8/0.8_relaxed_ortho_3_A27D_B54I_B57Q_A73W_rep4.pdb
[DEBUG] Output file: /scratch/jgray21/zyhuggan/tryingggg/pos_neg_design/OrthoMPNN/Rosetta/output_pdbs/crystal_ortho_pmpnn/0.8/0.8_relaxed_ortho_3_A27D_B54I_B57Q_A73W_rep5.pdb
[DEBUG] Creating jobs for bundle: [('A 27', 'T'), ('A 34', 'T'), ('A 36', 'D'), ('B 54', 'P'), ('A 73', 'F')]
[DEBUG] Output file: /scratch/jgray21/zyhuggan/tryingggg/pos_neg_design/OrthoMPNN/Rosetta/output_pdbs/crystal_ortho_pmpnn/0.8/0.8_relaxed_ortho_3_A27T_A34T_A36D_B54P_A73F_rep1.pdb
[DEBUG] Output file: /scratch/jgray21/zyhuggan/tryingggg/pos_neg_design/OrthoMPNN/Rosetta/output_pdbs/crystal_ortho_pmpnn/0.8/0.8_relaxed_ortho_3_A27T_A34T_A36D_B54P_A73F_rep2.pdb
[DEBUG] Output file: /scratch/jgray21/zyhuggan/tryingggg/pos_neg_design/OrthoMPNN/Rosetta/output_pdbs/crystal_ortho_pmpnn/0.8/0.8_relaxed_ortho_3_A27T_A34T_A36D_B54P_A73F_rep3.pdb
[DEBUG] Output file: /scratch/jgray21/zyhuggan/tryingggg/pos_neg_design/OrthoMPNN/Rosetta/output_pdbs/crystal_ortho_pmpnn/0.8/0.8_relaxed_ortho_3_A27T_A34T_A36D_B54P_A73F_rep4.pdb
[DEBUG] Output file: /scratch/jgray21/zyhuggan/tryingggg/pos_neg_design/OrthoMPNN/Rosetta/output_pdbs/crystal_ortho_pmpnn/0.8/0.8_relaxed_ortho_3_A27T_A34T_A36D_B54P_A73F_rep5.pdb
[DEBUG] Creating jobs for bundle: [('A 27', 'I'), ('A 34', 'T'), ('B 54', 'Q'), ('A 73', 'M')]
[DEBUG] Output file: /scratch/jgray21/zyhuggan/tryingggg/pos_neg_design/OrthoMPNN/Rosetta/output_pdbs/crystal_ortho_pmpnn/0.8/0.8_relaxed_ortho_3_A27I_A34T_B54Q_A73M_rep1.pdb
[DEBUG] Output file: /scratch/jgray21/zyhuggan/tryingggg/pos_neg_design/OrthoMPNN/Rosetta/output_pdbs/crystal_ortho_pmpnn/0.8/0.8_relaxed_ortho_3_A27I_A34T_B54Q_A73M_rep2.pdb
[DEBUG] Output file: /scratch/jgray21/zyhuggan/tryingggg/pos_neg_design/OrthoMPNN/Rosetta/output_pdbs/crystal_ortho_pmpnn/0.8/0.8_relaxed_ortho_3_A27I_A34T_B54Q_A73M_rep3.pdb
[DEBUG] Output file: /scratch/jgray21/zyhuggan/tryingggg/pos_neg_design/OrthoMPNN/Rosetta/output_pdbs/crystal_ortho_pmpnn/0.8/0.8_relaxed_ortho_3_A27I_A34T_B54Q_A73M_rep4.pdb
[DEBUG] Output file: /scratch/jgray21/zyhuggan/tryingggg/pos_neg_design/OrthoMPNN/Rosetta/output_pdbs/crystal_ortho_pmpnn/0.8/0.8_relaxed_ortho_3_A27I_A34T_B54Q_A73M_rep5.pdb
[DEBUG] Creating jobs for bundle: [('A 27', 'D'), ('A 31', 'A'), ('B 54', 'I'), ('A 73', 'D')]
[DEBUG] Output file: /scratch/jgray21/zyhuggan/tryingggg/pos_neg_design/OrthoMPNN/Rosetta/output_pdbs/crystal_ortho_pmpnn/0.8/0.8_relaxed_ortho_3_A27D_A31A_B54I_A73D_rep1.pdb
[DEBUG] Output file: /scratch/jgray21/zyhuggan/tryingggg/pos_neg_design/OrthoMPNN/Rosetta/output_pdbs/crystal_ortho_pmpnn/0.8/0.8_relaxed_ortho_3_A27D_A31A_B54I_A73D_rep2.pdb
[DEBUG] Output file: /scratch/jgray21/zyhuggan/tryingggg/pos_neg_design/OrthoMPNN/Rosetta/output_pdbs/crystal_ortho_pmpnn/0.8/0.8_relaxed_ortho_3_A27D_A31A_B54I_A73D_rep3.pdb
[DEBUG] Output file: /scratch/jgray21/zyhuggan/tryingggg/pos_neg_design/OrthoMPNN/Rosetta/output_pdbs/crystal_ortho_pmpnn/0.8/0.8_relaxed_ortho_3_A27D_A31A_B54I_A73D_rep4.pdb
[DEBUG] Output file: /scratch/jgray21/zyhuggan/tryingggg/pos_neg_design/OrthoMPNN/Rosetta/output_pdbs/crystal_ortho_pmpnn/0.8/0.8_relaxed_ortho_3_A27D_A31A_B54I_A73D_rep5.pdb
2026-03-29 19:07:42 EDT MainProcess INFO [__main__] Processing a total of 250 jobs
2026-03-29 19:07:42 EDT MainProcess INFO [__main__] Starting pool with 100 worker(s)
2026-03-29 19:12:25 EDT ForkPoolWorker-47 INFO [__main__] Output: 0.8_relaxed_ortho_3_A27V_B54P_B57V_A73Y_rep4.pdb
2026-03-29 19:12:26 EDT ForkPoolWorker-27 INFO [__main__] Output: 0.8_relaxed_ortho_3_A27E_B54V_B57S_A73V_rep4.pdb
2026-03-29 19:12:28 EDT ForkPoolWorker-26 INFO [__main__] Output: 0.8_relaxed_ortho_3_A27E_B54V_B57S_A73V_rep1.pdb
2026-03-29 19:12:30 EDT ForkPoolWorker-75 INFO [__main__] Output: 0.8_relaxed_ortho_3_A27E_A36P_B54I_A73W_rep2.pdb
2026-03-29 19:12:30 EDT ForkPoolWorker-45 INFO [__main__] Output: 0.8_relaxed_ortho_3_A27K_A31C_A34F_A36D_B54T_B57Q_A73S_rep3.pdb
2026-03-29 19:12:30 EDT ForkPoolWorker-53 INFO [__main__] Output: 0.8_relaxed_ortho_3_A27V_B54P_B57V_A73Y_rep2.pdb
2026-03-29 19:12:33 EDT ForkPoolWorker-7 INFO [__main__] Output: 0.8_relaxed_ortho_3_A27E_B54P_B57Q_A73L_rep1.pdb
2026-03-29 19:12:34 EDT ForkPoolWorker-65 INFO [__main__] Output: 0.8_relaxed_ortho_3_A27K_A31N_A34D_B54V_A73L_rep5.pdb
2026-03-29 19:12:36 EDT ForkPoolWorker-96 INFO [__main__] Output: 0.8_relaxed_ortho_3_A27K_A34D_A36T_B54I_A73Y_rep5.pdb
2026-03-29 19:12:36 EDT ForkPoolWorker-25 INFO [__main__] Output: 0.8_relaxed_ortho_3_A27E_B54P_B57Q_A73L_rep3.pdb
2026-03-29 19:12:36 EDT ForkPoolWorker-62 INFO [__main__] Output: 0.8_relaxed_ortho_3_A27V_B54P_B57V_A73Y_rep3.pdb
2026-03-29 19:12:37 EDT ForkPoolWorker-49 INFO [__main__] Output: 0.8_relaxed_ortho_3_A27E_A36D_B54P_B57R_A73M_rep4.pdb
2026-03-29 19:12:38 EDT ForkPoolWorker-98 INFO [__main__] Output: 0.8_relaxed_ortho_3_A27K_A31N_A34D_B54V_A73L_rep3.pdb
2026-03-29 19:12:40 EDT ForkPoolWorker-12 INFO [__main__] Output: 0.8_relaxed_ortho_3_A27K_A36D_B54V_B57H_A73K_rep4.pdb
2026-03-29 19:12:40 EDT ForkPoolWorker-42 INFO [__main__] Output: 0.8_relaxed_ortho_3_A27E_A36D_B54P_B57R_A73M_rep5.pdb
2026-03-29 19:12:41 EDT ForkPoolWorker-15 INFO [__main__] Output: 0.8_relaxed_ortho_3_A27K_A36T_B54T_B57K_A73L_rep1.pdb
2026-03-29 19:12:41 EDT ForkPoolWorker-92 INFO [__main__] Output: 0.8_relaxed_ortho_3_A27E_A36P_B54I_A73W_rep3.pdb
2026-03-29 19:12:42 EDT ForkPoolWorker-30 INFO [__main__] Output: 0.8_relaxed_ortho_3_A27K_A36M_B54V_A73E_rep4.pdb
2026-03-29 19:12:42 EDT ForkPoolWorker-73 INFO [__main__] Output: 0.8_relaxed_ortho_3_A27K_A34D_A36T_B54I_A73Y_rep3.pdb
2026-03-29 19:12:43 EDT ForkPoolWorker-29 INFO [__main__] Output: 0.8_relaxed_ortho_3_A27K_A36M_B54V_A73E_rep5.pdb
2026-03-29 19:12:43 EDT ForkPoolWorker-16 INFO [__main__] Output: 0.8_relaxed_ortho_3_A27K_A36T_B54T_B57K_A73L_rep4.pdb
2026-03-29 19:12:43 EDT ForkPoolWorker-8 INFO [__main__] Output: 0.8_relaxed_ortho_3_A27K_A36T_B54T_B57K_A73L_rep2.pdb
2026-03-29 19:12:43 EDT ForkPoolWorker-57 INFO [__main__] Output: 0.8_relaxed_ortho_3_A27K_A36D_B54I_B57W_A73K_rep5.pdb
2026-03-29 19:12:44 EDT ForkPoolWorker-61 INFO [__main__] Output: 0.8_relaxed_ortho_3_A27K_A34T_B54V_B57T_A73M_rep2.pdb
2026-03-29 19:12:44 EDT ForkPoolWorker-41 INFO [__main__] Output: 0.8_relaxed_ortho_3_A27Q_B54V_B57V_A73Y_rep4.pdb
2026-03-29 19:12:44 EDT ForkPoolWorker-4 INFO [__main__] Output: 0.8_relaxed_ortho_3_A27E_A34P_A36D_B54V_B57D_A73Q_rep5.pdb
2026-03-29 19:12:45 EDT ForkPoolWorker-87 INFO [__main__] Output: 0.8_relaxed_ortho_3_A27K_A36D_B54I_B57W_A73K_rep4.pdb
2026-03-29 19:12:45 EDT ForkPoolWorker-10 INFO [__main__] Output: 0.8_relaxed_ortho_3_A27E_A34P_A36D_B54V_B57D_A73Q_rep4.pdb
2026-03-29 19:12:46 EDT ForkPoolWorker-38 INFO [__main__] Output: 0.8_relaxed_ortho_3_A27Q_B54V_B57V_A73Y_rep1.pdb
2026-03-29 19:12:46 EDT ForkPoolWorker-71 INFO [__main__] Output: 0.8_relaxed_ortho_3_A27K_A34T_A36D_B54V_A73V_rep2.pdb
2026-03-29 19:12:47 EDT ForkPoolWorker-5 INFO [__main__] Output: 0.8_relaxed_ortho_3_A27E_A34P_A36D_B54V_B57D_A73Q_rep2.pdb
2026-03-29 19:12:47 EDT ForkPoolWorker-97 INFO [__main__] Output: 0.8_relaxed_ortho_3_A27K_A36D_B54V_B57E_A73K_rep5.pdb
2026-03-29 19:12:48 EDT ForkPoolWorker-9 INFO [__main__] Output: 0.8_relaxed_ortho_3_A27K_A36D_B54V_B57H_A73K_rep2.pdb
2026-03-29 19:12:48 EDT ForkPoolWorker-6 INFO [__main__] Output: 0.8_relaxed_ortho_3_A27K_A36D_B54V_B57H_A73K_rep1.pdb
2026-03-29 19:12:49 EDT ForkPoolWorker-58 INFO [__main__] Output: 0.8_relaxed_ortho_3_A27K_A36D_B54I_B57W_A73K_rep1.pdb
2026-03-29 19:12:49 EDT ForkPoolWorker-74 INFO [__main__] Output: 0.8_relaxed_ortho_3_A27K_A34D_A36T_B54I_A73Y_rep2.pdb
2026-03-29 19:12:51 EDT ForkPoolWorker-1 INFO [__main__] Output: 0.8_relaxed_ortho_3_A27E_A34P_A36D_B54V_B57D_A73Q_rep3.pdb
2026-03-29 19:12:54 EDT ForkPoolWorker-51 INFO [__main__] Output: 0.8_relaxed_ortho_3_A27K_A34T_B54V_B57T_A73M_rep1.pdb
2026-03-29 19:12:54 EDT ForkPoolWorker-54 INFO [__main__] Output: 0.8_relaxed_ortho_3_A27K_A34T_B54V_B57T_A73M_rep3.pdb
2026-03-29 19:12:58 EDT ForkPoolWorker-3 INFO [__main__] Output: 0.8_relaxed_ortho_3_A27K_A36D_B54V_B57H_A73K_rep5.pdb
2026-03-29 19:13:07 EDT ForkPoolWorker-28 INFO [__main__] Output: 0.8_relaxed_ortho_3_A27E_B54V_B57S_A73V_rep5.pdb
2026-03-29 19:13:14 EDT ForkPoolWorker-52 INFO [__main__] Output: 0.8_relaxed_ortho_3_A27V_B54P_B57V_A73Y_rep1.pdb
2026-03-29 19:13:18 EDT ForkPoolWorker-46 INFO [__main__] Output: 0.8_relaxed_ortho_3_A27V_B54P_B57V_A73Y_rep5.pdb
2026-03-29 19:13:21 EDT ForkPoolWorker-93 INFO [__main__] Output: 0.8_relaxed_ortho_3_A27E_A36P_B54I_A73W_rep1.pdb
2026-03-29 19:13:25 EDT ForkPoolWorker-14 INFO [__main__] Output: 0.8_relaxed_ortho_3_A27E_A34P_A36D_B54V_B57D_A73Q_rep1.pdb
2026-03-29 19:13:28 EDT ForkPoolWorker-39 INFO [__main__] Output: 0.8_relaxed_ortho_3_A27K_A31C_A34F_A36D_B54T_B57Q_A73S_rep1.pdb
2026-03-29 19:13:29 EDT ForkPoolWorker-86 INFO [__main__] Output: 0.8_relaxed_ortho_3_A27K_A36D_B54V_B57E_A73K_rep3.pdb
2026-03-29 19:13:29 EDT ForkPoolWorker-68 INFO [__main__] Output: 0.8_relaxed_ortho_3_A27E_A36P_B54I_A73W_rep4.pdb
2026-03-29 19:13:37 EDT ForkPoolWorker-91 INFO [__main__] Output: 0.8_relaxed_ortho_3_A27K_A31N_A34D_B54V_A73L_rep1.pdb
2026-03-29 19:13:38 EDT ForkPoolWorker-13 INFO [__main__] Output: 0.8_relaxed_ortho_3_A27E_B54P_B57Q_A73L_rep2.pdb
2026-03-29 19:13:38 EDT ForkPoolWorker-43 INFO [__main__] Output: 0.8_relaxed_ortho_3_A27E_A36D_B54P_B57R_A73M_rep3.pdb
2026-03-29 19:13:38 EDT ForkPoolWorker-34 INFO [__main__] Output: 0.8_relaxed_ortho_3_A27E_A36D_B54P_B57R_A73M_rep1.pdb
2026-03-29 19:13:39 EDT ForkPoolWorker-11 INFO [__main__] Output: 0.8_relaxed_ortho_3_A27K_A36T_B54T_B57K_A73L_rep3.pdb
2026-03-29 19:13:39 EDT ForkPoolWorker-40 INFO [__main__] Output: 0.8_relaxed_ortho_3_A27E_A36D_B54P_B57R_A73M_rep2.pdb
2026-03-29 19:13:39 EDT ForkPoolWorker-33 INFO [__main__] Output: 0.8_relaxed_ortho_3_A27K_A31C_A34F_A36D_B54T_B57Q_A73S_rep4.pdb
2026-03-29 19:13:39 EDT ForkPoolWorker-18 INFO [__main__] Output: 0.8_relaxed_ortho_3_A27K_A36T_B54T_B57K_A73L_rep5.pdb
2026-03-29 19:13:40 EDT ForkPoolWorker-20 INFO [__main__] Output: 0.8_relaxed_ortho_3_A27K_A36M_B54V_A73E_rep2.pdb
2026-03-29 19:13:40 EDT ForkPoolWorker-81 INFO [__main__] Output: 0.8_relaxed_ortho_3_A27K_A34D_A36T_B54I_A73Y_rep1.pdb
2026-03-29 19:13:40 EDT ForkPoolWorker-76 INFO [__main__] Output: 0.8_relaxed_ortho_3_A27K_A34D_A36T_B54I_A73Y_rep4.pdb
2026-03-29 19:13:41 EDT ForkPoolWorker-84 INFO [__main__] Output: 0.8_relaxed_ortho_3_A27K_A31N_A34D_B54V_A73L_rep2.pdb
2026-03-29 19:13:43 EDT ForkPoolWorker-24 INFO [__main__] Output: 0.8_relaxed_ortho_3_A27K_A36M_B54V_A73E_rep3.pdb
2026-03-29 19:13:44 EDT ForkPoolWorker-48 INFO [__main__] Output: 0.8_relaxed_ortho_3_A27K_A36D_B54I_B57W_A73K_rep2.pdb
2026-03-29 19:13:45 EDT ForkPoolWorker-19 INFO [__main__] Output: 0.8_relaxed_ortho_3_A27E_B54P_B57Q_A73L_rep4.pdb
2026-03-29 19:13:45 EDT ForkPoolWorker-94 INFO [__main__] Output: 0.8_relaxed_ortho_3_A27K_A31Q_A34M_A36D_B54V_A73W_rep1.pdb
2026-03-29 19:13:45 EDT ForkPoolWorker-23 INFO [__main__] Output: 0.8_relaxed_ortho_3_A27E_B54V_B57S_A73V_rep3.pdb
2026-03-29 19:13:45 EDT ForkPoolWorker-83 INFO [__main__] Output: 0.8_relaxed_ortho_3_A27K_A31N_A34D_B54V_A73L_rep4.pdb
2026-03-29 19:13:45 EDT ForkPoolWorker-82 INFO [__main__] Output: 0.8_relaxed_ortho_3_A27K_A31Q_A34M_A36D_B54V_A73W_rep2.pdb
2026-03-29 19:13:46 EDT ForkPoolWorker-67 INFO [__main__] Output: 0.8_relaxed_ortho_3_A27K_A36D_B54V_B57E_A73K_rep4.pdb
2026-03-29 19:13:46 EDT ForkPoolWorker-78 INFO [__main__] Output: 0.8_relaxed_ortho_3_A27K_A34T_B54V_B57K_A73L_rep5.pdb
2026-03-29 19:13:47 EDT ForkPoolWorker-60 INFO [__main__] Output: 0.8_relaxed_ortho_3_A27K_A34T_A36D_B54V_A73V_rep1.pdb
2026-03-29 19:13:48 EDT ForkPoolWorker-59 INFO [__main__] Output: 0.8_relaxed_ortho_3_A27K_A34T_B54V_B57T_A73M_rep5.pdb
2026-03-29 19:13:50 EDT ForkPoolWorker-70 INFO [__main__] Output: 0.8_relaxed_ortho_3_A27K_A34T_A36D_B54V_A73V_rep5.pdb
2026-03-29 19:13:50 EDT ForkPoolWorker-21 INFO [__main__] Output: 0.8_relaxed_ortho_3_A27K_A36M_B54V_A73E_rep1.pdb
2026-03-29 19:13:51 EDT ForkPoolWorker-66 INFO [__main__] Output: 0.8_relaxed_ortho_3_A27K_A31S_B54I_B57H_A73C_rep2.pdb
2026-03-29 19:13:52 EDT ForkPoolWorker-90 INFO [__main__] Output: 0.8_relaxed_ortho_3_A27K_A31S_B54I_B57H_A73C_rep4.pdb
2026-03-29 19:13:52 EDT ForkPoolWorker-31 INFO [__main__] Output: 0.8_relaxed_ortho_3_A27Q_B54V_B57V_A73Y_rep3.pdb
2026-03-29 19:13:52 EDT ForkPoolWorker-85 INFO [__main__] Output: 0.8_relaxed_ortho_3_A27K_A34T_A36D_B54V_A73V_rep3.pdb
2026-03-29 19:13:52 EDT ForkPoolWorker-22 INFO [__main__] Output: 0.8_relaxed_ortho_3_A27E_B54V_B57S_A73V_rep2.pdb
2026-03-29 19:13:53 EDT ForkPoolWorker-77 INFO [__main__] Output: 0.8_relaxed_ortho_3_A27K_A31S_B54I_B57H_A73C_rep3.pdb
2026-03-29 19:13:53 EDT ForkPoolWorker-35 INFO [__main__] Output: 0.8_relaxed_ortho_3_A27K_A31C_A34F_A36D_B54T_B57Q_A73S_rep2.pdb
2026-03-29 19:13:54 EDT ForkPoolWorker-32 INFO [__main__] Output: 0.8_relaxed_ortho_3_A27K_A31C_A34F_A36D_B54T_B57Q_A73S_rep5.pdb
2026-03-29 19:13:57 EDT ForkPoolWorker-55 INFO [__main__] Output: 0.8_relaxed_ortho_3_A27K_A34T_B54V_B57K_A73L_rep2.pdb
2026-03-29 19:13:58 EDT ForkPoolWorker-89 INFO [__main__] Output: 0.8_relaxed_ortho_3_A27K_A36D_B54V_B57E_A73K_rep1.pdb
2026-03-29 19:13:58 EDT ForkPoolWorker-17 INFO [__main__] Output: 0.8_relaxed_ortho_3_A27E_B54P_B57Q_A73L_rep5.pdb
2026-03-29 19:13:58 EDT ForkPoolWorker-56 INFO [__main__] Output: 0.8_relaxed_ortho_3_A27K_A31S_B54I_B57H_A73C_rep5.pdb
2026-03-29 19:14:00 EDT ForkPoolWorker-100 INFO [__main__] Output: 0.8_relaxed_ortho_3_A27K_A36D_B54V_B57E_A73K_rep2.pdb
2026-03-29 19:14:04 EDT ForkPoolWorker-72 INFO [__main__] Output: 0.8_relaxed_ortho_3_A27K_A31Q_A34M_A36D_B54V_A73W_rep5.pdb
2026-03-29 19:14:06 EDT ForkPoolWorker-80 INFO [__main__] Output: 0.8_relaxed_ortho_3_A27K_A31S_B54I_B57H_A73C_rep1.pdb
2026-03-29 19:14:06 EDT ForkPoolWorker-99 INFO [__main__] Output: 0.8_relaxed_ortho_3_A27K_A31Q_A34M_A36D_B54V_A73W_rep4.pdb
2026-03-29 19:14:07 EDT ForkPoolWorker-37 INFO [__main__] Output: 0.8_relaxed_ortho_3_A27Q_B54V_B57V_A73Y_rep5.pdb
2026-03-29 19:14:07 EDT ForkPoolWorker-64 INFO [__main__] Output: 0.8_relaxed_ortho_3_A27K_A34T_B54V_B57K_A73L_rep4.pdb
2026-03-29 19:14:10 EDT ForkPoolWorker-36 INFO [__main__] Output: 0.8_relaxed_ortho_3_A27Q_B54V_B57V_A73Y_rep2.pdb
2026-03-29 19:14:11 EDT ForkPoolWorker-95 INFO [__main__] Output: 0.8_relaxed_ortho_3_A27E_A36P_B54I_A73W_rep5.pdb
2026-03-29 19:14:12 EDT ForkPoolWorker-44 INFO [__main__] Output: 0.8_relaxed_ortho_3_A27K_A34T_B54V_B57T_A73M_rep4.pdb
2026-03-29 19:14:16 EDT ForkPoolWorker-88 INFO [__main__] Output: 0.8_relaxed_ortho_3_A27K_A36D_B54I_B57W_A73K_rep3.pdb
2026-03-29 19:14:18 EDT ForkPoolWorker-79 INFO [__main__] Output: 0.8_relaxed_ortho_3_A27K_A31Q_A34M_A36D_B54V_A73W_rep3.pdb
2026-03-29 19:14:22 EDT ForkPoolWorker-69 INFO [__main__] Output: 0.8_relaxed_ortho_3_A27K_A34T_A36D_B54V_A73V_rep4.pdb
2026-03-29 19:14:22 EDT ForkPoolWorker-50 INFO [__main__] Output: 0.8_relaxed_ortho_3_A27K_A34T_B54V_B57K_A73L_rep1.pdb
2026-03-29 19:14:24 EDT ForkPoolWorker-2 INFO [__main__] Output: 0.8_relaxed_ortho_3_A27K_A36D_B54V_B57H_A73K_rep3.pdb
2026-03-29 19:14:28 EDT ForkPoolWorker-63 INFO [__main__] Output: 0.8_relaxed_ortho_3_A27K_A34T_B54V_B57K_A73L_rep3.pdb
2026-03-29 19:17:07 EDT ForkPoolWorker-47 INFO [__main__] Output: 0.8_relaxed_ortho_3_A27K_A36D_B54V_A73L_rep1.pdb
2026-03-29 19:17:13 EDT ForkPoolWorker-96 INFO [__main__] Output: 0.8_relaxed_ortho_3_A27E_B54I_B57D_A73F_rep4.pdb
2026-03-29 19:17:17 EDT ForkPoolWorker-7 INFO [__main__] Output: 0.8_relaxed_ortho_3_A27E_B54I_B57D_A73F_rep2.pdb
2026-03-29 19:17:20 EDT ForkPoolWorker-53 INFO [__main__] Output: 0.8_relaxed_ortho_3_A27E_B54I_B57D_A73F_rep1.pdb
2026-03-29 19:17:24 EDT ForkPoolWorker-65 INFO [__main__] Output: 0.8_relaxed_ortho_3_A27E_B54I_B57D_A73F_rep3.pdb
2026-03-29 19:17:24 EDT ForkPoolWorker-15 INFO [__main__] Output: 0.8_relaxed_ortho_3_A27D_A34T_B54L_A73Q_rep1.pdb
2026-03-29 19:17:25 EDT ForkPoolWorker-41 INFO [__main__] Output: 0.8_relaxed_ortho_3_A27D_B54V_A73M_rep5.pdb
2026-03-29 19:17:26 EDT ForkPoolWorker-29 INFO [__main__] Output: 0.8_relaxed_ortho_3_A27D_A34T_B54L_A73Q_rep5.pdb
2026-03-29 19:17:26 EDT ForkPoolWorker-71 INFO [__main__] Output: 0.8_relaxed_ortho_3_A27K_A34D_A36S_B54I_B57C_A73T_rep5.pdb
2026-03-29 19:17:28 EDT ForkPoolWorker-45 INFO [__main__] Output: 0.8_relaxed_ortho_3_A27K_A36D_B54V_A73L_rep5.pdb
2026-03-29 19:17:28 EDT ForkPoolWorker-30 INFO [__main__] Output: 0.8_relaxed_ortho_3_A27D_A34T_B54L_A73Q_rep3.pdb
2026-03-29 19:17:29 EDT ForkPoolWorker-25 INFO [__main__] Output: 0.8_relaxed_ortho_3_A27E_B54I_B57D_A73F_rep5.pdb
2026-03-29 19:17:29 EDT ForkPoolWorker-26 INFO [__main__] Output: 0.8_relaxed_ortho_3_A27K_A36D_B54V_A73L_rep3.pdb
2026-03-29 19:17:29 EDT ForkPoolWorker-62 INFO [__main__] Output: 0.8_relaxed_ortho_3_A27Q_B54V_B57K_A73L_rep1.pdb
2026-03-29 19:17:29 EDT ForkPoolWorker-87 INFO [__main__] Output: 0.8_relaxed_ortho_3_A27K_A34D_A36S_B54I_B57C_A73T_rep2.pdb
2026-03-29 19:17:29 EDT ForkPoolWorker-98 INFO [__main__] Output: 0.8_relaxed_ortho_3_A27Q_B54V_B57K_A73L_rep3.pdb
2026-03-29 19:17:30 EDT ForkPoolWorker-8 INFO [__main__] Output: 0.8_relaxed_ortho_3_A27D_B54V_A73M_rep2.pdb
2026-03-29 19:17:31 EDT ForkPoolWorker-27 INFO [__main__] Output: 0.8_relaxed_ortho_3_A27K_A36D_B54V_A73L_rep2.pdb
2026-03-29 19:17:31 EDT ForkPoolWorker-75 INFO [__main__] Output: 0.8_relaxed_ortho_3_A27K_A36D_B54V_A73L_rep4.pdb
2026-03-29 19:17:31 EDT ForkPoolWorker-92 INFO [__main__] Output: 0.8_relaxed_ortho_3_A27D_A34T_B54L_A73Q_rep2.pdb
2026-03-29 19:17:31 EDT ForkPoolWorker-49 INFO [__main__] Output: 0.8_relaxed_ortho_3_A27Q_B54V_B57K_A73L_rep2.pdb
2026-03-29 19:17:32 EDT ForkPoolWorker-57 INFO [__main__] Output: 0.8_relaxed_ortho_3_A27D_B54V_A73M_rep3.pdb
2026-03-29 19:17:33 EDT ForkPoolWorker-42 INFO [__main__] Output: 0.8_relaxed_ortho_3_A27Q_B54V_B57K_A73L_rep5.pdb
2026-03-29 19:17:34 EDT ForkPoolWorker-10 INFO [__main__] Output: 0.8_relaxed_ortho_3_A27K_A34D_A36S_B54I_B57C_A73T_rep3.pdb
2026-03-29 19:17:34 EDT ForkPoolWorker-38 INFO [__main__] Output: 0.8_relaxed_ortho_3_A27K_A34D_A36S_B54I_B57C_A73T_rep4.pdb
2026-03-29 19:17:34 EDT ForkPoolWorker-12 INFO [__main__] Output: 0.8_relaxed_ortho_3_A27Q_B54V_B57K_A73L_rep4.pdb
2026-03-29 19:17:35 EDT ForkPoolWorker-73 INFO [__main__] Output: 0.8_relaxed_ortho_3_A27D_A34T_B54L_A73Q_rep4.pdb
2026-03-29 19:17:38 EDT ForkPoolWorker-61 INFO [__main__] Output: 0.8_relaxed_ortho_3_A27D_B54V_A73M_rep4.pdb
2026-03-29 19:17:39 EDT ForkPoolWorker-4 INFO [__main__] Output: 0.8_relaxed_ortho_3_A27K_A34D_A36S_B54I_B57C_A73T_rep1.pdb
2026-03-29 19:17:39 EDT ForkPoolWorker-51 INFO [__main__] Output: 0.8_relaxed_ortho_3_A27K_A34G_A36D_B54I_B57Q_A73S_rep3.pdb
2026-03-29 19:17:39 EDT ForkPoolWorker-1 INFO [__main__] Output: 0.8_relaxed_ortho_3_A27K_A34G_A36D_B54I_B57Q_A73S_rep2.pdb
2026-03-29 19:17:41 EDT ForkPoolWorker-16 INFO [__main__] Output: 0.8_relaxed_ortho_3_A27D_B54V_A73M_rep1.pdb
2026-03-29 19:17:42 EDT ForkPoolWorker-3 INFO [__main__] Output: 0.8_relaxed_ortho_3_A27K_A34G_A36D_B54I_B57Q_A73S_rep5.pdb
2026-03-29 19:17:44 EDT ForkPoolWorker-74 INFO [__main__] Output: 0.8_relaxed_ortho_3_A27K_A34G_A36D_B54I_B57Q_A73S_rep1.pdb
2026-03-29 19:17:45 EDT ForkPoolWorker-54 INFO [__main__] Output: 0.8_relaxed_ortho_3_A27K_A34G_A36D_B54I_B57Q_A73S_rep4.pdb
2026-03-29 19:17:47 EDT ForkPoolWorker-97 INFO [__main__] Output: 0.8_relaxed_ortho_3_A27E_A34T_A36D_B54I_rep2.pdb
2026-03-29 19:17:48 EDT ForkPoolWorker-5 INFO [__main__] Output: 0.8_relaxed_ortho_3_A27E_A34T_A36D_B54I_rep1.pdb
2026-03-29 19:17:55 EDT ForkPoolWorker-9 INFO [__main__] Output: 0.8_relaxed_ortho_3_A27E_A34T_A36D_B54I_rep3.pdb
2026-03-29 19:17:56 EDT ForkPoolWorker-6 INFO [__main__] Output: 0.8_relaxed_ortho_3_A27E_A34T_A36D_B54I_rep4.pdb
2026-03-29 19:18:04 EDT ForkPoolWorker-58 INFO [__main__] Output: 0.8_relaxed_ortho_3_A27E_A34T_A36D_B54I_rep5.pdb
2026-03-29 19:18:08 EDT ForkPoolWorker-93 INFO [__main__] Output: 0.8_relaxed_ortho_3_A27D_B54P_B57D_A73L_rep4.pdb
2026-03-29 19:18:43 EDT ForkPoolWorker-14 INFO [__main__] Output: 0.8_relaxed_ortho_3_A27D_B54P_B57D_A73L_rep5.pdb
2026-03-29 19:18:52 EDT ForkPoolWorker-52 INFO [__main__] Output: 0.8_relaxed_ortho_3_A27D_B54P_B57D_A73L_rep2.pdb
2026-03-29 19:18:52 EDT ForkPoolWorker-46 INFO [__main__] Output: 0.8_relaxed_ortho_3_A27D_B54P_B57D_A73L_rep3.pdb
2026-03-29 19:19:00 EDT ForkPoolWorker-28 INFO [__main__] Output: 0.8_relaxed_ortho_3_A27D_B54P_B57D_A73L_rep1.pdb
2026-03-29 19:19:04 EDT ForkPoolWorker-86 INFO [__main__] Output: 0.8_relaxed_ortho_3_A27K_A36R_B54V_B57H_A73A_rep2.pdb
2026-03-29 19:19:11 EDT ForkPoolWorker-39 INFO [__main__] Output: 0.8_relaxed_ortho_3_A27K_A36R_B54V_B57H_A73A_rep1.pdb
2026-03-29 19:19:12 EDT ForkPoolWorker-20 INFO [__main__] Output: 0.8_relaxed_ortho_3_A27A_A34T_A36D_B54P_A73I_rep2.pdb
2026-03-29 19:19:15 EDT ForkPoolWorker-76 INFO [__main__] Output: 0.8_relaxed_ortho_3_A27A_A34T_A36D_B54P_A73I_rep4.pdb
2026-03-29 19:19:16 EDT ForkPoolWorker-84 INFO [__main__] Output: 0.8_relaxed_ortho_3_A27A_A34T_A36D_B54P_A73I_rep5.pdb
2026-03-29 19:19:23 EDT ForkPoolWorker-94 INFO [__main__] Output: 0.8_relaxed_ortho_3_A27E_B54V_B57K_A73K_rep4.pdb
2026-03-29 19:19:29 EDT ForkPoolWorker-70 INFO [__main__] Output: 0.8_relaxed_ortho_3_A27K_A34D_B54I_B57L_A73W_rep2.pdb
2026-03-29 19:19:29 EDT ForkPoolWorker-81 INFO [__main__] Output: 0.8_relaxed_ortho_3_A27A_A34T_A36D_B54P_A73I_rep3.pdb
2026-03-29 19:19:29 EDT ForkPoolWorker-18 INFO [__main__] Output: 0.8_relaxed_ortho_3_A27A_A34T_A36D_B54P_A73I_rep1.pdb
2026-03-29 19:19:30 EDT ForkPoolWorker-23 INFO [__main__] Output: 0.8_relaxed_ortho_3_A27E_B54V_B57K_A73K_rep5.pdb
2026-03-29 19:19:32 EDT ForkPoolWorker-68 INFO [__main__] Output: 0.8_relaxed_ortho_3_A27K_A36R_B54V_B57H_A73A_rep3.pdb
2026-03-29 19:19:32 EDT ForkPoolWorker-19 INFO [__main__] Output: 0.8_relaxed_ortho_3_A27E_B54V_B57K_A73K_rep3.pdb
2026-03-29 19:19:32 EDT ForkPoolWorker-31 INFO [__main__] Output: 0.8_relaxed_ortho_3_A27K_A34D_B54T_B57Q_A73Y_rep1.pdb
2026-03-29 19:19:32 EDT ForkPoolWorker-40 INFO [__main__] Output: 0.8_relaxed_ortho_3_A27K_A36S_B54V_B57H_rep4.pdb
2026-03-29 19:19:35 EDT ForkPoolWorker-17 INFO [__main__] Output: 0.8_relaxed_ortho_3_A27S_A34T_A36H_rep4.pdb
2026-03-29 19:19:36 EDT ForkPoolWorker-13 INFO [__main__] Output: 0.8_relaxed_ortho_3_A27K_A36R_B54V_B57H_A73A_rep5.pdb
2026-03-29 19:19:36 EDT ForkPoolWorker-32 INFO [__main__] Output: 0.8_relaxed_ortho_3_A27S_A34T_A36H_rep1.pdb
2026-03-29 19:19:37 EDT ForkPoolWorker-11 INFO [__main__] Output: 0.8_relaxed_ortho_3_A27K_A36S_B54V_B57H_rep3.pdb
2026-03-29 19:19:37 EDT ForkPoolWorker-24 INFO [__main__] Output: 0.8_relaxed_ortho_3_A27E_B54V_B57K_A73K_rep1.pdb
2026-03-29 19:19:37 EDT ForkPoolWorker-91 INFO [__main__] Output: 0.8_relaxed_ortho_3_A27K_A36R_B54V_B57H_A73A_rep4.pdb
2026-03-29 19:19:38 EDT ForkPoolWorker-48 INFO [__main__] Output: 0.8_relaxed_ortho_3_A27E_B54V_B57K_A73K_rep2.pdb
2026-03-29 19:19:39 EDT ForkPoolWorker-78 INFO [__main__] Output: 0.8_relaxed_ortho_3_A27K_A31P_B54V_B57Q_A73L_rep4.pdb
2026-03-29 19:19:40 EDT ForkPoolWorker-35 INFO [__main__] Output: 0.8_relaxed_ortho_3_A27K_A34D_B54T_B57Q_A73Y_rep5.pdb
2026-03-29 19:19:40 EDT ForkPoolWorker-90 INFO [__main__] Output: 0.8_relaxed_ortho_3_A27K_A34D_B54I_B57L_A73W_rep5.pdb
2026-03-29 19:19:41 EDT ForkPoolWorker-89 INFO [__main__] Output: 0.8_relaxed_ortho_3_A27S_A34T_A36H_rep3.pdb
2026-03-29 19:19:41 EDT ForkPoolWorker-21 INFO [__main__] Output: 0.8_relaxed_ortho_3_A27K_A34D_B54I_B57L_A73W_rep3.pdb
2026-03-29 19:19:42 EDT ForkPoolWorker-56 INFO [__main__] Output: 0.8_relaxed_ortho_3_A27S_A34T_A36H_rep5.pdb
2026-03-29 19:19:42 EDT ForkPoolWorker-43 INFO [__main__] Output: 0.8_relaxed_ortho_3_A27K_A36S_B54V_B57H_rep1.pdb
2026-03-29 19:19:44 EDT ForkPoolWorker-34 INFO [__main__] Output: 0.8_relaxed_ortho_3_A27K_A36S_B54V_B57H_rep2.pdb
2026-03-29 19:19:45 EDT ForkPoolWorker-79 INFO [__main__] Output: 0.8_relaxed_ortho_3_A27Q_A31N_A36S_B54V_B57R_A73Y_rep1.pdb
2026-03-29 19:19:45 EDT ForkPoolWorker-100 INFO [__main__] Output: 0.8_relaxed_ortho_3_A27K_B54I_A73Y_rep1.pdb
2026-03-29 19:19:46 EDT ForkPoolWorker-67 INFO [__main__] Output: 0.8_relaxed_ortho_3_A27K_A31P_B54V_B57Q_A73L_rep3.pdb
2026-03-29 19:19:46 EDT ForkPoolWorker-82 INFO [__main__] Output: 0.8_relaxed_ortho_3_A27K_A31P_B54V_B57Q_A73L_rep2.pdb
2026-03-29 19:19:46 EDT ForkPoolWorker-33 INFO [__main__] Output: 0.8_relaxed_ortho_3_A27K_A36S_B54V_B57H_rep5.pdb
2026-03-29 19:19:47 EDT ForkPoolWorker-22 INFO [__main__] Output: 0.8_relaxed_ortho_3_A27K_A34D_B54T_B57Q_A73Y_rep3.pdb
2026-03-29 19:19:47 EDT ForkPoolWorker-59 INFO [__main__] Output: 0.8_relaxed_ortho_3_A27K_A34D_B54I_B57L_A73W_rep1.pdb
2026-03-29 19:19:49 EDT ForkPoolWorker-64 INFO [__main__] Output: 0.8_relaxed_ortho_3_A27K_A34G_A36R_B54H_B57K_A73E_rep1.pdb
2026-03-29 19:19:50 EDT ForkPoolWorker-80 INFO [__main__] Output: 0.8_relaxed_ortho_3_A27K_B54I_A73Y_rep3.pdb
2026-03-29 19:19:50 EDT ForkPoolWorker-88 INFO [__main__] Output: 0.8_relaxed_ortho_3_A27K_A34G_A36R_B54H_B57K_A73E_rep5.pdb
2026-03-29 19:19:50 EDT ForkPoolWorker-95 INFO [__main__] Output: 0.8_relaxed_ortho_3_A27K_A34G_A36R_B54H_B57K_A73E_rep3.pdb
2026-03-29 19:19:50 EDT ForkPoolWorker-37 INFO [__main__] Output: 0.8_relaxed_ortho_3_A27K_B54I_A73Y_rep5.pdb
2026-03-29 19:19:50 EDT ForkPoolWorker-60 INFO [__main__] Output: 0.8_relaxed_ortho_3_A27K_A31P_B54V_B57Q_A73L_rep5.pdb
2026-03-29 19:19:52 EDT ForkPoolWorker-83 INFO [__main__] Output: 0.8_relaxed_ortho_3_A27K_A31P_B54V_B57Q_A73L_rep1.pdb
2026-03-29 19:19:52 EDT ForkPoolWorker-77 INFO [__main__] Output: 0.8_relaxed_ortho_3_A27K_A34D_B54T_B57Q_A73Y_rep4.pdb
2026-03-29 19:19:53 EDT ForkPoolWorker-99 INFO [__main__] Output: 0.8_relaxed_ortho_3_A27K_B54I_A73Y_rep4.pdb
2026-03-29 19:19:53 EDT ForkPoolWorker-72 INFO [__main__] Output: 0.8_relaxed_ortho_3_A27K_B54I_A73Y_rep2.pdb
2026-03-29 19:19:54 EDT ForkPoolWorker-66 INFO [__main__] Output: 0.8_relaxed_ortho_3_A27K_A34D_B54I_B57L_A73W_rep4.pdb
2026-03-29 19:19:54 EDT ForkPoolWorker-85 INFO [__main__] Output: 0.8_relaxed_ortho_3_A27K_A34D_B54T_B57Q_A73Y_rep2.pdb
2026-03-29 19:19:58 EDT ForkPoolWorker-69 INFO [__main__] Output: 0.8_relaxed_ortho_3_A27Q_A31N_A36S_B54V_B57R_A73Y_rep2.pdb
2026-03-29 19:20:04 EDT ForkPoolWorker-55 INFO [__main__] Output: 0.8_relaxed_ortho_3_A27S_A34T_A36H_rep2.pdb
2026-03-29 19:20:04 EDT ForkPoolWorker-50 INFO [__main__] Output: 0.8_relaxed_ortho_3_A27Q_A31N_A36S_B54V_B57R_A73Y_rep3.pdb
2026-03-29 19:20:05 EDT ForkPoolWorker-36 INFO [__main__] Output: 0.8_relaxed_ortho_3_A27K_A34G_A36R_B54H_B57K_A73E_rep2.pdb
2026-03-29 19:20:06 EDT ForkPoolWorker-63 INFO [__main__] Output: 0.8_relaxed_ortho_3_A27Q_A31N_A36S_B54V_B57R_A73Y_rep5.pdb
2026-03-29 19:20:09 EDT ForkPoolWorker-2 INFO [__main__] Output: 0.8_relaxed_ortho_3_A27Q_A31N_A36S_B54V_B57R_A73Y_rep4.pdb
2026-03-29 19:20:10 EDT ForkPoolWorker-44 INFO [__main__] Output: 0.8_relaxed_ortho_3_A27K_A34G_A36R_B54H_B57K_A73E_rep4.pdb
2026-03-29 19:21:45 EDT ForkPoolWorker-47 INFO [__main__] Output: 0.8_relaxed_ortho_3_A27K_A34L_A36D_B54V_A73M_rep1.pdb
2026-03-29 19:21:52 EDT ForkPoolWorker-96 INFO [__main__] Output: 0.8_relaxed_ortho_3_A27K_A34L_A36D_B54V_A73M_rep2.pdb
2026-03-29 19:21:56 EDT ForkPoolWorker-30 INFO [__main__] Output: 0.8_relaxed_ortho_3_A27P_A36G_B54V_B57R_A73Y_rep1.pdb
2026-03-29 19:22:01 EDT ForkPoolWorker-7 INFO [__main__] Output: 0.8_relaxed_ortho_3_A27K_A34L_A36D_B54V_A73M_rep3.pdb
2026-03-29 19:22:01 EDT ForkPoolWorker-65 INFO [__main__] Output: 0.8_relaxed_ortho_3_A27K_A34L_A36D_B54V_A73M_rep5.pdb
2026-03-29 19:22:04 EDT ForkPoolWorker-53 INFO [__main__] Output: 0.8_relaxed_ortho_3_A27K_A34L_A36D_B54V_A73M_rep4.pdb
2026-03-29 19:22:04 EDT ForkPoolWorker-62 INFO [__main__] Output: 0.8_relaxed_ortho_3_A27P_A36G_B54V_B57R_A73Y_rep4.pdb
2026-03-29 19:22:05 EDT ForkPoolWorker-1 INFO [__main__] Output: 0.8_relaxed_ortho_3_A27D_B54I_B57Q_A73W_rep1.pdb
2026-03-29 19:22:06 EDT ForkPoolWorker-87 INFO [__main__] Output: 0.8_relaxed_ortho_3_A27P_A36G_B54V_B57R_A73Y_rep5.pdb
2026-03-29 19:22:08 EDT ForkPoolWorker-10 INFO [__main__] Output: 0.8_relaxed_ortho_3_A27K_A36D_B54P_B57R_A73M_rep4.pdb
2026-03-29 19:22:08 EDT ForkPoolWorker-73 INFO [__main__] Output: 0.8_relaxed_ortho_3_A27K_A31N_B54V_B57F_A73K_rep2.pdb
2026-03-29 19:22:08 EDT ForkPoolWorker-26 INFO [__main__] Output: 0.8_relaxed_ortho_3_A27P_A36G_B54V_B57R_A73Y_rep3.pdb
2026-03-29 19:22:08 EDT ForkPoolWorker-29 INFO [__main__] Output: 0.8_relaxed_ortho_3_A27K_A34R_B54T_B57K_A73L_rep3.pdb
2026-03-29 19:22:08 EDT ForkPoolWorker-25 INFO [__main__] Output: 0.8_relaxed_ortho_3_A27P_A36G_B54V_B57R_A73Y_rep2.pdb
2026-03-29 19:22:12 EDT ForkPoolWorker-98 INFO [__main__] Output: 0.8_relaxed_ortho_3_A27K_A34T_A36S_B54V_A73Q_rep1.pdb
2026-03-29 19:22:13 EDT ForkPoolWorker-27 INFO [__main__] Output: 0.8_relaxed_ortho_3_A27K_A34T_A36S_B54V_A73Q_rep3.pdb
2026-03-29 19:22:13 EDT ForkPoolWorker-61 INFO [__main__] Output: 0.8_relaxed_ortho_3_A27K_A31N_B54V_B57F_A73K_rep3.pdb
2026-03-29 19:22:13 EDT ForkPoolWorker-8 INFO [__main__] Output: 0.8_relaxed_ortho_3_A27K_A34T_A36S_B54V_A73Q_rep2.pdb
2026-03-29 19:22:14 EDT ForkPoolWorker-15 INFO [__main__] Output: 0.8_relaxed_ortho_3_A27K_A34R_B54T_B57K_A73L_rep1.pdb
2026-03-29 19:22:14 EDT ForkPoolWorker-57 INFO [__main__] Output: 0.8_relaxed_ortho_3_A27K_A36D_B54P_B57R_A73M_rep2.pdb
2026-03-29 19:22:14 EDT ForkPoolWorker-49 INFO [__main__] Output: 0.8_relaxed_ortho_3_A27K_A36D_B54P_B57R_A73M_rep1.pdb
2026-03-29 19:22:14 EDT ForkPoolWorker-3 INFO [__main__] Output: 0.8_relaxed_ortho_3_A27D_B54I_B57Q_A73W_rep3.pdb
2026-03-29 19:22:15 EDT ForkPoolWorker-9 INFO [__main__] Output: 0.8_relaxed_ortho_3_A27T_A34T_A36D_B54P_A73F_rep3.pdb
2026-03-29 19:22:16 EDT ForkPoolWorker-45 INFO [__main__] Output: 0.8_relaxed_ortho_3_A27K_A34R_B54T_B57K_A73L_rep5.pdb
2026-03-29 19:22:16 EDT ForkPoolWorker-4 INFO [__main__] Output: 0.8_relaxed_ortho_3_A27K_A31N_B54V_B57F_A73K_rep4.pdb
2026-03-29 19:22:17 EDT ForkPoolWorker-41 INFO [__main__] Output: 0.8_relaxed_ortho_3_A27K_A34R_B54T_B57K_A73L_rep2.pdb
2026-03-29 19:22:17 EDT ForkPoolWorker-54 INFO [__main__] Output: 0.8_relaxed_ortho_3_A27D_B54I_B57Q_A73W_rep5.pdb
2026-03-29 19:22:17 EDT ForkPoolWorker-92 INFO [__main__] Output: 0.8_relaxed_ortho_3_A27K_A34T_A36S_B54V_A73Q_rep5.pdb
2026-03-29 19:22:18 EDT ForkPoolWorker-71 INFO [__main__] Output: 0.8_relaxed_ortho_3_A27K_A34R_B54T_B57K_A73L_rep4.pdb
2026-03-29 19:22:18 EDT ForkPoolWorker-38 INFO [__main__] Output: 0.8_relaxed_ortho_3_A27K_A36D_B54P_B57R_A73M_rep5.pdb
2026-03-29 19:22:18 EDT ForkPoolWorker-75 INFO [__main__] Output: 0.8_relaxed_ortho_3_A27K_A34T_A36S_B54V_A73Q_rep4.pdb
2026-03-29 19:22:19 EDT ForkPoolWorker-74 INFO [__main__] Output: 0.8_relaxed_ortho_3_A27D_B54I_B57Q_A73W_rep4.pdb
2026-03-29 19:22:19 EDT ForkPoolWorker-12 INFO [__main__] Output: 0.8_relaxed_ortho_3_A27K_A31N_B54V_B57F_A73K_rep1.pdb
2026-03-29 19:22:19 EDT ForkPoolWorker-42 INFO [__main__] Output: 0.8_relaxed_ortho_3_A27K_A36D_B54P_B57R_A73M_rep3.pdb
2026-03-29 19:22:21 EDT ForkPoolWorker-51 INFO [__main__] Output: 0.8_relaxed_ortho_3_A27K_A31N_B54V_B57F_A73K_rep5.pdb
2026-03-29 19:22:23 EDT ForkPoolWorker-5 INFO [__main__] Output: 0.8_relaxed_ortho_3_A27T_A34T_A36D_B54P_A73F_rep2.pdb
2026-03-29 19:22:24 EDT ForkPoolWorker-16 INFO [__main__] Output: 0.8_relaxed_ortho_3_A27D_B54I_B57Q_A73W_rep2.pdb
2026-03-29 19:22:25 EDT ForkPoolWorker-6 INFO [__main__] Output: 0.8_relaxed_ortho_3_A27T_A34T_A36D_B54P_A73F_rep4.pdb
2026-03-29 19:22:29 EDT ForkPoolWorker-97 INFO [__main__] Output: 0.8_relaxed_ortho_3_A27T_A34T_A36D_B54P_A73F_rep1.pdb
2026-03-29 19:22:34 EDT ForkPoolWorker-93 INFO [__main__] Output: 0.8_relaxed_ortho_3_A27I_A34T_B54Q_A73M_rep1.pdb
2026-03-29 19:22:37 EDT ForkPoolWorker-58 INFO [__main__] Output: 0.8_relaxed_ortho_3_A27T_A34T_A36D_B54P_A73F_rep5.pdb
2026-03-29 19:23:01 EDT ForkPoolWorker-14 INFO [__main__] Output: 0.8_relaxed_ortho_3_A27I_A34T_B54Q_A73M_rep2.pdb
2026-03-29 19:23:09 EDT ForkPoolWorker-28 INFO [__main__] Output: 0.8_relaxed_ortho_3_A27I_A34T_B54Q_A73M_rep5.pdb
2026-03-29 19:23:10 EDT ForkPoolWorker-86 INFO [__main__] Output: 0.8_relaxed_ortho_3_A27D_A31A_B54I_A73D_rep1.pdb
2026-03-29 19:23:11 EDT ForkPoolWorker-52 INFO [__main__] Output: 0.8_relaxed_ortho_3_A27I_A34T_B54Q_A73M_rep3.pdb
2026-03-29 19:23:15 EDT ForkPoolWorker-46 INFO [__main__] Output: 0.8_relaxed_ortho_3_A27I_A34T_B54Q_A73M_rep4.pdb
2026-03-29 19:23:17 EDT ForkPoolWorker-84 INFO [__main__] Output: 0.8_relaxed_ortho_3_A27D_A31A_B54I_A73D_rep5.pdb
2026-03-29 19:23:17 EDT ForkPoolWorker-39 INFO [__main__] Output: 0.8_relaxed_ortho_3_A27D_A31A_B54I_A73D_rep2.pdb
2026-03-29 19:23:20 EDT ForkPoolWorker-20 INFO [__main__] Output: 0.8_relaxed_ortho_3_A27D_A31A_B54I_A73D_rep3.pdb
2026-03-29 19:23:21 EDT ForkPoolWorker-76 INFO [__main__] Output: 0.8_relaxed_ortho_3_A27D_A31A_B54I_A73D_rep4.pdb
2026-03-29 19:23:22 EDT MainProcess INFO [__main__] Script execution completed
