Using existing logs directory.
[DEBUG] Parsed R27K, D31L, N34P, N36I, N54P, N57A, R73M -> [('A 27', 'K'), ('A 31', 'L'), ('A 34', 'P'), ('A 36', 'I'), ('B 54', 'P'), ('B 57', 'A'), ('A 73', 'M')]
[DEBUG] Parsed R27D, N34L, N36E, N54V, N57A -> [('A 27', 'D'), ('A 34', 'L'), ('A 36', 'E'), ('B 54', 'V'), ('B 57', 'A')]
[DEBUG] Parsed R27K, D31N, N34Y, N36E, N54A, N57M, R73H -> [('A 27', 'K'), ('A 31', 'N'), ('A 34', 'Y'), ('A 36', 'E'), ('B 54', 'A'), ('B 57', 'M'), ('A 73', 'H')]
[DEBUG] Parsed R27D, D31V, N34V, N36I, N57T, R73P -> [('A 27', 'D'), ('A 31', 'V'), ('A 34', 'V'), ('A 36', 'I'), ('B 57', 'T'), ('A 73', 'P')]
[DEBUG] Parsed R27L, D31F, N34V, N36E, N54I, N57A, R73T -> [('A 27', 'L'), ('A 31', 'F'), ('A 34', 'V'), ('A 36', 'E'), ('B 54', 'I'), ('B 57', 'A'), ('A 73', 'T')]
[DEBUG] Parsed R27Y, D31E, N36I, N57E, R73T -> [('A 27', 'Y'), ('A 31', 'E'), ('A 36', 'I'), ('B 57', 'E'), ('A 73', 'T')]
[DEBUG] Parsed R27E, D31R, N34H, N36H, N54D, N57V, R73S -> [('A 27', 'E'), ('A 31', 'R'), ('A 34', 'H'), ('A 36', 'H'), ('B 54', 'D'), ('B 57', 'V'), ('A 73', 'S')]
[DEBUG] Parsed R27L, D31L, N34P, N36T, N54L, N57I -> [('A 27', 'L'), ('A 31', 'L'), ('A 34', 'P'), ('A 36', 'T'), ('B 54', 'L'), ('B 57', 'I')]
[DEBUG] Parsed R27E, D31R, N34D, N36D, N54F, N57F, R73G -> [('A 27', 'E'), ('A 31', 'R'), ('A 34', 'D'), ('A 36', 'D'), ('B 54', 'F'), ('B 57', 'F'), ('A 73', 'G')]
[DEBUG] Parsed R27E, D31T, N34F, N36M, N54A, N57Y, R73C -> [('A 27', 'E'), ('A 31', 'T'), ('A 34', 'F'), ('A 36', 'M'), ('B 54', 'A'), ('B 57', 'Y'), ('A 73', 'C')]
[DEBUG] Parsed R27D, D31E, N34T, N36M, N54E, N57V, R73K -> [('A 27', 'D'), ('A 31', 'E'), ('A 34', 'T'), ('A 36', 'M'), ('B 54', 'E'), ('B 57', 'V'), ('A 73', 'K')]
[DEBUG] Parsed R27E, D31K, N34E, N36R, N54H, N57L, R73Y -> [('A 27', 'E'), ('A 31', 'K'), ('A 34', 'E'), ('A 36', 'R'), ('B 54', 'H'), ('B 57', 'L'), ('A 73', 'Y')]
[DEBUG] Parsed R27K, D31F, N34M, N36K, N54I, N57I, R73I -> [('A 27', 'K'), ('A 31', 'F'), ('A 34', 'M'), ('A 36', 'K'), ('B 54', 'I'), ('B 57', 'I'), ('A 73', 'I')]
[DEBUG] Parsed R27E, D31C, N34D, N36E, N54T, N57C, R73E -> [('A 27', 'E'), ('A 31', 'C'), ('A 34', 'D'), ('A 36', 'E'), ('B 54', 'T'), ('B 57', 'C'), ('A 73', 'E')]
[DEBUG] Parsed R27D, D31V, N34E, N36T, N54M, N57P -> [('A 27', 'D'), ('A 31', 'V'), ('A 34', 'E'), ('A 36', 'T'), ('B 54', 'M'), ('B 57', 'P')]
[DEBUG] Parsed R27K, D31H, N34D, N36P, N54V, N57Q, R73N -> [('A 27', 'K'), ('A 31', 'H'), ('A 34', 'D'), ('A 36', 'P'), ('B 54', 'V'), ('B 57', 'Q'), ('A 73', 'N')]
[DEBUG] Parsed R27K, D31Y, N34D, N36K, N54L, N57M -> [('A 27', 'K'), ('A 31', 'Y'), ('A 34', 'D'), ('A 36', 'K'), ('B 54', 'L'), ('B 57', 'M')]
[DEBUG] Parsed R27E, D31G, N34V, N36R, N54Y, N57E, R73C -> [('A 27', 'E'), ('A 31', 'G'), ('A 34', 'V'), ('A 36', 'R'), ('B 54', 'Y'), ('B 57', 'E'), ('A 73', 'C')]
[DEBUG] Parsed R27D, D31A, N34H, N36R, N54S, N57V, R73D -> [('A 27', 'D'), ('A 31', 'A'), ('A 34', 'H'), ('A 36', 'R'), ('B 54', 'S'), ('B 57', 'V'), ('A 73', 'D')]
[DEBUG] Parsed R27E, D31K, N34K, N36H, N54G, N57D, R73Q -> [('A 27', 'E'), ('A 31', 'K'), ('A 34', 'K'), ('A 36', 'H'), ('B 54', 'G'), ('B 57', 'D'), ('A 73', 'Q')]
[DEBUG] Parsed R27E, D31Q, N34W, N36W, N54W, N57P, R73E -> [('A 27', 'E'), ('A 31', 'Q'), ('A 34', 'W'), ('A 36', 'W'), ('B 54', 'W'), ('B 57', 'P'), ('A 73', 'E')]
[DEBUG] Parsed R27K, D31A, N34V, N36F, N54Q, N57V, R73M -> [('A 27', 'K'), ('A 31', 'A'), ('A 34', 'V'), ('A 36', 'F'), ('B 54', 'Q'), ('B 57', 'V'), ('A 73', 'M')]
[DEBUG] Parsed R27I, D31F, N34T, N36V, N54V, N57H, R73M -> [('A 27', 'I'), ('A 31', 'F'), ('A 34', 'T'), ('A 36', 'V'), ('B 54', 'V'), ('B 57', 'H'), ('A 73', 'M')]
[DEBUG] Parsed R27D, D31F, N36E, N54W, N57L, R73V -> [('A 27', 'D'), ('A 31', 'F'), ('A 36', 'E'), ('B 54', 'W'), ('B 57', 'L'), ('A 73', 'V')]
[DEBUG] Parsed R27E, D31E, N34A, N36W, N54K, N57I, R73K -> [('A 27', 'E'), ('A 31', 'E'), ('A 34', 'A'), ('A 36', 'W'), ('B 54', 'K'), ('B 57', 'I'), ('A 73', 'K')]
[DEBUG] Parsed R27K, D31R, N34T, N36I, N54D, N57F, R73L -> [('A 27', 'K'), ('A 31', 'R'), ('A 34', 'T'), ('A 36', 'I'), ('B 54', 'D'), ('B 57', 'F'), ('A 73', 'L')]
[DEBUG] Parsed R27E, D31L, N34W, N36W, N54K, N57Y, R73E -> [('A 27', 'E'), ('A 31', 'L'), ('A 34', 'W'), ('A 36', 'W'), ('B 54', 'K'), ('B 57', 'Y'), ('A 73', 'E')]
[DEBUG] Parsed R27S, D31Y, N34H, N36W, N54F, N57C, R73C -> [('A 27', 'S'), ('A 31', 'Y'), ('A 34', 'H'), ('A 36', 'W'), ('B 54', 'F'), ('B 57', 'C'), ('A 73', 'C')]
[DEBUG] Parsed R27N, D31V, N34P, N36H, N54Q, N57V, R73K -> [('A 27', 'N'), ('A 31', 'V'), ('A 34', 'P'), ('A 36', 'H'), ('B 54', 'Q'), ('B 57', 'V'), ('A 73', 'K')]
[DEBUG] Parsed R27E, D31F, N34D, N36L, N54H, N57R, R73L -> [('A 27', 'E'), ('A 31', 'F'), ('A 34', 'D'), ('A 36', 'L'), ('B 54', 'H'), ('B 57', 'R'), ('A 73', 'L')]
[DEBUG] Parsed R27K, D31S, N34A, N36S, N54I, N57K, R73E -> [('A 27', 'K'), ('A 31', 'S'), ('A 34', 'A'), ('A 36', 'S'), ('B 54', 'I'), ('B 57', 'K'), ('A 73', 'E')]
[DEBUG] Parsed R27E, D31F, N34E, N36K, N54W, N57Q, R73K -> [('A 27', 'E'), ('A 31', 'F'), ('A 34', 'E'), ('A 36', 'K'), ('B 54', 'W'), ('B 57', 'Q'), ('A 73', 'K')]
[DEBUG] Parsed R27D, D31P, N34K, N36A, N54W, N57R, R73C -> [('A 27', 'D'), ('A 31', 'P'), ('A 34', 'K'), ('A 36', 'A'), ('B 54', 'W'), ('B 57', 'R'), ('A 73', 'C')]
[DEBUG] Parsed R27D, D31G, N34Y, N36A, N54A, N57M, R73D -> [('A 27', 'D'), ('A 31', 'G'), ('A 34', 'Y'), ('A 36', 'A'), ('B 54', 'A'), ('B 57', 'M'), ('A 73', 'D')]
[DEBUG] Parsed R27D, D31C, N34F, N36A, N54M, N57F, R73M -> [('A 27', 'D'), ('A 31', 'C'), ('A 34', 'F'), ('A 36', 'A'), ('B 54', 'M'), ('B 57', 'F'), ('A 73', 'M')]
[DEBUG] Parsed R27D, D31R, N34P, N36D, N54Y, N57S, R73A -> [('A 27', 'D'), ('A 31', 'R'), ('A 34', 'P'), ('A 36', 'D'), ('B 54', 'Y'), ('B 57', 'S'), ('A 73', 'A')]
[DEBUG] Parsed R27D, D31A, N34C, N36Y, N54W, N57W, R73K -> [('A 27', 'D'), ('A 31', 'A'), ('A 34', 'C'), ('A 36', 'Y'), ('B 54', 'W'), ('B 57', 'W'), ('A 73', 'K')]
[DEBUG] Parsed R27D, D31A, N34V, N36D, N54E, N57A, R73E -> [('A 27', 'D'), ('A 31', 'A'), ('A 34', 'V'), ('A 36', 'D'), ('B 54', 'E'), ('B 57', 'A'), ('A 73', 'E')]
[DEBUG] Parsed R27K, D31H, N34H, N36F, N54Y, N57D, R73G -> [('A 27', 'K'), ('A 31', 'H'), ('A 34', 'H'), ('A 36', 'F'), ('B 54', 'Y'), ('B 57', 'D'), ('A 73', 'G')]
[DEBUG] Parsed R27A, D31P, N34C, N36E, N54L, N57E, R73T -> [('A 27', 'A'), ('A 31', 'P'), ('A 34', 'C'), ('A 36', 'E'), ('B 54', 'L'), ('B 57', 'E'), ('A 73', 'T')]
[DEBUG] Parsed R27Q, D31S, N34C, N36Y, N54T, N57W, R73Q -> [('A 27', 'Q'), ('A 31', 'S'), ('A 34', 'C'), ('A 36', 'Y'), ('B 54', 'T'), ('B 57', 'W'), ('A 73', 'Q')]
[DEBUG] Parsed R27E, D31F, N34E, N36R, N54R, N57T, R73K -> [('A 27', 'E'), ('A 31', 'F'), ('A 34', 'E'), ('A 36', 'R'), ('B 54', 'R'), ('B 57', 'T'), ('A 73', 'K')]
[DEBUG] Parsed R27E, D31F, N34C, N36A, N57L, R73G -> [('A 27', 'E'), ('A 31', 'F'), ('A 34', 'C'), ('A 36', 'A'), ('B 57', 'L'), ('A 73', 'G')]
[DEBUG] Parsed R27A, D31I, N34F, N36R, N57Y, R73H -> [('A 27', 'A'), ('A 31', 'I'), ('A 34', 'F'), ('A 36', 'R'), ('B 57', 'Y'), ('A 73', 'H')]
[DEBUG] Parsed R27L, D31A, N34Q, N36W, N54S, N57V, R73M -> [('A 27', 'L'), ('A 31', 'A'), ('A 34', 'Q'), ('A 36', 'W'), ('B 54', 'S'), ('B 57', 'V'), ('A 73', 'M')]
[DEBUG] Parsed R27E, D31S, N34T, N36A, N54G, N57W, R73Q -> [('A 27', 'E'), ('A 31', 'S'), ('A 34', 'T'), ('A 36', 'A'), ('B 54', 'G'), ('B 57', 'W'), ('A 73', 'Q')]
[DEBUG] Parsed R27D, D31T, N34Q, N54Q, N57I, R73A -> [('A 27', 'D'), ('A 31', 'T'), ('A 34', 'Q'), ('B 54', 'Q'), ('B 57', 'I'), ('A 73', 'A')]
[DEBUG] Parsed R27D, D31S, N34Y, N36I, N54I, N57W, R73C -> [('A 27', 'D'), ('A 31', 'S'), ('A 34', 'Y'), ('A 36', 'I'), ('B 54', 'I'), ('B 57', 'W'), ('A 73', 'C')]
[DEBUG] Parsed R27M, D31K, N34Q, N36P, N54V, N57Y, R73V -> [('A 27', 'M'), ('A 31', 'K'), ('A 34', 'Q'), ('A 36', 'P'), ('B 54', 'V'), ('B 57', 'Y'), ('A 73', 'V')]
[DEBUG] Parsed R27K, D31A, N36F, N54E, N57G -> [('A 27', 'K'), ('A 31', 'A'), ('A 36', 'F'), ('B 54', 'E'), ('B 57', 'G')]
[DEBUG] Creating jobs for bundle: [('A 27', 'K'), ('A 31', 'L'), ('A 34', 'P'), ('A 36', 'I'), ('B 54', 'P'), ('B 57', 'A'), ('A 73', 'M')]
[DEBUG] Output file: /scratch/jgray21/zyhuggan/tryingggg/pos_neg_design/OrthoMPNN/Rosetta/output_pdbs/crystal_wt_pmpnn/1.0/1.0_relaxed_wt_1_A27K_A31L_A34P_A36I_B54P_B57A_A73M_rep1.pdb
[DEBUG] Output file: /scratch/jgray21/zyhuggan/tryingggg/pos_neg_design/OrthoMPNN/Rosetta/output_pdbs/crystal_wt_pmpnn/1.0/1.0_relaxed_wt_1_A27K_A31L_A34P_A36I_B54P_B57A_A73M_rep2.pdb
[DEBUG] Output file: /scratch/jgray21/zyhuggan/tryingggg/pos_neg_design/OrthoMPNN/Rosetta/output_pdbs/crystal_wt_pmpnn/1.0/1.0_relaxed_wt_1_A27K_A31L_A34P_A36I_B54P_B57A_A73M_rep3.pdb
[DEBUG] Output file: /scratch/jgray21/zyhuggan/tryingggg/pos_neg_design/OrthoMPNN/Rosetta/output_pdbs/crystal_wt_pmpnn/1.0/1.0_relaxed_wt_1_A27K_A31L_A34P_A36I_B54P_B57A_A73M_rep4.pdb
[DEBUG] Output file: /scratch/jgray21/zyhuggan/tryingggg/pos_neg_design/OrthoMPNN/Rosetta/output_pdbs/crystal_wt_pmpnn/1.0/1.0_relaxed_wt_1_A27K_A31L_A34P_A36I_B54P_B57A_A73M_rep5.pdb
[DEBUG] Creating jobs for bundle: [('A 27', 'D'), ('A 34', 'L'), ('A 36', 'E'), ('B 54', 'V'), ('B 57', 'A')]
[DEBUG] Output file: /scratch/jgray21/zyhuggan/tryingggg/pos_neg_design/OrthoMPNN/Rosetta/output_pdbs/crystal_wt_pmpnn/1.0/1.0_relaxed_wt_1_A27D_A34L_A36E_B54V_B57A_rep1.pdb
[DEBUG] Output file: /scratch/jgray21/zyhuggan/tryingggg/pos_neg_design/OrthoMPNN/Rosetta/output_pdbs/crystal_wt_pmpnn/1.0/1.0_relaxed_wt_1_A27D_A34L_A36E_B54V_B57A_rep2.pdb
[DEBUG] Output file: /scratch/jgray21/zyhuggan/tryingggg/pos_neg_design/OrthoMPNN/Rosetta/output_pdbs/crystal_wt_pmpnn/1.0/1.0_relaxed_wt_1_A27D_A34L_A36E_B54V_B57A_rep3.pdb
[DEBUG] Output file: /scratch/jgray21/zyhuggan/tryingggg/pos_neg_design/OrthoMPNN/Rosetta/output_pdbs/crystal_wt_pmpnn/1.0/1.0_relaxed_wt_1_A27D_A34L_A36E_B54V_B57A_rep4.pdb
[DEBUG] Output file: /scratch/jgray21/zyhuggan/tryingggg/pos_neg_design/OrthoMPNN/Rosetta/output_pdbs/crystal_wt_pmpnn/1.0/1.0_relaxed_wt_1_A27D_A34L_A36E_B54V_B57A_rep5.pdb
[DEBUG] Creating jobs for bundle: [('A 27', 'K'), ('A 31', 'N'), ('A 34', 'Y'), ('A 36', 'E'), ('B 54', 'A'), ('B 57', 'M'), ('A 73', 'H')]
[DEBUG] Output file: /scratch/jgray21/zyhuggan/tryingggg/pos_neg_design/OrthoMPNN/Rosetta/output_pdbs/crystal_wt_pmpnn/1.0/1.0_relaxed_wt_1_A27K_A31N_A34Y_A36E_B54A_B57M_A73H_rep1.pdb
[DEBUG] Output file: /scratch/jgray21/zyhuggan/tryingggg/pos_neg_design/OrthoMPNN/Rosetta/output_pdbs/crystal_wt_pmpnn/1.0/1.0_relaxed_wt_1_A27K_A31N_A34Y_A36E_B54A_B57M_A73H_rep2.pdb
[DEBUG] Output file: /scratch/jgray21/zyhuggan/tryingggg/pos_neg_design/OrthoMPNN/Rosetta/output_pdbs/crystal_wt_pmpnn/1.0/1.0_relaxed_wt_1_A27K_A31N_A34Y_A36E_B54A_B57M_A73H_rep3.pdb
[DEBUG] Output file: /scratch/jgray21/zyhuggan/tryingggg/pos_neg_design/OrthoMPNN/Rosetta/output_pdbs/crystal_wt_pmpnn/1.0/1.0_relaxed_wt_1_A27K_A31N_A34Y_A36E_B54A_B57M_A73H_rep4.pdb
[DEBUG] Output file: /scratch/jgray21/zyhuggan/tryingggg/pos_neg_design/OrthoMPNN/Rosetta/output_pdbs/crystal_wt_pmpnn/1.0/1.0_relaxed_wt_1_A27K_A31N_A34Y_A36E_B54A_B57M_A73H_rep5.pdb
[DEBUG] Creating jobs for bundle: [('A 27', 'D'), ('A 31', 'V'), ('A 34', 'V'), ('A 36', 'I'), ('B 57', 'T'), ('A 73', 'P')]
[DEBUG] Output file: /scratch/jgray21/zyhuggan/tryingggg/pos_neg_design/OrthoMPNN/Rosetta/output_pdbs/crystal_wt_pmpnn/1.0/1.0_relaxed_wt_1_A27D_A31V_A34V_A36I_B57T_A73P_rep1.pdb
[DEBUG] Output file: /scratch/jgray21/zyhuggan/tryingggg/pos_neg_design/OrthoMPNN/Rosetta/output_pdbs/crystal_wt_pmpnn/1.0/1.0_relaxed_wt_1_A27D_A31V_A34V_A36I_B57T_A73P_rep2.pdb
[DEBUG] Output file: /scratch/jgray21/zyhuggan/tryingggg/pos_neg_design/OrthoMPNN/Rosetta/output_pdbs/crystal_wt_pmpnn/1.0/1.0_relaxed_wt_1_A27D_A31V_A34V_A36I_B57T_A73P_rep3.pdb
[DEBUG] Output file: /scratch/jgray21/zyhuggan/tryingggg/pos_neg_design/OrthoMPNN/Rosetta/output_pdbs/crystal_wt_pmpnn/1.0/1.0_relaxed_wt_1_A27D_A31V_A34V_A36I_B57T_A73P_rep4.pdb
[DEBUG] Output file: /scratch/jgray21/zyhuggan/tryingggg/pos_neg_design/OrthoMPNN/Rosetta/output_pdbs/crystal_wt_pmpnn/1.0/1.0_relaxed_wt_1_A27D_A31V_A34V_A36I_B57T_A73P_rep5.pdb
[DEBUG] Creating jobs for bundle: [('A 27', 'L'), ('A 31', 'F'), ('A 34', 'V'), ('A 36', 'E'), ('B 54', 'I'), ('B 57', 'A'), ('A 73', 'T')]
[DEBUG] Output file: /scratch/jgray21/zyhuggan/tryingggg/pos_neg_design/OrthoMPNN/Rosetta/output_pdbs/crystal_wt_pmpnn/1.0/1.0_relaxed_wt_1_A27L_A31F_A34V_A36E_B54I_B57A_A73T_rep1.pdb
[DEBUG] Output file: /scratch/jgray21/zyhuggan/tryingggg/pos_neg_design/OrthoMPNN/Rosetta/output_pdbs/crystal_wt_pmpnn/1.0/1.0_relaxed_wt_1_A27L_A31F_A34V_A36E_B54I_B57A_A73T_rep2.pdb
[DEBUG] Output file: /scratch/jgray21/zyhuggan/tryingggg/pos_neg_design/OrthoMPNN/Rosetta/output_pdbs/crystal_wt_pmpnn/1.0/1.0_relaxed_wt_1_A27L_A31F_A34V_A36E_B54I_B57A_A73T_rep3.pdb
[DEBUG] Output file: /scratch/jgray21/zyhuggan/tryingggg/pos_neg_design/OrthoMPNN/Rosetta/output_pdbs/crystal_wt_pmpnn/1.0/1.0_relaxed_wt_1_A27L_A31F_A34V_A36E_B54I_B57A_A73T_rep4.pdb
[DEBUG] Output file: /scratch/jgray21/zyhuggan/tryingggg/pos_neg_design/OrthoMPNN/Rosetta/output_pdbs/crystal_wt_pmpnn/1.0/1.0_relaxed_wt_1_A27L_A31F_A34V_A36E_B54I_B57A_A73T_rep5.pdb
[DEBUG] Creating jobs for bundle: [('A 27', 'Y'), ('A 31', 'E'), ('A 36', 'I'), ('B 57', 'E'), ('A 73', 'T')]
[DEBUG] Output file: /scratch/jgray21/zyhuggan/tryingggg/pos_neg_design/OrthoMPNN/Rosetta/output_pdbs/crystal_wt_pmpnn/1.0/1.0_relaxed_wt_1_A27Y_A31E_A36I_B57E_A73T_rep1.pdb
[DEBUG] Output file: /scratch/jgray21/zyhuggan/tryingggg/pos_neg_design/OrthoMPNN/Rosetta/output_pdbs/crystal_wt_pmpnn/1.0/1.0_relaxed_wt_1_A27Y_A31E_A36I_B57E_A73T_rep2.pdb
[DEBUG] Output file: /scratch/jgray21/zyhuggan/tryingggg/pos_neg_design/OrthoMPNN/Rosetta/output_pdbs/crystal_wt_pmpnn/1.0/1.0_relaxed_wt_1_A27Y_A31E_A36I_B57E_A73T_rep3.pdb
[DEBUG] Output file: /scratch/jgray21/zyhuggan/tryingggg/pos_neg_design/OrthoMPNN/Rosetta/output_pdbs/crystal_wt_pmpnn/1.0/1.0_relaxed_wt_1_A27Y_A31E_A36I_B57E_A73T_rep4.pdb
[DEBUG] Output file: /scratch/jgray21/zyhuggan/tryingggg/pos_neg_design/OrthoMPNN/Rosetta/output_pdbs/crystal_wt_pmpnn/1.0/1.0_relaxed_wt_1_A27Y_A31E_A36I_B57E_A73T_rep5.pdb
[DEBUG] Creating jobs for bundle: [('A 27', 'E'), ('A 31', 'R'), ('A 34', 'H'), ('A 36', 'H'), ('B 54', 'D'), ('B 57', 'V'), ('A 73', 'S')]
[DEBUG] Output file: /scratch/jgray21/zyhuggan/tryingggg/pos_neg_design/OrthoMPNN/Rosetta/output_pdbs/crystal_wt_pmpnn/1.0/1.0_relaxed_wt_1_A27E_A31R_A34H_A36H_B54D_B57V_A73S_rep1.pdb
[DEBUG] Output file: /scratch/jgray21/zyhuggan/tryingggg/pos_neg_design/OrthoMPNN/Rosetta/output_pdbs/crystal_wt_pmpnn/1.0/1.0_relaxed_wt_1_A27E_A31R_A34H_A36H_B54D_B57V_A73S_rep2.pdb
[DEBUG] Output file: /scratch/jgray21/zyhuggan/tryingggg/pos_neg_design/OrthoMPNN/Rosetta/output_pdbs/crystal_wt_pmpnn/1.0/1.0_relaxed_wt_1_A27E_A31R_A34H_A36H_B54D_B57V_A73S_rep3.pdb
[DEBUG] Output file: /scratch/jgray21/zyhuggan/tryingggg/pos_neg_design/OrthoMPNN/Rosetta/output_pdbs/crystal_wt_pmpnn/1.0/1.0_relaxed_wt_1_A27E_A31R_A34H_A36H_B54D_B57V_A73S_rep4.pdb
[DEBUG] Output file: /scratch/jgray21/zyhuggan/tryingggg/pos_neg_design/OrthoMPNN/Rosetta/output_pdbs/crystal_wt_pmpnn/1.0/1.0_relaxed_wt_1_A27E_A31R_A34H_A36H_B54D_B57V_A73S_rep5.pdb
[DEBUG] Creating jobs for bundle: [('A 27', 'L'), ('A 31', 'L'), ('A 34', 'P'), ('A 36', 'T'), ('B 54', 'L'), ('B 57', 'I')]
[DEBUG] Output file: /scratch/jgray21/zyhuggan/tryingggg/pos_neg_design/OrthoMPNN/Rosetta/output_pdbs/crystal_wt_pmpnn/1.0/1.0_relaxed_wt_1_A27L_A31L_A34P_A36T_B54L_B57I_rep1.pdb
[DEBUG] Output file: /scratch/jgray21/zyhuggan/tryingggg/pos_neg_design/OrthoMPNN/Rosetta/output_pdbs/crystal_wt_pmpnn/1.0/1.0_relaxed_wt_1_A27L_A31L_A34P_A36T_B54L_B57I_rep2.pdb
[DEBUG] Output file: /scratch/jgray21/zyhuggan/tryingggg/pos_neg_design/OrthoMPNN/Rosetta/output_pdbs/crystal_wt_pmpnn/1.0/1.0_relaxed_wt_1_A27L_A31L_A34P_A36T_B54L_B57I_rep3.pdb
[DEBUG] Output file: /scratch/jgray21/zyhuggan/tryingggg/pos_neg_design/OrthoMPNN/Rosetta/output_pdbs/crystal_wt_pmpnn/1.0/1.0_relaxed_wt_1_A27L_A31L_A34P_A36T_B54L_B57I_rep4.pdb
[DEBUG] Output file: /scratch/jgray21/zyhuggan/tryingggg/pos_neg_design/OrthoMPNN/Rosetta/output_pdbs/crystal_wt_pmpnn/1.0/1.0_relaxed_wt_1_A27L_A31L_A34P_A36T_B54L_B57I_rep5.pdb
[DEBUG] Creating jobs for bundle: [('A 27', 'E'), ('A 31', 'R'), ('A 34', 'D'), ('A 36', 'D'), ('B 54', 'F'), ('B 57', 'F'), ('A 73', 'G')]
[DEBUG] Output file: /scratch/jgray21/zyhuggan/tryingggg/pos_neg_design/OrthoMPNN/Rosetta/output_pdbs/crystal_wt_pmpnn/1.0/1.0_relaxed_wt_1_A27E_A31R_A34D_A36D_B54F_B57F_A73G_rep1.pdb
[DEBUG] Output file: /scratch/jgray21/zyhuggan/tryingggg/pos_neg_design/OrthoMPNN/Rosetta/output_pdbs/crystal_wt_pmpnn/1.0/1.0_relaxed_wt_1_A27E_A31R_A34D_A36D_B54F_B57F_A73G_rep2.pdb
[DEBUG] Output file: /scratch/jgray21/zyhuggan/tryingggg/pos_neg_design/OrthoMPNN/Rosetta/output_pdbs/crystal_wt_pmpnn/1.0/1.0_relaxed_wt_1_A27E_A31R_A34D_A36D_B54F_B57F_A73G_rep3.pdb
[DEBUG] Output file: /scratch/jgray21/zyhuggan/tryingggg/pos_neg_design/OrthoMPNN/Rosetta/output_pdbs/crystal_wt_pmpnn/1.0/1.0_relaxed_wt_1_A27E_A31R_A34D_A36D_B54F_B57F_A73G_rep4.pdb
[DEBUG] Output file: /scratch/jgray21/zyhuggan/tryingggg/pos_neg_design/OrthoMPNN/Rosetta/output_pdbs/crystal_wt_pmpnn/1.0/1.0_relaxed_wt_1_A27E_A31R_A34D_A36D_B54F_B57F_A73G_rep5.pdb
[DEBUG] Creating jobs for bundle: [('A 27', 'E'), ('A 31', 'T'), ('A 34', 'F'), ('A 36', 'M'), ('B 54', 'A'), ('B 57', 'Y'), ('A 73', 'C')]
[DEBUG] Output file: /scratch/jgray21/zyhuggan/tryingggg/pos_neg_design/OrthoMPNN/Rosetta/output_pdbs/crystal_wt_pmpnn/1.0/1.0_relaxed_wt_1_A27E_A31T_A34F_A36M_B54A_B57Y_A73C_rep1.pdb
[DEBUG] Output file: /scratch/jgray21/zyhuggan/tryingggg/pos_neg_design/OrthoMPNN/Rosetta/output_pdbs/crystal_wt_pmpnn/1.0/1.0_relaxed_wt_1_A27E_A31T_A34F_A36M_B54A_B57Y_A73C_rep2.pdb
[DEBUG] Output file: /scratch/jgray21/zyhuggan/tryingggg/pos_neg_design/OrthoMPNN/Rosetta/output_pdbs/crystal_wt_pmpnn/1.0/1.0_relaxed_wt_1_A27E_A31T_A34F_A36M_B54A_B57Y_A73C_rep3.pdb
[DEBUG] Output file: /scratch/jgray21/zyhuggan/tryingggg/pos_neg_design/OrthoMPNN/Rosetta/output_pdbs/crystal_wt_pmpnn/1.0/1.0_relaxed_wt_1_A27E_A31T_A34F_A36M_B54A_B57Y_A73C_rep4.pdb
[DEBUG] Output file: /scratch/jgray21/zyhuggan/tryingggg/pos_neg_design/OrthoMPNN/Rosetta/output_pdbs/crystal_wt_pmpnn/1.0/1.0_relaxed_wt_1_A27E_A31T_A34F_A36M_B54A_B57Y_A73C_rep5.pdb
[DEBUG] Creating jobs for bundle: [('A 27', 'D'), ('A 31', 'E'), ('A 34', 'T'), ('A 36', 'M'), ('B 54', 'E'), ('B 57', 'V'), ('A 73', 'K')]
[DEBUG] Output file: /scratch/jgray21/zyhuggan/tryingggg/pos_neg_design/OrthoMPNN/Rosetta/output_pdbs/crystal_wt_pmpnn/1.0/1.0_relaxed_wt_1_A27D_A31E_A34T_A36M_B54E_B57V_A73K_rep1.pdb
[DEBUG] Output file: /scratch/jgray21/zyhuggan/tryingggg/pos_neg_design/OrthoMPNN/Rosetta/output_pdbs/crystal_wt_pmpnn/1.0/1.0_relaxed_wt_1_A27D_A31E_A34T_A36M_B54E_B57V_A73K_rep2.pdb
[DEBUG] Output file: /scratch/jgray21/zyhuggan/tryingggg/pos_neg_design/OrthoMPNN/Rosetta/output_pdbs/crystal_wt_pmpnn/1.0/1.0_relaxed_wt_1_A27D_A31E_A34T_A36M_B54E_B57V_A73K_rep3.pdb
[DEBUG] Output file: /scratch/jgray21/zyhuggan/tryingggg/pos_neg_design/OrthoMPNN/Rosetta/output_pdbs/crystal_wt_pmpnn/1.0/1.0_relaxed_wt_1_A27D_A31E_A34T_A36M_B54E_B57V_A73K_rep4.pdb
[DEBUG] Output file: /scratch/jgray21/zyhuggan/tryingggg/pos_neg_design/OrthoMPNN/Rosetta/output_pdbs/crystal_wt_pmpnn/1.0/1.0_relaxed_wt_1_A27D_A31E_A34T_A36M_B54E_B57V_A73K_rep5.pdb
[DEBUG] Creating jobs for bundle: [('A 27', 'E'), ('A 31', 'K'), ('A 34', 'E'), ('A 36', 'R'), ('B 54', 'H'), ('B 57', 'L'), ('A 73', 'Y')]
[DEBUG] Output file: /scratch/jgray21/zyhuggan/tryingggg/pos_neg_design/OrthoMPNN/Rosetta/output_pdbs/crystal_wt_pmpnn/1.0/1.0_relaxed_wt_1_A27E_A31K_A34E_A36R_B54H_B57L_A73Y_rep1.pdb
[DEBUG] Output file: /scratch/jgray21/zyhuggan/tryingggg/pos_neg_design/OrthoMPNN/Rosetta/output_pdbs/crystal_wt_pmpnn/1.0/1.0_relaxed_wt_1_A27E_A31K_A34E_A36R_B54H_B57L_A73Y_rep2.pdb
[DEBUG] Output file: /scratch/jgray21/zyhuggan/tryingggg/pos_neg_design/OrthoMPNN/Rosetta/output_pdbs/crystal_wt_pmpnn/1.0/1.0_relaxed_wt_1_A27E_A31K_A34E_A36R_B54H_B57L_A73Y_rep3.pdb
[DEBUG] Output file: /scratch/jgray21/zyhuggan/tryingggg/pos_neg_design/OrthoMPNN/Rosetta/output_pdbs/crystal_wt_pmpnn/1.0/1.0_relaxed_wt_1_A27E_A31K_A34E_A36R_B54H_B57L_A73Y_rep4.pdb
[DEBUG] Output file: /scratch/jgray21/zyhuggan/tryingggg/pos_neg_design/OrthoMPNN/Rosetta/output_pdbs/crystal_wt_pmpnn/1.0/1.0_relaxed_wt_1_A27E_A31K_A34E_A36R_B54H_B57L_A73Y_rep5.pdb
[DEBUG] Creating jobs for bundle: [('A 27', 'K'), ('A 31', 'F'), ('A 34', 'M'), ('A 36', 'K'), ('B 54', 'I'), ('B 57', 'I'), ('A 73', 'I')]
[DEBUG] Output file: /scratch/jgray21/zyhuggan/tryingggg/pos_neg_design/OrthoMPNN/Rosetta/output_pdbs/crystal_wt_pmpnn/1.0/1.0_relaxed_wt_1_A27K_A31F_A34M_A36K_B54I_B57I_A73I_rep1.pdb
[DEBUG] Output file: /scratch/jgray21/zyhuggan/tryingggg/pos_neg_design/OrthoMPNN/Rosetta/output_pdbs/crystal_wt_pmpnn/1.0/1.0_relaxed_wt_1_A27K_A31F_A34M_A36K_B54I_B57I_A73I_rep2.pdb
[DEBUG] Output file: /scratch/jgray21/zyhuggan/tryingggg/pos_neg_design/OrthoMPNN/Rosetta/output_pdbs/crystal_wt_pmpnn/1.0/1.0_relaxed_wt_1_A27K_A31F_A34M_A36K_B54I_B57I_A73I_rep3.pdb
[DEBUG] Output file: /scratch/jgray21/zyhuggan/tryingggg/pos_neg_design/OrthoMPNN/Rosetta/output_pdbs/crystal_wt_pmpnn/1.0/1.0_relaxed_wt_1_A27K_A31F_A34M_A36K_B54I_B57I_A73I_rep4.pdb
[DEBUG] Output file: /scratch/jgray21/zyhuggan/tryingggg/pos_neg_design/OrthoMPNN/Rosetta/output_pdbs/crystal_wt_pmpnn/1.0/1.0_relaxed_wt_1_A27K_A31F_A34M_A36K_B54I_B57I_A73I_rep5.pdb
[DEBUG] Creating jobs for bundle: [('A 27', 'E'), ('A 31', 'C'), ('A 34', 'D'), ('A 36', 'E'), ('B 54', 'T'), ('B 57', 'C'), ('A 73', 'E')]
[DEBUG] Output file: /scratch/jgray21/zyhuggan/tryingggg/pos_neg_design/OrthoMPNN/Rosetta/output_pdbs/crystal_wt_pmpnn/1.0/1.0_relaxed_wt_1_A27E_A31C_A34D_A36E_B54T_B57C_A73E_rep1.pdb
[DEBUG] Output file: /scratch/jgray21/zyhuggan/tryingggg/pos_neg_design/OrthoMPNN/Rosetta/output_pdbs/crystal_wt_pmpnn/1.0/1.0_relaxed_wt_1_A27E_A31C_A34D_A36E_B54T_B57C_A73E_rep2.pdb
[DEBUG] Output file: /scratch/jgray21/zyhuggan/tryingggg/pos_neg_design/OrthoMPNN/Rosetta/output_pdbs/crystal_wt_pmpnn/1.0/1.0_relaxed_wt_1_A27E_A31C_A34D_A36E_B54T_B57C_A73E_rep3.pdb
[DEBUG] Output file: /scratch/jgray21/zyhuggan/tryingggg/pos_neg_design/OrthoMPNN/Rosetta/output_pdbs/crystal_wt_pmpnn/1.0/1.0_relaxed_wt_1_A27E_A31C_A34D_A36E_B54T_B57C_A73E_rep4.pdb
[DEBUG] Output file: /scratch/jgray21/zyhuggan/tryingggg/pos_neg_design/OrthoMPNN/Rosetta/output_pdbs/crystal_wt_pmpnn/1.0/1.0_relaxed_wt_1_A27E_A31C_A34D_A36E_B54T_B57C_A73E_rep5.pdb
[DEBUG] Creating jobs for bundle: [('A 27', 'D'), ('A 31', 'V'), ('A 34', 'E'), ('A 36', 'T'), ('B 54', 'M'), ('B 57', 'P')]
[DEBUG] Output file: /scratch/jgray21/zyhuggan/tryingggg/pos_neg_design/OrthoMPNN/Rosetta/output_pdbs/crystal_wt_pmpnn/1.0/1.0_relaxed_wt_1_A27D_A31V_A34E_A36T_B54M_B57P_rep1.pdb
[DEBUG] Output file: /scratch/jgray21/zyhuggan/tryingggg/pos_neg_design/OrthoMPNN/Rosetta/output_pdbs/crystal_wt_pmpnn/1.0/1.0_relaxed_wt_1_A27D_A31V_A34E_A36T_B54M_B57P_rep2.pdb
[DEBUG] Output file: /scratch/jgray21/zyhuggan/tryingggg/pos_neg_design/OrthoMPNN/Rosetta/output_pdbs/crystal_wt_pmpnn/1.0/1.0_relaxed_wt_1_A27D_A31V_A34E_A36T_B54M_B57P_rep3.pdb
[DEBUG] Output file: /scratch/jgray21/zyhuggan/tryingggg/pos_neg_design/OrthoMPNN/Rosetta/output_pdbs/crystal_wt_pmpnn/1.0/1.0_relaxed_wt_1_A27D_A31V_A34E_A36T_B54M_B57P_rep4.pdb
[DEBUG] Output file: /scratch/jgray21/zyhuggan/tryingggg/pos_neg_design/OrthoMPNN/Rosetta/output_pdbs/crystal_wt_pmpnn/1.0/1.0_relaxed_wt_1_A27D_A31V_A34E_A36T_B54M_B57P_rep5.pdb
[DEBUG] Creating jobs for bundle: [('A 27', 'K'), ('A 31', 'H'), ('A 34', 'D'), ('A 36', 'P'), ('B 54', 'V'), ('B 57', 'Q'), ('A 73', 'N')]
[DEBUG] Output file: /scratch/jgray21/zyhuggan/tryingggg/pos_neg_design/OrthoMPNN/Rosetta/output_pdbs/crystal_wt_pmpnn/1.0/1.0_relaxed_wt_1_A27K_A31H_A34D_A36P_B54V_B57Q_A73N_rep1.pdb
[DEBUG] Output file: /scratch/jgray21/zyhuggan/tryingggg/pos_neg_design/OrthoMPNN/Rosetta/output_pdbs/crystal_wt_pmpnn/1.0/1.0_relaxed_wt_1_A27K_A31H_A34D_A36P_B54V_B57Q_A73N_rep2.pdb
[DEBUG] Output file: /scratch/jgray21/zyhuggan/tryingggg/pos_neg_design/OrthoMPNN/Rosetta/output_pdbs/crystal_wt_pmpnn/1.0/1.0_relaxed_wt_1_A27K_A31H_A34D_A36P_B54V_B57Q_A73N_rep3.pdb
[DEBUG] Output file: /scratch/jgray21/zyhuggan/tryingggg/pos_neg_design/OrthoMPNN/Rosetta/output_pdbs/crystal_wt_pmpnn/1.0/1.0_relaxed_wt_1_A27K_A31H_A34D_A36P_B54V_B57Q_A73N_rep4.pdb
[DEBUG] Output file: /scratch/jgray21/zyhuggan/tryingggg/pos_neg_design/OrthoMPNN/Rosetta/output_pdbs/crystal_wt_pmpnn/1.0/1.0_relaxed_wt_1_A27K_A31H_A34D_A36P_B54V_B57Q_A73N_rep5.pdb
[DEBUG] Creating jobs for bundle: [('A 27', 'K'), ('A 31', 'Y'), ('A 34', 'D'), ('A 36', 'K'), ('B 54', 'L'), ('B 57', 'M')]
[DEBUG] Output file: /scratch/jgray21/zyhuggan/tryingggg/pos_neg_design/OrthoMPNN/Rosetta/output_pdbs/crystal_wt_pmpnn/1.0/1.0_relaxed_wt_1_A27K_A31Y_A34D_A36K_B54L_B57M_rep1.pdb
[DEBUG] Output file: /scratch/jgray21/zyhuggan/tryingggg/pos_neg_design/OrthoMPNN/Rosetta/output_pdbs/crystal_wt_pmpnn/1.0/1.0_relaxed_wt_1_A27K_A31Y_A34D_A36K_B54L_B57M_rep2.pdb
[DEBUG] Output file: /scratch/jgray21/zyhuggan/tryingggg/pos_neg_design/OrthoMPNN/Rosetta/output_pdbs/crystal_wt_pmpnn/1.0/1.0_relaxed_wt_1_A27K_A31Y_A34D_A36K_B54L_B57M_rep3.pdb
[DEBUG] Output file: /scratch/jgray21/zyhuggan/tryingggg/pos_neg_design/OrthoMPNN/Rosetta/output_pdbs/crystal_wt_pmpnn/1.0/1.0_relaxed_wt_1_A27K_A31Y_A34D_A36K_B54L_B57M_rep4.pdb
[DEBUG] Output file: /scratch/jgray21/zyhuggan/tryingggg/pos_neg_design/OrthoMPNN/Rosetta/output_pdbs/crystal_wt_pmpnn/1.0/1.0_relaxed_wt_1_A27K_A31Y_A34D_A36K_B54L_B57M_rep5.pdb
[DEBUG] Creating jobs for bundle: [('A 27', 'E'), ('A 31', 'G'), ('A 34', 'V'), ('A 36', 'R'), ('B 54', 'Y'), ('B 57', 'E'), ('A 73', 'C')]
[DEBUG] Output file: /scratch/jgray21/zyhuggan/tryingggg/pos_neg_design/OrthoMPNN/Rosetta/output_pdbs/crystal_wt_pmpnn/1.0/1.0_relaxed_wt_1_A27E_A31G_A34V_A36R_B54Y_B57E_A73C_rep1.pdb
[DEBUG] Output file: /scratch/jgray21/zyhuggan/tryingggg/pos_neg_design/OrthoMPNN/Rosetta/output_pdbs/crystal_wt_pmpnn/1.0/1.0_relaxed_wt_1_A27E_A31G_A34V_A36R_B54Y_B57E_A73C_rep2.pdb
[DEBUG] Output file: /scratch/jgray21/zyhuggan/tryingggg/pos_neg_design/OrthoMPNN/Rosetta/output_pdbs/crystal_wt_pmpnn/1.0/1.0_relaxed_wt_1_A27E_A31G_A34V_A36R_B54Y_B57E_A73C_rep3.pdb
[DEBUG] Output file: /scratch/jgray21/zyhuggan/tryingggg/pos_neg_design/OrthoMPNN/Rosetta/output_pdbs/crystal_wt_pmpnn/1.0/1.0_relaxed_wt_1_A27E_A31G_A34V_A36R_B54Y_B57E_A73C_rep4.pdb
[DEBUG] Output file: /scratch/jgray21/zyhuggan/tryingggg/pos_neg_design/OrthoMPNN/Rosetta/output_pdbs/crystal_wt_pmpnn/1.0/1.0_relaxed_wt_1_A27E_A31G_A34V_A36R_B54Y_B57E_A73C_rep5.pdb
[DEBUG] Creating jobs for bundle: [('A 27', 'D'), ('A 31', 'A'), ('A 34', 'H'), ('A 36', 'R'), ('B 54', 'S'), ('B 57', 'V'), ('A 73', 'D')]
[DEBUG] Output file: /scratch/jgray21/zyhuggan/tryingggg/pos_neg_design/OrthoMPNN/Rosetta/output_pdbs/crystal_wt_pmpnn/1.0/1.0_relaxed_wt_1_A27D_A31A_A34H_A36R_B54S_B57V_A73D_rep1.pdb
[DEBUG] Output file: /scratch/jgray21/zyhuggan/tryingggg/pos_neg_design/OrthoMPNN/Rosetta/output_pdbs/crystal_wt_pmpnn/1.0/1.0_relaxed_wt_1_A27D_A31A_A34H_A36R_B54S_B57V_A73D_rep2.pdb
[DEBUG] Output file: /scratch/jgray21/zyhuggan/tryingggg/pos_neg_design/OrthoMPNN/Rosetta/output_pdbs/crystal_wt_pmpnn/1.0/1.0_relaxed_wt_1_A27D_A31A_A34H_A36R_B54S_B57V_A73D_rep3.pdb
[DEBUG] Output file: /scratch/jgray21/zyhuggan/tryingggg/pos_neg_design/OrthoMPNN/Rosetta/output_pdbs/crystal_wt_pmpnn/1.0/1.0_relaxed_wt_1_A27D_A31A_A34H_A36R_B54S_B57V_A73D_rep4.pdb
[DEBUG] Output file: /scratch/jgray21/zyhuggan/tryingggg/pos_neg_design/OrthoMPNN/Rosetta/output_pdbs/crystal_wt_pmpnn/1.0/1.0_relaxed_wt_1_A27D_A31A_A34H_A36R_B54S_B57V_A73D_rep5.pdb
[DEBUG] Creating jobs for bundle: [('A 27', 'E'), ('A 31', 'K'), ('A 34', 'K'), ('A 36', 'H'), ('B 54', 'G'), ('B 57', 'D'), ('A 73', 'Q')]
[DEBUG] Output file: /scratch/jgray21/zyhuggan/tryingggg/pos_neg_design/OrthoMPNN/Rosetta/output_pdbs/crystal_wt_pmpnn/1.0/1.0_relaxed_wt_1_A27E_A31K_A34K_A36H_B54G_B57D_A73Q_rep1.pdb
[DEBUG] Output file: /scratch/jgray21/zyhuggan/tryingggg/pos_neg_design/OrthoMPNN/Rosetta/output_pdbs/crystal_wt_pmpnn/1.0/1.0_relaxed_wt_1_A27E_A31K_A34K_A36H_B54G_B57D_A73Q_rep2.pdb
[DEBUG] Output file: /scratch/jgray21/zyhuggan/tryingggg/pos_neg_design/OrthoMPNN/Rosetta/output_pdbs/crystal_wt_pmpnn/1.0/1.0_relaxed_wt_1_A27E_A31K_A34K_A36H_B54G_B57D_A73Q_rep3.pdb
[DEBUG] Output file: /scratch/jgray21/zyhuggan/tryingggg/pos_neg_design/OrthoMPNN/Rosetta/output_pdbs/crystal_wt_pmpnn/1.0/1.0_relaxed_wt_1_A27E_A31K_A34K_A36H_B54G_B57D_A73Q_rep4.pdb
[DEBUG] Output file: /scratch/jgray21/zyhuggan/tryingggg/pos_neg_design/OrthoMPNN/Rosetta/output_pdbs/crystal_wt_pmpnn/1.0/1.0_relaxed_wt_1_A27E_A31K_A34K_A36H_B54G_B57D_A73Q_rep5.pdb
[DEBUG] Creating jobs for bundle: [('A 27', 'E'), ('A 31', 'Q'), ('A 34', 'W'), ('A 36', 'W'), ('B 54', 'W'), ('B 57', 'P'), ('A 73', 'E')]
[DEBUG] Output file: /scratch/jgray21/zyhuggan/tryingggg/pos_neg_design/OrthoMPNN/Rosetta/output_pdbs/crystal_wt_pmpnn/1.0/1.0_relaxed_wt_1_A27E_A31Q_A34W_A36W_B54W_B57P_A73E_rep1.pdb
[DEBUG] Output file: /scratch/jgray21/zyhuggan/tryingggg/pos_neg_design/OrthoMPNN/Rosetta/output_pdbs/crystal_wt_pmpnn/1.0/1.0_relaxed_wt_1_A27E_A31Q_A34W_A36W_B54W_B57P_A73E_rep2.pdb
[DEBUG] Output file: /scratch/jgray21/zyhuggan/tryingggg/pos_neg_design/OrthoMPNN/Rosetta/output_pdbs/crystal_wt_pmpnn/1.0/1.0_relaxed_wt_1_A27E_A31Q_A34W_A36W_B54W_B57P_A73E_rep3.pdb
[DEBUG] Output file: /scratch/jgray21/zyhuggan/tryingggg/pos_neg_design/OrthoMPNN/Rosetta/output_pdbs/crystal_wt_pmpnn/1.0/1.0_relaxed_wt_1_A27E_A31Q_A34W_A36W_B54W_B57P_A73E_rep4.pdb
[DEBUG] Output file: /scratch/jgray21/zyhuggan/tryingggg/pos_neg_design/OrthoMPNN/Rosetta/output_pdbs/crystal_wt_pmpnn/1.0/1.0_relaxed_wt_1_A27E_A31Q_A34W_A36W_B54W_B57P_A73E_rep5.pdb
[DEBUG] Creating jobs for bundle: [('A 27', 'K'), ('A 31', 'A'), ('A 34', 'V'), ('A 36', 'F'), ('B 54', 'Q'), ('B 57', 'V'), ('A 73', 'M')]
[DEBUG] Output file: /scratch/jgray21/zyhuggan/tryingggg/pos_neg_design/OrthoMPNN/Rosetta/output_pdbs/crystal_wt_pmpnn/1.0/1.0_relaxed_wt_1_A27K_A31A_A34V_A36F_B54Q_B57V_A73M_rep1.pdb
[DEBUG] Output file: /scratch/jgray21/zyhuggan/tryingggg/pos_neg_design/OrthoMPNN/Rosetta/output_pdbs/crystal_wt_pmpnn/1.0/1.0_relaxed_wt_1_A27K_A31A_A34V_A36F_B54Q_B57V_A73M_rep2.pdb
[DEBUG] Output file: /scratch/jgray21/zyhuggan/tryingggg/pos_neg_design/OrthoMPNN/Rosetta/output_pdbs/crystal_wt_pmpnn/1.0/1.0_relaxed_wt_1_A27K_A31A_A34V_A36F_B54Q_B57V_A73M_rep3.pdb
[DEBUG] Output file: /scratch/jgray21/zyhuggan/tryingggg/pos_neg_design/OrthoMPNN/Rosetta/output_pdbs/crystal_wt_pmpnn/1.0/1.0_relaxed_wt_1_A27K_A31A_A34V_A36F_B54Q_B57V_A73M_rep4.pdb
[DEBUG] Output file: /scratch/jgray21/zyhuggan/tryingggg/pos_neg_design/OrthoMPNN/Rosetta/output_pdbs/crystal_wt_pmpnn/1.0/1.0_relaxed_wt_1_A27K_A31A_A34V_A36F_B54Q_B57V_A73M_rep5.pdb
[DEBUG] Creating jobs for bundle: [('A 27', 'I'), ('A 31', 'F'), ('A 34', 'T'), ('A 36', 'V'), ('B 54', 'V'), ('B 57', 'H'), ('A 73', 'M')]
[DEBUG] Output file: /scratch/jgray21/zyhuggan/tryingggg/pos_neg_design/OrthoMPNN/Rosetta/output_pdbs/crystal_wt_pmpnn/1.0/1.0_relaxed_wt_1_A27I_A31F_A34T_A36V_B54V_B57H_A73M_rep1.pdb
[DEBUG] Output file: /scratch/jgray21/zyhuggan/tryingggg/pos_neg_design/OrthoMPNN/Rosetta/output_pdbs/crystal_wt_pmpnn/1.0/1.0_relaxed_wt_1_A27I_A31F_A34T_A36V_B54V_B57H_A73M_rep2.pdb
[DEBUG] Output file: /scratch/jgray21/zyhuggan/tryingggg/pos_neg_design/OrthoMPNN/Rosetta/output_pdbs/crystal_wt_pmpnn/1.0/1.0_relaxed_wt_1_A27I_A31F_A34T_A36V_B54V_B57H_A73M_rep3.pdb
[DEBUG] Output file: /scratch/jgray21/zyhuggan/tryingggg/pos_neg_design/OrthoMPNN/Rosetta/output_pdbs/crystal_wt_pmpnn/1.0/1.0_relaxed_wt_1_A27I_A31F_A34T_A36V_B54V_B57H_A73M_rep4.pdb
[DEBUG] Output file: /scratch/jgray21/zyhuggan/tryingggg/pos_neg_design/OrthoMPNN/Rosetta/output_pdbs/crystal_wt_pmpnn/1.0/1.0_relaxed_wt_1_A27I_A31F_A34T_A36V_B54V_B57H_A73M_rep5.pdb
[DEBUG] Creating jobs for bundle: [('A 27', 'D'), ('A 31', 'F'), ('A 36', 'E'), ('B 54', 'W'), ('B 57', 'L'), ('A 73', 'V')]
[DEBUG] Output file: /scratch/jgray21/zyhuggan/tryingggg/pos_neg_design/OrthoMPNN/Rosetta/output_pdbs/crystal_wt_pmpnn/1.0/1.0_relaxed_wt_1_A27D_A31F_A36E_B54W_B57L_A73V_rep1.pdb
[DEBUG] Output file: /scratch/jgray21/zyhuggan/tryingggg/pos_neg_design/OrthoMPNN/Rosetta/output_pdbs/crystal_wt_pmpnn/1.0/1.0_relaxed_wt_1_A27D_A31F_A36E_B54W_B57L_A73V_rep2.pdb
[DEBUG] Output file: /scratch/jgray21/zyhuggan/tryingggg/pos_neg_design/OrthoMPNN/Rosetta/output_pdbs/crystal_wt_pmpnn/1.0/1.0_relaxed_wt_1_A27D_A31F_A36E_B54W_B57L_A73V_rep3.pdb
[DEBUG] Output file: /scratch/jgray21/zyhuggan/tryingggg/pos_neg_design/OrthoMPNN/Rosetta/output_pdbs/crystal_wt_pmpnn/1.0/1.0_relaxed_wt_1_A27D_A31F_A36E_B54W_B57L_A73V_rep4.pdb
[DEBUG] Output file: /scratch/jgray21/zyhuggan/tryingggg/pos_neg_design/OrthoMPNN/Rosetta/output_pdbs/crystal_wt_pmpnn/1.0/1.0_relaxed_wt_1_A27D_A31F_A36E_B54W_B57L_A73V_rep5.pdb
[DEBUG] Creating jobs for bundle: [('A 27', 'E'), ('A 31', 'E'), ('A 34', 'A'), ('A 36', 'W'), ('B 54', 'K'), ('B 57', 'I'), ('A 73', 'K')]
[DEBUG] Output file: /scratch/jgray21/zyhuggan/tryingggg/pos_neg_design/OrthoMPNN/Rosetta/output_pdbs/crystal_wt_pmpnn/1.0/1.0_relaxed_wt_1_A27E_A31E_A34A_A36W_B54K_B57I_A73K_rep1.pdb
[DEBUG] Output file: /scratch/jgray21/zyhuggan/tryingggg/pos_neg_design/OrthoMPNN/Rosetta/output_pdbs/crystal_wt_pmpnn/1.0/1.0_relaxed_wt_1_A27E_A31E_A34A_A36W_B54K_B57I_A73K_rep2.pdb
[DEBUG] Output file: /scratch/jgray21/zyhuggan/tryingggg/pos_neg_design/OrthoMPNN/Rosetta/output_pdbs/crystal_wt_pmpnn/1.0/1.0_relaxed_wt_1_A27E_A31E_A34A_A36W_B54K_B57I_A73K_rep3.pdb
[DEBUG] Output file: /scratch/jgray21/zyhuggan/tryingggg/pos_neg_design/OrthoMPNN/Rosetta/output_pdbs/crystal_wt_pmpnn/1.0/1.0_relaxed_wt_1_A27E_A31E_A34A_A36W_B54K_B57I_A73K_rep4.pdb
[DEBUG] Output file: /scratch/jgray21/zyhuggan/tryingggg/pos_neg_design/OrthoMPNN/Rosetta/output_pdbs/crystal_wt_pmpnn/1.0/1.0_relaxed_wt_1_A27E_A31E_A34A_A36W_B54K_B57I_A73K_rep5.pdb
[DEBUG] Creating jobs for bundle: [('A 27', 'K'), ('A 31', 'R'), ('A 34', 'T'), ('A 36', 'I'), ('B 54', 'D'), ('B 57', 'F'), ('A 73', 'L')]
[DEBUG] Output file: /scratch/jgray21/zyhuggan/tryingggg/pos_neg_design/OrthoMPNN/Rosetta/output_pdbs/crystal_wt_pmpnn/1.0/1.0_relaxed_wt_1_A27K_A31R_A34T_A36I_B54D_B57F_A73L_rep1.pdb
[DEBUG] Output file: /scratch/jgray21/zyhuggan/tryingggg/pos_neg_design/OrthoMPNN/Rosetta/output_pdbs/crystal_wt_pmpnn/1.0/1.0_relaxed_wt_1_A27K_A31R_A34T_A36I_B54D_B57F_A73L_rep2.pdb
[DEBUG] Output file: /scratch/jgray21/zyhuggan/tryingggg/pos_neg_design/OrthoMPNN/Rosetta/output_pdbs/crystal_wt_pmpnn/1.0/1.0_relaxed_wt_1_A27K_A31R_A34T_A36I_B54D_B57F_A73L_rep3.pdb
[DEBUG] Output file: /scratch/jgray21/zyhuggan/tryingggg/pos_neg_design/OrthoMPNN/Rosetta/output_pdbs/crystal_wt_pmpnn/1.0/1.0_relaxed_wt_1_A27K_A31R_A34T_A36I_B54D_B57F_A73L_rep4.pdb
[DEBUG] Output file: /scratch/jgray21/zyhuggan/tryingggg/pos_neg_design/OrthoMPNN/Rosetta/output_pdbs/crystal_wt_pmpnn/1.0/1.0_relaxed_wt_1_A27K_A31R_A34T_A36I_B54D_B57F_A73L_rep5.pdb
[DEBUG] Creating jobs for bundle: [('A 27', 'E'), ('A 31', 'L'), ('A 34', 'W'), ('A 36', 'W'), ('B 54', 'K'), ('B 57', 'Y'), ('A 73', 'E')]
[DEBUG] Output file: /scratch/jgray21/zyhuggan/tryingggg/pos_neg_design/OrthoMPNN/Rosetta/output_pdbs/crystal_wt_pmpnn/1.0/1.0_relaxed_wt_1_A27E_A31L_A34W_A36W_B54K_B57Y_A73E_rep1.pdb
[DEBUG] Output file: /scratch/jgray21/zyhuggan/tryingggg/pos_neg_design/OrthoMPNN/Rosetta/output_pdbs/crystal_wt_pmpnn/1.0/1.0_relaxed_wt_1_A27E_A31L_A34W_A36W_B54K_B57Y_A73E_rep2.pdb
[DEBUG] Output file: /scratch/jgray21/zyhuggan/tryingggg/pos_neg_design/OrthoMPNN/Rosetta/output_pdbs/crystal_wt_pmpnn/1.0/1.0_relaxed_wt_1_A27E_A31L_A34W_A36W_B54K_B57Y_A73E_rep3.pdb
[DEBUG] Output file: /scratch/jgray21/zyhuggan/tryingggg/pos_neg_design/OrthoMPNN/Rosetta/output_pdbs/crystal_wt_pmpnn/1.0/1.0_relaxed_wt_1_A27E_A31L_A34W_A36W_B54K_B57Y_A73E_rep4.pdb
[DEBUG] Output file: /scratch/jgray21/zyhuggan/tryingggg/pos_neg_design/OrthoMPNN/Rosetta/output_pdbs/crystal_wt_pmpnn/1.0/1.0_relaxed_wt_1_A27E_A31L_A34W_A36W_B54K_B57Y_A73E_rep5.pdb
[DEBUG] Creating jobs for bundle: [('A 27', 'S'), ('A 31', 'Y'), ('A 34', 'H'), ('A 36', 'W'), ('B 54', 'F'), ('B 57', 'C'), ('A 73', 'C')]
[DEBUG] Output file: /scratch/jgray21/zyhuggan/tryingggg/pos_neg_design/OrthoMPNN/Rosetta/output_pdbs/crystal_wt_pmpnn/1.0/1.0_relaxed_wt_1_A27S_A31Y_A34H_A36W_B54F_B57C_A73C_rep1.pdb
[DEBUG] Output file: /scratch/jgray21/zyhuggan/tryingggg/pos_neg_design/OrthoMPNN/Rosetta/output_pdbs/crystal_wt_pmpnn/1.0/1.0_relaxed_wt_1_A27S_A31Y_A34H_A36W_B54F_B57C_A73C_rep2.pdb
[DEBUG] Output file: /scratch/jgray21/zyhuggan/tryingggg/pos_neg_design/OrthoMPNN/Rosetta/output_pdbs/crystal_wt_pmpnn/1.0/1.0_relaxed_wt_1_A27S_A31Y_A34H_A36W_B54F_B57C_A73C_rep3.pdb
[DEBUG] Output file: /scratch/jgray21/zyhuggan/tryingggg/pos_neg_design/OrthoMPNN/Rosetta/output_pdbs/crystal_wt_pmpnn/1.0/1.0_relaxed_wt_1_A27S_A31Y_A34H_A36W_B54F_B57C_A73C_rep4.pdb
[DEBUG] Output file: /scratch/jgray21/zyhuggan/tryingggg/pos_neg_design/OrthoMPNN/Rosetta/output_pdbs/crystal_wt_pmpnn/1.0/1.0_relaxed_wt_1_A27S_A31Y_A34H_A36W_B54F_B57C_A73C_rep5.pdb
[DEBUG] Creating jobs for bundle: [('A 27', 'N'), ('A 31', 'V'), ('A 34', 'P'), ('A 36', 'H'), ('B 54', 'Q'), ('B 57', 'V'), ('A 73', 'K')]
[DEBUG] Output file: /scratch/jgray21/zyhuggan/tryingggg/pos_neg_design/OrthoMPNN/Rosetta/output_pdbs/crystal_wt_pmpnn/1.0/1.0_relaxed_wt_1_A27N_A31V_A34P_A36H_B54Q_B57V_A73K_rep1.pdb
[DEBUG] Output file: /scratch/jgray21/zyhuggan/tryingggg/pos_neg_design/OrthoMPNN/Rosetta/output_pdbs/crystal_wt_pmpnn/1.0/1.0_relaxed_wt_1_A27N_A31V_A34P_A36H_B54Q_B57V_A73K_rep2.pdb
[DEBUG] Output file: /scratch/jgray21/zyhuggan/tryingggg/pos_neg_design/OrthoMPNN/Rosetta/output_pdbs/crystal_wt_pmpnn/1.0/1.0_relaxed_wt_1_A27N_A31V_A34P_A36H_B54Q_B57V_A73K_rep3.pdb
[DEBUG] Output file: /scratch/jgray21/zyhuggan/tryingggg/pos_neg_design/OrthoMPNN/Rosetta/output_pdbs/crystal_wt_pmpnn/1.0/1.0_relaxed_wt_1_A27N_A31V_A34P_A36H_B54Q_B57V_A73K_rep4.pdb
[DEBUG] Output file: /scratch/jgray21/zyhuggan/tryingggg/pos_neg_design/OrthoMPNN/Rosetta/output_pdbs/crystal_wt_pmpnn/1.0/1.0_relaxed_wt_1_A27N_A31V_A34P_A36H_B54Q_B57V_A73K_rep5.pdb
[DEBUG] Creating jobs for bundle: [('A 27', 'E'), ('A 31', 'F'), ('A 34', 'D'), ('A 36', 'L'), ('B 54', 'H'), ('B 57', 'R'), ('A 73', 'L')]
[DEBUG] Output file: /scratch/jgray21/zyhuggan/tryingggg/pos_neg_design/OrthoMPNN/Rosetta/output_pdbs/crystal_wt_pmpnn/1.0/1.0_relaxed_wt_1_A27E_A31F_A34D_A36L_B54H_B57R_A73L_rep1.pdb
[DEBUG] Output file: /scratch/jgray21/zyhuggan/tryingggg/pos_neg_design/OrthoMPNN/Rosetta/output_pdbs/crystal_wt_pmpnn/1.0/1.0_relaxed_wt_1_A27E_A31F_A34D_A36L_B54H_B57R_A73L_rep2.pdb
[DEBUG] Output file: /scratch/jgray21/zyhuggan/tryingggg/pos_neg_design/OrthoMPNN/Rosetta/output_pdbs/crystal_wt_pmpnn/1.0/1.0_relaxed_wt_1_A27E_A31F_A34D_A36L_B54H_B57R_A73L_rep3.pdb
[DEBUG] Output file: /scratch/jgray21/zyhuggan/tryingggg/pos_neg_design/OrthoMPNN/Rosetta/output_pdbs/crystal_wt_pmpnn/1.0/1.0_relaxed_wt_1_A27E_A31F_A34D_A36L_B54H_B57R_A73L_rep4.pdb
[DEBUG] Output file: /scratch/jgray21/zyhuggan/tryingggg/pos_neg_design/OrthoMPNN/Rosetta/output_pdbs/crystal_wt_pmpnn/1.0/1.0_relaxed_wt_1_A27E_A31F_A34D_A36L_B54H_B57R_A73L_rep5.pdb
[DEBUG] Creating jobs for bundle: [('A 27', 'K'), ('A 31', 'S'), ('A 34', 'A'), ('A 36', 'S'), ('B 54', 'I'), ('B 57', 'K'), ('A 73', 'E')]
[DEBUG] Output file: /scratch/jgray21/zyhuggan/tryingggg/pos_neg_design/OrthoMPNN/Rosetta/output_pdbs/crystal_wt_pmpnn/1.0/1.0_relaxed_wt_1_A27K_A31S_A34A_A36S_B54I_B57K_A73E_rep1.pdb
[DEBUG] Output file: /scratch/jgray21/zyhuggan/tryingggg/pos_neg_design/OrthoMPNN/Rosetta/output_pdbs/crystal_wt_pmpnn/1.0/1.0_relaxed_wt_1_A27K_A31S_A34A_A36S_B54I_B57K_A73E_rep2.pdb
[DEBUG] Output file: /scratch/jgray21/zyhuggan/tryingggg/pos_neg_design/OrthoMPNN/Rosetta/output_pdbs/crystal_wt_pmpnn/1.0/1.0_relaxed_wt_1_A27K_A31S_A34A_A36S_B54I_B57K_A73E_rep3.pdb
[DEBUG] Output file: /scratch/jgray21/zyhuggan/tryingggg/pos_neg_design/OrthoMPNN/Rosetta/output_pdbs/crystal_wt_pmpnn/1.0/1.0_relaxed_wt_1_A27K_A31S_A34A_A36S_B54I_B57K_A73E_rep4.pdb
[DEBUG] Output file: /scratch/jgray21/zyhuggan/tryingggg/pos_neg_design/OrthoMPNN/Rosetta/output_pdbs/crystal_wt_pmpnn/1.0/1.0_relaxed_wt_1_A27K_A31S_A34A_A36S_B54I_B57K_A73E_rep5.pdb
[DEBUG] Creating jobs for bundle: [('A 27', 'E'), ('A 31', 'F'), ('A 34', 'E'), ('A 36', 'K'), ('B 54', 'W'), ('B 57', 'Q'), ('A 73', 'K')]
[DEBUG] Output file: /scratch/jgray21/zyhuggan/tryingggg/pos_neg_design/OrthoMPNN/Rosetta/output_pdbs/crystal_wt_pmpnn/1.0/1.0_relaxed_wt_1_A27E_A31F_A34E_A36K_B54W_B57Q_A73K_rep1.pdb
[DEBUG] Output file: /scratch/jgray21/zyhuggan/tryingggg/pos_neg_design/OrthoMPNN/Rosetta/output_pdbs/crystal_wt_pmpnn/1.0/1.0_relaxed_wt_1_A27E_A31F_A34E_A36K_B54W_B57Q_A73K_rep2.pdb
[DEBUG] Output file: /scratch/jgray21/zyhuggan/tryingggg/pos_neg_design/OrthoMPNN/Rosetta/output_pdbs/crystal_wt_pmpnn/1.0/1.0_relaxed_wt_1_A27E_A31F_A34E_A36K_B54W_B57Q_A73K_rep3.pdb
[DEBUG] Output file: /scratch/jgray21/zyhuggan/tryingggg/pos_neg_design/OrthoMPNN/Rosetta/output_pdbs/crystal_wt_pmpnn/1.0/1.0_relaxed_wt_1_A27E_A31F_A34E_A36K_B54W_B57Q_A73K_rep4.pdb
[DEBUG] Output file: /scratch/jgray21/zyhuggan/tryingggg/pos_neg_design/OrthoMPNN/Rosetta/output_pdbs/crystal_wt_pmpnn/1.0/1.0_relaxed_wt_1_A27E_A31F_A34E_A36K_B54W_B57Q_A73K_rep5.pdb
[DEBUG] Creating jobs for bundle: [('A 27', 'D'), ('A 31', 'P'), ('A 34', 'K'), ('A 36', 'A'), ('B 54', 'W'), ('B 57', 'R'), ('A 73', 'C')]
[DEBUG] Output file: /scratch/jgray21/zyhuggan/tryingggg/pos_neg_design/OrthoMPNN/Rosetta/output_pdbs/crystal_wt_pmpnn/1.0/1.0_relaxed_wt_1_A27D_A31P_A34K_A36A_B54W_B57R_A73C_rep1.pdb
[DEBUG] Output file: /scratch/jgray21/zyhuggan/tryingggg/pos_neg_design/OrthoMPNN/Rosetta/output_pdbs/crystal_wt_pmpnn/1.0/1.0_relaxed_wt_1_A27D_A31P_A34K_A36A_B54W_B57R_A73C_rep2.pdb
[DEBUG] Output file: /scratch/jgray21/zyhuggan/tryingggg/pos_neg_design/OrthoMPNN/Rosetta/output_pdbs/crystal_wt_pmpnn/1.0/1.0_relaxed_wt_1_A27D_A31P_A34K_A36A_B54W_B57R_A73C_rep3.pdb
[DEBUG] Output file: /scratch/jgray21/zyhuggan/tryingggg/pos_neg_design/OrthoMPNN/Rosetta/output_pdbs/crystal_wt_pmpnn/1.0/1.0_relaxed_wt_1_A27D_A31P_A34K_A36A_B54W_B57R_A73C_rep4.pdb
[DEBUG] Output file: /scratch/jgray21/zyhuggan/tryingggg/pos_neg_design/OrthoMPNN/Rosetta/output_pdbs/crystal_wt_pmpnn/1.0/1.0_relaxed_wt_1_A27D_A31P_A34K_A36A_B54W_B57R_A73C_rep5.pdb
[DEBUG] Creating jobs for bundle: [('A 27', 'D'), ('A 31', 'G'), ('A 34', 'Y'), ('A 36', 'A'), ('B 54', 'A'), ('B 57', 'M'), ('A 73', 'D')]
[DEBUG] Output file: /scratch/jgray21/zyhuggan/tryingggg/pos_neg_design/OrthoMPNN/Rosetta/output_pdbs/crystal_wt_pmpnn/1.0/1.0_relaxed_wt_1_A27D_A31G_A34Y_A36A_B54A_B57M_A73D_rep1.pdb
[DEBUG] Output file: /scratch/jgray21/zyhuggan/tryingggg/pos_neg_design/OrthoMPNN/Rosetta/output_pdbs/crystal_wt_pmpnn/1.0/1.0_relaxed_wt_1_A27D_A31G_A34Y_A36A_B54A_B57M_A73D_rep2.pdb
[DEBUG] Output file: /scratch/jgray21/zyhuggan/tryingggg/pos_neg_design/OrthoMPNN/Rosetta/output_pdbs/crystal_wt_pmpnn/1.0/1.0_relaxed_wt_1_A27D_A31G_A34Y_A36A_B54A_B57M_A73D_rep3.pdb
[DEBUG] Output file: /scratch/jgray21/zyhuggan/tryingggg/pos_neg_design/OrthoMPNN/Rosetta/output_pdbs/crystal_wt_pmpnn/1.0/1.0_relaxed_wt_1_A27D_A31G_A34Y_A36A_B54A_B57M_A73D_rep4.pdb
[DEBUG] Output file: /scratch/jgray21/zyhuggan/tryingggg/pos_neg_design/OrthoMPNN/Rosetta/output_pdbs/crystal_wt_pmpnn/1.0/1.0_relaxed_wt_1_A27D_A31G_A34Y_A36A_B54A_B57M_A73D_rep5.pdb
[DEBUG] Creating jobs for bundle: [('A 27', 'D'), ('A 31', 'C'), ('A 34', 'F'), ('A 36', 'A'), ('B 54', 'M'), ('B 57', 'F'), ('A 73', 'M')]
[DEBUG] Output file: /scratch/jgray21/zyhuggan/tryingggg/pos_neg_design/OrthoMPNN/Rosetta/output_pdbs/crystal_wt_pmpnn/1.0/1.0_relaxed_wt_1_A27D_A31C_A34F_A36A_B54M_B57F_A73M_rep1.pdb
[DEBUG] Output file: /scratch/jgray21/zyhuggan/tryingggg/pos_neg_design/OrthoMPNN/Rosetta/output_pdbs/crystal_wt_pmpnn/1.0/1.0_relaxed_wt_1_A27D_A31C_A34F_A36A_B54M_B57F_A73M_rep2.pdb
[DEBUG] Output file: /scratch/jgray21/zyhuggan/tryingggg/pos_neg_design/OrthoMPNN/Rosetta/output_pdbs/crystal_wt_pmpnn/1.0/1.0_relaxed_wt_1_A27D_A31C_A34F_A36A_B54M_B57F_A73M_rep3.pdb
[DEBUG] Output file: /scratch/jgray21/zyhuggan/tryingggg/pos_neg_design/OrthoMPNN/Rosetta/output_pdbs/crystal_wt_pmpnn/1.0/1.0_relaxed_wt_1_A27D_A31C_A34F_A36A_B54M_B57F_A73M_rep4.pdb
[DEBUG] Output file: /scratch/jgray21/zyhuggan/tryingggg/pos_neg_design/OrthoMPNN/Rosetta/output_pdbs/crystal_wt_pmpnn/1.0/1.0_relaxed_wt_1_A27D_A31C_A34F_A36A_B54M_B57F_A73M_rep5.pdb
[DEBUG] Creating jobs for bundle: [('A 27', 'D'), ('A 31', 'R'), ('A 34', 'P'), ('A 36', 'D'), ('B 54', 'Y'), ('B 57', 'S'), ('A 73', 'A')]
[DEBUG] Output file: /scratch/jgray21/zyhuggan/tryingggg/pos_neg_design/OrthoMPNN/Rosetta/output_pdbs/crystal_wt_pmpnn/1.0/1.0_relaxed_wt_1_A27D_A31R_A34P_A36D_B54Y_B57S_A73A_rep1.pdb
[DEBUG] Output file: /scratch/jgray21/zyhuggan/tryingggg/pos_neg_design/OrthoMPNN/Rosetta/output_pdbs/crystal_wt_pmpnn/1.0/1.0_relaxed_wt_1_A27D_A31R_A34P_A36D_B54Y_B57S_A73A_rep2.pdb
[DEBUG] Output file: /scratch/jgray21/zyhuggan/tryingggg/pos_neg_design/OrthoMPNN/Rosetta/output_pdbs/crystal_wt_pmpnn/1.0/1.0_relaxed_wt_1_A27D_A31R_A34P_A36D_B54Y_B57S_A73A_rep3.pdb
[DEBUG] Output file: /scratch/jgray21/zyhuggan/tryingggg/pos_neg_design/OrthoMPNN/Rosetta/output_pdbs/crystal_wt_pmpnn/1.0/1.0_relaxed_wt_1_A27D_A31R_A34P_A36D_B54Y_B57S_A73A_rep4.pdb
[DEBUG] Output file: /scratch/jgray21/zyhuggan/tryingggg/pos_neg_design/OrthoMPNN/Rosetta/output_pdbs/crystal_wt_pmpnn/1.0/1.0_relaxed_wt_1_A27D_A31R_A34P_A36D_B54Y_B57S_A73A_rep5.pdb
[DEBUG] Creating jobs for bundle: [('A 27', 'D'), ('A 31', 'A'), ('A 34', 'C'), ('A 36', 'Y'), ('B 54', 'W'), ('B 57', 'W'), ('A 73', 'K')]
[DEBUG] Output file: /scratch/jgray21/zyhuggan/tryingggg/pos_neg_design/OrthoMPNN/Rosetta/output_pdbs/crystal_wt_pmpnn/1.0/1.0_relaxed_wt_1_A27D_A31A_A34C_A36Y_B54W_B57W_A73K_rep1.pdb
[DEBUG] Output file: /scratch/jgray21/zyhuggan/tryingggg/pos_neg_design/OrthoMPNN/Rosetta/output_pdbs/crystal_wt_pmpnn/1.0/1.0_relaxed_wt_1_A27D_A31A_A34C_A36Y_B54W_B57W_A73K_rep2.pdb
[DEBUG] Output file: /scratch/jgray21/zyhuggan/tryingggg/pos_neg_design/OrthoMPNN/Rosetta/output_pdbs/crystal_wt_pmpnn/1.0/1.0_relaxed_wt_1_A27D_A31A_A34C_A36Y_B54W_B57W_A73K_rep3.pdb
[DEBUG] Output file: /scratch/jgray21/zyhuggan/tryingggg/pos_neg_design/OrthoMPNN/Rosetta/output_pdbs/crystal_wt_pmpnn/1.0/1.0_relaxed_wt_1_A27D_A31A_A34C_A36Y_B54W_B57W_A73K_rep4.pdb
[DEBUG] Output file: /scratch/jgray21/zyhuggan/tryingggg/pos_neg_design/OrthoMPNN/Rosetta/output_pdbs/crystal_wt_pmpnn/1.0/1.0_relaxed_wt_1_A27D_A31A_A34C_A36Y_B54W_B57W_A73K_rep5.pdb
[DEBUG] Creating jobs for bundle: [('A 27', 'D'), ('A 31', 'A'), ('A 34', 'V'), ('A 36', 'D'), ('B 54', 'E'), ('B 57', 'A'), ('A 73', 'E')]
[DEBUG] Output file: /scratch/jgray21/zyhuggan/tryingggg/pos_neg_design/OrthoMPNN/Rosetta/output_pdbs/crystal_wt_pmpnn/1.0/1.0_relaxed_wt_1_A27D_A31A_A34V_A36D_B54E_B57A_A73E_rep1.pdb
[DEBUG] Output file: /scratch/jgray21/zyhuggan/tryingggg/pos_neg_design/OrthoMPNN/Rosetta/output_pdbs/crystal_wt_pmpnn/1.0/1.0_relaxed_wt_1_A27D_A31A_A34V_A36D_B54E_B57A_A73E_rep2.pdb
[DEBUG] Output file: /scratch/jgray21/zyhuggan/tryingggg/pos_neg_design/OrthoMPNN/Rosetta/output_pdbs/crystal_wt_pmpnn/1.0/1.0_relaxed_wt_1_A27D_A31A_A34V_A36D_B54E_B57A_A73E_rep3.pdb
[DEBUG] Output file: /scratch/jgray21/zyhuggan/tryingggg/pos_neg_design/OrthoMPNN/Rosetta/output_pdbs/crystal_wt_pmpnn/1.0/1.0_relaxed_wt_1_A27D_A31A_A34V_A36D_B54E_B57A_A73E_rep4.pdb
[DEBUG] Output file: /scratch/jgray21/zyhuggan/tryingggg/pos_neg_design/OrthoMPNN/Rosetta/output_pdbs/crystal_wt_pmpnn/1.0/1.0_relaxed_wt_1_A27D_A31A_A34V_A36D_B54E_B57A_A73E_rep5.pdb
[DEBUG] Creating jobs for bundle: [('A 27', 'K'), ('A 31', 'H'), ('A 34', 'H'), ('A 36', 'F'), ('B 54', 'Y'), ('B 57', 'D'), ('A 73', 'G')]
[DEBUG] Output file: /scratch/jgray21/zyhuggan/tryingggg/pos_neg_design/OrthoMPNN/Rosetta/output_pdbs/crystal_wt_pmpnn/1.0/1.0_relaxed_wt_1_A27K_A31H_A34H_A36F_B54Y_B57D_A73G_rep1.pdb
[DEBUG] Output file: /scratch/jgray21/zyhuggan/tryingggg/pos_neg_design/OrthoMPNN/Rosetta/output_pdbs/crystal_wt_pmpnn/1.0/1.0_relaxed_wt_1_A27K_A31H_A34H_A36F_B54Y_B57D_A73G_rep2.pdb
[DEBUG] Output file: /scratch/jgray21/zyhuggan/tryingggg/pos_neg_design/OrthoMPNN/Rosetta/output_pdbs/crystal_wt_pmpnn/1.0/1.0_relaxed_wt_1_A27K_A31H_A34H_A36F_B54Y_B57D_A73G_rep3.pdb
[DEBUG] Output file: /scratch/jgray21/zyhuggan/tryingggg/pos_neg_design/OrthoMPNN/Rosetta/output_pdbs/crystal_wt_pmpnn/1.0/1.0_relaxed_wt_1_A27K_A31H_A34H_A36F_B54Y_B57D_A73G_rep4.pdb
[DEBUG] Output file: /scratch/jgray21/zyhuggan/tryingggg/pos_neg_design/OrthoMPNN/Rosetta/output_pdbs/crystal_wt_pmpnn/1.0/1.0_relaxed_wt_1_A27K_A31H_A34H_A36F_B54Y_B57D_A73G_rep5.pdb
[DEBUG] Creating jobs for bundle: [('A 27', 'A'), ('A 31', 'P'), ('A 34', 'C'), ('A 36', 'E'), ('B 54', 'L'), ('B 57', 'E'), ('A 73', 'T')]
[DEBUG] Output file: /scratch/jgray21/zyhuggan/tryingggg/pos_neg_design/OrthoMPNN/Rosetta/output_pdbs/crystal_wt_pmpnn/1.0/1.0_relaxed_wt_1_A27A_A31P_A34C_A36E_B54L_B57E_A73T_rep1.pdb
[DEBUG] Output file: /scratch/jgray21/zyhuggan/tryingggg/pos_neg_design/OrthoMPNN/Rosetta/output_pdbs/crystal_wt_pmpnn/1.0/1.0_relaxed_wt_1_A27A_A31P_A34C_A36E_B54L_B57E_A73T_rep2.pdb
[DEBUG] Output file: /scratch/jgray21/zyhuggan/tryingggg/pos_neg_design/OrthoMPNN/Rosetta/output_pdbs/crystal_wt_pmpnn/1.0/1.0_relaxed_wt_1_A27A_A31P_A34C_A36E_B54L_B57E_A73T_rep3.pdb
[DEBUG] Output file: /scratch/jgray21/zyhuggan/tryingggg/pos_neg_design/OrthoMPNN/Rosetta/output_pdbs/crystal_wt_pmpnn/1.0/1.0_relaxed_wt_1_A27A_A31P_A34C_A36E_B54L_B57E_A73T_rep4.pdb
[DEBUG] Output file: /scratch/jgray21/zyhuggan/tryingggg/pos_neg_design/OrthoMPNN/Rosetta/output_pdbs/crystal_wt_pmpnn/1.0/1.0_relaxed_wt_1_A27A_A31P_A34C_A36E_B54L_B57E_A73T_rep5.pdb
[DEBUG] Creating jobs for bundle: [('A 27', 'Q'), ('A 31', 'S'), ('A 34', 'C'), ('A 36', 'Y'), ('B 54', 'T'), ('B 57', 'W'), ('A 73', 'Q')]
[DEBUG] Output file: /scratch/jgray21/zyhuggan/tryingggg/pos_neg_design/OrthoMPNN/Rosetta/output_pdbs/crystal_wt_pmpnn/1.0/1.0_relaxed_wt_1_A27Q_A31S_A34C_A36Y_B54T_B57W_A73Q_rep1.pdb
[DEBUG] Output file: /scratch/jgray21/zyhuggan/tryingggg/pos_neg_design/OrthoMPNN/Rosetta/output_pdbs/crystal_wt_pmpnn/1.0/1.0_relaxed_wt_1_A27Q_A31S_A34C_A36Y_B54T_B57W_A73Q_rep2.pdb
[DEBUG] Output file: /scratch/jgray21/zyhuggan/tryingggg/pos_neg_design/OrthoMPNN/Rosetta/output_pdbs/crystal_wt_pmpnn/1.0/1.0_relaxed_wt_1_A27Q_A31S_A34C_A36Y_B54T_B57W_A73Q_rep3.pdb
[DEBUG] Output file: /scratch/jgray21/zyhuggan/tryingggg/pos_neg_design/OrthoMPNN/Rosetta/output_pdbs/crystal_wt_pmpnn/1.0/1.0_relaxed_wt_1_A27Q_A31S_A34C_A36Y_B54T_B57W_A73Q_rep4.pdb
[DEBUG] Output file: /scratch/jgray21/zyhuggan/tryingggg/pos_neg_design/OrthoMPNN/Rosetta/output_pdbs/crystal_wt_pmpnn/1.0/1.0_relaxed_wt_1_A27Q_A31S_A34C_A36Y_B54T_B57W_A73Q_rep5.pdb
[DEBUG] Creating jobs for bundle: [('A 27', 'E'), ('A 31', 'F'), ('A 34', 'E'), ('A 36', 'R'), ('B 54', 'R'), ('B 57', 'T'), ('A 73', 'K')]
[DEBUG] Output file: /scratch/jgray21/zyhuggan/tryingggg/pos_neg_design/OrthoMPNN/Rosetta/output_pdbs/crystal_wt_pmpnn/1.0/1.0_relaxed_wt_1_A27E_A31F_A34E_A36R_B54R_B57T_A73K_rep1.pdb
[DEBUG] Output file: /scratch/jgray21/zyhuggan/tryingggg/pos_neg_design/OrthoMPNN/Rosetta/output_pdbs/crystal_wt_pmpnn/1.0/1.0_relaxed_wt_1_A27E_A31F_A34E_A36R_B54R_B57T_A73K_rep2.pdb
[DEBUG] Output file: /scratch/jgray21/zyhuggan/tryingggg/pos_neg_design/OrthoMPNN/Rosetta/output_pdbs/crystal_wt_pmpnn/1.0/1.0_relaxed_wt_1_A27E_A31F_A34E_A36R_B54R_B57T_A73K_rep3.pdb
[DEBUG] Output file: /scratch/jgray21/zyhuggan/tryingggg/pos_neg_design/OrthoMPNN/Rosetta/output_pdbs/crystal_wt_pmpnn/1.0/1.0_relaxed_wt_1_A27E_A31F_A34E_A36R_B54R_B57T_A73K_rep4.pdb
[DEBUG] Output file: /scratch/jgray21/zyhuggan/tryingggg/pos_neg_design/OrthoMPNN/Rosetta/output_pdbs/crystal_wt_pmpnn/1.0/1.0_relaxed_wt_1_A27E_A31F_A34E_A36R_B54R_B57T_A73K_rep5.pdb
[DEBUG] Creating jobs for bundle: [('A 27', 'E'), ('A 31', 'F'), ('A 34', 'C'), ('A 36', 'A'), ('B 57', 'L'), ('A 73', 'G')]
[DEBUG] Output file: /scratch/jgray21/zyhuggan/tryingggg/pos_neg_design/OrthoMPNN/Rosetta/output_pdbs/crystal_wt_pmpnn/1.0/1.0_relaxed_wt_1_A27E_A31F_A34C_A36A_B57L_A73G_rep1.pdb
[DEBUG] Output file: /scratch/jgray21/zyhuggan/tryingggg/pos_neg_design/OrthoMPNN/Rosetta/output_pdbs/crystal_wt_pmpnn/1.0/1.0_relaxed_wt_1_A27E_A31F_A34C_A36A_B57L_A73G_rep2.pdb
[DEBUG] Output file: /scratch/jgray21/zyhuggan/tryingggg/pos_neg_design/OrthoMPNN/Rosetta/output_pdbs/crystal_wt_pmpnn/1.0/1.0_relaxed_wt_1_A27E_A31F_A34C_A36A_B57L_A73G_rep3.pdb
[DEBUG] Output file: /scratch/jgray21/zyhuggan/tryingggg/pos_neg_design/OrthoMPNN/Rosetta/output_pdbs/crystal_wt_pmpnn/1.0/1.0_relaxed_wt_1_A27E_A31F_A34C_A36A_B57L_A73G_rep4.pdb
[DEBUG] Output file: /scratch/jgray21/zyhuggan/tryingggg/pos_neg_design/OrthoMPNN/Rosetta/output_pdbs/crystal_wt_pmpnn/1.0/1.0_relaxed_wt_1_A27E_A31F_A34C_A36A_B57L_A73G_rep5.pdb
[DEBUG] Creating jobs for bundle: [('A 27', 'A'), ('A 31', 'I'), ('A 34', 'F'), ('A 36', 'R'), ('B 57', 'Y'), ('A 73', 'H')]
[DEBUG] Output file: /scratch/jgray21/zyhuggan/tryingggg/pos_neg_design/OrthoMPNN/Rosetta/output_pdbs/crystal_wt_pmpnn/1.0/1.0_relaxed_wt_1_A27A_A31I_A34F_A36R_B57Y_A73H_rep1.pdb
[DEBUG] Output file: /scratch/jgray21/zyhuggan/tryingggg/pos_neg_design/OrthoMPNN/Rosetta/output_pdbs/crystal_wt_pmpnn/1.0/1.0_relaxed_wt_1_A27A_A31I_A34F_A36R_B57Y_A73H_rep2.pdb
[DEBUG] Output file: /scratch/jgray21/zyhuggan/tryingggg/pos_neg_design/OrthoMPNN/Rosetta/output_pdbs/crystal_wt_pmpnn/1.0/1.0_relaxed_wt_1_A27A_A31I_A34F_A36R_B57Y_A73H_rep3.pdb
[DEBUG] Output file: /scratch/jgray21/zyhuggan/tryingggg/pos_neg_design/OrthoMPNN/Rosetta/output_pdbs/crystal_wt_pmpnn/1.0/1.0_relaxed_wt_1_A27A_A31I_A34F_A36R_B57Y_A73H_rep4.pdb
[DEBUG] Output file: /scratch/jgray21/zyhuggan/tryingggg/pos_neg_design/OrthoMPNN/Rosetta/output_pdbs/crystal_wt_pmpnn/1.0/1.0_relaxed_wt_1_A27A_A31I_A34F_A36R_B57Y_A73H_rep5.pdb
[DEBUG] Creating jobs for bundle: [('A 27', 'L'), ('A 31', 'A'), ('A 34', 'Q'), ('A 36', 'W'), ('B 54', 'S'), ('B 57', 'V'), ('A 73', 'M')]
[DEBUG] Output file: /scratch/jgray21/zyhuggan/tryingggg/pos_neg_design/OrthoMPNN/Rosetta/output_pdbs/crystal_wt_pmpnn/1.0/1.0_relaxed_wt_1_A27L_A31A_A34Q_A36W_B54S_B57V_A73M_rep1.pdb
[DEBUG] Output file: /scratch/jgray21/zyhuggan/tryingggg/pos_neg_design/OrthoMPNN/Rosetta/output_pdbs/crystal_wt_pmpnn/1.0/1.0_relaxed_wt_1_A27L_A31A_A34Q_A36W_B54S_B57V_A73M_rep2.pdb
[DEBUG] Output file: /scratch/jgray21/zyhuggan/tryingggg/pos_neg_design/OrthoMPNN/Rosetta/output_pdbs/crystal_wt_pmpnn/1.0/1.0_relaxed_wt_1_A27L_A31A_A34Q_A36W_B54S_B57V_A73M_rep3.pdb
[DEBUG] Output file: /scratch/jgray21/zyhuggan/tryingggg/pos_neg_design/OrthoMPNN/Rosetta/output_pdbs/crystal_wt_pmpnn/1.0/1.0_relaxed_wt_1_A27L_A31A_A34Q_A36W_B54S_B57V_A73M_rep4.pdb
[DEBUG] Output file: /scratch/jgray21/zyhuggan/tryingggg/pos_neg_design/OrthoMPNN/Rosetta/output_pdbs/crystal_wt_pmpnn/1.0/1.0_relaxed_wt_1_A27L_A31A_A34Q_A36W_B54S_B57V_A73M_rep5.pdb
[DEBUG] Creating jobs for bundle: [('A 27', 'E'), ('A 31', 'S'), ('A 34', 'T'), ('A 36', 'A'), ('B 54', 'G'), ('B 57', 'W'), ('A 73', 'Q')]
[DEBUG] Output file: /scratch/jgray21/zyhuggan/tryingggg/pos_neg_design/OrthoMPNN/Rosetta/output_pdbs/crystal_wt_pmpnn/1.0/1.0_relaxed_wt_1_A27E_A31S_A34T_A36A_B54G_B57W_A73Q_rep1.pdb
[DEBUG] Output file: /scratch/jgray21/zyhuggan/tryingggg/pos_neg_design/OrthoMPNN/Rosetta/output_pdbs/crystal_wt_pmpnn/1.0/1.0_relaxed_wt_1_A27E_A31S_A34T_A36A_B54G_B57W_A73Q_rep2.pdb
[DEBUG] Output file: /scratch/jgray21/zyhuggan/tryingggg/pos_neg_design/OrthoMPNN/Rosetta/output_pdbs/crystal_wt_pmpnn/1.0/1.0_relaxed_wt_1_A27E_A31S_A34T_A36A_B54G_B57W_A73Q_rep3.pdb
[DEBUG] Output file: /scratch/jgray21/zyhuggan/tryingggg/pos_neg_design/OrthoMPNN/Rosetta/output_pdbs/crystal_wt_pmpnn/1.0/1.0_relaxed_wt_1_A27E_A31S_A34T_A36A_B54G_B57W_A73Q_rep4.pdb
[DEBUG] Output file: /scratch/jgray21/zyhuggan/tryingggg/pos_neg_design/OrthoMPNN/Rosetta/output_pdbs/crystal_wt_pmpnn/1.0/1.0_relaxed_wt_1_A27E_A31S_A34T_A36A_B54G_B57W_A73Q_rep5.pdb
[DEBUG] Creating jobs for bundle: [('A 27', 'D'), ('A 31', 'T'), ('A 34', 'Q'), ('B 54', 'Q'), ('B 57', 'I'), ('A 73', 'A')]
[DEBUG] Output file: /scratch/jgray21/zyhuggan/tryingggg/pos_neg_design/OrthoMPNN/Rosetta/output_pdbs/crystal_wt_pmpnn/1.0/1.0_relaxed_wt_1_A27D_A31T_A34Q_B54Q_B57I_A73A_rep1.pdb
[DEBUG] Output file: /scratch/jgray21/zyhuggan/tryingggg/pos_neg_design/OrthoMPNN/Rosetta/output_pdbs/crystal_wt_pmpnn/1.0/1.0_relaxed_wt_1_A27D_A31T_A34Q_B54Q_B57I_A73A_rep2.pdb
[DEBUG] Output file: /scratch/jgray21/zyhuggan/tryingggg/pos_neg_design/OrthoMPNN/Rosetta/output_pdbs/crystal_wt_pmpnn/1.0/1.0_relaxed_wt_1_A27D_A31T_A34Q_B54Q_B57I_A73A_rep3.pdb
[DEBUG] Output file: /scratch/jgray21/zyhuggan/tryingggg/pos_neg_design/OrthoMPNN/Rosetta/output_pdbs/crystal_wt_pmpnn/1.0/1.0_relaxed_wt_1_A27D_A31T_A34Q_B54Q_B57I_A73A_rep4.pdb
[DEBUG] Output file: /scratch/jgray21/zyhuggan/tryingggg/pos_neg_design/OrthoMPNN/Rosetta/output_pdbs/crystal_wt_pmpnn/1.0/1.0_relaxed_wt_1_A27D_A31T_A34Q_B54Q_B57I_A73A_rep5.pdb
[DEBUG] Creating jobs for bundle: [('A 27', 'D'), ('A 31', 'S'), ('A 34', 'Y'), ('A 36', 'I'), ('B 54', 'I'), ('B 57', 'W'), ('A 73', 'C')]
[DEBUG] Output file: /scratch/jgray21/zyhuggan/tryingggg/pos_neg_design/OrthoMPNN/Rosetta/output_pdbs/crystal_wt_pmpnn/1.0/1.0_relaxed_wt_1_A27D_A31S_A34Y_A36I_B54I_B57W_A73C_rep1.pdb
[DEBUG] Output file: /scratch/jgray21/zyhuggan/tryingggg/pos_neg_design/OrthoMPNN/Rosetta/output_pdbs/crystal_wt_pmpnn/1.0/1.0_relaxed_wt_1_A27D_A31S_A34Y_A36I_B54I_B57W_A73C_rep2.pdb
[DEBUG] Output file: /scratch/jgray21/zyhuggan/tryingggg/pos_neg_design/OrthoMPNN/Rosetta/output_pdbs/crystal_wt_pmpnn/1.0/1.0_relaxed_wt_1_A27D_A31S_A34Y_A36I_B54I_B57W_A73C_rep3.pdb
[DEBUG] Output file: /scratch/jgray21/zyhuggan/tryingggg/pos_neg_design/OrthoMPNN/Rosetta/output_pdbs/crystal_wt_pmpnn/1.0/1.0_relaxed_wt_1_A27D_A31S_A34Y_A36I_B54I_B57W_A73C_rep4.pdb
[DEBUG] Output file: /scratch/jgray21/zyhuggan/tryingggg/pos_neg_design/OrthoMPNN/Rosetta/output_pdbs/crystal_wt_pmpnn/1.0/1.0_relaxed_wt_1_A27D_A31S_A34Y_A36I_B54I_B57W_A73C_rep5.pdb
[DEBUG] Creating jobs for bundle: [('A 27', 'M'), ('A 31', 'K'), ('A 34', 'Q'), ('A 36', 'P'), ('B 54', 'V'), ('B 57', 'Y'), ('A 73', 'V')]
[DEBUG] Output file: /scratch/jgray21/zyhuggan/tryingggg/pos_neg_design/OrthoMPNN/Rosetta/output_pdbs/crystal_wt_pmpnn/1.0/1.0_relaxed_wt_1_A27M_A31K_A34Q_A36P_B54V_B57Y_A73V_rep1.pdb
[DEBUG] Output file: /scratch/jgray21/zyhuggan/tryingggg/pos_neg_design/OrthoMPNN/Rosetta/output_pdbs/crystal_wt_pmpnn/1.0/1.0_relaxed_wt_1_A27M_A31K_A34Q_A36P_B54V_B57Y_A73V_rep2.pdb
[DEBUG] Output file: /scratch/jgray21/zyhuggan/tryingggg/pos_neg_design/OrthoMPNN/Rosetta/output_pdbs/crystal_wt_pmpnn/1.0/1.0_relaxed_wt_1_A27M_A31K_A34Q_A36P_B54V_B57Y_A73V_rep3.pdb
[DEBUG] Output file: /scratch/jgray21/zyhuggan/tryingggg/pos_neg_design/OrthoMPNN/Rosetta/output_pdbs/crystal_wt_pmpnn/1.0/1.0_relaxed_wt_1_A27M_A31K_A34Q_A36P_B54V_B57Y_A73V_rep4.pdb
[DEBUG] Output file: /scratch/jgray21/zyhuggan/tryingggg/pos_neg_design/OrthoMPNN/Rosetta/output_pdbs/crystal_wt_pmpnn/1.0/1.0_relaxed_wt_1_A27M_A31K_A34Q_A36P_B54V_B57Y_A73V_rep5.pdb
[DEBUG] Creating jobs for bundle: [('A 27', 'K'), ('A 31', 'A'), ('A 36', 'F'), ('B 54', 'E'), ('B 57', 'G')]
[DEBUG] Output file: /scratch/jgray21/zyhuggan/tryingggg/pos_neg_design/OrthoMPNN/Rosetta/output_pdbs/crystal_wt_pmpnn/1.0/1.0_relaxed_wt_1_A27K_A31A_A36F_B54E_B57G_rep1.pdb
[DEBUG] Output file: /scratch/jgray21/zyhuggan/tryingggg/pos_neg_design/OrthoMPNN/Rosetta/output_pdbs/crystal_wt_pmpnn/1.0/1.0_relaxed_wt_1_A27K_A31A_A36F_B54E_B57G_rep2.pdb
[DEBUG] Output file: /scratch/jgray21/zyhuggan/tryingggg/pos_neg_design/OrthoMPNN/Rosetta/output_pdbs/crystal_wt_pmpnn/1.0/1.0_relaxed_wt_1_A27K_A31A_A36F_B54E_B57G_rep3.pdb
[DEBUG] Output file: /scratch/jgray21/zyhuggan/tryingggg/pos_neg_design/OrthoMPNN/Rosetta/output_pdbs/crystal_wt_pmpnn/1.0/1.0_relaxed_wt_1_A27K_A31A_A36F_B54E_B57G_rep4.pdb
[DEBUG] Output file: /scratch/jgray21/zyhuggan/tryingggg/pos_neg_design/OrthoMPNN/Rosetta/output_pdbs/crystal_wt_pmpnn/1.0/1.0_relaxed_wt_1_A27K_A31A_A36F_B54E_B57G_rep5.pdb
2026-03-29 19:16:02 EDT MainProcess INFO [__main__] Processing a total of 250 jobs
2026-03-29 19:16:02 EDT MainProcess INFO [__main__] Starting pool with 100 worker(s)
2026-03-29 19:20:48 EDT ForkPoolWorker-61 INFO [__main__] Output: 1.0_relaxed_wt_1_A27E_A31K_A34E_A36R_B54H_B57L_A73Y_rep4.pdb
2026-03-29 19:20:52 EDT ForkPoolWorker-94 INFO [__main__] Output: 1.0_relaxed_wt_1_A27E_A31C_A34D_A36E_B54T_B57C_A73E_rep2.pdb
2026-03-29 19:20:55 EDT ForkPoolWorker-36 INFO [__main__] Output: 1.0_relaxed_wt_1_A27E_A31R_A34H_A36H_B54D_B57V_A73S_rep4.pdb
2026-03-29 19:20:57 EDT ForkPoolWorker-97 INFO [__main__] Output: 1.0_relaxed_wt_1_A27E_A31G_A34V_A36R_B54Y_B57E_A73C_rep4.pdb
2026-03-29 19:20:59 EDT ForkPoolWorker-48 INFO [__main__] Output: 1.0_relaxed_wt_1_A27E_A31T_A34F_A36M_B54A_B57Y_A73C_rep1.pdb
2026-03-29 19:20:59 EDT ForkPoolWorker-59 INFO [__main__] Output: 1.0_relaxed_wt_1_A27D_A31A_A34H_A36R_B54S_B57V_A73D_rep4.pdb
2026-03-29 19:21:00 EDT ForkPoolWorker-65 INFO [__main__] Output: 1.0_relaxed_wt_1_A27D_A31A_A34H_A36R_B54S_B57V_A73D_rep5.pdb
2026-03-29 19:21:01 EDT ForkPoolWorker-82 INFO [__main__] Output: 1.0_relaxed_wt_1_A27D_A31A_A34H_A36R_B54S_B57V_A73D_rep3.pdb
2026-03-29 19:21:01 EDT ForkPoolWorker-81 INFO [__main__] Output: 1.0_relaxed_wt_1_A27E_A31C_A34D_A36E_B54T_B57C_A73E_rep1.pdb
2026-03-29 19:21:01 EDT ForkPoolWorker-46 INFO [__main__] Output: 1.0_relaxed_wt_1_A27E_A31R_A34D_A36D_B54F_B57F_A73G_rep4.pdb
2026-03-29 19:21:02 EDT ForkPoolWorker-40 INFO [__main__] Output: 1.0_relaxed_wt_1_A27L_A31L_A34P_A36T_B54L_B57I_rep3.pdb
2026-03-29 19:21:02 EDT ForkPoolWorker-1 INFO [__main__] Output: 1.0_relaxed_wt_1_A27D_A34L_A36E_B54V_B57A_rep3.pdb
2026-03-29 19:21:02 EDT ForkPoolWorker-2 INFO [__main__] Output: 1.0_relaxed_wt_1_A27D_A34L_A36E_B54V_B57A_rep2.pdb
2026-03-29 19:21:03 EDT ForkPoolWorker-95 INFO [__main__] Output: 1.0_relaxed_wt_1_A27E_A31C_A34D_A36E_B54T_B57C_A73E_rep5.pdb
2026-03-29 19:21:03 EDT ForkPoolWorker-33 INFO [__main__] Output: 1.0_relaxed_wt_1_A27E_A31R_A34D_A36D_B54F_B57F_A73G_rep1.pdb
2026-03-29 19:21:03 EDT ForkPoolWorker-17 INFO [__main__] Output: 1.0_relaxed_wt_1_A27D_A34L_A36E_B54V_B57A_rep4.pdb
2026-03-29 19:21:04 EDT ForkPoolWorker-42 INFO [__main__] Output: 1.0_relaxed_wt_1_A27L_A31L_A34P_A36T_B54L_B57I_rep4.pdb
2026-03-29 19:21:04 EDT ForkPoolWorker-47 INFO [__main__] Output: 1.0_relaxed_wt_1_A27E_A31R_A34D_A36D_B54F_B57F_A73G_rep5.pdb
2026-03-29 19:21:05 EDT ForkPoolWorker-44 INFO [__main__] Output: 1.0_relaxed_wt_1_A27E_A31R_A34D_A36D_B54F_B57F_A73G_rep3.pdb
2026-03-29 19:21:05 EDT ForkPoolWorker-49 INFO [__main__] Output: 1.0_relaxed_wt_1_A27K_A31F_A34M_A36K_B54I_B57I_A73I_rep2.pdb
2026-03-29 19:21:05 EDT ForkPoolWorker-27 INFO [__main__] Output: 1.0_relaxed_wt_1_A27L_A31F_A34V_A36E_B54I_B57A_A73T_rep4.pdb
2026-03-29 19:21:06 EDT ForkPoolWorker-38 INFO [__main__] Output: 1.0_relaxed_wt_1_A27E_A31R_A34H_A36H_B54D_B57V_A73S_rep2.pdb
2026-03-29 19:21:06 EDT ForkPoolWorker-96 INFO [__main__] Output: 1.0_relaxed_wt_1_A27K_A31F_A34M_A36K_B54I_B57I_A73I_rep5.pdb
2026-03-29 19:21:07 EDT ForkPoolWorker-93 INFO [__main__] Output: 1.0_relaxed_wt_1_A27E_A31G_A34V_A36R_B54Y_B57E_A73C_rep5.pdb
2026-03-29 19:21:07 EDT ForkPoolWorker-72 INFO [__main__] Output: 1.0_relaxed_wt_1_A27K_A31F_A34M_A36K_B54I_B57I_A73I_rep3.pdb
2026-03-29 19:21:07 EDT ForkPoolWorker-64 INFO [__main__] Output: 1.0_relaxed_wt_1_A27D_A31E_A34T_A36M_B54E_B57V_A73K_rep4.pdb
2026-03-29 19:21:08 EDT ForkPoolWorker-92 INFO [__main__] Output: 1.0_relaxed_wt_1_A27D_A31V_A34E_A36T_B54M_B57P_rep4.pdb
2026-03-29 19:21:08 EDT ForkPoolWorker-45 INFO [__main__] Output: 1.0_relaxed_wt_1_A27E_A31R_A34D_A36D_B54F_B57F_A73G_rep2.pdb
2026-03-29 19:21:08 EDT ForkPoolWorker-67 INFO [__main__] Output: 1.0_relaxed_wt_1_A27E_A31K_A34E_A36R_B54H_B57L_A73Y_rep1.pdb
2026-03-29 19:21:08 EDT ForkPoolWorker-9 INFO [__main__] Output: 1.0_relaxed_wt_1_A27K_A31L_A34P_A36I_B54P_B57A_A73M_rep2.pdb
2026-03-29 19:21:09 EDT ForkPoolWorker-14 INFO [__main__] Output: 1.0_relaxed_wt_1_A27K_A31L_A34P_A36I_B54P_B57A_A73M_rep1.pdb
2026-03-29 19:21:09 EDT ForkPoolWorker-76 INFO [__main__] Output: 1.0_relaxed_wt_1_A27K_A31H_A34D_A36P_B54V_B57Q_A73N_rep5.pdb
2026-03-29 19:21:09 EDT ForkPoolWorker-19 INFO [__main__] Output: 1.0_relaxed_wt_1_A27K_A31L_A34P_A36I_B54P_B57A_A73M_rep3.pdb
2026-03-29 19:21:10 EDT ForkPoolWorker-22 INFO [__main__] Output: 1.0_relaxed_wt_1_A27L_A31F_A34V_A36E_B54I_B57A_A73T_rep2.pdb
2026-03-29 19:21:10 EDT ForkPoolWorker-62 INFO [__main__] Output: 1.0_relaxed_wt_1_A27D_A31E_A34T_A36M_B54E_B57V_A73K_rep2.pdb
2026-03-29 19:21:10 EDT ForkPoolWorker-86 INFO [__main__] Output: 1.0_relaxed_wt_1_A27E_A31C_A34D_A36E_B54T_B57C_A73E_rep3.pdb
2026-03-29 19:21:10 EDT ForkPoolWorker-58 INFO [__main__] Output: 1.0_relaxed_wt_1_A27E_A31T_A34F_A36M_B54A_B57Y_A73C_rep5.pdb
2026-03-29 19:21:10 EDT ForkPoolWorker-29 INFO [__main__] Output: 1.0_relaxed_wt_1_A27L_A31F_A34V_A36E_B54I_B57A_A73T_rep3.pdb
2026-03-29 19:21:10 EDT ForkPoolWorker-99 INFO [__main__] Output: 1.0_relaxed_wt_1_A27E_A31K_A34K_A36H_B54G_B57D_A73Q_rep4.pdb
2026-03-29 19:21:10 EDT ForkPoolWorker-98 INFO [__main__] Output: 1.0_relaxed_wt_1_A27D_A31V_A34E_A36T_B54M_B57P_rep1.pdb
2026-03-29 19:21:11 EDT ForkPoolWorker-31 INFO [__main__] Output: 1.0_relaxed_wt_1_A27Y_A31E_A36I_B57E_A73T_rep5.pdb
2026-03-29 19:21:11 EDT ForkPoolWorker-89 INFO [__main__] Output: 1.0_relaxed_wt_1_A27E_A31K_A34K_A36H_B54G_B57D_A73Q_rep2.pdb
2026-03-29 19:21:11 EDT ForkPoolWorker-70 INFO [__main__] Output: 1.0_relaxed_wt_1_A27D_A31E_A34T_A36M_B54E_B57V_A73K_rep3.pdb
2026-03-29 19:21:12 EDT ForkPoolWorker-39 INFO [__main__] Output: 1.0_relaxed_wt_1_A27L_A31L_A34P_A36T_B54L_B57I_rep2.pdb
2026-03-29 19:21:12 EDT ForkPoolWorker-23 INFO [__main__] Output: 1.0_relaxed_wt_1_A27Y_A31E_A36I_B57E_A73T_rep2.pdb
2026-03-29 19:21:12 EDT ForkPoolWorker-41 INFO [__main__] Output: 1.0_relaxed_wt_1_A27L_A31L_A34P_A36T_B54L_B57I_rep5.pdb
2026-03-29 19:21:13 EDT ForkPoolWorker-32 INFO [__main__] Output: 1.0_relaxed_wt_1_A27E_A31R_A34H_A36H_B54D_B57V_A73S_rep5.pdb
2026-03-29 19:21:13 EDT ForkPoolWorker-68 INFO [__main__] Output: 1.0_relaxed_wt_1_A27K_A31Y_A34D_A36K_B54L_B57M_rep5.pdb
2026-03-29 19:21:14 EDT ForkPoolWorker-90 INFO [__main__] Output: 1.0_relaxed_wt_1_A27K_A31H_A34D_A36P_B54V_B57Q_A73N_rep4.pdb
2026-03-29 19:21:16 EDT ForkPoolWorker-26 INFO [__main__] Output: 1.0_relaxed_wt_1_A27Y_A31E_A36I_B57E_A73T_rep3.pdb
2026-03-29 19:21:16 EDT ForkPoolWorker-15 INFO [__main__] Output: 1.0_relaxed_wt_1_A27D_A31V_A34V_A36I_B57T_A73P_rep2.pdb
2026-03-29 19:21:16 EDT ForkPoolWorker-21 INFO [__main__] Output: 1.0_relaxed_wt_1_A27K_A31L_A34P_A36I_B54P_B57A_A73M_rep5.pdb
2026-03-29 19:21:16 EDT ForkPoolWorker-87 INFO [__main__] Output: 1.0_relaxed_wt_1_A27D_A31A_A34H_A36R_B54S_B57V_A73D_rep1.pdb
2026-03-29 19:21:16 EDT ForkPoolWorker-7 INFO [__main__] Output: 1.0_relaxed_wt_1_A27K_A31L_A34P_A36I_B54P_B57A_A73M_rep4.pdb
2026-03-29 19:21:17 EDT ForkPoolWorker-50 INFO [__main__] Output: 1.0_relaxed_wt_1_A27D_A31E_A34T_A36M_B54E_B57V_A73K_rep5.pdb
2026-03-29 19:21:17 EDT ForkPoolWorker-71 INFO [__main__] Output: 1.0_relaxed_wt_1_A27D_A31V_A34E_A36T_B54M_B57P_rep2.pdb
2026-03-29 19:21:17 EDT ForkPoolWorker-11 INFO [__main__] Output: 1.0_relaxed_wt_1_A27K_A31N_A34Y_A36E_B54A_B57M_A73H_rep3.pdb
2026-03-29 19:21:18 EDT ForkPoolWorker-54 INFO [__main__] Output: 1.0_relaxed_wt_1_A27E_A31K_A34E_A36R_B54H_B57L_A73Y_rep3.pdb
2026-03-29 19:21:18 EDT ForkPoolWorker-43 INFO [__main__] Output: 1.0_relaxed_wt_1_A27E_A31T_A34F_A36M_B54A_B57Y_A73C_rep4.pdb
2026-03-29 19:21:18 EDT ForkPoolWorker-79 INFO [__main__] Output: 1.0_relaxed_wt_1_A27E_A31G_A34V_A36R_B54Y_B57E_A73C_rep1.pdb
2026-03-29 19:21:19 EDT ForkPoolWorker-52 INFO [__main__] Output: 1.0_relaxed_wt_1_A27E_A31T_A34F_A36M_B54A_B57Y_A73C_rep2.pdb
2026-03-29 19:21:19 EDT ForkPoolWorker-51 INFO [__main__] Output: 1.0_relaxed_wt_1_A27K_A31F_A34M_A36K_B54I_B57I_A73I_rep4.pdb
2026-03-29 19:21:19 EDT ForkPoolWorker-13 INFO [__main__] Output: 1.0_relaxed_wt_1_A27K_A31N_A34Y_A36E_B54A_B57M_A73H_rep4.pdb
2026-03-29 19:21:19 EDT ForkPoolWorker-3 INFO [__main__] Output: 1.0_relaxed_wt_1_A27K_A31N_A34Y_A36E_B54A_B57M_A73H_rep5.pdb
2026-03-29 19:21:20 EDT ForkPoolWorker-6 INFO [__main__] Output: 1.0_relaxed_wt_1_A27K_A31N_A34Y_A36E_B54A_B57M_A73H_rep2.pdb
2026-03-29 19:21:20 EDT ForkPoolWorker-88 INFO [__main__] Output: 1.0_relaxed_wt_1_A27E_A31G_A34V_A36R_B54Y_B57E_A73C_rep2.pdb
2026-03-29 19:21:20 EDT ForkPoolWorker-34 INFO [__main__] Output: 1.0_relaxed_wt_1_A27E_A31R_A34H_A36H_B54D_B57V_A73S_rep1.pdb
2026-03-29 19:21:21 EDT ForkPoolWorker-4 INFO [__main__] Output: 1.0_relaxed_wt_1_A27K_A31N_A34Y_A36E_B54A_B57M_A73H_rep1.pdb
2026-03-29 19:21:21 EDT ForkPoolWorker-37 INFO [__main__] Output: 1.0_relaxed_wt_1_A27E_A31T_A34F_A36M_B54A_B57Y_A73C_rep3.pdb
2026-03-29 19:21:21 EDT ForkPoolWorker-16 INFO [__main__] Output: 1.0_relaxed_wt_1_A27D_A31V_A34V_A36I_B57T_A73P_rep5.pdb
2026-03-29 19:21:21 EDT ForkPoolWorker-5 INFO [__main__] Output: 1.0_relaxed_wt_1_A27D_A34L_A36E_B54V_B57A_rep1.pdb
2026-03-29 19:21:22 EDT ForkPoolWorker-55 INFO [__main__] Output: 1.0_relaxed_wt_1_A27E_A31K_A34E_A36R_B54H_B57L_A73Y_rep5.pdb
2026-03-29 19:21:22 EDT ForkPoolWorker-60 INFO [__main__] Output: 1.0_relaxed_wt_1_A27D_A31V_A34E_A36T_B54M_B57P_rep5.pdb
2026-03-29 19:21:22 EDT ForkPoolWorker-10 INFO [__main__] Output: 1.0_relaxed_wt_1_A27D_A31V_A34V_A36I_B57T_A73P_rep1.pdb
2026-03-29 19:21:23 EDT ForkPoolWorker-78 INFO [__main__] Output: 1.0_relaxed_wt_1_A27E_A31C_A34D_A36E_B54T_B57C_A73E_rep4.pdb
2026-03-29 19:21:24 EDT ForkPoolWorker-12 INFO [__main__] Output: 1.0_relaxed_wt_1_A27D_A34L_A36E_B54V_B57A_rep5.pdb
2026-03-29 19:21:24 EDT ForkPoolWorker-77 INFO [__main__] Output: 1.0_relaxed_wt_1_A27E_A31K_A34K_A36H_B54G_B57D_A73Q_rep5.pdb
2026-03-29 19:21:24 EDT ForkPoolWorker-75 INFO [__main__] Output: 1.0_relaxed_wt_1_A27D_A31A_A34H_A36R_B54S_B57V_A73D_rep2.pdb
2026-03-29 19:21:24 EDT ForkPoolWorker-83 INFO [__main__] Output: 1.0_relaxed_wt_1_A27E_A31K_A34K_A36H_B54G_B57D_A73Q_rep1.pdb
2026-03-29 19:21:25 EDT ForkPoolWorker-35 INFO [__main__] Output: 1.0_relaxed_wt_1_A27L_A31L_A34P_A36T_B54L_B57I_rep1.pdb
2026-03-29 19:21:25 EDT ForkPoolWorker-57 INFO [__main__] Output: 1.0_relaxed_wt_1_A27D_A31E_A34T_A36M_B54E_B57V_A73K_rep1.pdb
2026-03-29 19:21:26 EDT ForkPoolWorker-8 INFO [__main__] Output: 1.0_relaxed_wt_1_A27D_A31V_A34V_A36I_B57T_A73P_rep3.pdb
2026-03-29 19:21:26 EDT ForkPoolWorker-28 INFO [__main__] Output: 1.0_relaxed_wt_1_A27Y_A31E_A36I_B57E_A73T_rep4.pdb
2026-03-29 19:21:26 EDT ForkPoolWorker-73 INFO [__main__] Output: 1.0_relaxed_wt_1_A27E_A31K_A34K_A36H_B54G_B57D_A73Q_rep3.pdb
2026-03-29 19:21:28 EDT ForkPoolWorker-30 INFO [__main__] Output: 1.0_relaxed_wt_1_A27E_A31R_A34H_A36H_B54D_B57V_A73S_rep3.pdb
2026-03-29 19:21:28 EDT ForkPoolWorker-18 INFO [__main__] Output: 1.0_relaxed_wt_1_A27L_A31F_A34V_A36E_B54I_B57A_A73T_rep1.pdb
2026-03-29 19:21:28 EDT ForkPoolWorker-66 INFO [__main__] Output: 1.0_relaxed_wt_1_A27E_A31K_A34E_A36R_B54H_B57L_A73Y_rep2.pdb
2026-03-29 19:21:29 EDT ForkPoolWorker-20 INFO [__main__] Output: 1.0_relaxed_wt_1_A27D_A31V_A34V_A36I_B57T_A73P_rep4.pdb
2026-03-29 19:21:29 EDT ForkPoolWorker-84 INFO [__main__] Output: 1.0_relaxed_wt_1_A27K_A31H_A34D_A36P_B54V_B57Q_A73N_rep1.pdb
2026-03-29 19:21:29 EDT ForkPoolWorker-25 INFO [__main__] Output: 1.0_relaxed_wt_1_A27Y_A31E_A36I_B57E_A73T_rep1.pdb
2026-03-29 19:21:30 EDT ForkPoolWorker-100 INFO [__main__] Output: 1.0_relaxed_wt_1_A27E_A31G_A34V_A36R_B54Y_B57E_A73C_rep3.pdb
2026-03-29 19:21:31 EDT ForkPoolWorker-85 INFO [__main__] Output: 1.0_relaxed_wt_1_A27K_A31F_A34M_A36K_B54I_B57I_A73I_rep1.pdb
2026-03-29 19:21:31 EDT ForkPoolWorker-63 INFO [__main__] Output: 1.0_relaxed_wt_1_A27K_A31H_A34D_A36P_B54V_B57Q_A73N_rep3.pdb
2026-03-29 19:21:32 EDT ForkPoolWorker-53 INFO [__main__] Output: 1.0_relaxed_wt_1_A27D_A31V_A34E_A36T_B54M_B57P_rep3.pdb
2026-03-29 19:21:32 EDT ForkPoolWorker-91 INFO [__main__] Output: 1.0_relaxed_wt_1_A27K_A31Y_A34D_A36K_B54L_B57M_rep1.pdb
2026-03-29 19:21:32 EDT ForkPoolWorker-24 INFO [__main__] Output: 1.0_relaxed_wt_1_A27L_A31F_A34V_A36E_B54I_B57A_A73T_rep5.pdb
2026-03-29 19:21:33 EDT ForkPoolWorker-56 INFO [__main__] Output: 1.0_relaxed_wt_1_A27K_A31Y_A34D_A36K_B54L_B57M_rep4.pdb
2026-03-29 19:21:33 EDT ForkPoolWorker-69 INFO [__main__] Output: 1.0_relaxed_wt_1_A27K_A31H_A34D_A36P_B54V_B57Q_A73N_rep2.pdb
2026-03-29 19:21:35 EDT ForkPoolWorker-80 INFO [__main__] Output: 1.0_relaxed_wt_1_A27K_A31Y_A34D_A36K_B54L_B57M_rep3.pdb
2026-03-29 19:21:39 EDT ForkPoolWorker-74 INFO [__main__] Output: 1.0_relaxed_wt_1_A27K_A31Y_A34D_A36K_B54L_B57M_rep2.pdb
2026-03-29 19:25:25 EDT ForkPoolWorker-61 INFO [__main__] Output: 1.0_relaxed_wt_1_A27E_A31Q_A34W_A36W_B54W_B57P_A73E_rep1.pdb
2026-03-29 19:25:48 EDT ForkPoolWorker-36 INFO [__main__] Output: 1.0_relaxed_wt_1_A27E_A31Q_A34W_A36W_B54W_B57P_A73E_rep3.pdb
2026-03-29 19:25:55 EDT ForkPoolWorker-59 INFO [__main__] Output: 1.0_relaxed_wt_1_A27K_A31A_A34V_A36F_B54Q_B57V_A73M_rep1.pdb
2026-03-29 19:25:59 EDT ForkPoolWorker-82 INFO [__main__] Output: 1.0_relaxed_wt_1_A27K_A31A_A34V_A36F_B54Q_B57V_A73M_rep3.pdb
2026-03-29 19:26:00 EDT ForkPoolWorker-41 INFO [__main__] Output: 1.0_relaxed_wt_1_A27E_A31F_A34D_A36L_B54H_B57R_A73L_rep1.pdb
2026-03-29 19:26:02 EDT ForkPoolWorker-42 INFO [__main__] Output: 1.0_relaxed_wt_1_A27D_A31F_A36E_B54W_B57L_A73V_rep2.pdb
2026-03-29 19:26:03 EDT ForkPoolWorker-29 INFO [__main__] Output: 1.0_relaxed_wt_1_A27S_A31Y_A34H_A36W_B54F_B57C_A73C_rep3.pdb
2026-03-29 19:26:04 EDT ForkPoolWorker-65 INFO [__main__] Output: 1.0_relaxed_wt_1_A27K_A31A_A34V_A36F_B54Q_B57V_A73M_rep2.pdb
2026-03-29 19:26:05 EDT ForkPoolWorker-17 INFO [__main__] Output: 1.0_relaxed_wt_1_A27D_A31F_A36E_B54W_B57L_A73V_rep1.pdb
2026-03-29 19:26:06 EDT ForkPoolWorker-94 INFO [__main__] Output: 1.0_relaxed_wt_1_A27E_A31Q_A34W_A36W_B54W_B57P_A73E_rep2.pdb
2026-03-29 19:26:08 EDT ForkPoolWorker-40 INFO [__main__] Output: 1.0_relaxed_wt_1_A27I_A31F_A34T_A36V_B54V_B57H_A73M_rep1.pdb
2026-03-29 19:26:08 EDT ForkPoolWorker-45 INFO [__main__] Output: 1.0_relaxed_wt_1_A27K_A31R_A34T_A36I_B54D_B57F_A73L_rep2.pdb
2026-03-29 19:26:08 EDT ForkPoolWorker-4 INFO [__main__] Output: 1.0_relaxed_wt_1_A27D_A31G_A34Y_A36A_B54A_B57M_A73D_rep3.pdb
2026-03-29 19:26:08 EDT ForkPoolWorker-9 INFO [__main__] Output: 1.0_relaxed_wt_1_A27K_A31R_A34T_A36I_B54D_B57F_A73L_rep5.pdb
2026-03-29 19:26:08 EDT ForkPoolWorker-96 INFO [__main__] Output: 1.0_relaxed_wt_1_A27E_A31E_A34A_A36W_B54K_B57I_A73K_rep3.pdb
2026-03-29 19:26:09 EDT ForkPoolWorker-47 INFO [__main__] Output: 1.0_relaxed_wt_1_A27D_A31F_A36E_B54W_B57L_A73V_rep3.pdb
2026-03-29 19:26:09 EDT ForkPoolWorker-49 INFO [__main__] Output: 1.0_relaxed_wt_1_A27D_A31F_A36E_B54W_B57L_A73V_rep5.pdb
2026-03-29 19:26:10 EDT ForkPoolWorker-46 INFO [__main__] Output: 1.0_relaxed_wt_1_A27K_A31A_A34V_A36F_B54Q_B57V_A73M_rep5.pdb
2026-03-29 19:26:10 EDT ForkPoolWorker-34 INFO [__main__] Output: 1.0_relaxed_wt_1_A27D_A31G_A34Y_A36A_B54A_B57M_A73D_rep2.pdb
2026-03-29 19:26:10 EDT ForkPoolWorker-90 INFO [__main__] Output: 1.0_relaxed_wt_1_A27E_A31F_A34D_A36L_B54H_B57R_A73L_rep4.pdb
2026-03-29 19:26:10 EDT ForkPoolWorker-86 INFO [__main__] Output: 1.0_relaxed_wt_1_A27S_A31Y_A34H_A36W_B54F_B57C_A73C_rep1.pdb
2026-03-29 19:26:11 EDT ForkPoolWorker-81 INFO [__main__] Output: 1.0_relaxed_wt_1_A27K_A31A_A34V_A36F_B54Q_B57V_A73M_rep4.pdb
2026-03-29 19:26:12 EDT ForkPoolWorker-64 INFO [__main__] Output: 1.0_relaxed_wt_1_A27K_A31R_A34T_A36I_B54D_B57F_A73L_rep1.pdb
2026-03-29 19:26:12 EDT ForkPoolWorker-67 INFO [__main__] Output: 1.0_relaxed_wt_1_A27K_A31R_A34T_A36I_B54D_B57F_A73L_rep4.pdb
2026-03-29 19:26:12 EDT ForkPoolWorker-68 INFO [__main__] Output: 1.0_relaxed_wt_1_A27E_A31F_A34D_A36L_B54H_B57R_A73L_rep3.pdb
2026-03-29 19:26:12 EDT ForkPoolWorker-44 INFO [__main__] Output: 1.0_relaxed_wt_1_A27D_A31F_A36E_B54W_B57L_A73V_rep4.pdb
2026-03-29 19:26:14 EDT ForkPoolWorker-92 INFO [__main__] Output: 1.0_relaxed_wt_1_A27K_A31R_A34T_A36I_B54D_B57F_A73L_rep3.pdb
2026-03-29 19:26:14 EDT ForkPoolWorker-32 INFO [__main__] Output: 1.0_relaxed_wt_1_A27E_A31F_A34D_A36L_B54H_B57R_A73L_rep2.pdb
2026-03-29 19:26:14 EDT ForkPoolWorker-48 INFO [__main__] Output: 1.0_relaxed_wt_1_A27E_A31Q_A34W_A36W_B54W_B57P_A73E_rep5.pdb
2026-03-29 19:26:14 EDT ForkPoolWorker-97 INFO [__main__] Output: 1.0_relaxed_wt_1_A27E_A31Q_A34W_A36W_B54W_B57P_A73E_rep4.pdb
2026-03-29 19:26:16 EDT ForkPoolWorker-62 INFO [__main__] Output: 1.0_relaxed_wt_1_A27E_A31L_A34W_A36W_B54K_B57Y_A73E_rep5.pdb
2026-03-29 19:26:16 EDT ForkPoolWorker-23 INFO [__main__] Output: 1.0_relaxed_wt_1_A27N_A31V_A34P_A36H_B54Q_B57V_A73K_rep5.pdb
2026-03-29 19:26:17 EDT ForkPoolWorker-19 INFO [__main__] Output: 1.0_relaxed_wt_1_A27E_A31L_A34W_A36W_B54K_B57Y_A73E_rep3.pdb
2026-03-29 19:26:17 EDT ForkPoolWorker-95 INFO [__main__] Output: 1.0_relaxed_wt_1_A27I_A31F_A34T_A36V_B54V_B57H_A73M_rep4.pdb
2026-03-29 19:26:18 EDT ForkPoolWorker-89 INFO [__main__] Output: 1.0_relaxed_wt_1_A27N_A31V_A34P_A36H_B54Q_B57V_A73K_rep2.pdb
2026-03-29 19:26:18 EDT ForkPoolWorker-79 INFO [__main__] Output: 1.0_relaxed_wt_1_A27E_A31F_A34E_A36K_B54W_B57Q_A73K_rep5.pdb
2026-03-29 19:26:18 EDT ForkPoolWorker-2 INFO [__main__] Output: 1.0_relaxed_wt_1_A27I_A31F_A34T_A36V_B54V_B57H_A73M_rep3.pdb
2026-03-29 19:26:19 EDT ForkPoolWorker-71 INFO [__main__] Output: 1.0_relaxed_wt_1_A27E_A31F_A34E_A36K_B54W_B57Q_A73K_rep1.pdb
2026-03-29 19:26:19 EDT ForkPoolWorker-26 INFO [__main__] Output: 1.0_relaxed_wt_1_A27E_A31F_A34D_A36L_B54H_B57R_A73L_rep5.pdb
2026-03-29 19:26:19 EDT ForkPoolWorker-14 INFO [__main__] Output: 1.0_relaxed_wt_1_A27E_A31L_A34W_A36W_B54K_B57Y_A73E_rep1.pdb
2026-03-29 19:26:20 EDT ForkPoolWorker-88 INFO [__main__] Output: 1.0_relaxed_wt_1_A27D_A31G_A34Y_A36A_B54A_B57M_A73D_rep1.pdb
2026-03-29 19:26:20 EDT ForkPoolWorker-16 INFO [__main__] Output: 1.0_relaxed_wt_1_A27D_A31G_A34Y_A36A_B54A_B57M_A73D_rep5.pdb
2026-03-29 19:26:21 EDT ForkPoolWorker-10 INFO [__main__] Output: 1.0_relaxed_wt_1_A27D_A31C_A34F_A36A_B54M_B57F_A73M_rep4.pdb
2026-03-29 19:26:21 EDT ForkPoolWorker-76 INFO [__main__] Output: 1.0_relaxed_wt_1_A27E_A31L_A34W_A36W_B54K_B57Y_A73E_rep2.pdb
2026-03-29 19:26:22 EDT ForkPoolWorker-43 INFO [__main__] Output: 1.0_relaxed_wt_1_A27E_A31F_A34E_A36K_B54W_B57Q_A73K_rep4.pdb
2026-03-29 19:26:22 EDT ForkPoolWorker-35 INFO [__main__] Output: 1.0_relaxed_wt_1_A27D_A31R_A34P_A36D_B54Y_B57S_A73A_rep5.pdb
2026-03-29 19:26:22 EDT ForkPoolWorker-75 INFO [__main__] Output: 1.0_relaxed_wt_1_A27D_A31R_A34P_A36D_B54Y_B57S_A73A_rep3.pdb
2026-03-29 19:26:22 EDT ForkPoolWorker-51 INFO [__main__] Output: 1.0_relaxed_wt_1_A27D_A31P_A34K_A36A_B54W_B57R_A73C_rep2.pdb
2026-03-29 19:26:23 EDT ForkPoolWorker-38 INFO [__main__] Output: 1.0_relaxed_wt_1_A27E_A31E_A34A_A36W_B54K_B57I_A73K_rep2.pdb
2026-03-29 19:26:23 EDT ForkPoolWorker-1 INFO [__main__] Output: 1.0_relaxed_wt_1_A27I_A31F_A34T_A36V_B54V_B57H_A73M_rep2.pdb
2026-03-29 19:26:23 EDT ForkPoolWorker-5 INFO [__main__] Output: 1.0_relaxed_wt_1_A27D_A31C_A34F_A36A_B54M_B57F_A73M_rep1.pdb
2026-03-29 19:26:23 EDT ForkPoolWorker-77 INFO [__main__] Output: 1.0_relaxed_wt_1_A27D_A31R_A34P_A36D_B54Y_B57S_A73A_rep2.pdb
2026-03-29 19:26:23 EDT ForkPoolWorker-83 INFO [__main__] Output: 1.0_relaxed_wt_1_A27D_A31R_A34P_A36D_B54Y_B57S_A73A_rep4.pdb
2026-03-29 19:26:24 EDT ForkPoolWorker-8 INFO [__main__] Output: 1.0_relaxed_wt_1_A27D_A31A_A34C_A36Y_B54W_B57W_A73K_rep2.pdb
2026-03-29 19:26:24 EDT ForkPoolWorker-93 INFO [__main__] Output: 1.0_relaxed_wt_1_A27E_A31E_A34A_A36W_B54K_B57I_A73K_rep4.pdb
2026-03-29 19:26:24 EDT ForkPoolWorker-87 INFO [__main__] Output: 1.0_relaxed_wt_1_A27K_A31S_A34A_A36S_B54I_B57K_A73E_rep3.pdb
2026-03-29 19:26:24 EDT ForkPoolWorker-78 INFO [__main__] Output: 1.0_relaxed_wt_1_A27D_A31C_A34F_A36A_B54M_B57F_A73M_rep5.pdb
2026-03-29 19:26:24 EDT ForkPoolWorker-37 INFO [__main__] Output: 1.0_relaxed_wt_1_A27D_A31G_A34Y_A36A_B54A_B57M_A73D_rep4.pdb
2026-03-29 19:26:25 EDT ForkPoolWorker-31 INFO [__main__] Output: 1.0_relaxed_wt_1_A27N_A31V_A34P_A36H_B54Q_B57V_A73K_rep1.pdb
2026-03-29 19:26:25 EDT ForkPoolWorker-12 INFO [__main__] Output: 1.0_relaxed_wt_1_A27D_A31R_A34P_A36D_B54Y_B57S_A73A_rep1.pdb
2026-03-29 19:26:26 EDT ForkPoolWorker-33 INFO [__main__] Output: 1.0_relaxed_wt_1_A27I_A31F_A34T_A36V_B54V_B57H_A73M_rep5.pdb
2026-03-29 19:26:26 EDT ForkPoolWorker-91 INFO [__main__] Output: 1.0_relaxed_wt_1_A27K_A31H_A34H_A36F_B54Y_B57D_A73G_rep5.pdb
2026-03-29 19:26:26 EDT ForkPoolWorker-39 INFO [__main__] Output: 1.0_relaxed_wt_1_A27N_A31V_A34P_A36H_B54Q_B57V_A73K_rep4.pdb
2026-03-29 19:26:27 EDT ForkPoolWorker-27 INFO [__main__] Output: 1.0_relaxed_wt_1_A27E_A31E_A34A_A36W_B54K_B57I_A73K_rep1.pdb
2026-03-29 19:26:28 EDT ForkPoolWorker-98 INFO [__main__] Output: 1.0_relaxed_wt_1_A27S_A31Y_A34H_A36W_B54F_B57C_A73C_rep5.pdb
2026-03-29 19:26:28 EDT ForkPoolWorker-72 INFO [__main__] Output: 1.0_relaxed_wt_1_A27E_A31E_A34A_A36W_B54K_B57I_A73K_rep5.pdb
2026-03-29 19:26:28 EDT ForkPoolWorker-11 INFO [__main__] Output: 1.0_relaxed_wt_1_A27E_A31F_A34E_A36K_B54W_B57Q_A73K_rep2.pdb
2026-03-29 19:26:28 EDT ForkPoolWorker-55 INFO [__main__] Output: 1.0_relaxed_wt_1_A27D_A31C_A34F_A36A_B54M_B57F_A73M_rep2.pdb
2026-03-29 19:26:28 EDT ForkPoolWorker-54 INFO [__main__] Output: 1.0_relaxed_wt_1_A27E_A31F_A34E_A36K_B54W_B57Q_A73K_rep3.pdb
2026-03-29 19:26:28 EDT ForkPoolWorker-60 INFO [__main__] Output: 1.0_relaxed_wt_1_A27D_A31C_A34F_A36A_B54M_B57F_A73M_rep3.pdb
2026-03-29 19:26:28 EDT ForkPoolWorker-21 INFO [__main__] Output: 1.0_relaxed_wt_1_A27K_A31S_A34A_A36S_B54I_B57K_A73E_rep2.pdb
2026-03-29 19:26:28 EDT ForkPoolWorker-15 INFO [__main__] Output: 1.0_relaxed_wt_1_A27K_A31S_A34A_A36S_B54I_B57K_A73E_rep1.pdb
2026-03-29 19:26:29 EDT ForkPoolWorker-18 INFO [__main__] Output: 1.0_relaxed_wt_1_A27D_A31A_A34V_A36D_B54E_B57A_A73E_rep1.pdb
2026-03-29 19:26:29 EDT ForkPoolWorker-99 INFO [__main__] Output: 1.0_relaxed_wt_1_A27S_A31Y_A34H_A36W_B54F_B57C_A73C_rep4.pdb
2026-03-29 19:26:29 EDT ForkPoolWorker-73 INFO [__main__] Output: 1.0_relaxed_wt_1_A27D_A31A_A34C_A36Y_B54W_B57W_A73K_rep4.pdb
2026-03-29 19:26:30 EDT ForkPoolWorker-7 INFO [__main__] Output: 1.0_relaxed_wt_1_A27K_A31S_A34A_A36S_B54I_B57K_A73E_rep4.pdb
2026-03-29 19:26:30 EDT ForkPoolWorker-50 INFO [__main__] Output: 1.0_relaxed_wt_1_A27K_A31S_A34A_A36S_B54I_B57K_A73E_rep5.pdb
2026-03-29 19:26:30 EDT ForkPoolWorker-3 INFO [__main__] Output: 1.0_relaxed_wt_1_A27D_A31P_A34K_A36A_B54W_B57R_A73C_rep4.pdb
2026-03-29 19:26:30 EDT ForkPoolWorker-84 INFO [__main__] Output: 1.0_relaxed_wt_1_A27D_A31A_A34V_A36D_B54E_B57A_A73E_rep4.pdb
2026-03-29 19:26:30 EDT ForkPoolWorker-20 INFO [__main__] Output: 1.0_relaxed_wt_1_A27D_A31A_A34V_A36D_B54E_B57A_A73E_rep3.pdb
2026-03-29 19:26:31 EDT ForkPoolWorker-6 INFO [__main__] Output: 1.0_relaxed_wt_1_A27D_A31P_A34K_A36A_B54W_B57R_A73C_rep5.pdb
2026-03-29 19:26:31 EDT ForkPoolWorker-25 INFO [__main__] Output: 1.0_relaxed_wt_1_A27D_A31A_A34V_A36D_B54E_B57A_A73E_rep5.pdb
2026-03-29 19:26:31 EDT ForkPoolWorker-30 INFO [__main__] Output: 1.0_relaxed_wt_1_A27D_A31A_A34C_A36Y_B54W_B57W_A73K_rep5.pdb
2026-03-29 19:26:32 EDT ForkPoolWorker-70 INFO [__main__] Output: 1.0_relaxed_wt_1_A27N_A31V_A34P_A36H_B54Q_B57V_A73K_rep3.pdb
2026-03-29 19:26:32 EDT ForkPoolWorker-66 INFO [__main__] Output: 1.0_relaxed_wt_1_A27D_A31A_A34V_A36D_B54E_B57A_A73E_rep2.pdb
2026-03-29 19:26:33 EDT ForkPoolWorker-57 INFO [__main__] Output: 1.0_relaxed_wt_1_A27D_A31A_A34C_A36Y_B54W_B57W_A73K_rep1.pdb
2026-03-29 19:26:33 EDT ForkPoolWorker-58 INFO [__main__] Output: 1.0_relaxed_wt_1_A27S_A31Y_A34H_A36W_B54F_B57C_A73C_rep2.pdb
2026-03-29 19:26:35 EDT ForkPoolWorker-52 INFO [__main__] Output: 1.0_relaxed_wt_1_A27D_A31P_A34K_A36A_B54W_B57R_A73C_rep1.pdb
2026-03-29 19:26:35 EDT ForkPoolWorker-28 INFO [__main__] Output: 1.0_relaxed_wt_1_A27D_A31A_A34C_A36Y_B54W_B57W_A73K_rep3.pdb
2026-03-29 19:26:36 EDT ForkPoolWorker-85 INFO [__main__] Output: 1.0_relaxed_wt_1_A27K_A31H_A34H_A36F_B54Y_B57D_A73G_rep2.pdb
2026-03-29 19:26:36 EDT ForkPoolWorker-22 INFO [__main__] Output: 1.0_relaxed_wt_1_A27E_A31L_A34W_A36W_B54K_B57Y_A73E_rep4.pdb
2026-03-29 19:26:37 EDT ForkPoolWorker-100 INFO [__main__] Output: 1.0_relaxed_wt_1_A27K_A31H_A34H_A36F_B54Y_B57D_A73G_rep1.pdb
2026-03-29 19:26:37 EDT ForkPoolWorker-53 INFO [__main__] Output: 1.0_relaxed_wt_1_A27K_A31H_A34H_A36F_B54Y_B57D_A73G_rep4.pdb
2026-03-29 19:26:41 EDT ForkPoolWorker-63 INFO [__main__] Output: 1.0_relaxed_wt_1_A27K_A31H_A34H_A36F_B54Y_B57D_A73G_rep3.pdb
2026-03-29 19:26:43 EDT ForkPoolWorker-24 INFO [__main__] Output: 1.0_relaxed_wt_1_A27A_A31P_A34C_A36E_B54L_B57E_A73T_rep1.pdb
2026-03-29 19:26:49 EDT ForkPoolWorker-80 INFO [__main__] Output: 1.0_relaxed_wt_1_A27A_A31P_A34C_A36E_B54L_B57E_A73T_rep4.pdb
2026-03-29 19:26:49 EDT ForkPoolWorker-56 INFO [__main__] Output: 1.0_relaxed_wt_1_A27A_A31P_A34C_A36E_B54L_B57E_A73T_rep2.pdb
2026-03-29 19:26:51 EDT ForkPoolWorker-69 INFO [__main__] Output: 1.0_relaxed_wt_1_A27A_A31P_A34C_A36E_B54L_B57E_A73T_rep3.pdb
2026-03-29 19:26:52 EDT ForkPoolWorker-74 INFO [__main__] Output: 1.0_relaxed_wt_1_A27A_A31P_A34C_A36E_B54L_B57E_A73T_rep5.pdb
2026-03-29 19:26:52 EDT ForkPoolWorker-13 INFO [__main__] Output: 1.0_relaxed_wt_1_A27D_A31P_A34K_A36A_B54W_B57R_A73C_rep3.pdb
2026-03-29 19:29:39 EDT ForkPoolWorker-61 INFO [__main__] Output: 1.0_relaxed_wt_1_A27Q_A31S_A34C_A36Y_B54T_B57W_A73Q_rep1.pdb
2026-03-29 19:30:06 EDT ForkPoolWorker-36 INFO [__main__] Output: 1.0_relaxed_wt_1_A27Q_A31S_A34C_A36Y_B54T_B57W_A73Q_rep2.pdb
2026-03-29 19:30:12 EDT ForkPoolWorker-49 INFO [__main__] Output: 1.0_relaxed_wt_1_A27A_A31I_A34F_A36R_B57Y_A73H_rep2.pdb
2026-03-29 19:30:12 EDT ForkPoolWorker-92 INFO [__main__] Output: 1.0_relaxed_wt_1_A27E_A31S_A34T_A36A_B54G_B57W_A73Q_rep2.pdb
2026-03-29 19:30:14 EDT ForkPoolWorker-90 INFO [__main__] Output: 1.0_relaxed_wt_1_A27A_A31I_A34F_A36R_B57Y_A73H_rep5.pdb
2026-03-29 19:30:14 EDT ForkPoolWorker-59 INFO [__main__] Output: 1.0_relaxed_wt_1_A27Q_A31S_A34C_A36Y_B54T_B57W_A73Q_rep3.pdb
2026-03-29 19:30:15 EDT ForkPoolWorker-32 INFO [__main__] Output: 1.0_relaxed_wt_1_A27E_A31S_A34T_A36A_B54G_B57W_A73Q_rep3.pdb
2026-03-29 19:30:16 EDT ForkPoolWorker-34 INFO [__main__] Output: 1.0_relaxed_wt_1_A27A_A31I_A34F_A36R_B57Y_A73H_rep4.pdb
2026-03-29 19:30:17 EDT ForkPoolWorker-45 INFO [__main__] Output: 1.0_relaxed_wt_1_A27E_A31F_A34C_A36A_B57L_A73G_rep2.pdb
2026-03-29 19:30:18 EDT ForkPoolWorker-41 INFO [__main__] Output: 1.0_relaxed_wt_1_A27Q_A31S_A34C_A36Y_B54T_B57W_A73Q_rep5.pdb
2026-03-29 19:30:18 EDT ForkPoolWorker-82 INFO [__main__] Output: 1.0_relaxed_wt_1_A27Q_A31S_A34C_A36Y_B54T_B57W_A73Q_rep4.pdb
2026-03-29 19:30:18 EDT ForkPoolWorker-9 INFO [__main__] Output: 1.0_relaxed_wt_1_A27E_A31F_A34C_A36A_B57L_A73G_rep4.pdb
2026-03-29 19:30:18 EDT ForkPoolWorker-40 INFO [__main__] Output: 1.0_relaxed_wt_1_A27E_A31F_A34C_A36A_B57L_A73G_rep1.pdb
2026-03-29 19:30:18 EDT ForkPoolWorker-4 INFO [__main__] Output: 1.0_relaxed_wt_1_A27E_A31F_A34C_A36A_B57L_A73G_rep3.pdb
2026-03-29 19:30:20 EDT ForkPoolWorker-51 INFO [__main__] Output: 1.0_relaxed_wt_1_A27K_A31A_A36F_B54E_B57G_rep3.pdb
2026-03-29 19:30:20 EDT ForkPoolWorker-46 INFO [__main__] Output: 1.0_relaxed_wt_1_A27A_A31I_A34F_A36R_B57Y_A73H_rep3.pdb
2026-03-29 19:30:22 EDT ForkPoolWorker-64 INFO [__main__] Output: 1.0_relaxed_wt_1_A27L_A31A_A34Q_A36W_B54S_B57V_A73M_rep3.pdb
2026-03-29 19:30:23 EDT ForkPoolWorker-23 INFO [__main__] Output: 1.0_relaxed_wt_1_A27D_A31T_A34Q_B54Q_B57I_A73A_rep2.pdb
2026-03-29 19:30:24 EDT ForkPoolWorker-16 INFO [__main__] Output: 1.0_relaxed_wt_1_A27M_A31K_A34Q_A36P_B54V_B57Y_A73V_rep2.pdb
2026-03-29 19:30:24 EDT ForkPoolWorker-89 INFO [__main__] Output: 1.0_relaxed_wt_1_A27D_A31T_A34Q_B54Q_B57I_A73A_rep5.pdb
2026-03-29 19:30:24 EDT ForkPoolWorker-35 INFO [__main__] Output: 1.0_relaxed_wt_1_A27K_A31A_A36F_B54E_B57G_rep1.pdb
2026-03-29 19:30:24 EDT ForkPoolWorker-96 INFO [__main__] Output: 1.0_relaxed_wt_1_A27E_A31F_A34C_A36A_B57L_A73G_rep5.pdb
2026-03-29 19:30:26 EDT ForkPoolWorker-76 INFO [__main__] Output: 1.0_relaxed_wt_1_A27M_A31K_A34Q_A36P_B54V_B57Y_A73V_rep4.pdb
2026-03-29 19:30:28 EDT ForkPoolWorker-88 INFO [__main__] Output: 1.0_relaxed_wt_1_A27M_A31K_A34Q_A36P_B54V_B57Y_A73V_rep1.pdb
2026-03-29 19:30:28 EDT ForkPoolWorker-86 INFO [__main__] Output: 1.0_relaxed_wt_1_A27L_A31A_A34Q_A36W_B54S_B57V_A73M_rep1.pdb
2026-03-29 19:30:28 EDT ForkPoolWorker-62 INFO [__main__] Output: 1.0_relaxed_wt_1_A27D_A31T_A34Q_B54Q_B57I_A73A_rep1.pdb
2026-03-29 19:30:29 EDT ForkPoolWorker-81 INFO [__main__] Output: 1.0_relaxed_wt_1_A27L_A31A_A34Q_A36W_B54S_B57V_A73M_rep2.pdb
2026-03-29 19:30:29 EDT ForkPoolWorker-47 INFO [__main__] Output: 1.0_relaxed_wt_1_A27A_A31I_A34F_A36R_B57Y_A73H_rep1.pdb
2026-03-29 19:30:29 EDT ForkPoolWorker-67 INFO [__main__] Output: 1.0_relaxed_wt_1_A27L_A31A_A34Q_A36W_B54S_B57V_A73M_rep4.pdb
2026-03-29 19:30:29 EDT ForkPoolWorker-48 INFO [__main__] Output: 1.0_relaxed_wt_1_A27E_A31S_A34T_A36A_B54G_B57W_A73Q_rep4.pdb
2026-03-29 19:30:29 EDT ForkPoolWorker-43 INFO [__main__] Output: 1.0_relaxed_wt_1_A27M_A31K_A34Q_A36P_B54V_B57Y_A73V_rep5.pdb
2026-03-29 19:30:30 EDT ForkPoolWorker-75 INFO [__main__] Output: 1.0_relaxed_wt_1_A27K_A31A_A36F_B54E_B57G_rep2.pdb
2026-03-29 19:30:32 EDT ForkPoolWorker-95 INFO [__main__] Output: 1.0_relaxed_wt_1_A27D_A31T_A34Q_B54Q_B57I_A73A_rep4.pdb
2026-03-29 19:30:32 EDT ForkPoolWorker-68 INFO [__main__] Output: 1.0_relaxed_wt_1_A27L_A31A_A34Q_A36W_B54S_B57V_A73M_rep5.pdb
2026-03-29 19:30:33 EDT ForkPoolWorker-97 INFO [__main__] Output: 1.0_relaxed_wt_1_A27E_A31S_A34T_A36A_B54G_B57W_A73Q_rep5.pdb
2026-03-29 19:30:33 EDT ForkPoolWorker-71 INFO [__main__] Output: 1.0_relaxed_wt_1_A27D_A31S_A34Y_A36I_B54I_B57W_A73C_rep3.pdb
2026-03-29 19:30:34 EDT ForkPoolWorker-26 INFO [__main__] Output: 1.0_relaxed_wt_1_A27D_A31S_A34Y_A36I_B54I_B57W_A73C_rep4.pdb
2026-03-29 19:30:34 EDT ForkPoolWorker-10 INFO [__main__] Output: 1.0_relaxed_wt_1_A27M_A31K_A34Q_A36P_B54V_B57Y_A73V_rep3.pdb
2026-03-29 19:30:37 EDT ForkPoolWorker-79 INFO [__main__] Output: 1.0_relaxed_wt_1_A27D_A31S_A34Y_A36I_B54I_B57W_A73C_rep1.pdb
2026-03-29 19:30:37 EDT ForkPoolWorker-65 INFO [__main__] Output: 1.0_relaxed_wt_1_A27E_A31F_A34E_A36R_B54R_B57T_A73K_rep3.pdb
2026-03-29 19:30:37 EDT ForkPoolWorker-19 INFO [__main__] Output: 1.0_relaxed_wt_1_A27D_A31T_A34Q_B54Q_B57I_A73A_rep3.pdb
2026-03-29 19:30:37 EDT ForkPoolWorker-44 INFO [__main__] Output: 1.0_relaxed_wt_1_A27E_A31S_A34T_A36A_B54G_B57W_A73Q_rep1.pdb
2026-03-29 19:30:40 EDT ForkPoolWorker-38 INFO [__main__] Output: 1.0_relaxed_wt_1_A27K_A31A_A36F_B54E_B57G_rep4.pdb
2026-03-29 19:30:40 EDT ForkPoolWorker-29 INFO [__main__] Output: 1.0_relaxed_wt_1_A27E_A31F_A34E_A36R_B54R_B57T_A73K_rep2.pdb
2026-03-29 19:30:41 EDT ForkPoolWorker-17 INFO [__main__] Output: 1.0_relaxed_wt_1_A27E_A31F_A34E_A36R_B54R_B57T_A73K_rep4.pdb
2026-03-29 19:30:42 EDT ForkPoolWorker-2 INFO [__main__] Output: 1.0_relaxed_wt_1_A27D_A31S_A34Y_A36I_B54I_B57W_A73C_rep2.pdb
2026-03-29 19:30:42 EDT ForkPoolWorker-14 INFO [__main__] Output: 1.0_relaxed_wt_1_A27D_A31S_A34Y_A36I_B54I_B57W_A73C_rep5.pdb
2026-03-29 19:30:46 EDT ForkPoolWorker-94 INFO [__main__] Output: 1.0_relaxed_wt_1_A27E_A31F_A34E_A36R_B54R_B57T_A73K_rep5.pdb
2026-03-29 19:30:46 EDT ForkPoolWorker-1 INFO [__main__] Output: 1.0_relaxed_wt_1_A27K_A31A_A36F_B54E_B57G_rep5.pdb
2026-03-29 19:30:48 EDT ForkPoolWorker-42 INFO [__main__] Output: 1.0_relaxed_wt_1_A27E_A31F_A34E_A36R_B54R_B57T_A73K_rep1.pdb
2026-03-29 19:30:49 EDT MainProcess INFO [__main__] Script execution completed
