Using existing logs directory.
[DEBUG] Parsed R27E, N54V, N57K, R73Y -> [('A 27', 'E'), ('B 54', 'V'), ('B 57', 'K'), ('A 73', 'Y')]
[DEBUG] Parsed R27K, N54V, N57R, R73Y -> [('A 27', 'K'), ('B 54', 'V'), ('B 57', 'R'), ('A 73', 'Y')]
[DEBUG] Parsed N54V, N57R, R73W -> [('B 54', 'V'), ('B 57', 'R'), ('A 73', 'W')]
[DEBUG] Parsed N54V, R73L -> [('B 54', 'V'), ('A 73', 'L')]
[DEBUG] Parsed R27K, N54V, N57K, R73K -> [('A 27', 'K'), ('B 54', 'V'), ('B 57', 'K'), ('A 73', 'K')]
[DEBUG] Parsed R27E, N54V, R73Y -> [('A 27', 'E'), ('B 54', 'V'), ('A 73', 'Y')]
[DEBUG] Parsed R27K, N54V, N57K, R73Y -> [('A 27', 'K'), ('B 54', 'V'), ('B 57', 'K'), ('A 73', 'Y')]
[DEBUG] Parsed R27E, N54V, N57R, R73Y -> [('A 27', 'E'), ('B 54', 'V'), ('B 57', 'R'), ('A 73', 'Y')]
[DEBUG] Parsed R27K, N54V, R73L -> [('A 27', 'K'), ('B 54', 'V'), ('A 73', 'L')]
[DEBUG] Parsed R27S, N54I, N57K, R73Y -> [('A 27', 'S'), ('B 54', 'I'), ('B 57', 'K'), ('A 73', 'Y')]
[DEBUG] Parsed R27K, N54V, R73Y -> [('A 27', 'K'), ('B 54', 'V'), ('A 73', 'Y')]
[DEBUG] Parsed R27K, N54V, N57R, R73L -> [('A 27', 'K'), ('B 54', 'V'), ('B 57', 'R'), ('A 73', 'L')]
[DEBUG] Parsed R27V, N54V, N57K, R73L -> [('A 27', 'V'), ('B 54', 'V'), ('B 57', 'K'), ('A 73', 'L')]
[DEBUG] Parsed R27K, N54V, N57L, R73L -> [('A 27', 'K'), ('B 54', 'V'), ('B 57', 'L'), ('A 73', 'L')]
[DEBUG] Parsed N54V, R73Y -> [('B 54', 'V'), ('A 73', 'Y')]
[DEBUG] Parsed R27K, N54V, N57K, R73L -> [('A 27', 'K'), ('B 54', 'V'), ('B 57', 'K'), ('A 73', 'L')]
[DEBUG] Parsed N54V, N57R, R73L -> [('B 54', 'V'), ('B 57', 'R'), ('A 73', 'L')]
[DEBUG] Parsed N54I, R73Y -> [('B 54', 'I'), ('A 73', 'Y')]
[DEBUG] Parsed R27K, D31N, N54V, R73L -> [('A 27', 'K'), ('A 31', 'N'), ('B 54', 'V'), ('A 73', 'L')]
[DEBUG] Parsed N54V, N57L, R73K -> [('B 54', 'V'), ('B 57', 'L'), ('A 73', 'K')]
[DEBUG] Parsed R27K, N54V, N57K -> [('A 27', 'K'), ('B 54', 'V'), ('B 57', 'K')]
[DEBUG] Parsed R27K, N54V, N57H, R73Y -> [('A 27', 'K'), ('B 54', 'V'), ('B 57', 'H'), ('A 73', 'Y')]
[DEBUG] Parsed R27P, N54V, R73L -> [('A 27', 'P'), ('B 54', 'V'), ('A 73', 'L')]
[DEBUG] Parsed R27P, N54V, N57K, R73L -> [('A 27', 'P'), ('B 54', 'V'), ('B 57', 'K'), ('A 73', 'L')]
[DEBUG] Parsed N54V, R73T -> [('B 54', 'V'), ('A 73', 'T')]
[DEBUG] Parsed R27P, N54V, N57R, R73Q -> [('A 27', 'P'), ('B 54', 'V'), ('B 57', 'R'), ('A 73', 'Q')]
[DEBUG] Parsed R27K, N54I, R73L -> [('A 27', 'K'), ('B 54', 'I'), ('A 73', 'L')]
[DEBUG] Creating jobs for bundle: [('A 27', 'E'), ('B 54', 'V'), ('B 57', 'K'), ('A 73', 'Y')]
[DEBUG] Output file: /scratch/jgray21/zyhuggan/tryingggg/pos_neg_design/OrthoMPNN/Rosetta/output_pdbs/crystal_wt_pmpnn/0.4/0.4_relaxed_wt_1_A27E_B54V_B57K_A73Y_rep1.pdb
[DEBUG] Output file: /scratch/jgray21/zyhuggan/tryingggg/pos_neg_design/OrthoMPNN/Rosetta/output_pdbs/crystal_wt_pmpnn/0.4/0.4_relaxed_wt_1_A27E_B54V_B57K_A73Y_rep2.pdb
[DEBUG] Output file: /scratch/jgray21/zyhuggan/tryingggg/pos_neg_design/OrthoMPNN/Rosetta/output_pdbs/crystal_wt_pmpnn/0.4/0.4_relaxed_wt_1_A27E_B54V_B57K_A73Y_rep3.pdb
[DEBUG] Output file: /scratch/jgray21/zyhuggan/tryingggg/pos_neg_design/OrthoMPNN/Rosetta/output_pdbs/crystal_wt_pmpnn/0.4/0.4_relaxed_wt_1_A27E_B54V_B57K_A73Y_rep4.pdb
[DEBUG] Output file: /scratch/jgray21/zyhuggan/tryingggg/pos_neg_design/OrthoMPNN/Rosetta/output_pdbs/crystal_wt_pmpnn/0.4/0.4_relaxed_wt_1_A27E_B54V_B57K_A73Y_rep5.pdb
[DEBUG] Creating jobs for bundle: [('A 27', 'K'), ('B 54', 'V'), ('B 57', 'R'), ('A 73', 'Y')]
[DEBUG] Output file: /scratch/jgray21/zyhuggan/tryingggg/pos_neg_design/OrthoMPNN/Rosetta/output_pdbs/crystal_wt_pmpnn/0.4/0.4_relaxed_wt_1_A27K_B54V_B57R_A73Y_rep1.pdb
[DEBUG] Output file: /scratch/jgray21/zyhuggan/tryingggg/pos_neg_design/OrthoMPNN/Rosetta/output_pdbs/crystal_wt_pmpnn/0.4/0.4_relaxed_wt_1_A27K_B54V_B57R_A73Y_rep2.pdb
[DEBUG] Output file: /scratch/jgray21/zyhuggan/tryingggg/pos_neg_design/OrthoMPNN/Rosetta/output_pdbs/crystal_wt_pmpnn/0.4/0.4_relaxed_wt_1_A27K_B54V_B57R_A73Y_rep3.pdb
[DEBUG] Output file: /scratch/jgray21/zyhuggan/tryingggg/pos_neg_design/OrthoMPNN/Rosetta/output_pdbs/crystal_wt_pmpnn/0.4/0.4_relaxed_wt_1_A27K_B54V_B57R_A73Y_rep4.pdb
[DEBUG] Output file: /scratch/jgray21/zyhuggan/tryingggg/pos_neg_design/OrthoMPNN/Rosetta/output_pdbs/crystal_wt_pmpnn/0.4/0.4_relaxed_wt_1_A27K_B54V_B57R_A73Y_rep5.pdb
[DEBUG] Creating jobs for bundle: [('B 54', 'V'), ('B 57', 'R'), ('A 73', 'W')]
[DEBUG] Output file: /scratch/jgray21/zyhuggan/tryingggg/pos_neg_design/OrthoMPNN/Rosetta/output_pdbs/crystal_wt_pmpnn/0.4/0.4_relaxed_wt_1_B54V_B57R_A73W_rep1.pdb
[DEBUG] Output file: /scratch/jgray21/zyhuggan/tryingggg/pos_neg_design/OrthoMPNN/Rosetta/output_pdbs/crystal_wt_pmpnn/0.4/0.4_relaxed_wt_1_B54V_B57R_A73W_rep2.pdb
[DEBUG] Output file: /scratch/jgray21/zyhuggan/tryingggg/pos_neg_design/OrthoMPNN/Rosetta/output_pdbs/crystal_wt_pmpnn/0.4/0.4_relaxed_wt_1_B54V_B57R_A73W_rep3.pdb
[DEBUG] Output file: /scratch/jgray21/zyhuggan/tryingggg/pos_neg_design/OrthoMPNN/Rosetta/output_pdbs/crystal_wt_pmpnn/0.4/0.4_relaxed_wt_1_B54V_B57R_A73W_rep4.pdb
[DEBUG] Output file: /scratch/jgray21/zyhuggan/tryingggg/pos_neg_design/OrthoMPNN/Rosetta/output_pdbs/crystal_wt_pmpnn/0.4/0.4_relaxed_wt_1_B54V_B57R_A73W_rep5.pdb
[DEBUG] Creating jobs for bundle: [('B 54', 'V'), ('A 73', 'L')]
[DEBUG] Output file: /scratch/jgray21/zyhuggan/tryingggg/pos_neg_design/OrthoMPNN/Rosetta/output_pdbs/crystal_wt_pmpnn/0.4/0.4_relaxed_wt_1_B54V_A73L_rep1.pdb
[DEBUG] Output file: /scratch/jgray21/zyhuggan/tryingggg/pos_neg_design/OrthoMPNN/Rosetta/output_pdbs/crystal_wt_pmpnn/0.4/0.4_relaxed_wt_1_B54V_A73L_rep2.pdb
[DEBUG] Output file: /scratch/jgray21/zyhuggan/tryingggg/pos_neg_design/OrthoMPNN/Rosetta/output_pdbs/crystal_wt_pmpnn/0.4/0.4_relaxed_wt_1_B54V_A73L_rep3.pdb
[DEBUG] Output file: /scratch/jgray21/zyhuggan/tryingggg/pos_neg_design/OrthoMPNN/Rosetta/output_pdbs/crystal_wt_pmpnn/0.4/0.4_relaxed_wt_1_B54V_A73L_rep4.pdb
[DEBUG] Output file: /scratch/jgray21/zyhuggan/tryingggg/pos_neg_design/OrthoMPNN/Rosetta/output_pdbs/crystal_wt_pmpnn/0.4/0.4_relaxed_wt_1_B54V_A73L_rep5.pdb
[DEBUG] Creating jobs for bundle: [('A 27', 'K'), ('B 54', 'V'), ('B 57', 'K'), ('A 73', 'K')]
[DEBUG] Output file: /scratch/jgray21/zyhuggan/tryingggg/pos_neg_design/OrthoMPNN/Rosetta/output_pdbs/crystal_wt_pmpnn/0.4/0.4_relaxed_wt_1_A27K_B54V_B57K_A73K_rep1.pdb
[DEBUG] Output file: /scratch/jgray21/zyhuggan/tryingggg/pos_neg_design/OrthoMPNN/Rosetta/output_pdbs/crystal_wt_pmpnn/0.4/0.4_relaxed_wt_1_A27K_B54V_B57K_A73K_rep2.pdb
[DEBUG] Output file: /scratch/jgray21/zyhuggan/tryingggg/pos_neg_design/OrthoMPNN/Rosetta/output_pdbs/crystal_wt_pmpnn/0.4/0.4_relaxed_wt_1_A27K_B54V_B57K_A73K_rep3.pdb
[DEBUG] Output file: /scratch/jgray21/zyhuggan/tryingggg/pos_neg_design/OrthoMPNN/Rosetta/output_pdbs/crystal_wt_pmpnn/0.4/0.4_relaxed_wt_1_A27K_B54V_B57K_A73K_rep4.pdb
[DEBUG] Output file: /scratch/jgray21/zyhuggan/tryingggg/pos_neg_design/OrthoMPNN/Rosetta/output_pdbs/crystal_wt_pmpnn/0.4/0.4_relaxed_wt_1_A27K_B54V_B57K_A73K_rep5.pdb
[DEBUG] Creating jobs for bundle: [('A 27', 'E'), ('B 54', 'V'), ('A 73', 'Y')]
[DEBUG] Output file: /scratch/jgray21/zyhuggan/tryingggg/pos_neg_design/OrthoMPNN/Rosetta/output_pdbs/crystal_wt_pmpnn/0.4/0.4_relaxed_wt_1_A27E_B54V_A73Y_rep1.pdb
[DEBUG] Output file: /scratch/jgray21/zyhuggan/tryingggg/pos_neg_design/OrthoMPNN/Rosetta/output_pdbs/crystal_wt_pmpnn/0.4/0.4_relaxed_wt_1_A27E_B54V_A73Y_rep2.pdb
[DEBUG] Output file: /scratch/jgray21/zyhuggan/tryingggg/pos_neg_design/OrthoMPNN/Rosetta/output_pdbs/crystal_wt_pmpnn/0.4/0.4_relaxed_wt_1_A27E_B54V_A73Y_rep3.pdb
[DEBUG] Output file: /scratch/jgray21/zyhuggan/tryingggg/pos_neg_design/OrthoMPNN/Rosetta/output_pdbs/crystal_wt_pmpnn/0.4/0.4_relaxed_wt_1_A27E_B54V_A73Y_rep4.pdb
[DEBUG] Output file: /scratch/jgray21/zyhuggan/tryingggg/pos_neg_design/OrthoMPNN/Rosetta/output_pdbs/crystal_wt_pmpnn/0.4/0.4_relaxed_wt_1_A27E_B54V_A73Y_rep5.pdb
[DEBUG] Creating jobs for bundle: [('A 27', 'K'), ('B 54', 'V'), ('B 57', 'K'), ('A 73', 'Y')]
[DEBUG] Output file: /scratch/jgray21/zyhuggan/tryingggg/pos_neg_design/OrthoMPNN/Rosetta/output_pdbs/crystal_wt_pmpnn/0.4/0.4_relaxed_wt_1_A27K_B54V_B57K_A73Y_rep1.pdb
[DEBUG] Output file: /scratch/jgray21/zyhuggan/tryingggg/pos_neg_design/OrthoMPNN/Rosetta/output_pdbs/crystal_wt_pmpnn/0.4/0.4_relaxed_wt_1_A27K_B54V_B57K_A73Y_rep2.pdb
[DEBUG] Output file: /scratch/jgray21/zyhuggan/tryingggg/pos_neg_design/OrthoMPNN/Rosetta/output_pdbs/crystal_wt_pmpnn/0.4/0.4_relaxed_wt_1_A27K_B54V_B57K_A73Y_rep3.pdb
[DEBUG] Output file: /scratch/jgray21/zyhuggan/tryingggg/pos_neg_design/OrthoMPNN/Rosetta/output_pdbs/crystal_wt_pmpnn/0.4/0.4_relaxed_wt_1_A27K_B54V_B57K_A73Y_rep4.pdb
[DEBUG] Output file: /scratch/jgray21/zyhuggan/tryingggg/pos_neg_design/OrthoMPNN/Rosetta/output_pdbs/crystal_wt_pmpnn/0.4/0.4_relaxed_wt_1_A27K_B54V_B57K_A73Y_rep5.pdb
[DEBUG] Creating jobs for bundle: [('A 27', 'E'), ('B 54', 'V'), ('B 57', 'R'), ('A 73', 'Y')]
[DEBUG] Output file: /scratch/jgray21/zyhuggan/tryingggg/pos_neg_design/OrthoMPNN/Rosetta/output_pdbs/crystal_wt_pmpnn/0.4/0.4_relaxed_wt_1_A27E_B54V_B57R_A73Y_rep1.pdb
[DEBUG] Output file: /scratch/jgray21/zyhuggan/tryingggg/pos_neg_design/OrthoMPNN/Rosetta/output_pdbs/crystal_wt_pmpnn/0.4/0.4_relaxed_wt_1_A27E_B54V_B57R_A73Y_rep2.pdb
[DEBUG] Output file: /scratch/jgray21/zyhuggan/tryingggg/pos_neg_design/OrthoMPNN/Rosetta/output_pdbs/crystal_wt_pmpnn/0.4/0.4_relaxed_wt_1_A27E_B54V_B57R_A73Y_rep3.pdb
[DEBUG] Output file: /scratch/jgray21/zyhuggan/tryingggg/pos_neg_design/OrthoMPNN/Rosetta/output_pdbs/crystal_wt_pmpnn/0.4/0.4_relaxed_wt_1_A27E_B54V_B57R_A73Y_rep4.pdb
[DEBUG] Output file: /scratch/jgray21/zyhuggan/tryingggg/pos_neg_design/OrthoMPNN/Rosetta/output_pdbs/crystal_wt_pmpnn/0.4/0.4_relaxed_wt_1_A27E_B54V_B57R_A73Y_rep5.pdb
[DEBUG] Creating jobs for bundle: [('A 27', 'K'), ('B 54', 'V'), ('A 73', 'L')]
[DEBUG] Output file: /scratch/jgray21/zyhuggan/tryingggg/pos_neg_design/OrthoMPNN/Rosetta/output_pdbs/crystal_wt_pmpnn/0.4/0.4_relaxed_wt_1_A27K_B54V_A73L_rep1.pdb
[DEBUG] Output file: /scratch/jgray21/zyhuggan/tryingggg/pos_neg_design/OrthoMPNN/Rosetta/output_pdbs/crystal_wt_pmpnn/0.4/0.4_relaxed_wt_1_A27K_B54V_A73L_rep2.pdb
[DEBUG] Output file: /scratch/jgray21/zyhuggan/tryingggg/pos_neg_design/OrthoMPNN/Rosetta/output_pdbs/crystal_wt_pmpnn/0.4/0.4_relaxed_wt_1_A27K_B54V_A73L_rep3.pdb
[DEBUG] Output file: /scratch/jgray21/zyhuggan/tryingggg/pos_neg_design/OrthoMPNN/Rosetta/output_pdbs/crystal_wt_pmpnn/0.4/0.4_relaxed_wt_1_A27K_B54V_A73L_rep4.pdb
[DEBUG] Output file: /scratch/jgray21/zyhuggan/tryingggg/pos_neg_design/OrthoMPNN/Rosetta/output_pdbs/crystal_wt_pmpnn/0.4/0.4_relaxed_wt_1_A27K_B54V_A73L_rep5.pdb
[DEBUG] Creating jobs for bundle: [('A 27', 'S'), ('B 54', 'I'), ('B 57', 'K'), ('A 73', 'Y')]
[DEBUG] Output file: /scratch/jgray21/zyhuggan/tryingggg/pos_neg_design/OrthoMPNN/Rosetta/output_pdbs/crystal_wt_pmpnn/0.4/0.4_relaxed_wt_1_A27S_B54I_B57K_A73Y_rep1.pdb
[DEBUG] Output file: /scratch/jgray21/zyhuggan/tryingggg/pos_neg_design/OrthoMPNN/Rosetta/output_pdbs/crystal_wt_pmpnn/0.4/0.4_relaxed_wt_1_A27S_B54I_B57K_A73Y_rep2.pdb
[DEBUG] Output file: /scratch/jgray21/zyhuggan/tryingggg/pos_neg_design/OrthoMPNN/Rosetta/output_pdbs/crystal_wt_pmpnn/0.4/0.4_relaxed_wt_1_A27S_B54I_B57K_A73Y_rep3.pdb
[DEBUG] Output file: /scratch/jgray21/zyhuggan/tryingggg/pos_neg_design/OrthoMPNN/Rosetta/output_pdbs/crystal_wt_pmpnn/0.4/0.4_relaxed_wt_1_A27S_B54I_B57K_A73Y_rep4.pdb
[DEBUG] Output file: /scratch/jgray21/zyhuggan/tryingggg/pos_neg_design/OrthoMPNN/Rosetta/output_pdbs/crystal_wt_pmpnn/0.4/0.4_relaxed_wt_1_A27S_B54I_B57K_A73Y_rep5.pdb
[DEBUG] Creating jobs for bundle: [('A 27', 'K'), ('B 54', 'V'), ('A 73', 'Y')]
[DEBUG] Output file: /scratch/jgray21/zyhuggan/tryingggg/pos_neg_design/OrthoMPNN/Rosetta/output_pdbs/crystal_wt_pmpnn/0.4/0.4_relaxed_wt_1_A27K_B54V_A73Y_rep1.pdb
[DEBUG] Output file: /scratch/jgray21/zyhuggan/tryingggg/pos_neg_design/OrthoMPNN/Rosetta/output_pdbs/crystal_wt_pmpnn/0.4/0.4_relaxed_wt_1_A27K_B54V_A73Y_rep2.pdb
[DEBUG] Output file: /scratch/jgray21/zyhuggan/tryingggg/pos_neg_design/OrthoMPNN/Rosetta/output_pdbs/crystal_wt_pmpnn/0.4/0.4_relaxed_wt_1_A27K_B54V_A73Y_rep3.pdb
[DEBUG] Output file: /scratch/jgray21/zyhuggan/tryingggg/pos_neg_design/OrthoMPNN/Rosetta/output_pdbs/crystal_wt_pmpnn/0.4/0.4_relaxed_wt_1_A27K_B54V_A73Y_rep4.pdb
[DEBUG] Output file: /scratch/jgray21/zyhuggan/tryingggg/pos_neg_design/OrthoMPNN/Rosetta/output_pdbs/crystal_wt_pmpnn/0.4/0.4_relaxed_wt_1_A27K_B54V_A73Y_rep5.pdb
[DEBUG] Creating jobs for bundle: [('A 27', 'K'), ('B 54', 'V'), ('B 57', 'R'), ('A 73', 'L')]
[DEBUG] Output file: /scratch/jgray21/zyhuggan/tryingggg/pos_neg_design/OrthoMPNN/Rosetta/output_pdbs/crystal_wt_pmpnn/0.4/0.4_relaxed_wt_1_A27K_B54V_B57R_A73L_rep1.pdb
[DEBUG] Output file: /scratch/jgray21/zyhuggan/tryingggg/pos_neg_design/OrthoMPNN/Rosetta/output_pdbs/crystal_wt_pmpnn/0.4/0.4_relaxed_wt_1_A27K_B54V_B57R_A73L_rep2.pdb
[DEBUG] Output file: /scratch/jgray21/zyhuggan/tryingggg/pos_neg_design/OrthoMPNN/Rosetta/output_pdbs/crystal_wt_pmpnn/0.4/0.4_relaxed_wt_1_A27K_B54V_B57R_A73L_rep3.pdb
[DEBUG] Output file: /scratch/jgray21/zyhuggan/tryingggg/pos_neg_design/OrthoMPNN/Rosetta/output_pdbs/crystal_wt_pmpnn/0.4/0.4_relaxed_wt_1_A27K_B54V_B57R_A73L_rep4.pdb
[DEBUG] Output file: /scratch/jgray21/zyhuggan/tryingggg/pos_neg_design/OrthoMPNN/Rosetta/output_pdbs/crystal_wt_pmpnn/0.4/0.4_relaxed_wt_1_A27K_B54V_B57R_A73L_rep5.pdb
[DEBUG] Creating jobs for bundle: [('A 27', 'V'), ('B 54', 'V'), ('B 57', 'K'), ('A 73', 'L')]
[DEBUG] Output file: /scratch/jgray21/zyhuggan/tryingggg/pos_neg_design/OrthoMPNN/Rosetta/output_pdbs/crystal_wt_pmpnn/0.4/0.4_relaxed_wt_1_A27V_B54V_B57K_A73L_rep1.pdb
[DEBUG] Output file: /scratch/jgray21/zyhuggan/tryingggg/pos_neg_design/OrthoMPNN/Rosetta/output_pdbs/crystal_wt_pmpnn/0.4/0.4_relaxed_wt_1_A27V_B54V_B57K_A73L_rep2.pdb
[DEBUG] Output file: /scratch/jgray21/zyhuggan/tryingggg/pos_neg_design/OrthoMPNN/Rosetta/output_pdbs/crystal_wt_pmpnn/0.4/0.4_relaxed_wt_1_A27V_B54V_B57K_A73L_rep3.pdb
[DEBUG] Output file: /scratch/jgray21/zyhuggan/tryingggg/pos_neg_design/OrthoMPNN/Rosetta/output_pdbs/crystal_wt_pmpnn/0.4/0.4_relaxed_wt_1_A27V_B54V_B57K_A73L_rep4.pdb
[DEBUG] Output file: /scratch/jgray21/zyhuggan/tryingggg/pos_neg_design/OrthoMPNN/Rosetta/output_pdbs/crystal_wt_pmpnn/0.4/0.4_relaxed_wt_1_A27V_B54V_B57K_A73L_rep5.pdb
[DEBUG] Creating jobs for bundle: [('A 27', 'K'), ('B 54', 'V'), ('B 57', 'L'), ('A 73', 'L')]
[DEBUG] Output file: /scratch/jgray21/zyhuggan/tryingggg/pos_neg_design/OrthoMPNN/Rosetta/output_pdbs/crystal_wt_pmpnn/0.4/0.4_relaxed_wt_1_A27K_B54V_B57L_A73L_rep1.pdb
[DEBUG] Output file: /scratch/jgray21/zyhuggan/tryingggg/pos_neg_design/OrthoMPNN/Rosetta/output_pdbs/crystal_wt_pmpnn/0.4/0.4_relaxed_wt_1_A27K_B54V_B57L_A73L_rep2.pdb
[DEBUG] Output file: /scratch/jgray21/zyhuggan/tryingggg/pos_neg_design/OrthoMPNN/Rosetta/output_pdbs/crystal_wt_pmpnn/0.4/0.4_relaxed_wt_1_A27K_B54V_B57L_A73L_rep3.pdb
[DEBUG] Output file: /scratch/jgray21/zyhuggan/tryingggg/pos_neg_design/OrthoMPNN/Rosetta/output_pdbs/crystal_wt_pmpnn/0.4/0.4_relaxed_wt_1_A27K_B54V_B57L_A73L_rep4.pdb
[DEBUG] Output file: /scratch/jgray21/zyhuggan/tryingggg/pos_neg_design/OrthoMPNN/Rosetta/output_pdbs/crystal_wt_pmpnn/0.4/0.4_relaxed_wt_1_A27K_B54V_B57L_A73L_rep5.pdb
[DEBUG] Creating jobs for bundle: [('B 54', 'V'), ('A 73', 'Y')]
[DEBUG] Output file: /scratch/jgray21/zyhuggan/tryingggg/pos_neg_design/OrthoMPNN/Rosetta/output_pdbs/crystal_wt_pmpnn/0.4/0.4_relaxed_wt_1_B54V_A73Y_rep1.pdb
[DEBUG] Output file: /scratch/jgray21/zyhuggan/tryingggg/pos_neg_design/OrthoMPNN/Rosetta/output_pdbs/crystal_wt_pmpnn/0.4/0.4_relaxed_wt_1_B54V_A73Y_rep2.pdb
[DEBUG] Output file: /scratch/jgray21/zyhuggan/tryingggg/pos_neg_design/OrthoMPNN/Rosetta/output_pdbs/crystal_wt_pmpnn/0.4/0.4_relaxed_wt_1_B54V_A73Y_rep3.pdb
[DEBUG] Output file: /scratch/jgray21/zyhuggan/tryingggg/pos_neg_design/OrthoMPNN/Rosetta/output_pdbs/crystal_wt_pmpnn/0.4/0.4_relaxed_wt_1_B54V_A73Y_rep4.pdb
[DEBUG] Output file: /scratch/jgray21/zyhuggan/tryingggg/pos_neg_design/OrthoMPNN/Rosetta/output_pdbs/crystal_wt_pmpnn/0.4/0.4_relaxed_wt_1_B54V_A73Y_rep5.pdb
[DEBUG] Creating jobs for bundle: [('A 27', 'K'), ('B 54', 'V'), ('B 57', 'K'), ('A 73', 'L')]
[DEBUG] Output file: /scratch/jgray21/zyhuggan/tryingggg/pos_neg_design/OrthoMPNN/Rosetta/output_pdbs/crystal_wt_pmpnn/0.4/0.4_relaxed_wt_1_A27K_B54V_B57K_A73L_rep1.pdb
[DEBUG] Output file: /scratch/jgray21/zyhuggan/tryingggg/pos_neg_design/OrthoMPNN/Rosetta/output_pdbs/crystal_wt_pmpnn/0.4/0.4_relaxed_wt_1_A27K_B54V_B57K_A73L_rep2.pdb
[DEBUG] Output file: /scratch/jgray21/zyhuggan/tryingggg/pos_neg_design/OrthoMPNN/Rosetta/output_pdbs/crystal_wt_pmpnn/0.4/0.4_relaxed_wt_1_A27K_B54V_B57K_A73L_rep3.pdb
[DEBUG] Output file: /scratch/jgray21/zyhuggan/tryingggg/pos_neg_design/OrthoMPNN/Rosetta/output_pdbs/crystal_wt_pmpnn/0.4/0.4_relaxed_wt_1_A27K_B54V_B57K_A73L_rep4.pdb
[DEBUG] Output file: /scratch/jgray21/zyhuggan/tryingggg/pos_neg_design/OrthoMPNN/Rosetta/output_pdbs/crystal_wt_pmpnn/0.4/0.4_relaxed_wt_1_A27K_B54V_B57K_A73L_rep5.pdb
[DEBUG] Creating jobs for bundle: [('B 54', 'V'), ('B 57', 'R'), ('A 73', 'L')]
[DEBUG] Output file: /scratch/jgray21/zyhuggan/tryingggg/pos_neg_design/OrthoMPNN/Rosetta/output_pdbs/crystal_wt_pmpnn/0.4/0.4_relaxed_wt_1_B54V_B57R_A73L_rep1.pdb
[DEBUG] Output file: /scratch/jgray21/zyhuggan/tryingggg/pos_neg_design/OrthoMPNN/Rosetta/output_pdbs/crystal_wt_pmpnn/0.4/0.4_relaxed_wt_1_B54V_B57R_A73L_rep2.pdb
[DEBUG] Output file: /scratch/jgray21/zyhuggan/tryingggg/pos_neg_design/OrthoMPNN/Rosetta/output_pdbs/crystal_wt_pmpnn/0.4/0.4_relaxed_wt_1_B54V_B57R_A73L_rep3.pdb
[DEBUG] Output file: /scratch/jgray21/zyhuggan/tryingggg/pos_neg_design/OrthoMPNN/Rosetta/output_pdbs/crystal_wt_pmpnn/0.4/0.4_relaxed_wt_1_B54V_B57R_A73L_rep4.pdb
[DEBUG] Output file: /scratch/jgray21/zyhuggan/tryingggg/pos_neg_design/OrthoMPNN/Rosetta/output_pdbs/crystal_wt_pmpnn/0.4/0.4_relaxed_wt_1_B54V_B57R_A73L_rep5.pdb
[DEBUG] Creating jobs for bundle: [('B 54', 'I'), ('A 73', 'Y')]
[DEBUG] Output file: /scratch/jgray21/zyhuggan/tryingggg/pos_neg_design/OrthoMPNN/Rosetta/output_pdbs/crystal_wt_pmpnn/0.4/0.4_relaxed_wt_1_B54I_A73Y_rep1.pdb
[DEBUG] Output file: /scratch/jgray21/zyhuggan/tryingggg/pos_neg_design/OrthoMPNN/Rosetta/output_pdbs/crystal_wt_pmpnn/0.4/0.4_relaxed_wt_1_B54I_A73Y_rep2.pdb
[DEBUG] Output file: /scratch/jgray21/zyhuggan/tryingggg/pos_neg_design/OrthoMPNN/Rosetta/output_pdbs/crystal_wt_pmpnn/0.4/0.4_relaxed_wt_1_B54I_A73Y_rep3.pdb
[DEBUG] Output file: /scratch/jgray21/zyhuggan/tryingggg/pos_neg_design/OrthoMPNN/Rosetta/output_pdbs/crystal_wt_pmpnn/0.4/0.4_relaxed_wt_1_B54I_A73Y_rep4.pdb
[DEBUG] Output file: /scratch/jgray21/zyhuggan/tryingggg/pos_neg_design/OrthoMPNN/Rosetta/output_pdbs/crystal_wt_pmpnn/0.4/0.4_relaxed_wt_1_B54I_A73Y_rep5.pdb
[DEBUG] Creating jobs for bundle: [('A 27', 'K'), ('A 31', 'N'), ('B 54', 'V'), ('A 73', 'L')]
[DEBUG] Output file: /scratch/jgray21/zyhuggan/tryingggg/pos_neg_design/OrthoMPNN/Rosetta/output_pdbs/crystal_wt_pmpnn/0.4/0.4_relaxed_wt_1_A27K_A31N_B54V_A73L_rep1.pdb
[DEBUG] Output file: /scratch/jgray21/zyhuggan/tryingggg/pos_neg_design/OrthoMPNN/Rosetta/output_pdbs/crystal_wt_pmpnn/0.4/0.4_relaxed_wt_1_A27K_A31N_B54V_A73L_rep2.pdb
[DEBUG] Output file: /scratch/jgray21/zyhuggan/tryingggg/pos_neg_design/OrthoMPNN/Rosetta/output_pdbs/crystal_wt_pmpnn/0.4/0.4_relaxed_wt_1_A27K_A31N_B54V_A73L_rep3.pdb
[DEBUG] Output file: /scratch/jgray21/zyhuggan/tryingggg/pos_neg_design/OrthoMPNN/Rosetta/output_pdbs/crystal_wt_pmpnn/0.4/0.4_relaxed_wt_1_A27K_A31N_B54V_A73L_rep4.pdb
[DEBUG] Output file: /scratch/jgray21/zyhuggan/tryingggg/pos_neg_design/OrthoMPNN/Rosetta/output_pdbs/crystal_wt_pmpnn/0.4/0.4_relaxed_wt_1_A27K_A31N_B54V_A73L_rep5.pdb
[DEBUG] Creating jobs for bundle: [('B 54', 'V'), ('B 57', 'L'), ('A 73', 'K')]
[DEBUG] Output file: /scratch/jgray21/zyhuggan/tryingggg/pos_neg_design/OrthoMPNN/Rosetta/output_pdbs/crystal_wt_pmpnn/0.4/0.4_relaxed_wt_1_B54V_B57L_A73K_rep1.pdb
[DEBUG] Output file: /scratch/jgray21/zyhuggan/tryingggg/pos_neg_design/OrthoMPNN/Rosetta/output_pdbs/crystal_wt_pmpnn/0.4/0.4_relaxed_wt_1_B54V_B57L_A73K_rep2.pdb
[DEBUG] Output file: /scratch/jgray21/zyhuggan/tryingggg/pos_neg_design/OrthoMPNN/Rosetta/output_pdbs/crystal_wt_pmpnn/0.4/0.4_relaxed_wt_1_B54V_B57L_A73K_rep3.pdb
[DEBUG] Output file: /scratch/jgray21/zyhuggan/tryingggg/pos_neg_design/OrthoMPNN/Rosetta/output_pdbs/crystal_wt_pmpnn/0.4/0.4_relaxed_wt_1_B54V_B57L_A73K_rep4.pdb
[DEBUG] Output file: /scratch/jgray21/zyhuggan/tryingggg/pos_neg_design/OrthoMPNN/Rosetta/output_pdbs/crystal_wt_pmpnn/0.4/0.4_relaxed_wt_1_B54V_B57L_A73K_rep5.pdb
[DEBUG] Creating jobs for bundle: [('A 27', 'K'), ('B 54', 'V'), ('B 57', 'K')]
[DEBUG] Output file: /scratch/jgray21/zyhuggan/tryingggg/pos_neg_design/OrthoMPNN/Rosetta/output_pdbs/crystal_wt_pmpnn/0.4/0.4_relaxed_wt_1_A27K_B54V_B57K_rep1.pdb
[DEBUG] Output file: /scratch/jgray21/zyhuggan/tryingggg/pos_neg_design/OrthoMPNN/Rosetta/output_pdbs/crystal_wt_pmpnn/0.4/0.4_relaxed_wt_1_A27K_B54V_B57K_rep2.pdb
[DEBUG] Output file: /scratch/jgray21/zyhuggan/tryingggg/pos_neg_design/OrthoMPNN/Rosetta/output_pdbs/crystal_wt_pmpnn/0.4/0.4_relaxed_wt_1_A27K_B54V_B57K_rep3.pdb
[DEBUG] Output file: /scratch/jgray21/zyhuggan/tryingggg/pos_neg_design/OrthoMPNN/Rosetta/output_pdbs/crystal_wt_pmpnn/0.4/0.4_relaxed_wt_1_A27K_B54V_B57K_rep4.pdb
[DEBUG] Output file: /scratch/jgray21/zyhuggan/tryingggg/pos_neg_design/OrthoMPNN/Rosetta/output_pdbs/crystal_wt_pmpnn/0.4/0.4_relaxed_wt_1_A27K_B54V_B57K_rep5.pdb
[DEBUG] Creating jobs for bundle: [('A 27', 'K'), ('B 54', 'V'), ('B 57', 'H'), ('A 73', 'Y')]
[DEBUG] Output file: /scratch/jgray21/zyhuggan/tryingggg/pos_neg_design/OrthoMPNN/Rosetta/output_pdbs/crystal_wt_pmpnn/0.4/0.4_relaxed_wt_1_A27K_B54V_B57H_A73Y_rep1.pdb
[DEBUG] Output file: /scratch/jgray21/zyhuggan/tryingggg/pos_neg_design/OrthoMPNN/Rosetta/output_pdbs/crystal_wt_pmpnn/0.4/0.4_relaxed_wt_1_A27K_B54V_B57H_A73Y_rep2.pdb
[DEBUG] Output file: /scratch/jgray21/zyhuggan/tryingggg/pos_neg_design/OrthoMPNN/Rosetta/output_pdbs/crystal_wt_pmpnn/0.4/0.4_relaxed_wt_1_A27K_B54V_B57H_A73Y_rep3.pdb
[DEBUG] Output file: /scratch/jgray21/zyhuggan/tryingggg/pos_neg_design/OrthoMPNN/Rosetta/output_pdbs/crystal_wt_pmpnn/0.4/0.4_relaxed_wt_1_A27K_B54V_B57H_A73Y_rep4.pdb
[DEBUG] Output file: /scratch/jgray21/zyhuggan/tryingggg/pos_neg_design/OrthoMPNN/Rosetta/output_pdbs/crystal_wt_pmpnn/0.4/0.4_relaxed_wt_1_A27K_B54V_B57H_A73Y_rep5.pdb
[DEBUG] Creating jobs for bundle: [('A 27', 'P'), ('B 54', 'V'), ('A 73', 'L')]
[DEBUG] Output file: /scratch/jgray21/zyhuggan/tryingggg/pos_neg_design/OrthoMPNN/Rosetta/output_pdbs/crystal_wt_pmpnn/0.4/0.4_relaxed_wt_1_A27P_B54V_A73L_rep1.pdb
[DEBUG] Output file: /scratch/jgray21/zyhuggan/tryingggg/pos_neg_design/OrthoMPNN/Rosetta/output_pdbs/crystal_wt_pmpnn/0.4/0.4_relaxed_wt_1_A27P_B54V_A73L_rep2.pdb
[DEBUG] Output file: /scratch/jgray21/zyhuggan/tryingggg/pos_neg_design/OrthoMPNN/Rosetta/output_pdbs/crystal_wt_pmpnn/0.4/0.4_relaxed_wt_1_A27P_B54V_A73L_rep3.pdb
[DEBUG] Output file: /scratch/jgray21/zyhuggan/tryingggg/pos_neg_design/OrthoMPNN/Rosetta/output_pdbs/crystal_wt_pmpnn/0.4/0.4_relaxed_wt_1_A27P_B54V_A73L_rep4.pdb
[DEBUG] Output file: /scratch/jgray21/zyhuggan/tryingggg/pos_neg_design/OrthoMPNN/Rosetta/output_pdbs/crystal_wt_pmpnn/0.4/0.4_relaxed_wt_1_A27P_B54V_A73L_rep5.pdb
[DEBUG] Creating jobs for bundle: [('A 27', 'P'), ('B 54', 'V'), ('B 57', 'K'), ('A 73', 'L')]
[DEBUG] Output file: /scratch/jgray21/zyhuggan/tryingggg/pos_neg_design/OrthoMPNN/Rosetta/output_pdbs/crystal_wt_pmpnn/0.4/0.4_relaxed_wt_1_A27P_B54V_B57K_A73L_rep1.pdb
[DEBUG] Output file: /scratch/jgray21/zyhuggan/tryingggg/pos_neg_design/OrthoMPNN/Rosetta/output_pdbs/crystal_wt_pmpnn/0.4/0.4_relaxed_wt_1_A27P_B54V_B57K_A73L_rep2.pdb
[DEBUG] Output file: /scratch/jgray21/zyhuggan/tryingggg/pos_neg_design/OrthoMPNN/Rosetta/output_pdbs/crystal_wt_pmpnn/0.4/0.4_relaxed_wt_1_A27P_B54V_B57K_A73L_rep3.pdb
[DEBUG] Output file: /scratch/jgray21/zyhuggan/tryingggg/pos_neg_design/OrthoMPNN/Rosetta/output_pdbs/crystal_wt_pmpnn/0.4/0.4_relaxed_wt_1_A27P_B54V_B57K_A73L_rep4.pdb
[DEBUG] Output file: /scratch/jgray21/zyhuggan/tryingggg/pos_neg_design/OrthoMPNN/Rosetta/output_pdbs/crystal_wt_pmpnn/0.4/0.4_relaxed_wt_1_A27P_B54V_B57K_A73L_rep5.pdb
[DEBUG] Creating jobs for bundle: [('B 54', 'V'), ('A 73', 'T')]
[DEBUG] Output file: /scratch/jgray21/zyhuggan/tryingggg/pos_neg_design/OrthoMPNN/Rosetta/output_pdbs/crystal_wt_pmpnn/0.4/0.4_relaxed_wt_1_B54V_A73T_rep1.pdb
[DEBUG] Output file: /scratch/jgray21/zyhuggan/tryingggg/pos_neg_design/OrthoMPNN/Rosetta/output_pdbs/crystal_wt_pmpnn/0.4/0.4_relaxed_wt_1_B54V_A73T_rep2.pdb
[DEBUG] Output file: /scratch/jgray21/zyhuggan/tryingggg/pos_neg_design/OrthoMPNN/Rosetta/output_pdbs/crystal_wt_pmpnn/0.4/0.4_relaxed_wt_1_B54V_A73T_rep3.pdb
[DEBUG] Output file: /scratch/jgray21/zyhuggan/tryingggg/pos_neg_design/OrthoMPNN/Rosetta/output_pdbs/crystal_wt_pmpnn/0.4/0.4_relaxed_wt_1_B54V_A73T_rep4.pdb
[DEBUG] Output file: /scratch/jgray21/zyhuggan/tryingggg/pos_neg_design/OrthoMPNN/Rosetta/output_pdbs/crystal_wt_pmpnn/0.4/0.4_relaxed_wt_1_B54V_A73T_rep5.pdb
[DEBUG] Creating jobs for bundle: [('A 27', 'P'), ('B 54', 'V'), ('B 57', 'R'), ('A 73', 'Q')]
[DEBUG] Output file: /scratch/jgray21/zyhuggan/tryingggg/pos_neg_design/OrthoMPNN/Rosetta/output_pdbs/crystal_wt_pmpnn/0.4/0.4_relaxed_wt_1_A27P_B54V_B57R_A73Q_rep1.pdb
[DEBUG] Output file: /scratch/jgray21/zyhuggan/tryingggg/pos_neg_design/OrthoMPNN/Rosetta/output_pdbs/crystal_wt_pmpnn/0.4/0.4_relaxed_wt_1_A27P_B54V_B57R_A73Q_rep2.pdb
[DEBUG] Output file: /scratch/jgray21/zyhuggan/tryingggg/pos_neg_design/OrthoMPNN/Rosetta/output_pdbs/crystal_wt_pmpnn/0.4/0.4_relaxed_wt_1_A27P_B54V_B57R_A73Q_rep3.pdb
[DEBUG] Output file: /scratch/jgray21/zyhuggan/tryingggg/pos_neg_design/OrthoMPNN/Rosetta/output_pdbs/crystal_wt_pmpnn/0.4/0.4_relaxed_wt_1_A27P_B54V_B57R_A73Q_rep4.pdb
[DEBUG] Output file: /scratch/jgray21/zyhuggan/tryingggg/pos_neg_design/OrthoMPNN/Rosetta/output_pdbs/crystal_wt_pmpnn/0.4/0.4_relaxed_wt_1_A27P_B54V_B57R_A73Q_rep5.pdb
[DEBUG] Creating jobs for bundle: [('A 27', 'K'), ('B 54', 'I'), ('A 73', 'L')]
[DEBUG] Output file: /scratch/jgray21/zyhuggan/tryingggg/pos_neg_design/OrthoMPNN/Rosetta/output_pdbs/crystal_wt_pmpnn/0.4/0.4_relaxed_wt_1_A27K_B54I_A73L_rep1.pdb
[DEBUG] Output file: /scratch/jgray21/zyhuggan/tryingggg/pos_neg_design/OrthoMPNN/Rosetta/output_pdbs/crystal_wt_pmpnn/0.4/0.4_relaxed_wt_1_A27K_B54I_A73L_rep2.pdb
[DEBUG] Output file: /scratch/jgray21/zyhuggan/tryingggg/pos_neg_design/OrthoMPNN/Rosetta/output_pdbs/crystal_wt_pmpnn/0.4/0.4_relaxed_wt_1_A27K_B54I_A73L_rep3.pdb
[DEBUG] Output file: /scratch/jgray21/zyhuggan/tryingggg/pos_neg_design/OrthoMPNN/Rosetta/output_pdbs/crystal_wt_pmpnn/0.4/0.4_relaxed_wt_1_A27K_B54I_A73L_rep4.pdb
[DEBUG] Output file: /scratch/jgray21/zyhuggan/tryingggg/pos_neg_design/OrthoMPNN/Rosetta/output_pdbs/crystal_wt_pmpnn/0.4/0.4_relaxed_wt_1_A27K_B54I_A73L_rep5.pdb
2026-03-29 19:14:03 EDT MainProcess INFO [__main__] Processing a total of 135 jobs
2026-03-29 19:14:03 EDT MainProcess INFO [__main__] Starting pool with 100 worker(s)
2026-03-29 19:18:48 EDT ForkPoolWorker-82 INFO [__main__] Output: 0.4_relaxed_wt_1_A27V_B54V_B57K_A73L_rep1.pdb
2026-03-29 19:18:55 EDT ForkPoolWorker-20 INFO [__main__] Output: 0.4_relaxed_wt_1_B54V_A73L_rep3.pdb
2026-03-29 19:18:55 EDT ForkPoolWorker-25 INFO [__main__] Output: 0.4_relaxed_wt_1_A27E_B54V_B57K_A73Y_rep4.pdb
2026-03-29 19:18:56 EDT ForkPoolWorker-75 INFO [__main__] Output: 0.4_relaxed_wt_1_A27S_B54I_B57K_A73Y_rep5.pdb
2026-03-29 19:18:59 EDT ForkPoolWorker-65 INFO [__main__] Output: 0.4_relaxed_wt_1_A27V_B54V_B57K_A73L_rep4.pdb
2026-03-29 19:18:59 EDT ForkPoolWorker-93 INFO [__main__] Output: 0.4_relaxed_wt_1_A27K_A31N_B54V_A73L_rep3.pdb
2026-03-29 19:18:59 EDT ForkPoolWorker-87 INFO [__main__] Output: 0.4_relaxed_wt_1_A27K_B54V_A73L_rep1.pdb
2026-03-29 19:19:00 EDT ForkPoolWorker-2 INFO [__main__] Output: 0.4_relaxed_wt_1_A27K_B54V_A73L_rep5.pdb
2026-03-29 19:19:01 EDT ForkPoolWorker-34 INFO [__main__] Output: 0.4_relaxed_wt_1_B54V_B57R_A73L_rep1.pdb
2026-03-29 19:19:02 EDT ForkPoolWorker-11 INFO [__main__] Output: 0.4_relaxed_wt_1_A27E_B54V_B57K_A73Y_rep5.pdb
2026-03-29 19:19:02 EDT ForkPoolWorker-66 INFO [__main__] Output: 0.4_relaxed_wt_1_A27K_B54V_B57R_A73L_rep2.pdb
2026-03-29 19:19:03 EDT ForkPoolWorker-68 INFO [__main__] Output: 0.4_relaxed_wt_1_A27V_B54V_B57K_A73L_rep3.pdb
2026-03-29 19:19:03 EDT ForkPoolWorker-91 INFO [__main__] Output: 0.4_relaxed_wt_1_B54V_B57R_A73L_rep3.pdb
2026-03-29 19:19:03 EDT ForkPoolWorker-95 INFO [__main__] Output: 0.4_relaxed_wt_1_A27K_B54V_A73L_rep2.pdb
2026-03-29 19:19:04 EDT ForkPoolWorker-16 INFO [__main__] Output: 0.4_relaxed_wt_1_A27K_B54V_B57K_A73L_rep2.pdb
2026-03-29 19:19:04 EDT ForkPoolWorker-52 INFO [__main__] Output: 0.4_relaxed_wt_1_A27K_B54V_B57R_A73L_rep4.pdb
2026-03-29 19:19:05 EDT ForkPoolWorker-79 INFO [__main__] Output: 0.4_relaxed_wt_1_B54I_A73Y_rep1.pdb
2026-03-29 19:19:07 EDT ForkPoolWorker-1 INFO [__main__] Output: 0.4_relaxed_wt_1_A27K_B54V_B57R_A73Y_rep3.pdb
2026-03-29 19:19:07 EDT ForkPoolWorker-89 INFO [__main__] Output: 0.4_relaxed_wt_1_A27K_B54V_B57L_A73L_rep2.pdb
2026-03-29 19:19:08 EDT ForkPoolWorker-67 INFO [__main__] Output: 0.4_relaxed_wt_1_A27E_B54V_B57R_A73Y_rep5.pdb
2026-03-29 19:19:08 EDT ForkPoolWorker-90 INFO [__main__] Output: 0.4_relaxed_wt_1_A27K_B54V_B57R_A73L_rep3.pdb
2026-03-29 19:19:08 EDT ForkPoolWorker-17 INFO [__main__] Output: 0.4_relaxed_wt_1_A27S_B54I_B57K_A73Y_rep3.pdb
2026-03-29 19:19:12 EDT ForkPoolWorker-6 INFO [__main__] Output: 0.4_relaxed_wt_1_B54V_B57L_A73K_rep2.pdb
2026-03-29 19:19:16 EDT ForkPoolWorker-98 INFO [__main__] Output: 0.4_relaxed_wt_1_B54V_B57L_A73K_rep3.pdb
2026-03-29 19:19:19 EDT ForkPoolWorker-36 INFO [__main__] Output: 0.4_relaxed_wt_1_A27K_B54V_B57K_A73K_rep3.pdb
2026-03-29 19:19:20 EDT ForkPoolWorker-18 INFO [__main__] Output: 0.4_relaxed_wt_1_A27S_B54I_B57K_A73Y_rep1.pdb
2026-03-29 19:19:22 EDT ForkPoolWorker-84 INFO [__main__] Output: 0.4_relaxed_wt_1_A27K_B54V_B57R_A73L_rep1.pdb
2026-03-29 19:19:27 EDT ForkPoolWorker-56 INFO [__main__] Output: 0.4_relaxed_wt_1_B54V_B57R_A73L_rep4.pdb
2026-03-29 19:19:27 EDT ForkPoolWorker-55 INFO [__main__] Output: 0.4_relaxed_wt_1_A27K_A31N_B54V_A73L_rep5.pdb
2026-03-29 19:19:28 EDT ForkPoolWorker-9 INFO [__main__] Output: 0.4_relaxed_wt_1_A27K_B54V_B57K_A73K_rep4.pdb
2026-03-29 19:19:30 EDT ForkPoolWorker-7 INFO [__main__] Output: 0.4_relaxed_wt_1_B54V_B57R_A73W_rep3.pdb
2026-03-29 19:19:30 EDT ForkPoolWorker-21 INFO [__main__] Output: 0.4_relaxed_wt_1_A27K_B54V_B57R_A73Y_rep1.pdb
2026-03-29 19:19:30 EDT ForkPoolWorker-35 INFO [__main__] Output: 0.4_relaxed_wt_1_A27K_B54V_B57R_A73Y_rep2.pdb
2026-03-29 19:19:31 EDT ForkPoolWorker-41 INFO [__main__] Output: 0.4_relaxed_wt_1_A27E_B54V_A73Y_rep5.pdb
2026-03-29 19:19:31 EDT ForkPoolWorker-71 INFO [__main__] Output: 0.4_relaxed_wt_1_A27K_B54V_B57K_A73K_rep5.pdb
2026-03-29 19:19:31 EDT ForkPoolWorker-47 INFO [__main__] Output: 0.4_relaxed_wt_1_A27K_A31N_B54V_A73L_rep1.pdb
2026-03-29 19:19:33 EDT ForkPoolWorker-100 INFO [__main__] Output: 0.4_relaxed_wt_1_B54V_A73Y_rep4.pdb
2026-03-29 19:19:35 EDT ForkPoolWorker-40 INFO [__main__] Output: 0.4_relaxed_wt_1_A27K_B54V_B57K_A73L_rep1.pdb
2026-03-29 19:19:36 EDT ForkPoolWorker-80 INFO [__main__] Output: 0.4_relaxed_wt_1_B54I_A73Y_rep3.pdb
2026-03-29 19:19:37 EDT ForkPoolWorker-8 INFO [__main__] Output: 0.4_relaxed_wt_1_A27E_B54V_A73Y_rep2.pdb
2026-03-29 19:19:37 EDT ForkPoolWorker-83 INFO [__main__] Output: 0.4_relaxed_wt_1_A27K_B54V_B57R_A73L_rep5.pdb
2026-03-29 19:19:37 EDT ForkPoolWorker-96 INFO [__main__] Output: 0.4_relaxed_wt_1_B54I_A73Y_rep2.pdb
2026-03-29 19:19:37 EDT ForkPoolWorker-58 INFO [__main__] Output: 0.4_relaxed_wt_1_A27K_B54V_B57L_A73L_rep3.pdb
2026-03-29 19:19:38 EDT ForkPoolWorker-46 INFO [__main__] Output: 0.4_relaxed_wt_1_B54V_A73L_rep4.pdb
2026-03-29 19:19:38 EDT ForkPoolWorker-43 INFO [__main__] Output: 0.4_relaxed_wt_1_B54V_A73Y_rep5.pdb
2026-03-29 19:19:38 EDT ForkPoolWorker-61 INFO [__main__] Output: 0.4_relaxed_wt_1_A27K_B54V_B57K_A73Y_rep2.pdb
2026-03-29 19:19:38 EDT ForkPoolWorker-88 INFO [__main__] Output: 0.4_relaxed_wt_1_B54V_B57L_A73K_rep1.pdb
2026-03-29 19:19:39 EDT ForkPoolWorker-86 INFO [__main__] Output: 0.4_relaxed_wt_1_B54V_B57L_A73K_rep5.pdb
2026-03-29 19:19:39 EDT ForkPoolWorker-14 INFO [__main__] Output: 0.4_relaxed_wt_1_B54V_A73L_rep1.pdb
2026-03-29 19:19:39 EDT ForkPoolWorker-4 INFO [__main__] Output: 0.4_relaxed_wt_1_B54V_B57R_A73W_rep5.pdb
2026-03-29 19:19:39 EDT ForkPoolWorker-32 INFO [__main__] Output: 0.4_relaxed_wt_1_B54V_A73L_rep2.pdb
2026-03-29 19:19:39 EDT ForkPoolWorker-92 INFO [__main__] Output: 0.4_relaxed_wt_1_B54V_B57L_A73K_rep4.pdb
2026-03-29 19:19:39 EDT ForkPoolWorker-54 INFO [__main__] Output: 0.4_relaxed_wt_1_A27K_B54V_B57K_A73Y_rep4.pdb
2026-03-29 19:19:40 EDT ForkPoolWorker-49 INFO [__main__] Output: 0.4_relaxed_wt_1_A27E_B54V_A73Y_rep4.pdb
2026-03-29 19:19:40 EDT ForkPoolWorker-38 INFO [__main__] Output: 0.4_relaxed_wt_1_A27K_B54V_B57K_A73L_rep5.pdb
2026-03-29 19:19:42 EDT ForkPoolWorker-64 INFO [__main__] Output: 0.4_relaxed_wt_1_A27E_B54V_B57K_A73Y_rep2.pdb
2026-03-29 19:19:42 EDT ForkPoolWorker-5 INFO [__main__] Output: 0.4_relaxed_wt_1_A27K_B54V_B57K_A73L_rep4.pdb
2026-03-29 19:19:42 EDT ForkPoolWorker-59 INFO [__main__] Output: 0.4_relaxed_wt_1_A27K_B54V_B57K_A73K_rep1.pdb
2026-03-29 19:19:42 EDT ForkPoolWorker-3 INFO [__main__] Output: 0.4_relaxed_wt_1_A27K_B54V_B57K_A73Y_rep5.pdb
2026-03-29 19:19:43 EDT ForkPoolWorker-29 INFO [__main__] Output: 0.4_relaxed_wt_1_A27E_B54V_B57R_A73Y_rep1.pdb
2026-03-29 19:19:43 EDT ForkPoolWorker-50 INFO [__main__] Output: 0.4_relaxed_wt_1_B54I_A73Y_rep5.pdb
2026-03-29 19:19:43 EDT ForkPoolWorker-37 INFO [__main__] Output: 0.4_relaxed_wt_1_A27K_B54V_B57L_A73L_rep4.pdb
2026-03-29 19:19:43 EDT ForkPoolWorker-81 INFO [__main__] Output: 0.4_relaxed_wt_1_A27K_B54V_A73Y_rep2.pdb
2026-03-29 19:19:44 EDT ForkPoolWorker-72 INFO [__main__] Output: 0.4_relaxed_wt_1_A27K_B54V_A73Y_rep3.pdb
2026-03-29 19:19:45 EDT ForkPoolWorker-39 INFO [__main__] Output: 0.4_relaxed_wt_1_A27K_B54V_B57K_A73Y_rep3.pdb
2026-03-29 19:19:45 EDT ForkPoolWorker-24 INFO [__main__] Output: 0.4_relaxed_wt_1_A27K_B54V_A73L_rep3.pdb
2026-03-29 19:19:45 EDT ForkPoolWorker-94 INFO [__main__] Output: 0.4_relaxed_wt_1_A27K_B54V_B57L_A73L_rep1.pdb
2026-03-29 19:19:46 EDT ForkPoolWorker-60 INFO [__main__] Output: 0.4_relaxed_wt_1_B54V_B57R_A73L_rep2.pdb
2026-03-29 19:19:46 EDT ForkPoolWorker-77 INFO [__main__] Output: 0.4_relaxed_wt_1_B54V_B57R_A73L_rep5.pdb
2026-03-29 19:19:46 EDT ForkPoolWorker-10 INFO [__main__] Output: 0.4_relaxed_wt_1_A27E_B54V_B57K_A73Y_rep1.pdb
2026-03-29 19:19:46 EDT ForkPoolWorker-42 INFO [__main__] Output: 0.4_relaxed_wt_1_A27K_B54V_B57K_A73Y_rep1.pdb
2026-03-29 19:19:46 EDT ForkPoolWorker-73 INFO [__main__] Output: 0.4_relaxed_wt_1_A27K_B54V_B57K_A73L_rep3.pdb
2026-03-29 19:19:46 EDT ForkPoolWorker-78 INFO [__main__] Output: 0.4_relaxed_wt_1_A27E_B54V_B57R_A73Y_rep3.pdb
2026-03-29 19:19:46 EDT ForkPoolWorker-22 INFO [__main__] Output: 0.4_relaxed_wt_1_A27K_B54V_B57K_A73K_rep2.pdb
2026-03-29 19:19:46 EDT ForkPoolWorker-74 INFO [__main__] Output: 0.4_relaxed_wt_1_A27V_B54V_B57K_A73L_rep5.pdb
2026-03-29 19:19:46 EDT ForkPoolWorker-27 INFO [__main__] Output: 0.4_relaxed_wt_1_A27E_B54V_B57R_A73Y_rep2.pdb
2026-03-29 19:19:47 EDT ForkPoolWorker-85 INFO [__main__] Output: 0.4_relaxed_wt_1_A27S_B54I_B57K_A73Y_rep4.pdb
2026-03-29 19:19:47 EDT ForkPoolWorker-12 INFO [__main__] Output: 0.4_relaxed_wt_1_A27E_B54V_B57K_A73Y_rep3.pdb
2026-03-29 19:19:47 EDT ForkPoolWorker-57 INFO [__main__] Output: 0.4_relaxed_wt_1_A27E_B54V_B57R_A73Y_rep4.pdb
2026-03-29 19:19:48 EDT ForkPoolWorker-23 INFO [__main__] Output: 0.4_relaxed_wt_1_A27K_B54V_B57R_A73Y_rep4.pdb
2026-03-29 19:19:50 EDT ForkPoolWorker-13 INFO [__main__] Output: 0.4_relaxed_wt_1_A27V_B54V_B57K_A73L_rep2.pdb
2026-03-29 19:19:50 EDT ForkPoolWorker-31 INFO [__main__] Output: 0.4_relaxed_wt_1_A27K_B54V_A73Y_rep4.pdb
2026-03-29 19:19:50 EDT ForkPoolWorker-30 INFO [__main__] Output: 0.4_relaxed_wt_1_A27E_B54V_A73Y_rep1.pdb
2026-03-29 19:19:54 EDT ForkPoolWorker-62 INFO [__main__] Output: 0.4_relaxed_wt_1_A27K_A31N_B54V_A73L_rep2.pdb
2026-03-29 19:19:56 EDT ForkPoolWorker-51 INFO [__main__] Output: 0.4_relaxed_wt_1_A27K_B54V_B57R_A73Y_rep5.pdb
2026-03-29 19:19:57 EDT ForkPoolWorker-70 INFO [__main__] Output: 0.4_relaxed_wt_1_A27K_B54V_A73Y_rep5.pdb
2026-03-29 19:19:57 EDT ForkPoolWorker-48 INFO [__main__] Output: 0.4_relaxed_wt_1_B54V_A73Y_rep3.pdb
2026-03-29 19:19:58 EDT ForkPoolWorker-53 INFO [__main__] Output: 0.4_relaxed_wt_1_B54V_B57R_A73W_rep1.pdb
2026-03-29 19:19:58 EDT ForkPoolWorker-69 INFO [__main__] Output: 0.4_relaxed_wt_1_A27K_A31N_B54V_A73L_rep4.pdb
2026-03-29 19:19:59 EDT ForkPoolWorker-28 INFO [__main__] Output: 0.4_relaxed_wt_1_B54I_A73Y_rep4.pdb
2026-03-29 19:19:59 EDT ForkPoolWorker-63 INFO [__main__] Output: 0.4_relaxed_wt_1_A27K_B54V_A73Y_rep1.pdb
2026-03-29 19:20:00 EDT ForkPoolWorker-15 INFO [__main__] Output: 0.4_relaxed_wt_1_A27S_B54I_B57K_A73Y_rep2.pdb
2026-03-29 19:20:02 EDT ForkPoolWorker-44 INFO [__main__] Output: 0.4_relaxed_wt_1_B54V_B57R_A73W_rep4.pdb
2026-03-29 19:20:04 EDT ForkPoolWorker-33 INFO [__main__] Output: 0.4_relaxed_wt_1_B54V_A73L_rep5.pdb
2026-03-29 19:20:05 EDT ForkPoolWorker-45 INFO [__main__] Output: 0.4_relaxed_wt_1_A27K_B54V_B57L_A73L_rep5.pdb
2026-03-29 19:20:05 EDT ForkPoolWorker-26 INFO [__main__] Output: 0.4_relaxed_wt_1_B54V_B57R_A73W_rep2.pdb
2026-03-29 19:20:05 EDT ForkPoolWorker-76 INFO [__main__] Output: 0.4_relaxed_wt_1_A27K_B54V_A73L_rep4.pdb
2026-03-29 19:20:07 EDT ForkPoolWorker-99 INFO [__main__] Output: 0.4_relaxed_wt_1_B54V_A73Y_rep1.pdb
2026-03-29 19:20:07 EDT ForkPoolWorker-97 INFO [__main__] Output: 0.4_relaxed_wt_1_B54V_A73Y_rep2.pdb
2026-03-29 19:20:09 EDT ForkPoolWorker-19 INFO [__main__] Output: 0.4_relaxed_wt_1_A27E_B54V_A73Y_rep3.pdb
2026-03-29 19:23:00 EDT ForkPoolWorker-16 INFO [__main__] Output: 0.4_relaxed_wt_1_A27P_B54V_A73L_rep5.pdb
2026-03-29 19:23:01 EDT ForkPoolWorker-82 INFO [__main__] Output: 0.4_relaxed_wt_1_A27K_B54V_B57K_rep1.pdb
2026-03-29 19:23:03 EDT ForkPoolWorker-93 INFO [__main__] Output: 0.4_relaxed_wt_1_A27K_B54V_B57H_A73Y_rep1.pdb
2026-03-29 19:23:05 EDT ForkPoolWorker-1 INFO [__main__] Output: 0.4_relaxed_wt_1_A27P_B54V_B57K_A73L_rep3.pdb
2026-03-29 19:23:05 EDT ForkPoolWorker-90 INFO [__main__] Output: 0.4_relaxed_wt_1_B54V_A73T_rep1.pdb
2026-03-29 19:23:06 EDT ForkPoolWorker-52 INFO [__main__] Output: 0.4_relaxed_wt_1_A27P_B54V_B57K_A73L_rep1.pdb
2026-03-29 19:23:06 EDT ForkPoolWorker-95 INFO [__main__] Output: 0.4_relaxed_wt_1_A27P_B54V_A73L_rep4.pdb
2026-03-29 19:23:06 EDT ForkPoolWorker-66 INFO [__main__] Output: 0.4_relaxed_wt_1_A27P_B54V_A73L_rep1.pdb
2026-03-29 19:23:06 EDT ForkPoolWorker-91 INFO [__main__] Output: 0.4_relaxed_wt_1_A27P_B54V_A73L_rep3.pdb
2026-03-29 19:23:07 EDT ForkPoolWorker-11 INFO [__main__] Output: 0.4_relaxed_wt_1_A27K_B54V_B57H_A73Y_rep5.pdb
2026-03-29 19:23:08 EDT ForkPoolWorker-56 INFO [__main__] Output: 0.4_relaxed_wt_1_A27P_B54V_B57R_A73Q_rep3.pdb
2026-03-29 19:23:08 EDT ForkPoolWorker-87 INFO [__main__] Output: 0.4_relaxed_wt_1_A27K_B54V_B57H_A73Y_rep2.pdb
2026-03-29 19:23:09 EDT ForkPoolWorker-79 INFO [__main__] Output: 0.4_relaxed_wt_1_A27P_B54V_B57K_A73L_rep2.pdb
2026-03-29 19:23:09 EDT ForkPoolWorker-20 INFO [__main__] Output: 0.4_relaxed_wt_1_A27K_B54V_B57K_rep2.pdb
2026-03-29 19:23:10 EDT ForkPoolWorker-34 INFO [__main__] Output: 0.4_relaxed_wt_1_A27K_B54V_B57H_A73Y_rep4.pdb
2026-03-29 19:23:10 EDT ForkPoolWorker-2 INFO [__main__] Output: 0.4_relaxed_wt_1_A27K_B54V_B57H_A73Y_rep3.pdb
2026-03-29 19:23:10 EDT ForkPoolWorker-68 INFO [__main__] Output: 0.4_relaxed_wt_1_A27P_B54V_A73L_rep2.pdb
2026-03-29 19:23:10 EDT ForkPoolWorker-6 INFO [__main__] Output: 0.4_relaxed_wt_1_B54V_A73T_rep3.pdb
2026-03-29 19:23:12 EDT ForkPoolWorker-25 INFO [__main__] Output: 0.4_relaxed_wt_1_A27K_B54V_B57K_rep3.pdb
2026-03-29 19:23:14 EDT ForkPoolWorker-75 INFO [__main__] Output: 0.4_relaxed_wt_1_A27K_B54V_B57K_rep4.pdb
2026-03-29 19:23:14 EDT ForkPoolWorker-89 INFO [__main__] Output: 0.4_relaxed_wt_1_A27P_B54V_B57K_A73L_rep4.pdb
2026-03-29 19:23:15 EDT ForkPoolWorker-21 INFO [__main__] Output: 0.4_relaxed_wt_1_A27K_B54I_A73L_rep2.pdb
2026-03-29 19:23:16 EDT ForkPoolWorker-65 INFO [__main__] Output: 0.4_relaxed_wt_1_A27K_B54V_B57K_rep5.pdb
2026-03-29 19:23:17 EDT ForkPoolWorker-7 INFO [__main__] Output: 0.4_relaxed_wt_1_A27K_B54I_A73L_rep1.pdb
2026-03-29 19:23:18 EDT ForkPoolWorker-35 INFO [__main__] Output: 0.4_relaxed_wt_1_A27K_B54I_A73L_rep3.pdb
2026-03-29 19:23:18 EDT ForkPoolWorker-18 INFO [__main__] Output: 0.4_relaxed_wt_1_A27P_B54V_B57R_A73Q_rep1.pdb
2026-03-29 19:23:18 EDT ForkPoolWorker-67 INFO [__main__] Output: 0.4_relaxed_wt_1_A27P_B54V_B57K_A73L_rep5.pdb
2026-03-29 19:23:18 EDT ForkPoolWorker-55 INFO [__main__] Output: 0.4_relaxed_wt_1_A27P_B54V_B57R_A73Q_rep4.pdb
2026-03-29 19:23:20 EDT ForkPoolWorker-41 INFO [__main__] Output: 0.4_relaxed_wt_1_A27K_B54I_A73L_rep4.pdb
2026-03-29 19:23:20 EDT ForkPoolWorker-36 INFO [__main__] Output: 0.4_relaxed_wt_1_B54V_A73T_rep5.pdb
2026-03-29 19:23:21 EDT ForkPoolWorker-17 INFO [__main__] Output: 0.4_relaxed_wt_1_B54V_A73T_rep2.pdb
2026-03-29 19:23:23 EDT ForkPoolWorker-98 INFO [__main__] Output: 0.4_relaxed_wt_1_B54V_A73T_rep4.pdb
2026-03-29 19:23:24 EDT ForkPoolWorker-71 INFO [__main__] Output: 0.4_relaxed_wt_1_A27K_B54I_A73L_rep5.pdb
2026-03-29 19:23:26 EDT ForkPoolWorker-84 INFO [__main__] Output: 0.4_relaxed_wt_1_A27P_B54V_B57R_A73Q_rep2.pdb
2026-03-29 19:23:34 EDT ForkPoolWorker-9 INFO [__main__] Output: 0.4_relaxed_wt_1_A27P_B54V_B57R_A73Q_rep5.pdb
2026-03-29 19:23:35 EDT MainProcess INFO [__main__] Script execution completed
