Using existing logs directory.
[DEBUG] Parsed N54V, R73L -> [('B 54', 'V'), ('A 73', 'L')]
[DEBUG] Parsed R27K, N54V, N57R, R73L -> [('A 27', 'K'), ('B 54', 'V'), ('B 57', 'R'), ('A 73', 'L')]
[DEBUG] Parsed N54V, N57R, R73L -> [('B 54', 'V'), ('B 57', 'R'), ('A 73', 'L')]
[DEBUG] Parsed R27K, N54V, R73L -> [('A 27', 'K'), ('B 54', 'V'), ('A 73', 'L')]
[DEBUG] Parsed N54V, N57R, R73Y -> [('B 54', 'V'), ('B 57', 'R'), ('A 73', 'Y')]
[DEBUG] Parsed R27K, N54V, R73Y -> [('A 27', 'K'), ('B 54', 'V'), ('A 73', 'Y')]
[DEBUG] Parsed N54I, R73L -> [('B 54', 'I'), ('A 73', 'L')]
[DEBUG] Parsed R27T, N54V, R73L -> [('A 27', 'T'), ('B 54', 'V'), ('A 73', 'L')]
[DEBUG] Parsed N54V, N57K, R73Y -> [('B 54', 'V'), ('B 57', 'K'), ('A 73', 'Y')]
[DEBUG] Parsed N54V, N57K, R73L -> [('B 54', 'V'), ('B 57', 'K'), ('A 73', 'L')]
[DEBUG] Parsed R27T, N54V, N57R, R73Y -> [('A 27', 'T'), ('B 54', 'V'), ('B 57', 'R'), ('A 73', 'Y')]
[DEBUG] Parsed N54V, R73Y -> [('B 54', 'V'), ('A 73', 'Y')]
[DEBUG] Parsed R27K, N54V, N57R, R73Y -> [('A 27', 'K'), ('B 54', 'V'), ('B 57', 'R'), ('A 73', 'Y')]
[DEBUG] Creating jobs for bundle: [('B 54', 'V'), ('A 73', 'L')]
[DEBUG] Output file: /scratch/jgray21/zyhuggan/tryingggg/pos_neg_design/OrthoMPNN/Rosetta/output_pdbs/enrich_ortho/pos1_relaxed_wt_1_B54V_A73L_rep1.pdb
[DEBUG] Output file: /scratch/jgray21/zyhuggan/tryingggg/pos_neg_design/OrthoMPNN/Rosetta/output_pdbs/enrich_ortho/pos1_relaxed_wt_1_B54V_A73L_rep2.pdb
[DEBUG] Output file: /scratch/jgray21/zyhuggan/tryingggg/pos_neg_design/OrthoMPNN/Rosetta/output_pdbs/enrich_ortho/pos1_relaxed_wt_1_B54V_A73L_rep3.pdb
[DEBUG] Output file: /scratch/jgray21/zyhuggan/tryingggg/pos_neg_design/OrthoMPNN/Rosetta/output_pdbs/enrich_ortho/pos1_relaxed_wt_1_B54V_A73L_rep4.pdb
[DEBUG] Output file: /scratch/jgray21/zyhuggan/tryingggg/pos_neg_design/OrthoMPNN/Rosetta/output_pdbs/enrich_ortho/pos1_relaxed_wt_1_B54V_A73L_rep5.pdb
[DEBUG] Creating jobs for bundle: [('A 27', 'K'), ('B 54', 'V'), ('B 57', 'R'), ('A 73', 'L')]
[DEBUG] Output file: /scratch/jgray21/zyhuggan/tryingggg/pos_neg_design/OrthoMPNN/Rosetta/output_pdbs/enrich_ortho/pos1_relaxed_wt_1_A27K_B54V_B57R_A73L_rep1.pdb
[DEBUG] Output file: /scratch/jgray21/zyhuggan/tryingggg/pos_neg_design/OrthoMPNN/Rosetta/output_pdbs/enrich_ortho/pos1_relaxed_wt_1_A27K_B54V_B57R_A73L_rep2.pdb
[DEBUG] Output file: /scratch/jgray21/zyhuggan/tryingggg/pos_neg_design/OrthoMPNN/Rosetta/output_pdbs/enrich_ortho/pos1_relaxed_wt_1_A27K_B54V_B57R_A73L_rep3.pdb
[DEBUG] Output file: /scratch/jgray21/zyhuggan/tryingggg/pos_neg_design/OrthoMPNN/Rosetta/output_pdbs/enrich_ortho/pos1_relaxed_wt_1_A27K_B54V_B57R_A73L_rep4.pdb
[DEBUG] Output file: /scratch/jgray21/zyhuggan/tryingggg/pos_neg_design/OrthoMPNN/Rosetta/output_pdbs/enrich_ortho/pos1_relaxed_wt_1_A27K_B54V_B57R_A73L_rep5.pdb
[DEBUG] Creating jobs for bundle: [('B 54', 'V'), ('B 57', 'R'), ('A 73', 'L')]
[DEBUG] Output file: /scratch/jgray21/zyhuggan/tryingggg/pos_neg_design/OrthoMPNN/Rosetta/output_pdbs/enrich_ortho/pos1_relaxed_wt_1_B54V_B57R_A73L_rep1.pdb
[DEBUG] Output file: /scratch/jgray21/zyhuggan/tryingggg/pos_neg_design/OrthoMPNN/Rosetta/output_pdbs/enrich_ortho/pos1_relaxed_wt_1_B54V_B57R_A73L_rep2.pdb
[DEBUG] Output file: /scratch/jgray21/zyhuggan/tryingggg/pos_neg_design/OrthoMPNN/Rosetta/output_pdbs/enrich_ortho/pos1_relaxed_wt_1_B54V_B57R_A73L_rep3.pdb
[DEBUG] Output file: /scratch/jgray21/zyhuggan/tryingggg/pos_neg_design/OrthoMPNN/Rosetta/output_pdbs/enrich_ortho/pos1_relaxed_wt_1_B54V_B57R_A73L_rep4.pdb
[DEBUG] Output file: /scratch/jgray21/zyhuggan/tryingggg/pos_neg_design/OrthoMPNN/Rosetta/output_pdbs/enrich_ortho/pos1_relaxed_wt_1_B54V_B57R_A73L_rep5.pdb
[DEBUG] Creating jobs for bundle: [('A 27', 'K'), ('B 54', 'V'), ('A 73', 'L')]
[DEBUG] Output file: /scratch/jgray21/zyhuggan/tryingggg/pos_neg_design/OrthoMPNN/Rosetta/output_pdbs/enrich_ortho/pos1_relaxed_wt_1_A27K_B54V_A73L_rep1.pdb
[DEBUG] Output file: /scratch/jgray21/zyhuggan/tryingggg/pos_neg_design/OrthoMPNN/Rosetta/output_pdbs/enrich_ortho/pos1_relaxed_wt_1_A27K_B54V_A73L_rep2.pdb
[DEBUG] Output file: /scratch/jgray21/zyhuggan/tryingggg/pos_neg_design/OrthoMPNN/Rosetta/output_pdbs/enrich_ortho/pos1_relaxed_wt_1_A27K_B54V_A73L_rep3.pdb
[DEBUG] Output file: /scratch/jgray21/zyhuggan/tryingggg/pos_neg_design/OrthoMPNN/Rosetta/output_pdbs/enrich_ortho/pos1_relaxed_wt_1_A27K_B54V_A73L_rep4.pdb
[DEBUG] Output file: /scratch/jgray21/zyhuggan/tryingggg/pos_neg_design/OrthoMPNN/Rosetta/output_pdbs/enrich_ortho/pos1_relaxed_wt_1_A27K_B54V_A73L_rep5.pdb
[DEBUG] Creating jobs for bundle: [('B 54', 'V'), ('B 57', 'R'), ('A 73', 'Y')]
[DEBUG] Output file: /scratch/jgray21/zyhuggan/tryingggg/pos_neg_design/OrthoMPNN/Rosetta/output_pdbs/enrich_ortho/pos1_relaxed_wt_1_B54V_B57R_A73Y_rep1.pdb
[DEBUG] Output file: /scratch/jgray21/zyhuggan/tryingggg/pos_neg_design/OrthoMPNN/Rosetta/output_pdbs/enrich_ortho/pos1_relaxed_wt_1_B54V_B57R_A73Y_rep2.pdb
[DEBUG] Output file: /scratch/jgray21/zyhuggan/tryingggg/pos_neg_design/OrthoMPNN/Rosetta/output_pdbs/enrich_ortho/pos1_relaxed_wt_1_B54V_B57R_A73Y_rep3.pdb
[DEBUG] Output file: /scratch/jgray21/zyhuggan/tryingggg/pos_neg_design/OrthoMPNN/Rosetta/output_pdbs/enrich_ortho/pos1_relaxed_wt_1_B54V_B57R_A73Y_rep4.pdb
[DEBUG] Output file: /scratch/jgray21/zyhuggan/tryingggg/pos_neg_design/OrthoMPNN/Rosetta/output_pdbs/enrich_ortho/pos1_relaxed_wt_1_B54V_B57R_A73Y_rep5.pdb
[DEBUG] Creating jobs for bundle: [('A 27', 'K'), ('B 54', 'V'), ('A 73', 'Y')]
[DEBUG] Output file: /scratch/jgray21/zyhuggan/tryingggg/pos_neg_design/OrthoMPNN/Rosetta/output_pdbs/enrich_ortho/pos1_relaxed_wt_1_A27K_B54V_A73Y_rep1.pdb
[DEBUG] Output file: /scratch/jgray21/zyhuggan/tryingggg/pos_neg_design/OrthoMPNN/Rosetta/output_pdbs/enrich_ortho/pos1_relaxed_wt_1_A27K_B54V_A73Y_rep2.pdb
[DEBUG] Output file: /scratch/jgray21/zyhuggan/tryingggg/pos_neg_design/OrthoMPNN/Rosetta/output_pdbs/enrich_ortho/pos1_relaxed_wt_1_A27K_B54V_A73Y_rep3.pdb
[DEBUG] Output file: /scratch/jgray21/zyhuggan/tryingggg/pos_neg_design/OrthoMPNN/Rosetta/output_pdbs/enrich_ortho/pos1_relaxed_wt_1_A27K_B54V_A73Y_rep4.pdb
[DEBUG] Output file: /scratch/jgray21/zyhuggan/tryingggg/pos_neg_design/OrthoMPNN/Rosetta/output_pdbs/enrich_ortho/pos1_relaxed_wt_1_A27K_B54V_A73Y_rep5.pdb
[DEBUG] Creating jobs for bundle: [('B 54', 'I'), ('A 73', 'L')]
[DEBUG] Output file: /scratch/jgray21/zyhuggan/tryingggg/pos_neg_design/OrthoMPNN/Rosetta/output_pdbs/enrich_ortho/pos1_relaxed_wt_1_B54I_A73L_rep1.pdb
[DEBUG] Output file: /scratch/jgray21/zyhuggan/tryingggg/pos_neg_design/OrthoMPNN/Rosetta/output_pdbs/enrich_ortho/pos1_relaxed_wt_1_B54I_A73L_rep2.pdb
[DEBUG] Output file: /scratch/jgray21/zyhuggan/tryingggg/pos_neg_design/OrthoMPNN/Rosetta/output_pdbs/enrich_ortho/pos1_relaxed_wt_1_B54I_A73L_rep3.pdb
[DEBUG] Output file: /scratch/jgray21/zyhuggan/tryingggg/pos_neg_design/OrthoMPNN/Rosetta/output_pdbs/enrich_ortho/pos1_relaxed_wt_1_B54I_A73L_rep4.pdb
[DEBUG] Output file: /scratch/jgray21/zyhuggan/tryingggg/pos_neg_design/OrthoMPNN/Rosetta/output_pdbs/enrich_ortho/pos1_relaxed_wt_1_B54I_A73L_rep5.pdb
[DEBUG] Creating jobs for bundle: [('A 27', 'T'), ('B 54', 'V'), ('A 73', 'L')]
[DEBUG] Output file: /scratch/jgray21/zyhuggan/tryingggg/pos_neg_design/OrthoMPNN/Rosetta/output_pdbs/enrich_ortho/pos1_relaxed_wt_1_A27T_B54V_A73L_rep1.pdb
[DEBUG] Output file: /scratch/jgray21/zyhuggan/tryingggg/pos_neg_design/OrthoMPNN/Rosetta/output_pdbs/enrich_ortho/pos1_relaxed_wt_1_A27T_B54V_A73L_rep2.pdb
[DEBUG] Output file: /scratch/jgray21/zyhuggan/tryingggg/pos_neg_design/OrthoMPNN/Rosetta/output_pdbs/enrich_ortho/pos1_relaxed_wt_1_A27T_B54V_A73L_rep3.pdb
[DEBUG] Output file: /scratch/jgray21/zyhuggan/tryingggg/pos_neg_design/OrthoMPNN/Rosetta/output_pdbs/enrich_ortho/pos1_relaxed_wt_1_A27T_B54V_A73L_rep4.pdb
[DEBUG] Output file: /scratch/jgray21/zyhuggan/tryingggg/pos_neg_design/OrthoMPNN/Rosetta/output_pdbs/enrich_ortho/pos1_relaxed_wt_1_A27T_B54V_A73L_rep5.pdb
[DEBUG] Creating jobs for bundle: [('B 54', 'V'), ('B 57', 'K'), ('A 73', 'Y')]
[DEBUG] Output file: /scratch/jgray21/zyhuggan/tryingggg/pos_neg_design/OrthoMPNN/Rosetta/output_pdbs/enrich_ortho/pos1_relaxed_wt_1_B54V_B57K_A73Y_rep1.pdb
[DEBUG] Output file: /scratch/jgray21/zyhuggan/tryingggg/pos_neg_design/OrthoMPNN/Rosetta/output_pdbs/enrich_ortho/pos1_relaxed_wt_1_B54V_B57K_A73Y_rep2.pdb
[DEBUG] Output file: /scratch/jgray21/zyhuggan/tryingggg/pos_neg_design/OrthoMPNN/Rosetta/output_pdbs/enrich_ortho/pos1_relaxed_wt_1_B54V_B57K_A73Y_rep3.pdb
[DEBUG] Output file: /scratch/jgray21/zyhuggan/tryingggg/pos_neg_design/OrthoMPNN/Rosetta/output_pdbs/enrich_ortho/pos1_relaxed_wt_1_B54V_B57K_A73Y_rep4.pdb
[DEBUG] Output file: /scratch/jgray21/zyhuggan/tryingggg/pos_neg_design/OrthoMPNN/Rosetta/output_pdbs/enrich_ortho/pos1_relaxed_wt_1_B54V_B57K_A73Y_rep5.pdb
[DEBUG] Creating jobs for bundle: [('B 54', 'V'), ('B 57', 'K'), ('A 73', 'L')]
[DEBUG] Output file: /scratch/jgray21/zyhuggan/tryingggg/pos_neg_design/OrthoMPNN/Rosetta/output_pdbs/enrich_ortho/pos1_relaxed_wt_1_B54V_B57K_A73L_rep1.pdb
[DEBUG] Output file: /scratch/jgray21/zyhuggan/tryingggg/pos_neg_design/OrthoMPNN/Rosetta/output_pdbs/enrich_ortho/pos1_relaxed_wt_1_B54V_B57K_A73L_rep2.pdb
[DEBUG] Output file: /scratch/jgray21/zyhuggan/tryingggg/pos_neg_design/OrthoMPNN/Rosetta/output_pdbs/enrich_ortho/pos1_relaxed_wt_1_B54V_B57K_A73L_rep3.pdb
[DEBUG] Output file: /scratch/jgray21/zyhuggan/tryingggg/pos_neg_design/OrthoMPNN/Rosetta/output_pdbs/enrich_ortho/pos1_relaxed_wt_1_B54V_B57K_A73L_rep4.pdb
[DEBUG] Output file: /scratch/jgray21/zyhuggan/tryingggg/pos_neg_design/OrthoMPNN/Rosetta/output_pdbs/enrich_ortho/pos1_relaxed_wt_1_B54V_B57K_A73L_rep5.pdb
[DEBUG] Creating jobs for bundle: [('A 27', 'T'), ('B 54', 'V'), ('B 57', 'R'), ('A 73', 'Y')]
[DEBUG] Output file: /scratch/jgray21/zyhuggan/tryingggg/pos_neg_design/OrthoMPNN/Rosetta/output_pdbs/enrich_ortho/pos1_relaxed_wt_1_A27T_B54V_B57R_A73Y_rep1.pdb
[DEBUG] Output file: /scratch/jgray21/zyhuggan/tryingggg/pos_neg_design/OrthoMPNN/Rosetta/output_pdbs/enrich_ortho/pos1_relaxed_wt_1_A27T_B54V_B57R_A73Y_rep2.pdb
[DEBUG] Output file: /scratch/jgray21/zyhuggan/tryingggg/pos_neg_design/OrthoMPNN/Rosetta/output_pdbs/enrich_ortho/pos1_relaxed_wt_1_A27T_B54V_B57R_A73Y_rep3.pdb
[DEBUG] Output file: /scratch/jgray21/zyhuggan/tryingggg/pos_neg_design/OrthoMPNN/Rosetta/output_pdbs/enrich_ortho/pos1_relaxed_wt_1_A27T_B54V_B57R_A73Y_rep4.pdb
[DEBUG] Output file: /scratch/jgray21/zyhuggan/tryingggg/pos_neg_design/OrthoMPNN/Rosetta/output_pdbs/enrich_ortho/pos1_relaxed_wt_1_A27T_B54V_B57R_A73Y_rep5.pdb
[DEBUG] Creating jobs for bundle: [('B 54', 'V'), ('A 73', 'Y')]
[DEBUG] Output file: /scratch/jgray21/zyhuggan/tryingggg/pos_neg_design/OrthoMPNN/Rosetta/output_pdbs/enrich_ortho/pos1_relaxed_wt_1_B54V_A73Y_rep1.pdb
[DEBUG] Output file: /scratch/jgray21/zyhuggan/tryingggg/pos_neg_design/OrthoMPNN/Rosetta/output_pdbs/enrich_ortho/pos1_relaxed_wt_1_B54V_A73Y_rep2.pdb
[DEBUG] Output file: /scratch/jgray21/zyhuggan/tryingggg/pos_neg_design/OrthoMPNN/Rosetta/output_pdbs/enrich_ortho/pos1_relaxed_wt_1_B54V_A73Y_rep3.pdb
[DEBUG] Output file: /scratch/jgray21/zyhuggan/tryingggg/pos_neg_design/OrthoMPNN/Rosetta/output_pdbs/enrich_ortho/pos1_relaxed_wt_1_B54V_A73Y_rep4.pdb
[DEBUG] Output file: /scratch/jgray21/zyhuggan/tryingggg/pos_neg_design/OrthoMPNN/Rosetta/output_pdbs/enrich_ortho/pos1_relaxed_wt_1_B54V_A73Y_rep5.pdb
[DEBUG] Creating jobs for bundle: [('A 27', 'K'), ('B 54', 'V'), ('B 57', 'R'), ('A 73', 'Y')]
[DEBUG] Output file: /scratch/jgray21/zyhuggan/tryingggg/pos_neg_design/OrthoMPNN/Rosetta/output_pdbs/enrich_ortho/pos1_relaxed_wt_1_A27K_B54V_B57R_A73Y_rep1.pdb
[DEBUG] Output file: /scratch/jgray21/zyhuggan/tryingggg/pos_neg_design/OrthoMPNN/Rosetta/output_pdbs/enrich_ortho/pos1_relaxed_wt_1_A27K_B54V_B57R_A73Y_rep2.pdb
[DEBUG] Output file: /scratch/jgray21/zyhuggan/tryingggg/pos_neg_design/OrthoMPNN/Rosetta/output_pdbs/enrich_ortho/pos1_relaxed_wt_1_A27K_B54V_B57R_A73Y_rep3.pdb
[DEBUG] Output file: /scratch/jgray21/zyhuggan/tryingggg/pos_neg_design/OrthoMPNN/Rosetta/output_pdbs/enrich_ortho/pos1_relaxed_wt_1_A27K_B54V_B57R_A73Y_rep4.pdb
[DEBUG] Output file: /scratch/jgray21/zyhuggan/tryingggg/pos_neg_design/OrthoMPNN/Rosetta/output_pdbs/enrich_ortho/pos1_relaxed_wt_1_A27K_B54V_B57R_A73Y_rep5.pdb
2026-03-29 22:10:18 EDT MainProcess INFO [__main__] Processing a total of 65 jobs
2026-03-29 22:10:18 EDT MainProcess INFO [__main__] Starting pool with 100 worker(s)
2026-03-29 22:14:37 EDT ForkPoolWorker-52 INFO [__main__] Output: pos1_relaxed_wt_1_A27K_B54V_A73Y_rep5.pdb
2026-03-29 22:14:40 EDT ForkPoolWorker-68 INFO [__main__] Output: pos1_relaxed_wt_1_A27T_B54V_A73L_rep2.pdb
2026-03-29 22:14:42 EDT ForkPoolWorker-34 INFO [__main__] Output: pos1_relaxed_wt_1_A27T_B54V_A73L_rep1.pdb
2026-03-29 22:14:42 EDT ForkPoolWorker-67 INFO [__main__] Output: pos1_relaxed_wt_1_B54V_A73L_rep4.pdb
2026-03-29 22:14:44 EDT ForkPoolWorker-97 INFO [__main__] Output: pos1_relaxed_wt_1_A27T_B54V_B57R_A73Y_rep4.pdb
2026-03-29 22:14:44 EDT ForkPoolWorker-22 INFO [__main__] Output: pos1_relaxed_wt_1_B54V_A73L_rep2.pdb
2026-03-29 22:14:44 EDT ForkPoolWorker-55 INFO [__main__] Output: pos1_relaxed_wt_1_B54I_A73L_rep1.pdb
2026-03-29 22:14:44 EDT ForkPoolWorker-6 INFO [__main__] Output: pos1_relaxed_wt_1_A27K_B54V_A73L_rep5.pdb
2026-03-29 22:14:45 EDT ForkPoolWorker-23 INFO [__main__] Output: pos1_relaxed_wt_1_B54V_B57R_A73Y_rep4.pdb
2026-03-29 22:14:46 EDT ForkPoolWorker-31 INFO [__main__] Output: pos1_relaxed_wt_1_A27K_B54V_B57R_A73L_rep2.pdb
2026-03-29 22:14:47 EDT ForkPoolWorker-36 INFO [__main__] Output: pos1_relaxed_wt_1_A27T_B54V_B57R_A73Y_rep2.pdb
2026-03-29 22:14:47 EDT ForkPoolWorker-64 INFO [__main__] Output: pos1_relaxed_wt_1_A27T_B54V_B57R_A73Y_rep5.pdb
2026-03-29 22:14:48 EDT ForkPoolWorker-56 INFO [__main__] Output: pos1_relaxed_wt_1_A27K_B54V_B57R_A73Y_rep3.pdb
2026-03-29 22:14:48 EDT ForkPoolWorker-58 INFO [__main__] Output: pos1_relaxed_wt_1_A27T_B54V_B57R_A73Y_rep3.pdb
2026-03-29 22:14:48 EDT ForkPoolWorker-3 INFO [__main__] Output: pos1_relaxed_wt_1_A27K_B54V_A73L_rep2.pdb
2026-03-29 22:14:48 EDT ForkPoolWorker-13 INFO [__main__] Output: pos1_relaxed_wt_1_A27K_B54V_B57R_A73L_rep1.pdb
2026-03-29 22:14:48 EDT ForkPoolWorker-42 INFO [__main__] Output: pos1_relaxed_wt_1_A27T_B54V_A73L_rep4.pdb
2026-03-29 22:14:49 EDT ForkPoolWorker-87 INFO [__main__] Output: pos1_relaxed_wt_1_B54I_A73L_rep4.pdb
2026-03-29 22:14:49 EDT ForkPoolWorker-16 INFO [__main__] Output: pos1_relaxed_wt_1_A27K_B54V_A73Y_rep3.pdb
2026-03-29 22:14:49 EDT ForkPoolWorker-98 INFO [__main__] Output: pos1_relaxed_wt_1_B54V_A73Y_rep1.pdb
2026-03-29 22:14:49 EDT ForkPoolWorker-66 INFO [__main__] Output: pos1_relaxed_wt_1_B54V_A73Y_rep2.pdb
2026-03-29 22:14:49 EDT ForkPoolWorker-59 INFO [__main__] Output: pos1_relaxed_wt_1_B54V_B57K_A73L_rep1.pdb
2026-03-29 22:14:50 EDT ForkPoolWorker-15 INFO [__main__] Output: pos1_relaxed_wt_1_B54V_A73L_rep5.pdb
2026-03-29 22:14:50 EDT ForkPoolWorker-9 INFO [__main__] Output: pos1_relaxed_wt_1_B54V_A73L_rep1.pdb
2026-03-29 22:14:50 EDT ForkPoolWorker-26 INFO [__main__] Output: pos1_relaxed_wt_1_B54V_B57K_A73L_rep2.pdb
2026-03-29 22:14:50 EDT ForkPoolWorker-70 INFO [__main__] Output: pos1_relaxed_wt_1_A27K_B54V_A73Y_rep4.pdb
2026-03-29 22:14:50 EDT ForkPoolWorker-41 INFO [__main__] Output: pos1_relaxed_wt_1_B54V_B57R_A73L_rep5.pdb
2026-03-29 22:14:51 EDT ForkPoolWorker-60 INFO [__main__] Output: pos1_relaxed_wt_1_B54V_B57K_A73Y_rep4.pdb
2026-03-29 22:14:51 EDT ForkPoolWorker-35 INFO [__main__] Output: pos1_relaxed_wt_1_B54V_A73Y_rep5.pdb
2026-03-29 22:14:51 EDT ForkPoolWorker-4 INFO [__main__] Output: pos1_relaxed_wt_1_A27T_B54V_A73L_rep3.pdb
2026-03-29 22:14:51 EDT ForkPoolWorker-83 INFO [__main__] Output: pos1_relaxed_wt_1_B54V_B57K_A73Y_rep1.pdb
2026-03-29 22:14:51 EDT ForkPoolWorker-10 INFO [__main__] Output: pos1_relaxed_wt_1_B54V_B57R_A73L_rep4.pdb
2026-03-29 22:14:52 EDT ForkPoolWorker-69 INFO [__main__] Output: pos1_relaxed_wt_1_B54V_B57K_A73Y_rep5.pdb
2026-03-29 22:14:52 EDT ForkPoolWorker-1 INFO [__main__] Output: pos1_relaxed_wt_1_A27K_B54V_B57R_A73L_rep5.pdb
2026-03-29 22:14:52 EDT ForkPoolWorker-19 INFO [__main__] Output: pos1_relaxed_wt_1_B54V_B57R_A73L_rep1.pdb
2026-03-29 22:14:52 EDT ForkPoolWorker-24 INFO [__main__] Output: pos1_relaxed_wt_1_A27K_B54V_A73L_rep4.pdb
2026-03-29 22:14:52 EDT ForkPoolWorker-21 INFO [__main__] Output: pos1_relaxed_wt_1_B54V_B57R_A73L_rep2.pdb
2026-03-29 22:14:52 EDT ForkPoolWorker-7 INFO [__main__] Output: pos1_relaxed_wt_1_B54I_A73L_rep2.pdb
2026-03-29 22:14:52 EDT ForkPoolWorker-62 INFO [__main__] Output: pos1_relaxed_wt_1_B54V_B57R_A73Y_rep1.pdb
2026-03-29 22:14:53 EDT ForkPoolWorker-30 INFO [__main__] Output: pos1_relaxed_wt_1_B54V_B57R_A73Y_rep5.pdb
2026-03-29 22:14:53 EDT ForkPoolWorker-12 INFO [__main__] Output: pos1_relaxed_wt_1_A27K_B54V_B57R_A73L_rep3.pdb
2026-03-29 22:14:53 EDT ForkPoolWorker-65 INFO [__main__] Output: pos1_relaxed_wt_1_A27K_B54V_B57R_A73Y_rep1.pdb
2026-03-29 22:14:53 EDT ForkPoolWorker-47 INFO [__main__] Output: pos1_relaxed_wt_1_A27K_B54V_A73Y_rep2.pdb
2026-03-29 22:14:53 EDT ForkPoolWorker-33 INFO [__main__] Output: pos1_relaxed_wt_1_A27K_B54V_B57R_A73Y_rep2.pdb
2026-03-29 22:14:53 EDT ForkPoolWorker-51 INFO [__main__] Output: pos1_relaxed_wt_1_A27T_B54V_A73L_rep5.pdb
2026-03-29 22:14:54 EDT ForkPoolWorker-11 INFO [__main__] Output: pos1_relaxed_wt_1_A27K_B54V_A73L_rep3.pdb
2026-03-29 22:14:54 EDT ForkPoolWorker-43 INFO [__main__] Output: pos1_relaxed_wt_1_A27T_B54V_B57R_A73Y_rep1.pdb
2026-03-29 22:14:54 EDT ForkPoolWorker-91 INFO [__main__] Output: pos1_relaxed_wt_1_A27K_B54V_B57R_A73Y_rep5.pdb
2026-03-29 22:14:54 EDT ForkPoolWorker-38 INFO [__main__] Output: pos1_relaxed_wt_1_B54V_B57K_A73L_rep4.pdb
2026-03-29 22:14:54 EDT ForkPoolWorker-27 INFO [__main__] Output: pos1_relaxed_wt_1_A27K_B54V_B57R_A73L_rep4.pdb
2026-03-29 22:14:55 EDT ForkPoolWorker-44 INFO [__main__] Output: pos1_relaxed_wt_1_B54V_B57K_A73L_rep5.pdb
2026-03-29 22:14:55 EDT ForkPoolWorker-40 INFO [__main__] Output: pos1_relaxed_wt_1_B54V_B57K_A73L_rep3.pdb
2026-03-29 22:14:55 EDT ForkPoolWorker-14 INFO [__main__] Output: pos1_relaxed_wt_1_B54V_B57K_A73Y_rep2.pdb
2026-03-29 22:14:55 EDT ForkPoolWorker-25 INFO [__main__] Output: pos1_relaxed_wt_1_B54V_B57R_A73Y_rep2.pdb
2026-03-29 22:14:55 EDT ForkPoolWorker-17 INFO [__main__] Output: pos1_relaxed_wt_1_A27K_B54V_B57R_A73Y_rep4.pdb
2026-03-29 22:14:56 EDT ForkPoolWorker-18 INFO [__main__] Output: pos1_relaxed_wt_1_A27K_B54V_A73L_rep1.pdb
2026-03-29 22:14:56 EDT ForkPoolWorker-20 INFO [__main__] Output: pos1_relaxed_wt_1_B54V_A73Y_rep4.pdb
2026-03-29 22:14:56 EDT ForkPoolWorker-45 INFO [__main__] Output: pos1_relaxed_wt_1_B54I_A73L_rep5.pdb
2026-03-29 22:14:57 EDT ForkPoolWorker-8 INFO [__main__] Output: pos1_relaxed_wt_1_B54V_A73L_rep3.pdb
2026-03-29 22:14:57 EDT ForkPoolWorker-5 INFO [__main__] Output: pos1_relaxed_wt_1_B54I_A73L_rep3.pdb
2026-03-29 22:14:57 EDT ForkPoolWorker-48 INFO [__main__] Output: pos1_relaxed_wt_1_B54V_B57R_A73L_rep3.pdb
2026-03-29 22:14:57 EDT ForkPoolWorker-39 INFO [__main__] Output: pos1_relaxed_wt_1_B54V_B57K_A73Y_rep3.pdb
2026-03-29 22:14:58 EDT ForkPoolWorker-2 INFO [__main__] Output: pos1_relaxed_wt_1_B54V_B57R_A73Y_rep3.pdb
2026-03-29 22:15:01 EDT ForkPoolWorker-28 INFO [__main__] Output: pos1_relaxed_wt_1_B54V_A73Y_rep3.pdb
2026-03-29 22:15:01 EDT ForkPoolWorker-37 INFO [__main__] Output: pos1_relaxed_wt_1_A27K_B54V_A73Y_rep1.pdb
2026-03-29 22:15:01 EDT MainProcess INFO [__main__] Script execution completed
