Using existing logs directory.
[DEBUG] Parsed N54V, N57R, R73L -> [('B 54', 'V'), ('B 57', 'R'), ('A 73', 'L')]
[DEBUG] Parsed R27K, N54V, R73L -> [('A 27', 'K'), ('B 54', 'V'), ('A 73', 'L')]
[DEBUG] Parsed N54V, R73L -> [('B 54', 'V'), ('A 73', 'L')]
[DEBUG] Parsed R27K, N54V, N57R, R73Y -> [('A 27', 'K'), ('B 54', 'V'), ('B 57', 'R'), ('A 73', 'Y')]
[DEBUG] Parsed N54V, R73Y -> [('B 54', 'V'), ('A 73', 'Y')]
[DEBUG] Parsed R27K, N54I, R73L -> [('A 27', 'K'), ('B 54', 'I'), ('A 73', 'L')]
[DEBUG] Parsed R27K, N54V, N57K, R73L -> [('A 27', 'K'), ('B 54', 'V'), ('B 57', 'K'), ('A 73', 'L')]
[DEBUG] Parsed R27K, N54V, N57R, R73L -> [('A 27', 'K'), ('B 54', 'V'), ('B 57', 'R'), ('A 73', 'L')]
[DEBUG] Parsed N54V, R73T -> [('B 54', 'V'), ('A 73', 'T')]
[DEBUG] Parsed R27K, N54V, R73Y -> [('A 27', 'K'), ('B 54', 'V'), ('A 73', 'Y')]
[DEBUG] Parsed R27T, N34T, N54V, R73L -> [('A 27', 'T'), ('A 34', 'T'), ('B 54', 'V'), ('A 73', 'L')]
[DEBUG] Parsed N54V, N57K, R73L -> [('B 54', 'V'), ('B 57', 'K'), ('A 73', 'L')]
[DEBUG] Parsed N54V, N57R, R73Y -> [('B 54', 'V'), ('B 57', 'R'), ('A 73', 'Y')]
[DEBUG] Parsed R27T, N54V, N57R, R73L -> [('A 27', 'T'), ('B 54', 'V'), ('B 57', 'R'), ('A 73', 'L')]
[DEBUG] Parsed R27P, N54V, R73L -> [('A 27', 'P'), ('B 54', 'V'), ('A 73', 'L')]
[DEBUG] Parsed R27K, N54V, R73T -> [('A 27', 'K'), ('B 54', 'V'), ('A 73', 'T')]
[DEBUG] Parsed N54I, N57R, R73L -> [('B 54', 'I'), ('B 57', 'R'), ('A 73', 'L')]
[DEBUG] Creating jobs for bundle: [('B 54', 'V'), ('B 57', 'R'), ('A 73', 'L')]
[DEBUG] Output file: /scratch/jgray21/zyhuggan/Orthogonal-Protein-Binders-/pos_neg_pmpnn_design/OrthoMPNN/Rosetta/output_pdbs/r1/r1_enrich_wt/relaxed_wt_1_B54V_B57R_A73L_rep1.pdb
[DEBUG] Output file: /scratch/jgray21/zyhuggan/Orthogonal-Protein-Binders-/pos_neg_pmpnn_design/OrthoMPNN/Rosetta/output_pdbs/r1/r1_enrich_wt/relaxed_wt_1_B54V_B57R_A73L_rep2.pdb
[DEBUG] Output file: /scratch/jgray21/zyhuggan/Orthogonal-Protein-Binders-/pos_neg_pmpnn_design/OrthoMPNN/Rosetta/output_pdbs/r1/r1_enrich_wt/relaxed_wt_1_B54V_B57R_A73L_rep3.pdb
[DEBUG] Output file: /scratch/jgray21/zyhuggan/Orthogonal-Protein-Binders-/pos_neg_pmpnn_design/OrthoMPNN/Rosetta/output_pdbs/r1/r1_enrich_wt/relaxed_wt_1_B54V_B57R_A73L_rep4.pdb
[DEBUG] Output file: /scratch/jgray21/zyhuggan/Orthogonal-Protein-Binders-/pos_neg_pmpnn_design/OrthoMPNN/Rosetta/output_pdbs/r1/r1_enrich_wt/relaxed_wt_1_B54V_B57R_A73L_rep5.pdb
[DEBUG] Creating jobs for bundle: [('A 27', 'K'), ('B 54', 'V'), ('A 73', 'L')]
[DEBUG] Output file: /scratch/jgray21/zyhuggan/Orthogonal-Protein-Binders-/pos_neg_pmpnn_design/OrthoMPNN/Rosetta/output_pdbs/r1/r1_enrich_wt/relaxed_wt_1_A27K_B54V_A73L_rep1.pdb
[DEBUG] Output file: /scratch/jgray21/zyhuggan/Orthogonal-Protein-Binders-/pos_neg_pmpnn_design/OrthoMPNN/Rosetta/output_pdbs/r1/r1_enrich_wt/relaxed_wt_1_A27K_B54V_A73L_rep2.pdb
[DEBUG] Output file: /scratch/jgray21/zyhuggan/Orthogonal-Protein-Binders-/pos_neg_pmpnn_design/OrthoMPNN/Rosetta/output_pdbs/r1/r1_enrich_wt/relaxed_wt_1_A27K_B54V_A73L_rep3.pdb
[DEBUG] Output file: /scratch/jgray21/zyhuggan/Orthogonal-Protein-Binders-/pos_neg_pmpnn_design/OrthoMPNN/Rosetta/output_pdbs/r1/r1_enrich_wt/relaxed_wt_1_A27K_B54V_A73L_rep4.pdb
[DEBUG] Output file: /scratch/jgray21/zyhuggan/Orthogonal-Protein-Binders-/pos_neg_pmpnn_design/OrthoMPNN/Rosetta/output_pdbs/r1/r1_enrich_wt/relaxed_wt_1_A27K_B54V_A73L_rep5.pdb
[DEBUG] Creating jobs for bundle: [('B 54', 'V'), ('A 73', 'L')]
[DEBUG] Output file: /scratch/jgray21/zyhuggan/Orthogonal-Protein-Binders-/pos_neg_pmpnn_design/OrthoMPNN/Rosetta/output_pdbs/r1/r1_enrich_wt/relaxed_wt_1_B54V_A73L_rep1.pdb
[DEBUG] Output file: /scratch/jgray21/zyhuggan/Orthogonal-Protein-Binders-/pos_neg_pmpnn_design/OrthoMPNN/Rosetta/output_pdbs/r1/r1_enrich_wt/relaxed_wt_1_B54V_A73L_rep2.pdb
[DEBUG] Output file: /scratch/jgray21/zyhuggan/Orthogonal-Protein-Binders-/pos_neg_pmpnn_design/OrthoMPNN/Rosetta/output_pdbs/r1/r1_enrich_wt/relaxed_wt_1_B54V_A73L_rep3.pdb
[DEBUG] Output file: /scratch/jgray21/zyhuggan/Orthogonal-Protein-Binders-/pos_neg_pmpnn_design/OrthoMPNN/Rosetta/output_pdbs/r1/r1_enrich_wt/relaxed_wt_1_B54V_A73L_rep4.pdb
[DEBUG] Output file: /scratch/jgray21/zyhuggan/Orthogonal-Protein-Binders-/pos_neg_pmpnn_design/OrthoMPNN/Rosetta/output_pdbs/r1/r1_enrich_wt/relaxed_wt_1_B54V_A73L_rep5.pdb
[DEBUG] Creating jobs for bundle: [('A 27', 'K'), ('B 54', 'V'), ('B 57', 'R'), ('A 73', 'Y')]
[DEBUG] Output file: /scratch/jgray21/zyhuggan/Orthogonal-Protein-Binders-/pos_neg_pmpnn_design/OrthoMPNN/Rosetta/output_pdbs/r1/r1_enrich_wt/relaxed_wt_1_A27K_B54V_B57R_A73Y_rep1.pdb
[DEBUG] Output file: /scratch/jgray21/zyhuggan/Orthogonal-Protein-Binders-/pos_neg_pmpnn_design/OrthoMPNN/Rosetta/output_pdbs/r1/r1_enrich_wt/relaxed_wt_1_A27K_B54V_B57R_A73Y_rep2.pdb
[DEBUG] Output file: /scratch/jgray21/zyhuggan/Orthogonal-Protein-Binders-/pos_neg_pmpnn_design/OrthoMPNN/Rosetta/output_pdbs/r1/r1_enrich_wt/relaxed_wt_1_A27K_B54V_B57R_A73Y_rep3.pdb
[DEBUG] Output file: /scratch/jgray21/zyhuggan/Orthogonal-Protein-Binders-/pos_neg_pmpnn_design/OrthoMPNN/Rosetta/output_pdbs/r1/r1_enrich_wt/relaxed_wt_1_A27K_B54V_B57R_A73Y_rep4.pdb
[DEBUG] Output file: /scratch/jgray21/zyhuggan/Orthogonal-Protein-Binders-/pos_neg_pmpnn_design/OrthoMPNN/Rosetta/output_pdbs/r1/r1_enrich_wt/relaxed_wt_1_A27K_B54V_B57R_A73Y_rep5.pdb
[DEBUG] Creating jobs for bundle: [('B 54', 'V'), ('A 73', 'Y')]
[DEBUG] Output file: /scratch/jgray21/zyhuggan/Orthogonal-Protein-Binders-/pos_neg_pmpnn_design/OrthoMPNN/Rosetta/output_pdbs/r1/r1_enrich_wt/relaxed_wt_1_B54V_A73Y_rep1.pdb
[DEBUG] Output file: /scratch/jgray21/zyhuggan/Orthogonal-Protein-Binders-/pos_neg_pmpnn_design/OrthoMPNN/Rosetta/output_pdbs/r1/r1_enrich_wt/relaxed_wt_1_B54V_A73Y_rep2.pdb
[DEBUG] Output file: /scratch/jgray21/zyhuggan/Orthogonal-Protein-Binders-/pos_neg_pmpnn_design/OrthoMPNN/Rosetta/output_pdbs/r1/r1_enrich_wt/relaxed_wt_1_B54V_A73Y_rep3.pdb
[DEBUG] Output file: /scratch/jgray21/zyhuggan/Orthogonal-Protein-Binders-/pos_neg_pmpnn_design/OrthoMPNN/Rosetta/output_pdbs/r1/r1_enrich_wt/relaxed_wt_1_B54V_A73Y_rep4.pdb
[DEBUG] Output file: /scratch/jgray21/zyhuggan/Orthogonal-Protein-Binders-/pos_neg_pmpnn_design/OrthoMPNN/Rosetta/output_pdbs/r1/r1_enrich_wt/relaxed_wt_1_B54V_A73Y_rep5.pdb
[DEBUG] Creating jobs for bundle: [('A 27', 'K'), ('B 54', 'I'), ('A 73', 'L')]
[DEBUG] Output file: /scratch/jgray21/zyhuggan/Orthogonal-Protein-Binders-/pos_neg_pmpnn_design/OrthoMPNN/Rosetta/output_pdbs/r1/r1_enrich_wt/relaxed_wt_1_A27K_B54I_A73L_rep1.pdb
[DEBUG] Output file: /scratch/jgray21/zyhuggan/Orthogonal-Protein-Binders-/pos_neg_pmpnn_design/OrthoMPNN/Rosetta/output_pdbs/r1/r1_enrich_wt/relaxed_wt_1_A27K_B54I_A73L_rep2.pdb
[DEBUG] Output file: /scratch/jgray21/zyhuggan/Orthogonal-Protein-Binders-/pos_neg_pmpnn_design/OrthoMPNN/Rosetta/output_pdbs/r1/r1_enrich_wt/relaxed_wt_1_A27K_B54I_A73L_rep3.pdb
[DEBUG] Output file: /scratch/jgray21/zyhuggan/Orthogonal-Protein-Binders-/pos_neg_pmpnn_design/OrthoMPNN/Rosetta/output_pdbs/r1/r1_enrich_wt/relaxed_wt_1_A27K_B54I_A73L_rep4.pdb
[DEBUG] Output file: /scratch/jgray21/zyhuggan/Orthogonal-Protein-Binders-/pos_neg_pmpnn_design/OrthoMPNN/Rosetta/output_pdbs/r1/r1_enrich_wt/relaxed_wt_1_A27K_B54I_A73L_rep5.pdb
[DEBUG] Creating jobs for bundle: [('A 27', 'K'), ('B 54', 'V'), ('B 57', 'K'), ('A 73', 'L')]
[DEBUG] Output file: /scratch/jgray21/zyhuggan/Orthogonal-Protein-Binders-/pos_neg_pmpnn_design/OrthoMPNN/Rosetta/output_pdbs/r1/r1_enrich_wt/relaxed_wt_1_A27K_B54V_B57K_A73L_rep1.pdb
[DEBUG] Output file: /scratch/jgray21/zyhuggan/Orthogonal-Protein-Binders-/pos_neg_pmpnn_design/OrthoMPNN/Rosetta/output_pdbs/r1/r1_enrich_wt/relaxed_wt_1_A27K_B54V_B57K_A73L_rep2.pdb
[DEBUG] Output file: /scratch/jgray21/zyhuggan/Orthogonal-Protein-Binders-/pos_neg_pmpnn_design/OrthoMPNN/Rosetta/output_pdbs/r1/r1_enrich_wt/relaxed_wt_1_A27K_B54V_B57K_A73L_rep3.pdb
[DEBUG] Output file: /scratch/jgray21/zyhuggan/Orthogonal-Protein-Binders-/pos_neg_pmpnn_design/OrthoMPNN/Rosetta/output_pdbs/r1/r1_enrich_wt/relaxed_wt_1_A27K_B54V_B57K_A73L_rep4.pdb
[DEBUG] Output file: /scratch/jgray21/zyhuggan/Orthogonal-Protein-Binders-/pos_neg_pmpnn_design/OrthoMPNN/Rosetta/output_pdbs/r1/r1_enrich_wt/relaxed_wt_1_A27K_B54V_B57K_A73L_rep5.pdb
[DEBUG] Creating jobs for bundle: [('A 27', 'K'), ('B 54', 'V'), ('B 57', 'R'), ('A 73', 'L')]
[DEBUG] Output file: /scratch/jgray21/zyhuggan/Orthogonal-Protein-Binders-/pos_neg_pmpnn_design/OrthoMPNN/Rosetta/output_pdbs/r1/r1_enrich_wt/relaxed_wt_1_A27K_B54V_B57R_A73L_rep1.pdb
[DEBUG] Output file: /scratch/jgray21/zyhuggan/Orthogonal-Protein-Binders-/pos_neg_pmpnn_design/OrthoMPNN/Rosetta/output_pdbs/r1/r1_enrich_wt/relaxed_wt_1_A27K_B54V_B57R_A73L_rep2.pdb
[DEBUG] Output file: /scratch/jgray21/zyhuggan/Orthogonal-Protein-Binders-/pos_neg_pmpnn_design/OrthoMPNN/Rosetta/output_pdbs/r1/r1_enrich_wt/relaxed_wt_1_A27K_B54V_B57R_A73L_rep3.pdb
[DEBUG] Output file: /scratch/jgray21/zyhuggan/Orthogonal-Protein-Binders-/pos_neg_pmpnn_design/OrthoMPNN/Rosetta/output_pdbs/r1/r1_enrich_wt/relaxed_wt_1_A27K_B54V_B57R_A73L_rep4.pdb
[DEBUG] Output file: /scratch/jgray21/zyhuggan/Orthogonal-Protein-Binders-/pos_neg_pmpnn_design/OrthoMPNN/Rosetta/output_pdbs/r1/r1_enrich_wt/relaxed_wt_1_A27K_B54V_B57R_A73L_rep5.pdb
[DEBUG] Creating jobs for bundle: [('B 54', 'V'), ('A 73', 'T')]
[DEBUG] Output file: /scratch/jgray21/zyhuggan/Orthogonal-Protein-Binders-/pos_neg_pmpnn_design/OrthoMPNN/Rosetta/output_pdbs/r1/r1_enrich_wt/relaxed_wt_1_B54V_A73T_rep1.pdb
[DEBUG] Output file: /scratch/jgray21/zyhuggan/Orthogonal-Protein-Binders-/pos_neg_pmpnn_design/OrthoMPNN/Rosetta/output_pdbs/r1/r1_enrich_wt/relaxed_wt_1_B54V_A73T_rep2.pdb
[DEBUG] Output file: /scratch/jgray21/zyhuggan/Orthogonal-Protein-Binders-/pos_neg_pmpnn_design/OrthoMPNN/Rosetta/output_pdbs/r1/r1_enrich_wt/relaxed_wt_1_B54V_A73T_rep3.pdb
[DEBUG] Output file: /scratch/jgray21/zyhuggan/Orthogonal-Protein-Binders-/pos_neg_pmpnn_design/OrthoMPNN/Rosetta/output_pdbs/r1/r1_enrich_wt/relaxed_wt_1_B54V_A73T_rep4.pdb
[DEBUG] Output file: /scratch/jgray21/zyhuggan/Orthogonal-Protein-Binders-/pos_neg_pmpnn_design/OrthoMPNN/Rosetta/output_pdbs/r1/r1_enrich_wt/relaxed_wt_1_B54V_A73T_rep5.pdb
[DEBUG] Creating jobs for bundle: [('A 27', 'K'), ('B 54', 'V'), ('A 73', 'Y')]
[DEBUG] Output file: /scratch/jgray21/zyhuggan/Orthogonal-Protein-Binders-/pos_neg_pmpnn_design/OrthoMPNN/Rosetta/output_pdbs/r1/r1_enrich_wt/relaxed_wt_1_A27K_B54V_A73Y_rep1.pdb
[DEBUG] Output file: /scratch/jgray21/zyhuggan/Orthogonal-Protein-Binders-/pos_neg_pmpnn_design/OrthoMPNN/Rosetta/output_pdbs/r1/r1_enrich_wt/relaxed_wt_1_A27K_B54V_A73Y_rep2.pdb
[DEBUG] Output file: /scratch/jgray21/zyhuggan/Orthogonal-Protein-Binders-/pos_neg_pmpnn_design/OrthoMPNN/Rosetta/output_pdbs/r1/r1_enrich_wt/relaxed_wt_1_A27K_B54V_A73Y_rep3.pdb
[DEBUG] Output file: /scratch/jgray21/zyhuggan/Orthogonal-Protein-Binders-/pos_neg_pmpnn_design/OrthoMPNN/Rosetta/output_pdbs/r1/r1_enrich_wt/relaxed_wt_1_A27K_B54V_A73Y_rep4.pdb
[DEBUG] Output file: /scratch/jgray21/zyhuggan/Orthogonal-Protein-Binders-/pos_neg_pmpnn_design/OrthoMPNN/Rosetta/output_pdbs/r1/r1_enrich_wt/relaxed_wt_1_A27K_B54V_A73Y_rep5.pdb
[DEBUG] Creating jobs for bundle: [('A 27', 'T'), ('A 34', 'T'), ('B 54', 'V'), ('A 73', 'L')]
[DEBUG] Output file: /scratch/jgray21/zyhuggan/Orthogonal-Protein-Binders-/pos_neg_pmpnn_design/OrthoMPNN/Rosetta/output_pdbs/r1/r1_enrich_wt/relaxed_wt_1_A27T_A34T_B54V_A73L_rep1.pdb
[DEBUG] Output file: /scratch/jgray21/zyhuggan/Orthogonal-Protein-Binders-/pos_neg_pmpnn_design/OrthoMPNN/Rosetta/output_pdbs/r1/r1_enrich_wt/relaxed_wt_1_A27T_A34T_B54V_A73L_rep2.pdb
[DEBUG] Output file: /scratch/jgray21/zyhuggan/Orthogonal-Protein-Binders-/pos_neg_pmpnn_design/OrthoMPNN/Rosetta/output_pdbs/r1/r1_enrich_wt/relaxed_wt_1_A27T_A34T_B54V_A73L_rep3.pdb
[DEBUG] Output file: /scratch/jgray21/zyhuggan/Orthogonal-Protein-Binders-/pos_neg_pmpnn_design/OrthoMPNN/Rosetta/output_pdbs/r1/r1_enrich_wt/relaxed_wt_1_A27T_A34T_B54V_A73L_rep4.pdb
[DEBUG] Output file: /scratch/jgray21/zyhuggan/Orthogonal-Protein-Binders-/pos_neg_pmpnn_design/OrthoMPNN/Rosetta/output_pdbs/r1/r1_enrich_wt/relaxed_wt_1_A27T_A34T_B54V_A73L_rep5.pdb
[DEBUG] Creating jobs for bundle: [('B 54', 'V'), ('B 57', 'K'), ('A 73', 'L')]
[DEBUG] Output file: /scratch/jgray21/zyhuggan/Orthogonal-Protein-Binders-/pos_neg_pmpnn_design/OrthoMPNN/Rosetta/output_pdbs/r1/r1_enrich_wt/relaxed_wt_1_B54V_B57K_A73L_rep1.pdb
[DEBUG] Output file: /scratch/jgray21/zyhuggan/Orthogonal-Protein-Binders-/pos_neg_pmpnn_design/OrthoMPNN/Rosetta/output_pdbs/r1/r1_enrich_wt/relaxed_wt_1_B54V_B57K_A73L_rep2.pdb
[DEBUG] Output file: /scratch/jgray21/zyhuggan/Orthogonal-Protein-Binders-/pos_neg_pmpnn_design/OrthoMPNN/Rosetta/output_pdbs/r1/r1_enrich_wt/relaxed_wt_1_B54V_B57K_A73L_rep3.pdb
[DEBUG] Output file: /scratch/jgray21/zyhuggan/Orthogonal-Protein-Binders-/pos_neg_pmpnn_design/OrthoMPNN/Rosetta/output_pdbs/r1/r1_enrich_wt/relaxed_wt_1_B54V_B57K_A73L_rep4.pdb
[DEBUG] Output file: /scratch/jgray21/zyhuggan/Orthogonal-Protein-Binders-/pos_neg_pmpnn_design/OrthoMPNN/Rosetta/output_pdbs/r1/r1_enrich_wt/relaxed_wt_1_B54V_B57K_A73L_rep5.pdb
[DEBUG] Creating jobs for bundle: [('B 54', 'V'), ('B 57', 'R'), ('A 73', 'Y')]
[DEBUG] Output file: /scratch/jgray21/zyhuggan/Orthogonal-Protein-Binders-/pos_neg_pmpnn_design/OrthoMPNN/Rosetta/output_pdbs/r1/r1_enrich_wt/relaxed_wt_1_B54V_B57R_A73Y_rep1.pdb
[DEBUG] Output file: /scratch/jgray21/zyhuggan/Orthogonal-Protein-Binders-/pos_neg_pmpnn_design/OrthoMPNN/Rosetta/output_pdbs/r1/r1_enrich_wt/relaxed_wt_1_B54V_B57R_A73Y_rep2.pdb
[DEBUG] Output file: /scratch/jgray21/zyhuggan/Orthogonal-Protein-Binders-/pos_neg_pmpnn_design/OrthoMPNN/Rosetta/output_pdbs/r1/r1_enrich_wt/relaxed_wt_1_B54V_B57R_A73Y_rep3.pdb
[DEBUG] Output file: /scratch/jgray21/zyhuggan/Orthogonal-Protein-Binders-/pos_neg_pmpnn_design/OrthoMPNN/Rosetta/output_pdbs/r1/r1_enrich_wt/relaxed_wt_1_B54V_B57R_A73Y_rep4.pdb
[DEBUG] Output file: /scratch/jgray21/zyhuggan/Orthogonal-Protein-Binders-/pos_neg_pmpnn_design/OrthoMPNN/Rosetta/output_pdbs/r1/r1_enrich_wt/relaxed_wt_1_B54V_B57R_A73Y_rep5.pdb
[DEBUG] Creating jobs for bundle: [('A 27', 'T'), ('B 54', 'V'), ('B 57', 'R'), ('A 73', 'L')]
[DEBUG] Output file: /scratch/jgray21/zyhuggan/Orthogonal-Protein-Binders-/pos_neg_pmpnn_design/OrthoMPNN/Rosetta/output_pdbs/r1/r1_enrich_wt/relaxed_wt_1_A27T_B54V_B57R_A73L_rep1.pdb
[DEBUG] Output file: /scratch/jgray21/zyhuggan/Orthogonal-Protein-Binders-/pos_neg_pmpnn_design/OrthoMPNN/Rosetta/output_pdbs/r1/r1_enrich_wt/relaxed_wt_1_A27T_B54V_B57R_A73L_rep2.pdb
[DEBUG] Output file: /scratch/jgray21/zyhuggan/Orthogonal-Protein-Binders-/pos_neg_pmpnn_design/OrthoMPNN/Rosetta/output_pdbs/r1/r1_enrich_wt/relaxed_wt_1_A27T_B54V_B57R_A73L_rep3.pdb
[DEBUG] Output file: /scratch/jgray21/zyhuggan/Orthogonal-Protein-Binders-/pos_neg_pmpnn_design/OrthoMPNN/Rosetta/output_pdbs/r1/r1_enrich_wt/relaxed_wt_1_A27T_B54V_B57R_A73L_rep4.pdb
[DEBUG] Output file: /scratch/jgray21/zyhuggan/Orthogonal-Protein-Binders-/pos_neg_pmpnn_design/OrthoMPNN/Rosetta/output_pdbs/r1/r1_enrich_wt/relaxed_wt_1_A27T_B54V_B57R_A73L_rep5.pdb
[DEBUG] Creating jobs for bundle: [('A 27', 'P'), ('B 54', 'V'), ('A 73', 'L')]
[DEBUG] Output file: /scratch/jgray21/zyhuggan/Orthogonal-Protein-Binders-/pos_neg_pmpnn_design/OrthoMPNN/Rosetta/output_pdbs/r1/r1_enrich_wt/relaxed_wt_1_A27P_B54V_A73L_rep1.pdb
[DEBUG] Output file: /scratch/jgray21/zyhuggan/Orthogonal-Protein-Binders-/pos_neg_pmpnn_design/OrthoMPNN/Rosetta/output_pdbs/r1/r1_enrich_wt/relaxed_wt_1_A27P_B54V_A73L_rep2.pdb
[DEBUG] Output file: /scratch/jgray21/zyhuggan/Orthogonal-Protein-Binders-/pos_neg_pmpnn_design/OrthoMPNN/Rosetta/output_pdbs/r1/r1_enrich_wt/relaxed_wt_1_A27P_B54V_A73L_rep3.pdb
[DEBUG] Output file: /scratch/jgray21/zyhuggan/Orthogonal-Protein-Binders-/pos_neg_pmpnn_design/OrthoMPNN/Rosetta/output_pdbs/r1/r1_enrich_wt/relaxed_wt_1_A27P_B54V_A73L_rep4.pdb
[DEBUG] Output file: /scratch/jgray21/zyhuggan/Orthogonal-Protein-Binders-/pos_neg_pmpnn_design/OrthoMPNN/Rosetta/output_pdbs/r1/r1_enrich_wt/relaxed_wt_1_A27P_B54V_A73L_rep5.pdb
[DEBUG] Creating jobs for bundle: [('A 27', 'K'), ('B 54', 'V'), ('A 73', 'T')]
[DEBUG] Output file: /scratch/jgray21/zyhuggan/Orthogonal-Protein-Binders-/pos_neg_pmpnn_design/OrthoMPNN/Rosetta/output_pdbs/r1/r1_enrich_wt/relaxed_wt_1_A27K_B54V_A73T_rep1.pdb
[DEBUG] Output file: /scratch/jgray21/zyhuggan/Orthogonal-Protein-Binders-/pos_neg_pmpnn_design/OrthoMPNN/Rosetta/output_pdbs/r1/r1_enrich_wt/relaxed_wt_1_A27K_B54V_A73T_rep2.pdb
[DEBUG] Output file: /scratch/jgray21/zyhuggan/Orthogonal-Protein-Binders-/pos_neg_pmpnn_design/OrthoMPNN/Rosetta/output_pdbs/r1/r1_enrich_wt/relaxed_wt_1_A27K_B54V_A73T_rep3.pdb
[DEBUG] Output file: /scratch/jgray21/zyhuggan/Orthogonal-Protein-Binders-/pos_neg_pmpnn_design/OrthoMPNN/Rosetta/output_pdbs/r1/r1_enrich_wt/relaxed_wt_1_A27K_B54V_A73T_rep4.pdb
[DEBUG] Output file: /scratch/jgray21/zyhuggan/Orthogonal-Protein-Binders-/pos_neg_pmpnn_design/OrthoMPNN/Rosetta/output_pdbs/r1/r1_enrich_wt/relaxed_wt_1_A27K_B54V_A73T_rep5.pdb
[DEBUG] Creating jobs for bundle: [('B 54', 'I'), ('B 57', 'R'), ('A 73', 'L')]
[DEBUG] Output file: /scratch/jgray21/zyhuggan/Orthogonal-Protein-Binders-/pos_neg_pmpnn_design/OrthoMPNN/Rosetta/output_pdbs/r1/r1_enrich_wt/relaxed_wt_1_B54I_B57R_A73L_rep1.pdb
[DEBUG] Output file: /scratch/jgray21/zyhuggan/Orthogonal-Protein-Binders-/pos_neg_pmpnn_design/OrthoMPNN/Rosetta/output_pdbs/r1/r1_enrich_wt/relaxed_wt_1_B54I_B57R_A73L_rep2.pdb
[DEBUG] Output file: /scratch/jgray21/zyhuggan/Orthogonal-Protein-Binders-/pos_neg_pmpnn_design/OrthoMPNN/Rosetta/output_pdbs/r1/r1_enrich_wt/relaxed_wt_1_B54I_B57R_A73L_rep3.pdb
[DEBUG] Output file: /scratch/jgray21/zyhuggan/Orthogonal-Protein-Binders-/pos_neg_pmpnn_design/OrthoMPNN/Rosetta/output_pdbs/r1/r1_enrich_wt/relaxed_wt_1_B54I_B57R_A73L_rep4.pdb
[DEBUG] Output file: /scratch/jgray21/zyhuggan/Orthogonal-Protein-Binders-/pos_neg_pmpnn_design/OrthoMPNN/Rosetta/output_pdbs/r1/r1_enrich_wt/relaxed_wt_1_B54I_B57R_A73L_rep5.pdb
2026-04-23 12:56:46 EDT MainProcess INFO [__main__] Processing a total of 85 jobs
2026-04-23 12:56:46 EDT MainProcess INFO [__main__] Starting pool with 100 worker(s)
2026-04-23 13:01:29 EDT ForkPoolWorker-56 INFO [__main__] Output: relaxed_wt_1_A27T_A34T_B54V_A73L_rep5.pdb
2026-04-23 13:01:34 EDT ForkPoolWorker-66 INFO [__main__] Output: relaxed_wt_1_A27P_B54V_A73L_rep2.pdb
2026-04-23 13:01:36 EDT ForkPoolWorker-15 INFO [__main__] Output: relaxed_wt_1_B54V_A73L_rep5.pdb
2026-04-23 13:01:36 EDT ForkPoolWorker-6 INFO [__main__] Output: relaxed_wt_1_B54V_B57R_A73L_rep1.pdb
2026-04-23 13:01:36 EDT ForkPoolWorker-54 INFO [__main__] Output: relaxed_wt_1_A27T_A34T_B54V_A73L_rep3.pdb
2026-04-23 13:01:37 EDT ForkPoolWorker-96 INFO [__main__] Output: relaxed_wt_1_B54I_B57R_A73L_rep5.pdb
2026-04-23 13:01:38 EDT ForkPoolWorker-57 INFO [__main__] Output: relaxed_wt_1_B54V_B57K_A73L_rep5.pdb
2026-04-23 13:01:38 EDT ForkPoolWorker-86 INFO [__main__] Output: relaxed_wt_1_A27P_B54V_A73L_rep3.pdb
2026-04-23 13:01:39 EDT ForkPoolWorker-20 INFO [__main__] Output: relaxed_wt_1_A27K_B54V_B57R_A73Y_rep4.pdb
2026-04-23 13:01:39 EDT ForkPoolWorker-22 INFO [__main__] Output: relaxed_wt_1_A27K_B54V_A73L_rep2.pdb
2026-04-23 13:01:39 EDT ForkPoolWorker-62 INFO [__main__] Output: relaxed_wt_1_B54V_B57R_A73Y_rep3.pdb
2026-04-23 13:01:40 EDT ForkPoolWorker-8 INFO [__main__] Output: relaxed_wt_1_B54V_B57R_A73L_rep5.pdb
2026-04-23 13:01:40 EDT ForkPoolWorker-38 INFO [__main__] Output: relaxed_wt_1_A27K_B54V_B57R_A73L_rep2.pdb
2026-04-23 13:01:40 EDT ForkPoolWorker-45 INFO [__main__] Output: relaxed_wt_1_B54V_A73T_rep3.pdb
2026-04-23 13:01:40 EDT ForkPoolWorker-13 INFO [__main__] Output: relaxed_wt_1_B54V_A73L_rep4.pdb
2026-04-23 13:01:40 EDT ForkPoolWorker-7 INFO [__main__] Output: relaxed_wt_1_A27K_B54V_A73L_rep1.pdb
2026-04-23 13:01:40 EDT ForkPoolWorker-5 INFO [__main__] Output: relaxed_wt_1_B54V_B57R_A73L_rep3.pdb
2026-04-23 13:01:41 EDT ForkPoolWorker-2 INFO [__main__] Output: relaxed_wt_1_A27K_B54V_A73L_rep5.pdb
2026-04-23 13:01:41 EDT ForkPoolWorker-17 INFO [__main__] Output: relaxed_wt_1_A27K_B54V_A73L_rep3.pdb
2026-04-23 13:01:42 EDT ForkPoolWorker-29 INFO [__main__] Output: relaxed_wt_1_A27K_B54I_A73L_rep1.pdb
2026-04-23 13:01:42 EDT ForkPoolWorker-12 INFO [__main__] Output: relaxed_wt_1_A27K_B54V_A73L_rep4.pdb
2026-04-23 13:01:42 EDT ForkPoolWorker-30 INFO [__main__] Output: relaxed_wt_1_A27K_B54V_B57R_A73L_rep1.pdb
2026-04-23 13:01:42 EDT ForkPoolWorker-37 INFO [__main__] Output: relaxed_wt_1_B54V_A73T_rep1.pdb
2026-04-23 13:01:42 EDT ForkPoolWorker-47 INFO [__main__] Output: relaxed_wt_1_A27T_A34T_B54V_A73L_rep2.pdb
2026-04-23 13:01:43 EDT ForkPoolWorker-68 INFO [__main__] Output: relaxed_wt_1_B54V_B57R_A73Y_rep4.pdb
2026-04-23 13:01:43 EDT ForkPoolWorker-75 INFO [__main__] Output: relaxed_wt_1_A27T_B54V_B57R_A73L_rep3.pdb
2026-04-23 13:01:43 EDT ForkPoolWorker-25 INFO [__main__] Output: relaxed_wt_1_A27K_B54V_B57R_A73Y_rep5.pdb
2026-04-23 13:01:43 EDT ForkPoolWorker-49 INFO [__main__] Output: relaxed_wt_1_A27K_B54V_A73Y_rep2.pdb
2026-04-23 13:01:43 EDT ForkPoolWorker-94 INFO [__main__] Output: relaxed_wt_1_A27K_B54V_A73T_rep5.pdb
2026-04-23 13:01:43 EDT ForkPoolWorker-79 INFO [__main__] Output: relaxed_wt_1_A27P_B54V_A73L_rep4.pdb
2026-04-23 13:01:43 EDT ForkPoolWorker-64 INFO [__main__] Output: relaxed_wt_1_A27T_B54V_B57R_A73L_rep2.pdb
2026-04-23 13:01:43 EDT ForkPoolWorker-78 INFO [__main__] Output: relaxed_wt_1_A27T_B54V_B57R_A73L_rep1.pdb
2026-04-23 13:01:43 EDT ForkPoolWorker-40 INFO [__main__] Output: relaxed_wt_1_A27K_B54V_B57R_A73L_rep4.pdb
2026-04-23 13:01:43 EDT ForkPoolWorker-69 INFO [__main__] Output: relaxed_wt_1_B54V_B57R_A73Y_rep2.pdb
2026-04-23 13:01:44 EDT ForkPoolWorker-9 INFO [__main__] Output: relaxed_wt_1_B54V_A73L_rep2.pdb
2026-04-23 13:01:44 EDT ForkPoolWorker-3 INFO [__main__] Output: relaxed_wt_1_A27K_B54V_B57R_A73Y_rep3.pdb
2026-04-23 13:01:44 EDT ForkPoolWorker-1 INFO [__main__] Output: relaxed_wt_1_B54V_B57R_A73L_rep2.pdb
2026-04-23 13:01:44 EDT ForkPoolWorker-92 INFO [__main__] Output: relaxed_wt_1_A27P_B54V_A73L_rep5.pdb
2026-04-23 13:01:44 EDT ForkPoolWorker-42 INFO [__main__] Output: relaxed_wt_1_A27K_B54V_A73Y_rep1.pdb
2026-04-23 13:01:44 EDT ForkPoolWorker-87 INFO [__main__] Output: relaxed_wt_1_A27K_B54V_A73T_rep1.pdb
2026-04-23 13:01:44 EDT ForkPoolWorker-50 INFO [__main__] Output: relaxed_wt_1_A27K_B54V_A73Y_rep4.pdb
2026-04-23 13:01:44 EDT ForkPoolWorker-19 INFO [__main__] Output: relaxed_wt_1_A27K_B54V_B57R_A73Y_rep2.pdb
2026-04-23 13:01:44 EDT ForkPoolWorker-11 INFO [__main__] Output: relaxed_wt_1_A27K_B54V_B57R_A73Y_rep1.pdb
2026-04-23 13:01:45 EDT ForkPoolWorker-4 INFO [__main__] Output: relaxed_wt_1_B54V_A73L_rep3.pdb
2026-04-23 13:01:45 EDT ForkPoolWorker-26 INFO [__main__] Output: relaxed_wt_1_A27K_B54V_B57K_A73L_rep2.pdb
2026-04-23 13:01:45 EDT ForkPoolWorker-52 INFO [__main__] Output: relaxed_wt_1_A27T_A34T_B54V_A73L_rep4.pdb
2026-04-23 13:01:45 EDT ForkPoolWorker-81 INFO [__main__] Output: relaxed_wt_1_A27P_B54V_A73L_rep1.pdb
2026-04-23 13:01:45 EDT ForkPoolWorker-88 INFO [__main__] Output: relaxed_wt_1_B54I_B57R_A73L_rep1.pdb
2026-04-23 13:01:45 EDT ForkPoolWorker-63 INFO [__main__] Output: relaxed_wt_1_A27T_B54V_B57R_A73L_rep5.pdb
2026-04-23 13:01:46 EDT ForkPoolWorker-61 INFO [__main__] Output: relaxed_wt_1_B54V_B57R_A73Y_rep1.pdb
2026-04-23 13:01:46 EDT ForkPoolWorker-27 INFO [__main__] Output: relaxed_wt_1_A27K_B54I_A73L_rep2.pdb
2026-04-23 13:01:46 EDT ForkPoolWorker-53 INFO [__main__] Output: relaxed_wt_1_A27T_A34T_B54V_A73L_rep1.pdb
2026-04-23 13:01:46 EDT ForkPoolWorker-31 INFO [__main__] Output: relaxed_wt_1_A27K_B54I_A73L_rep4.pdb
2026-04-23 13:01:46 EDT ForkPoolWorker-41 INFO [__main__] Output: relaxed_wt_1_A27K_B54V_B57R_A73L_rep3.pdb
2026-04-23 13:01:46 EDT ForkPoolWorker-28 INFO [__main__] Output: relaxed_wt_1_B54V_A73Y_rep5.pdb
2026-04-23 13:01:46 EDT ForkPoolWorker-44 INFO [__main__] Output: relaxed_wt_1_B54V_A73T_rep2.pdb
2026-04-23 13:01:46 EDT ForkPoolWorker-43 INFO [__main__] Output: relaxed_wt_1_B54V_A73T_rep4.pdb
2026-04-23 13:01:46 EDT ForkPoolWorker-55 INFO [__main__] Output: relaxed_wt_1_B54V_B57K_A73L_rep2.pdb
2026-04-23 13:01:47 EDT ForkPoolWorker-35 INFO [__main__] Output: relaxed_wt_1_A27K_B54V_B57K_A73L_rep3.pdb
2026-04-23 13:01:47 EDT ForkPoolWorker-95 INFO [__main__] Output: relaxed_wt_1_B54I_B57R_A73L_rep2.pdb
2026-04-23 13:01:47 EDT ForkPoolWorker-33 INFO [__main__] Output: relaxed_wt_1_A27K_B54V_B57K_A73L_rep1.pdb
2026-04-23 13:01:47 EDT ForkPoolWorker-46 INFO [__main__] Output: relaxed_wt_1_B54V_A73T_rep5.pdb
2026-04-23 13:01:47 EDT ForkPoolWorker-34 INFO [__main__] Output: relaxed_wt_1_A27K_B54V_B57K_A73L_rep4.pdb
2026-04-23 13:01:47 EDT ForkPoolWorker-32 INFO [__main__] Output: relaxed_wt_1_A27K_B54V_B57K_A73L_rep5.pdb
2026-04-23 13:01:48 EDT ForkPoolWorker-14 INFO [__main__] Output: relaxed_wt_1_B54V_A73Y_rep3.pdb
2026-04-23 13:01:48 EDT ForkPoolWorker-18 INFO [__main__] Output: relaxed_wt_1_A27K_B54I_A73L_rep3.pdb
2026-04-23 13:01:48 EDT ForkPoolWorker-58 INFO [__main__] Output: relaxed_wt_1_B54V_B57K_A73L_rep1.pdb
2026-04-23 13:01:48 EDT ForkPoolWorker-21 INFO [__main__] Output: relaxed_wt_1_B54V_B57R_A73L_rep4.pdb
2026-04-23 13:01:48 EDT ForkPoolWorker-67 INFO [__main__] Output: relaxed_wt_1_B54V_B57R_A73Y_rep5.pdb
2026-04-23 13:01:48 EDT ForkPoolWorker-73 INFO [__main__] Output: relaxed_wt_1_A27K_B54V_A73T_rep3.pdb
2026-04-23 13:01:48 EDT ForkPoolWorker-82 INFO [__main__] Output: relaxed_wt_1_A27K_B54V_A73T_rep2.pdb
2026-04-23 13:01:48 EDT ForkPoolWorker-59 INFO [__main__] Output: relaxed_wt_1_B54V_B57K_A73L_rep3.pdb
2026-04-23 13:01:48 EDT ForkPoolWorker-70 INFO [__main__] Output: relaxed_wt_1_B54I_B57R_A73L_rep3.pdb
2026-04-23 13:01:48 EDT ForkPoolWorker-16 INFO [__main__] Output: relaxed_wt_1_B54V_A73L_rep1.pdb
2026-04-23 13:01:48 EDT ForkPoolWorker-51 INFO [__main__] Output: relaxed_wt_1_A27K_B54V_A73Y_rep3.pdb
2026-04-23 13:01:48 EDT ForkPoolWorker-23 INFO [__main__] Output: relaxed_wt_1_B54V_A73Y_rep4.pdb
2026-04-23 13:01:49 EDT ForkPoolWorker-84 INFO [__main__] Output: relaxed_wt_1_B54I_B57R_A73L_rep4.pdb
2026-04-23 13:01:49 EDT ForkPoolWorker-71 INFO [__main__] Output: relaxed_wt_1_A27K_B54V_A73T_rep4.pdb
2026-04-23 13:01:49 EDT ForkPoolWorker-77 INFO [__main__] Output: relaxed_wt_1_A27T_B54V_B57R_A73L_rep4.pdb
2026-04-23 13:01:49 EDT ForkPoolWorker-10 INFO [__main__] Output: relaxed_wt_1_B54V_A73Y_rep2.pdb
2026-04-23 13:01:49 EDT ForkPoolWorker-24 INFO [__main__] Output: relaxed_wt_1_B54V_A73Y_rep1.pdb
2026-04-23 13:01:49 EDT ForkPoolWorker-36 INFO [__main__] Output: relaxed_wt_1_A27K_B54I_A73L_rep5.pdb
2026-04-23 13:01:49 EDT ForkPoolWorker-60 INFO [__main__] Output: relaxed_wt_1_B54V_B57K_A73L_rep4.pdb
2026-04-23 13:01:50 EDT ForkPoolWorker-39 INFO [__main__] Output: relaxed_wt_1_A27K_B54V_B57R_A73L_rep5.pdb
2026-04-23 13:01:50 EDT ForkPoolWorker-48 INFO [__main__] Output: relaxed_wt_1_A27K_B54V_A73Y_rep5.pdb
2026-04-23 13:01:51 EDT MainProcess INFO [__main__] Script execution completed
