Using existing logs directory.
[DEBUG] Creating jobs for bundle: [('A 27', 'S'), ('A 31', 'G'), ('A 34', 'L'), ('A 36', 'S'), ('A 73', 'L'), ('B 54', 'A'), ('B 57', 'L')]
[DEBUG] Output file: /scratch/jgray21/zyhuggan/Orthogonal-Protein-Binders-/Experimental_Structures/outputs/wt/experi_relaxed_wt_1_A27S_A31G_A34L_A36S_A73L_B54A_B57L_rep1.pdb
[DEBUG] Output file: /scratch/jgray21/zyhuggan/Orthogonal-Protein-Binders-/Experimental_Structures/outputs/wt/experi_relaxed_wt_1_A27S_A31G_A34L_A36S_A73L_B54A_B57L_rep2.pdb
[DEBUG] Output file: /scratch/jgray21/zyhuggan/Orthogonal-Protein-Binders-/Experimental_Structures/outputs/wt/experi_relaxed_wt_1_A27S_A31G_A34L_A36S_A73L_B54A_B57L_rep3.pdb
[DEBUG] Output file: /scratch/jgray21/zyhuggan/Orthogonal-Protein-Binders-/Experimental_Structures/outputs/wt/experi_relaxed_wt_1_A27S_A31G_A34L_A36S_A73L_B54A_B57L_rep4.pdb
[DEBUG] Output file: /scratch/jgray21/zyhuggan/Orthogonal-Protein-Binders-/Experimental_Structures/outputs/wt/experi_relaxed_wt_1_A27S_A31G_A34L_A36S_A73L_B54A_B57L_rep5.pdb
2026-03-25 12:02:39 EDT MainProcess INFO [__main__] Processing a total of 5 jobs
2026-03-25 12:02:39 EDT MainProcess INFO [__main__] Starting pool with 5 worker(s)
2026-03-25 12:02:41 EDT ForkPoolWorker-1 DEBUG [__main__] Mutating PDB idx 27 at chain A (Rosetta 22) R->S
2026-03-25 12:02:41 EDT ForkPoolWorker-2 DEBUG [__main__] Mutating PDB idx 27 at chain A (Rosetta 22) R->S
2026-03-25 12:02:41 EDT ForkPoolWorker-4 DEBUG [__main__] Mutating PDB idx 27 at chain A (Rosetta 22) R->S
2026-03-25 12:02:41 EDT ForkPoolWorker-3 DEBUG [__main__] Mutating PDB idx 27 at chain A (Rosetta 22) R->S
2026-03-25 12:02:41 EDT ForkPoolWorker-5 DEBUG [__main__] Mutating PDB idx 27 at chain A (Rosetta 22) R->S
2026-03-25 12:02:41 EDT ForkPoolWorker-5 DEBUG [__main__] Mutating PDB idx 31 at chain A (Rosetta 26) D->G
2026-03-25 12:02:41 EDT ForkPoolWorker-2 DEBUG [__main__] Mutating PDB idx 31 at chain A (Rosetta 26) D->G
2026-03-25 12:02:41 EDT ForkPoolWorker-4 DEBUG [__main__] Mutating PDB idx 31 at chain A (Rosetta 26) D->G
2026-03-25 12:02:41 EDT ForkPoolWorker-3 DEBUG [__main__] Mutating PDB idx 31 at chain A (Rosetta 26) D->G
2026-03-25 12:02:41 EDT ForkPoolWorker-1 DEBUG [__main__] Mutating PDB idx 31 at chain A (Rosetta 26) D->G
2026-03-25 12:02:41 EDT ForkPoolWorker-3 DEBUG [__main__] Mutating PDB idx 34 at chain A (Rosetta 29) N->L
2026-03-25 12:02:41 EDT ForkPoolWorker-2 DEBUG [__main__] Mutating PDB idx 34 at chain A (Rosetta 29) N->L
2026-03-25 12:02:41 EDT ForkPoolWorker-4 DEBUG [__main__] Mutating PDB idx 34 at chain A (Rosetta 29) N->L
2026-03-25 12:02:41 EDT ForkPoolWorker-5 DEBUG [__main__] Mutating PDB idx 34 at chain A (Rosetta 29) N->L
2026-03-25 12:02:41 EDT ForkPoolWorker-1 DEBUG [__main__] Mutating PDB idx 34 at chain A (Rosetta 29) N->L
2026-03-25 12:02:41 EDT ForkPoolWorker-3 DEBUG [__main__] Mutating PDB idx 36 at chain A (Rosetta 31) N->S
2026-03-25 12:02:41 EDT ForkPoolWorker-2 DEBUG [__main__] Mutating PDB idx 36 at chain A (Rosetta 31) N->S
2026-03-25 12:02:41 EDT ForkPoolWorker-4 DEBUG [__main__] Mutating PDB idx 36 at chain A (Rosetta 31) N->S
2026-03-25 12:02:41 EDT ForkPoolWorker-5 DEBUG [__main__] Mutating PDB idx 36 at chain A (Rosetta 31) N->S
2026-03-25 12:02:41 EDT ForkPoolWorker-1 DEBUG [__main__] Mutating PDB idx 36 at chain A (Rosetta 31) N->S
2026-03-25 12:02:41 EDT ForkPoolWorker-2 DEBUG [__main__] Mutating PDB idx 73 at chain A (Rosetta 68) R->L
2026-03-25 12:02:41 EDT ForkPoolWorker-5 DEBUG [__main__] Mutating PDB idx 73 at chain A (Rosetta 68) R->L
2026-03-25 12:02:41 EDT ForkPoolWorker-4 DEBUG [__main__] Mutating PDB idx 73 at chain A (Rosetta 68) R->L
2026-03-25 12:02:41 EDT ForkPoolWorker-3 DEBUG [__main__] Mutating PDB idx 73 at chain A (Rosetta 68) R->L
2026-03-25 12:02:41 EDT ForkPoolWorker-1 DEBUG [__main__] Mutating PDB idx 73 at chain A (Rosetta 68) R->L
2026-03-25 12:02:41 EDT ForkPoolWorker-4 DEBUG [__main__] Mutating PDB idx 54 at chain B (Rosetta 146) N->A
2026-03-25 12:02:41 EDT ForkPoolWorker-2 DEBUG [__main__] Mutating PDB idx 54 at chain B (Rosetta 146) N->A
2026-03-25 12:02:41 EDT ForkPoolWorker-3 DEBUG [__main__] Mutating PDB idx 54 at chain B (Rosetta 146) N->A
2026-03-25 12:02:41 EDT ForkPoolWorker-5 DEBUG [__main__] Mutating PDB idx 54 at chain B (Rosetta 146) N->A
2026-03-25 12:02:41 EDT ForkPoolWorker-1 DEBUG [__main__] Mutating PDB idx 54 at chain B (Rosetta 146) N->A
2026-03-25 12:02:41 EDT ForkPoolWorker-2 DEBUG [__main__] Mutating PDB idx 57 at chain B (Rosetta 149) N->L
2026-03-25 12:02:41 EDT ForkPoolWorker-4 DEBUG [__main__] Mutating PDB idx 57 at chain B (Rosetta 149) N->L
2026-03-25 12:02:41 EDT ForkPoolWorker-3 DEBUG [__main__] Mutating PDB idx 57 at chain B (Rosetta 149) N->L
2026-03-25 12:02:41 EDT ForkPoolWorker-5 DEBUG [__main__] Mutating PDB idx 57 at chain B (Rosetta 149) N->L
2026-03-25 12:02:41 EDT ForkPoolWorker-1 DEBUG [__main__] Mutating PDB idx 57 at chain B (Rosetta 149) N->L
2026-03-25 12:02:45 EDT ForkPoolWorker-2 DEBUG [__main__] Successfully setup the FastRelax
2026-03-25 12:02:45 EDT ForkPoolWorker-2 DEBUG [__main__] This is the number of repeats 5
2026-03-25 12:02:45 EDT ForkPoolWorker-2 DEBUG [__main__] Applying fastrelax to input: relaxed_wt_1.pdb -> experi_relaxed_wt_1_A27S_A31G_A34L_A36S_A73L_B54A_B57L_rep2.pdb
2026-03-25 12:02:45 EDT ForkPoolWorker-4 DEBUG [__main__] Successfully setup the FastRelax
2026-03-25 12:02:45 EDT ForkPoolWorker-4 DEBUG [__main__] This is the number of repeats 5
2026-03-25 12:02:45 EDT ForkPoolWorker-4 DEBUG [__main__] Applying fastrelax to input: relaxed_wt_1.pdb -> experi_relaxed_wt_1_A27S_A31G_A34L_A36S_A73L_B54A_B57L_rep3.pdb
2026-03-25 12:02:45 EDT ForkPoolWorker-5 DEBUG [__main__] Successfully setup the FastRelax
2026-03-25 12:02:45 EDT ForkPoolWorker-5 DEBUG [__main__] This is the number of repeats 5
2026-03-25 12:02:45 EDT ForkPoolWorker-5 DEBUG [__main__] Applying fastrelax to input: relaxed_wt_1.pdb -> experi_relaxed_wt_1_A27S_A31G_A34L_A36S_A73L_B54A_B57L_rep4.pdb
2026-03-25 12:02:45 EDT ForkPoolWorker-3 DEBUG [__main__] Successfully setup the FastRelax
2026-03-25 12:02:45 EDT ForkPoolWorker-3 DEBUG [__main__] This is the number of repeats 5
2026-03-25 12:02:45 EDT ForkPoolWorker-3 DEBUG [__main__] Applying fastrelax to input: relaxed_wt_1.pdb -> experi_relaxed_wt_1_A27S_A31G_A34L_A36S_A73L_B54A_B57L_rep5.pdb
2026-03-25 12:02:45 EDT ForkPoolWorker-1 DEBUG [__main__] Successfully setup the FastRelax
2026-03-25 12:02:45 EDT ForkPoolWorker-1 DEBUG [__main__] This is the number of repeats 5
2026-03-25 12:02:45 EDT ForkPoolWorker-1 DEBUG [__main__] Applying fastrelax to input: relaxed_wt_1.pdb -> experi_relaxed_wt_1_A27S_A31G_A34L_A36S_A73L_B54A_B57L_rep1.pdb
2026-03-25 12:06:14 EDT ForkPoolWorker-2 DEBUG [__main__] Successfully setup the InterfaceAnalyzerMover
2026-03-25 12:06:14 EDT ForkPoolWorker-2 DEBUG [__main__] Applying the interface analyzer to input: relaxed_wt_1.pdb -> experi_relaxed_wt_1_A27S_A31G_A34L_A36S_A73L_B54A_B57L_rep2.pdb
2026-03-25 12:06:16 EDT ForkPoolWorker-3 DEBUG [__main__] Successfully setup the InterfaceAnalyzerMover
2026-03-25 12:06:16 EDT ForkPoolWorker-3 DEBUG [__main__] Applying the interface analyzer to input: relaxed_wt_1.pdb -> experi_relaxed_wt_1_A27S_A31G_A34L_A36S_A73L_B54A_B57L_rep5.pdb
2026-03-25 12:06:17 EDT ForkPoolWorker-2 INFO [__main__] Output: experi_relaxed_wt_1_A27S_A31G_A34L_A36S_A73L_B54A_B57L_rep2.pdb
2026-03-25 12:06:18 EDT ForkPoolWorker-1 DEBUG [__main__] Successfully setup the InterfaceAnalyzerMover
2026-03-25 12:06:18 EDT ForkPoolWorker-1 DEBUG [__main__] Applying the interface analyzer to input: relaxed_wt_1.pdb -> experi_relaxed_wt_1_A27S_A31G_A34L_A36S_A73L_B54A_B57L_rep1.pdb
2026-03-25 12:06:18 EDT ForkPoolWorker-5 DEBUG [__main__] Successfully setup the InterfaceAnalyzerMover
2026-03-25 12:06:18 EDT ForkPoolWorker-5 DEBUG [__main__] Applying the interface analyzer to input: relaxed_wt_1.pdb -> experi_relaxed_wt_1_A27S_A31G_A34L_A36S_A73L_B54A_B57L_rep4.pdb
2026-03-25 12:06:19 EDT ForkPoolWorker-3 INFO [__main__] Output: experi_relaxed_wt_1_A27S_A31G_A34L_A36S_A73L_B54A_B57L_rep5.pdb
2026-03-25 12:06:21 EDT ForkPoolWorker-1 INFO [__main__] Output: experi_relaxed_wt_1_A27S_A31G_A34L_A36S_A73L_B54A_B57L_rep1.pdb
2026-03-25 12:06:21 EDT ForkPoolWorker-5 INFO [__main__] Output: experi_relaxed_wt_1_A27S_A31G_A34L_A36S_A73L_B54A_B57L_rep4.pdb
2026-03-25 12:06:21 EDT ForkPoolWorker-4 DEBUG [__main__] Successfully setup the InterfaceAnalyzerMover
2026-03-25 12:06:21 EDT ForkPoolWorker-4 DEBUG [__main__] Applying the interface analyzer to input: relaxed_wt_1.pdb -> experi_relaxed_wt_1_A27S_A31G_A34L_A36S_A73L_B54A_B57L_rep3.pdb
2026-03-25 12:06:24 EDT ForkPoolWorker-4 INFO [__main__] Output: experi_relaxed_wt_1_A27S_A31G_A34L_A36S_A73L_B54A_B57L_rep3.pdb
2026-03-25 12:06:24 EDT MainProcess INFO [__main__] Script execution completed
