Using existing logs directory.
[DEBUG] Creating jobs for bundle: [('A 27', 'S'), ('A 31', 'G'), ('A 34', 'L'), ('A 36', 'S'), ('A 73', 'L'), ('B 54', 'A'), ('B 57', 'L')]
[DEBUG] Output file: /scratch/jgray21/zyhuggan/Orthogonal-Protein-Binders-/Experimental_Structures/outputs/global_relax_ortho/experi_relaxed_ortho_3_A27S_A31G_A34L_A36S_A73L_B54A_B57L_rep1.pdb
[DEBUG] Output file: /scratch/jgray21/zyhuggan/Orthogonal-Protein-Binders-/Experimental_Structures/outputs/global_relax_ortho/experi_relaxed_ortho_3_A27S_A31G_A34L_A36S_A73L_B54A_B57L_rep2.pdb
[DEBUG] Output file: /scratch/jgray21/zyhuggan/Orthogonal-Protein-Binders-/Experimental_Structures/outputs/global_relax_ortho/experi_relaxed_ortho_3_A27S_A31G_A34L_A36S_A73L_B54A_B57L_rep3.pdb
[DEBUG] Output file: /scratch/jgray21/zyhuggan/Orthogonal-Protein-Binders-/Experimental_Structures/outputs/global_relax_ortho/experi_relaxed_ortho_3_A27S_A31G_A34L_A36S_A73L_B54A_B57L_rep4.pdb
[DEBUG] Output file: /scratch/jgray21/zyhuggan/Orthogonal-Protein-Binders-/Experimental_Structures/outputs/global_relax_ortho/experi_relaxed_ortho_3_A27S_A31G_A34L_A36S_A73L_B54A_B57L_rep5.pdb
2026-03-30 17:24:00 EDT MainProcess INFO [__main__] Processing a total of 5 jobs
2026-03-30 17:24:00 EDT MainProcess INFO [__main__] Starting pool with 5 worker(s)
2026-03-30 17:24:01 EDT ForkPoolWorker-5 DEBUG [__main__] Mutating PDB idx 27 at chain A (Rosetta 22) R->S
2026-03-30 17:24:01 EDT ForkPoolWorker-3 DEBUG [__main__] Mutating PDB idx 27 at chain A (Rosetta 22) R->S
2026-03-30 17:24:01 EDT ForkPoolWorker-2 DEBUG [__main__] Mutating PDB idx 27 at chain A (Rosetta 22) R->S
2026-03-30 17:24:01 EDT ForkPoolWorker-4 DEBUG [__main__] Mutating PDB idx 27 at chain A (Rosetta 22) R->S
2026-03-30 17:24:01 EDT ForkPoolWorker-1 DEBUG [__main__] Mutating PDB idx 27 at chain A (Rosetta 22) R->S
2026-03-30 17:24:02 EDT ForkPoolWorker-3 DEBUG [__main__] Mutating PDB idx 31 at chain A (Rosetta 26) D->G
2026-03-30 17:24:02 EDT ForkPoolWorker-5 DEBUG [__main__] Mutating PDB idx 31 at chain A (Rosetta 26) D->G
2026-03-30 17:24:02 EDT ForkPoolWorker-2 DEBUG [__main__] Mutating PDB idx 31 at chain A (Rosetta 26) D->G
2026-03-30 17:24:02 EDT ForkPoolWorker-4 DEBUG [__main__] Mutating PDB idx 31 at chain A (Rosetta 26) D->G
2026-03-30 17:24:02 EDT ForkPoolWorker-1 DEBUG [__main__] Mutating PDB idx 31 at chain A (Rosetta 26) D->G
2026-03-30 17:24:02 EDT ForkPoolWorker-3 DEBUG [__main__] Mutating PDB idx 34 at chain A (Rosetta 29) N->L
2026-03-30 17:24:02 EDT ForkPoolWorker-5 DEBUG [__main__] Mutating PDB idx 34 at chain A (Rosetta 29) N->L
2026-03-30 17:24:02 EDT ForkPoolWorker-2 DEBUG [__main__] Mutating PDB idx 34 at chain A (Rosetta 29) N->L
2026-03-30 17:24:02 EDT ForkPoolWorker-4 DEBUG [__main__] Mutating PDB idx 34 at chain A (Rosetta 29) N->L
2026-03-30 17:24:02 EDT ForkPoolWorker-1 DEBUG [__main__] Mutating PDB idx 34 at chain A (Rosetta 29) N->L
2026-03-30 17:24:02 EDT ForkPoolWorker-3 DEBUG [__main__] Mutating PDB idx 36 at chain A (Rosetta 31) N->S
2026-03-30 17:24:02 EDT ForkPoolWorker-4 DEBUG [__main__] Mutating PDB idx 36 at chain A (Rosetta 31) N->S
2026-03-30 17:24:02 EDT ForkPoolWorker-2 DEBUG [__main__] Mutating PDB idx 36 at chain A (Rosetta 31) N->S
2026-03-30 17:24:02 EDT ForkPoolWorker-5 DEBUG [__main__] Mutating PDB idx 36 at chain A (Rosetta 31) N->S
2026-03-30 17:24:02 EDT ForkPoolWorker-1 DEBUG [__main__] Mutating PDB idx 36 at chain A (Rosetta 31) N->S
2026-03-30 17:24:02 EDT ForkPoolWorker-3 DEBUG [__main__] Mutating PDB idx 73 at chain A (Rosetta 68) R->L
2026-03-30 17:24:02 EDT ForkPoolWorker-5 DEBUG [__main__] Mutating PDB idx 73 at chain A (Rosetta 68) R->L
2026-03-30 17:24:02 EDT ForkPoolWorker-2 DEBUG [__main__] Mutating PDB idx 73 at chain A (Rosetta 68) R->L
2026-03-30 17:24:02 EDT ForkPoolWorker-4 DEBUG [__main__] Mutating PDB idx 73 at chain A (Rosetta 68) R->L
2026-03-30 17:24:02 EDT ForkPoolWorker-1 DEBUG [__main__] Mutating PDB idx 73 at chain A (Rosetta 68) R->L
2026-03-30 17:24:02 EDT ForkPoolWorker-3 DEBUG [__main__] Mutating PDB idx 54 at chain B (Rosetta 146) N->A
2026-03-30 17:24:02 EDT ForkPoolWorker-5 DEBUG [__main__] Mutating PDB idx 54 at chain B (Rosetta 146) N->A
2026-03-30 17:24:02 EDT ForkPoolWorker-2 DEBUG [__main__] Mutating PDB idx 54 at chain B (Rosetta 146) N->A
2026-03-30 17:24:02 EDT ForkPoolWorker-4 DEBUG [__main__] Mutating PDB idx 54 at chain B (Rosetta 146) N->A
2026-03-30 17:24:02 EDT ForkPoolWorker-1 DEBUG [__main__] Mutating PDB idx 54 at chain B (Rosetta 146) N->A
2026-03-30 17:24:02 EDT ForkPoolWorker-5 DEBUG [__main__] Mutating PDB idx 57 at chain B (Rosetta 149) N->L
2026-03-30 17:24:02 EDT ForkPoolWorker-3 DEBUG [__main__] Mutating PDB idx 57 at chain B (Rosetta 149) N->L
2026-03-30 17:24:02 EDT ForkPoolWorker-2 DEBUG [__main__] Mutating PDB idx 57 at chain B (Rosetta 149) N->L
2026-03-30 17:24:02 EDT ForkPoolWorker-4 DEBUG [__main__] Mutating PDB idx 57 at chain B (Rosetta 149) N->L
2026-03-30 17:24:02 EDT ForkPoolWorker-1 DEBUG [__main__] Mutating PDB idx 57 at chain B (Rosetta 149) N->L
2026-03-30 17:24:06 EDT ForkPoolWorker-3 DEBUG [__main__] Successfully setup the FastRelax
2026-03-30 17:24:06 EDT ForkPoolWorker-3 DEBUG [__main__] This is the number of repeats 5
2026-03-30 17:24:06 EDT ForkPoolWorker-3 DEBUG [__main__] Applying fastrelax to input: relaxed_ortho_3.pdb -> experi_relaxed_ortho_3_A27S_A31G_A34L_A36S_A73L_B54A_B57L_rep1.pdb
2026-03-30 17:24:06 EDT ForkPoolWorker-5 DEBUG [__main__] Successfully setup the FastRelax
2026-03-30 17:24:06 EDT ForkPoolWorker-5 DEBUG [__main__] This is the number of repeats 5
2026-03-30 17:24:06 EDT ForkPoolWorker-2 DEBUG [__main__] Successfully setup the FastRelax
2026-03-30 17:24:06 EDT ForkPoolWorker-5 DEBUG [__main__] Applying fastrelax to input: relaxed_ortho_3.pdb -> experi_relaxed_ortho_3_A27S_A31G_A34L_A36S_A73L_B54A_B57L_rep3.pdb
2026-03-30 17:24:06 EDT ForkPoolWorker-2 DEBUG [__main__] This is the number of repeats 5
2026-03-30 17:24:06 EDT ForkPoolWorker-2 DEBUG [__main__] Applying fastrelax to input: relaxed_ortho_3.pdb -> experi_relaxed_ortho_3_A27S_A31G_A34L_A36S_A73L_B54A_B57L_rep5.pdb
2026-03-30 17:24:06 EDT ForkPoolWorker-4 DEBUG [__main__] Successfully setup the FastRelax
2026-03-30 17:24:06 EDT ForkPoolWorker-4 DEBUG [__main__] This is the number of repeats 5
2026-03-30 17:24:06 EDT ForkPoolWorker-4 DEBUG [__main__] Applying fastrelax to input: relaxed_ortho_3.pdb -> experi_relaxed_ortho_3_A27S_A31G_A34L_A36S_A73L_B54A_B57L_rep4.pdb
2026-03-30 17:24:06 EDT ForkPoolWorker-1 DEBUG [__main__] Successfully setup the FastRelax
2026-03-30 17:24:06 EDT ForkPoolWorker-1 DEBUG [__main__] This is the number of repeats 5
2026-03-30 17:24:06 EDT ForkPoolWorker-1 DEBUG [__main__] Applying fastrelax to input: relaxed_ortho_3.pdb -> experi_relaxed_ortho_3_A27S_A31G_A34L_A36S_A73L_B54A_B57L_rep2.pdb
2026-03-30 17:30:08 EDT ForkPoolWorker-3 DEBUG [__main__] Successfully setup the InterfaceAnalyzerMover
2026-03-30 17:30:08 EDT ForkPoolWorker-3 DEBUG [__main__] Applying the interface analyzer to input: relaxed_ortho_3.pdb -> experi_relaxed_ortho_3_A27S_A31G_A34L_A36S_A73L_B54A_B57L_rep1.pdb
2026-03-30 17:30:09 EDT ForkPoolWorker-2 DEBUG [__main__] Successfully setup the InterfaceAnalyzerMover
2026-03-30 17:30:09 EDT ForkPoolWorker-2 DEBUG [__main__] Applying the interface analyzer to input: relaxed_ortho_3.pdb -> experi_relaxed_ortho_3_A27S_A31G_A34L_A36S_A73L_B54A_B57L_rep5.pdb
2026-03-30 17:30:10 EDT ForkPoolWorker-4 DEBUG [__main__] Successfully setup the InterfaceAnalyzerMover
2026-03-30 17:30:10 EDT ForkPoolWorker-4 DEBUG [__main__] Applying the interface analyzer to input: relaxed_ortho_3.pdb -> experi_relaxed_ortho_3_A27S_A31G_A34L_A36S_A73L_B54A_B57L_rep4.pdb
2026-03-30 17:30:11 EDT ForkPoolWorker-3 INFO [__main__] Output: experi_relaxed_ortho_3_A27S_A31G_A34L_A36S_A73L_B54A_B57L_rep1.pdb
2026-03-30 17:30:12 EDT ForkPoolWorker-2 INFO [__main__] Output: experi_relaxed_ortho_3_A27S_A31G_A34L_A36S_A73L_B54A_B57L_rep5.pdb
2026-03-30 17:30:12 EDT ForkPoolWorker-4 INFO [__main__] Output: experi_relaxed_ortho_3_A27S_A31G_A34L_A36S_A73L_B54A_B57L_rep4.pdb
2026-03-30 17:30:28 EDT ForkPoolWorker-5 DEBUG [__main__] Successfully setup the InterfaceAnalyzerMover
2026-03-30 17:30:28 EDT ForkPoolWorker-5 DEBUG [__main__] Applying the interface analyzer to input: relaxed_ortho_3.pdb -> experi_relaxed_ortho_3_A27S_A31G_A34L_A36S_A73L_B54A_B57L_rep3.pdb
2026-03-30 17:30:31 EDT ForkPoolWorker-5 INFO [__main__] Output: experi_relaxed_ortho_3_A27S_A31G_A34L_A36S_A73L_B54A_B57L_rep3.pdb
2026-03-30 17:30:37 EDT ForkPoolWorker-1 DEBUG [__main__] Successfully setup the InterfaceAnalyzerMover
2026-03-30 17:30:37 EDT ForkPoolWorker-1 DEBUG [__main__] Applying the interface analyzer to input: relaxed_ortho_3.pdb -> experi_relaxed_ortho_3_A27S_A31G_A34L_A36S_A73L_B54A_B57L_rep2.pdb
2026-03-30 17:30:40 EDT ForkPoolWorker-1 INFO [__main__] Output: experi_relaxed_ortho_3_A27S_A31G_A34L_A36S_A73L_B54A_B57L_rep2.pdb
2026-03-30 17:30:40 EDT MainProcess INFO [__main__] Script execution completed
