Using existing logs directory.
[DEBUG] Creating jobs for bundle: [('A 27', 'H'), ('A 31', 'C'), ('A 34', 'S'), ('A 36', 'V'), ('A 73', 'W'), ('B 54', 'R'), ('B 57', 'S')]
[DEBUG] Output file: /scratch/jgray21/zyhuggan/Orthogonal-Protein-Binders-/Experimental_Structures/outputs/global_relax_ortho/experi_relaxed_ortho_3_A27H_A31C_A34S_A36V_A73W_B54R_B57S_rep1.pdb
[DEBUG] Output file: /scratch/jgray21/zyhuggan/Orthogonal-Protein-Binders-/Experimental_Structures/outputs/global_relax_ortho/experi_relaxed_ortho_3_A27H_A31C_A34S_A36V_A73W_B54R_B57S_rep2.pdb
[DEBUG] Output file: /scratch/jgray21/zyhuggan/Orthogonal-Protein-Binders-/Experimental_Structures/outputs/global_relax_ortho/experi_relaxed_ortho_3_A27H_A31C_A34S_A36V_A73W_B54R_B57S_rep3.pdb
[DEBUG] Output file: /scratch/jgray21/zyhuggan/Orthogonal-Protein-Binders-/Experimental_Structures/outputs/global_relax_ortho/experi_relaxed_ortho_3_A27H_A31C_A34S_A36V_A73W_B54R_B57S_rep4.pdb
[DEBUG] Output file: /scratch/jgray21/zyhuggan/Orthogonal-Protein-Binders-/Experimental_Structures/outputs/global_relax_ortho/experi_relaxed_ortho_3_A27H_A31C_A34S_A36V_A73W_B54R_B57S_rep5.pdb
2026-03-30 17:13:41 EDT MainProcess INFO [__main__] Processing a total of 5 jobs
2026-03-30 17:13:41 EDT MainProcess INFO [__main__] Starting pool with 5 worker(s)
2026-03-30 17:13:43 EDT ForkPoolWorker-5 DEBUG [__main__] Mutating PDB idx 27 at chain A (Rosetta 22) R->H
2026-03-30 17:13:43 EDT ForkPoolWorker-2 DEBUG [__main__] Mutating PDB idx 27 at chain A (Rosetta 22) R->H
2026-03-30 17:13:43 EDT ForkPoolWorker-3 DEBUG [__main__] Mutating PDB idx 27 at chain A (Rosetta 22) R->H
2026-03-30 17:13:43 EDT ForkPoolWorker-1 DEBUG [__main__] Mutating PDB idx 27 at chain A (Rosetta 22) R->H
2026-03-30 17:13:43 EDT ForkPoolWorker-4 DEBUG [__main__] Mutating PDB idx 27 at chain A (Rosetta 22) R->H
2026-03-30 17:13:44 EDT ForkPoolWorker-1 DEBUG [__main__] Mutating PDB idx 31 at chain A (Rosetta 26) D->C
2026-03-30 17:13:44 EDT ForkPoolWorker-2 DEBUG [__main__] Mutating PDB idx 31 at chain A (Rosetta 26) D->C
2026-03-30 17:13:44 EDT ForkPoolWorker-5 DEBUG [__main__] Mutating PDB idx 31 at chain A (Rosetta 26) D->C
2026-03-30 17:13:44 EDT ForkPoolWorker-3 DEBUG [__main__] Mutating PDB idx 31 at chain A (Rosetta 26) D->C
2026-03-30 17:13:44 EDT ForkPoolWorker-4 DEBUG [__main__] Mutating PDB idx 31 at chain A (Rosetta 26) D->C
2026-03-30 17:13:44 EDT ForkPoolWorker-1 DEBUG [__main__] Mutating PDB idx 34 at chain A (Rosetta 29) N->S
2026-03-30 17:13:44 EDT ForkPoolWorker-5 DEBUG [__main__] Mutating PDB idx 34 at chain A (Rosetta 29) N->S
2026-03-30 17:13:44 EDT ForkPoolWorker-2 DEBUG [__main__] Mutating PDB idx 34 at chain A (Rosetta 29) N->S
2026-03-30 17:13:44 EDT ForkPoolWorker-3 DEBUG [__main__] Mutating PDB idx 34 at chain A (Rosetta 29) N->S
2026-03-30 17:13:44 EDT ForkPoolWorker-4 DEBUG [__main__] Mutating PDB idx 34 at chain A (Rosetta 29) N->S
2026-03-30 17:13:44 EDT ForkPoolWorker-5 DEBUG [__main__] Mutating PDB idx 36 at chain A (Rosetta 31) N->V
2026-03-30 17:13:44 EDT ForkPoolWorker-1 DEBUG [__main__] Mutating PDB idx 36 at chain A (Rosetta 31) N->V
2026-03-30 17:13:44 EDT ForkPoolWorker-2 DEBUG [__main__] Mutating PDB idx 36 at chain A (Rosetta 31) N->V
2026-03-30 17:13:44 EDT ForkPoolWorker-3 DEBUG [__main__] Mutating PDB idx 36 at chain A (Rosetta 31) N->V
2026-03-30 17:13:44 EDT ForkPoolWorker-4 DEBUG [__main__] Mutating PDB idx 36 at chain A (Rosetta 31) N->V
2026-03-30 17:13:44 EDT ForkPoolWorker-5 DEBUG [__main__] Mutating PDB idx 73 at chain A (Rosetta 68) R->W
2026-03-30 17:13:44 EDT ForkPoolWorker-1 DEBUG [__main__] Mutating PDB idx 73 at chain A (Rosetta 68) R->W
2026-03-30 17:13:44 EDT ForkPoolWorker-2 DEBUG [__main__] Mutating PDB idx 73 at chain A (Rosetta 68) R->W
2026-03-30 17:13:44 EDT ForkPoolWorker-3 DEBUG [__main__] Mutating PDB idx 73 at chain A (Rosetta 68) R->W
2026-03-30 17:13:44 EDT ForkPoolWorker-4 DEBUG [__main__] Mutating PDB idx 73 at chain A (Rosetta 68) R->W
2026-03-30 17:13:44 EDT ForkPoolWorker-5 DEBUG [__main__] Mutating PDB idx 54 at chain B (Rosetta 146) N->R
2026-03-30 17:13:44 EDT ForkPoolWorker-1 DEBUG [__main__] Mutating PDB idx 54 at chain B (Rosetta 146) N->R
2026-03-30 17:13:44 EDT ForkPoolWorker-2 DEBUG [__main__] Mutating PDB idx 54 at chain B (Rosetta 146) N->R
2026-03-30 17:13:44 EDT ForkPoolWorker-3 DEBUG [__main__] Mutating PDB idx 54 at chain B (Rosetta 146) N->R
2026-03-30 17:13:44 EDT ForkPoolWorker-4 DEBUG [__main__] Mutating PDB idx 54 at chain B (Rosetta 146) N->R
2026-03-30 17:13:44 EDT ForkPoolWorker-5 DEBUG [__main__] Mutating PDB idx 57 at chain B (Rosetta 149) N->S
2026-03-30 17:13:44 EDT ForkPoolWorker-1 DEBUG [__main__] Mutating PDB idx 57 at chain B (Rosetta 149) N->S
2026-03-30 17:13:44 EDT ForkPoolWorker-2 DEBUG [__main__] Mutating PDB idx 57 at chain B (Rosetta 149) N->S
2026-03-30 17:13:44 EDT ForkPoolWorker-3 DEBUG [__main__] Mutating PDB idx 57 at chain B (Rosetta 149) N->S
2026-03-30 17:13:44 EDT ForkPoolWorker-4 DEBUG [__main__] Mutating PDB idx 57 at chain B (Rosetta 149) N->S
2026-03-30 17:13:47 EDT ForkPoolWorker-2 DEBUG [__main__] Successfully setup the FastRelax
2026-03-30 17:13:47 EDT ForkPoolWorker-2 DEBUG [__main__] This is the number of repeats 5
2026-03-30 17:13:47 EDT ForkPoolWorker-1 DEBUG [__main__] Successfully setup the FastRelax
2026-03-30 17:13:47 EDT ForkPoolWorker-1 DEBUG [__main__] This is the number of repeats 5
2026-03-30 17:13:47 EDT ForkPoolWorker-2 DEBUG [__main__] Applying fastrelax to input: relaxed_ortho_3.pdb -> experi_relaxed_ortho_3_A27H_A31C_A34S_A36V_A73W_B54R_B57S_rep2.pdb
2026-03-30 17:13:47 EDT ForkPoolWorker-1 DEBUG [__main__] Applying fastrelax to input: relaxed_ortho_3.pdb -> experi_relaxed_ortho_3_A27H_A31C_A34S_A36V_A73W_B54R_B57S_rep5.pdb
2026-03-30 17:13:47 EDT ForkPoolWorker-3 DEBUG [__main__] Successfully setup the FastRelax
2026-03-30 17:13:47 EDT ForkPoolWorker-3 DEBUG [__main__] This is the number of repeats 5
2026-03-30 17:13:47 EDT ForkPoolWorker-3 DEBUG [__main__] Applying fastrelax to input: relaxed_ortho_3.pdb -> experi_relaxed_ortho_3_A27H_A31C_A34S_A36V_A73W_B54R_B57S_rep1.pdb
2026-03-30 17:13:47 EDT ForkPoolWorker-5 DEBUG [__main__] Successfully setup the FastRelax
2026-03-30 17:13:47 EDT ForkPoolWorker-5 DEBUG [__main__] This is the number of repeats 5
2026-03-30 17:13:47 EDT ForkPoolWorker-5 DEBUG [__main__] Applying fastrelax to input: relaxed_ortho_3.pdb -> experi_relaxed_ortho_3_A27H_A31C_A34S_A36V_A73W_B54R_B57S_rep3.pdb
2026-03-30 17:13:48 EDT ForkPoolWorker-4 DEBUG [__main__] Successfully setup the FastRelax
2026-03-30 17:13:48 EDT ForkPoolWorker-4 DEBUG [__main__] This is the number of repeats 5
2026-03-30 17:13:48 EDT ForkPoolWorker-4 DEBUG [__main__] Applying fastrelax to input: relaxed_ortho_3.pdb -> experi_relaxed_ortho_3_A27H_A31C_A34S_A36V_A73W_B54R_B57S_rep4.pdb
2026-03-30 17:19:52 EDT ForkPoolWorker-4 DEBUG [__main__] Successfully setup the InterfaceAnalyzerMover
2026-03-30 17:19:52 EDT ForkPoolWorker-4 DEBUG [__main__] Applying the interface analyzer to input: relaxed_ortho_3.pdb -> experi_relaxed_ortho_3_A27H_A31C_A34S_A36V_A73W_B54R_B57S_rep4.pdb
2026-03-30 17:19:55 EDT ForkPoolWorker-4 INFO [__main__] Output: experi_relaxed_ortho_3_A27H_A31C_A34S_A36V_A73W_B54R_B57S_rep4.pdb
2026-03-30 17:19:56 EDT ForkPoolWorker-1 DEBUG [__main__] Successfully setup the InterfaceAnalyzerMover
2026-03-30 17:19:56 EDT ForkPoolWorker-1 DEBUG [__main__] Applying the interface analyzer to input: relaxed_ortho_3.pdb -> experi_relaxed_ortho_3_A27H_A31C_A34S_A36V_A73W_B54R_B57S_rep5.pdb
2026-03-30 17:19:56 EDT ForkPoolWorker-3 DEBUG [__main__] Successfully setup the InterfaceAnalyzerMover
2026-03-30 17:19:56 EDT ForkPoolWorker-3 DEBUG [__main__] Applying the interface analyzer to input: relaxed_ortho_3.pdb -> experi_relaxed_ortho_3_A27H_A31C_A34S_A36V_A73W_B54R_B57S_rep1.pdb
2026-03-30 17:19:59 EDT ForkPoolWorker-1 INFO [__main__] Output: experi_relaxed_ortho_3_A27H_A31C_A34S_A36V_A73W_B54R_B57S_rep5.pdb
2026-03-30 17:19:59 EDT ForkPoolWorker-3 INFO [__main__] Output: experi_relaxed_ortho_3_A27H_A31C_A34S_A36V_A73W_B54R_B57S_rep1.pdb
2026-03-30 17:20:02 EDT ForkPoolWorker-5 DEBUG [__main__] Successfully setup the InterfaceAnalyzerMover
2026-03-30 17:20:02 EDT ForkPoolWorker-5 DEBUG [__main__] Applying the interface analyzer to input: relaxed_ortho_3.pdb -> experi_relaxed_ortho_3_A27H_A31C_A34S_A36V_A73W_B54R_B57S_rep3.pdb
2026-03-30 17:20:04 EDT ForkPoolWorker-5 INFO [__main__] Output: experi_relaxed_ortho_3_A27H_A31C_A34S_A36V_A73W_B54R_B57S_rep3.pdb
2026-03-30 17:20:10 EDT ForkPoolWorker-2 DEBUG [__main__] Successfully setup the InterfaceAnalyzerMover
2026-03-30 17:20:10 EDT ForkPoolWorker-2 DEBUG [__main__] Applying the interface analyzer to input: relaxed_ortho_3.pdb -> experi_relaxed_ortho_3_A27H_A31C_A34S_A36V_A73W_B54R_B57S_rep2.pdb
2026-03-30 17:20:13 EDT ForkPoolWorker-2 INFO [__main__] Output: experi_relaxed_ortho_3_A27H_A31C_A34S_A36V_A73W_B54R_B57S_rep2.pdb
2026-03-30 17:20:13 EDT MainProcess INFO [__main__] Script execution completed
