Using existing logs directory.
[DEBUG] Creating jobs for bundle: [('A 27', 'H'), ('A 31', 'C'), ('A 34', 'S'), ('A 36', 'V'), ('A 73', 'W'), ('B 54', 'R'), ('B 57', 'S')]
[DEBUG] Output file: /scratch/jgray21/zyhuggan/Orthogonal-Protein-Binders-/Experimental_Structures/outputs/wt/experi_relaxed_wt_1_A27H_A31C_A34S_A36V_A73W_B54R_B57S_rep1.pdb
[DEBUG] Output file: /scratch/jgray21/zyhuggan/Orthogonal-Protein-Binders-/Experimental_Structures/outputs/wt/experi_relaxed_wt_1_A27H_A31C_A34S_A36V_A73W_B54R_B57S_rep2.pdb
[DEBUG] Output file: /scratch/jgray21/zyhuggan/Orthogonal-Protein-Binders-/Experimental_Structures/outputs/wt/experi_relaxed_wt_1_A27H_A31C_A34S_A36V_A73W_B54R_B57S_rep3.pdb
[DEBUG] Output file: /scratch/jgray21/zyhuggan/Orthogonal-Protein-Binders-/Experimental_Structures/outputs/wt/experi_relaxed_wt_1_A27H_A31C_A34S_A36V_A73W_B54R_B57S_rep4.pdb
[DEBUG] Output file: /scratch/jgray21/zyhuggan/Orthogonal-Protein-Binders-/Experimental_Structures/outputs/wt/experi_relaxed_wt_1_A27H_A31C_A34S_A36V_A73W_B54R_B57S_rep5.pdb
2026-03-25 12:20:58 EDT MainProcess INFO [__main__] Processing a total of 5 jobs
2026-03-25 12:20:58 EDT MainProcess INFO [__main__] Starting pool with 5 worker(s)
2026-03-25 12:21:01 EDT ForkPoolWorker-4 DEBUG [__main__] Mutating PDB idx 27 at chain A (Rosetta 22) R->H
2026-03-25 12:21:01 EDT ForkPoolWorker-3 DEBUG [__main__] Mutating PDB idx 27 at chain A (Rosetta 22) R->H
2026-03-25 12:21:01 EDT ForkPoolWorker-1 DEBUG [__main__] Mutating PDB idx 27 at chain A (Rosetta 22) R->H
2026-03-25 12:21:02 EDT ForkPoolWorker-2 DEBUG [__main__] Mutating PDB idx 27 at chain A (Rosetta 22) R->H
2026-03-25 12:21:02 EDT ForkPoolWorker-5 DEBUG [__main__] Mutating PDB idx 27 at chain A (Rosetta 22) R->H
2026-03-25 12:21:02 EDT ForkPoolWorker-4 DEBUG [__main__] Mutating PDB idx 31 at chain A (Rosetta 26) D->C
2026-03-25 12:21:02 EDT ForkPoolWorker-4 DEBUG [__main__] Mutating PDB idx 34 at chain A (Rosetta 29) N->S
2026-03-25 12:21:02 EDT ForkPoolWorker-1 DEBUG [__main__] Mutating PDB idx 31 at chain A (Rosetta 26) D->C
2026-03-25 12:21:02 EDT ForkPoolWorker-1 DEBUG [__main__] Mutating PDB idx 34 at chain A (Rosetta 29) N->S
2026-03-25 12:21:02 EDT ForkPoolWorker-4 DEBUG [__main__] Mutating PDB idx 36 at chain A (Rosetta 31) N->V
2026-03-25 12:21:02 EDT ForkPoolWorker-1 DEBUG [__main__] Mutating PDB idx 36 at chain A (Rosetta 31) N->V
2026-03-25 12:21:02 EDT ForkPoolWorker-4 DEBUG [__main__] Mutating PDB idx 73 at chain A (Rosetta 68) R->W
2026-03-25 12:21:02 EDT ForkPoolWorker-1 DEBUG [__main__] Mutating PDB idx 73 at chain A (Rosetta 68) R->W
2026-03-25 12:21:02 EDT ForkPoolWorker-4 DEBUG [__main__] Mutating PDB idx 54 at chain B (Rosetta 146) N->R
2026-03-25 12:21:02 EDT ForkPoolWorker-1 DEBUG [__main__] Mutating PDB idx 54 at chain B (Rosetta 146) N->R
2026-03-25 12:21:02 EDT ForkPoolWorker-4 DEBUG [__main__] Mutating PDB idx 57 at chain B (Rosetta 149) N->S
2026-03-25 12:21:02 EDT ForkPoolWorker-3 DEBUG [__main__] Mutating PDB idx 31 at chain A (Rosetta 26) D->C
2026-03-25 12:21:02 EDT ForkPoolWorker-1 DEBUG [__main__] Mutating PDB idx 57 at chain B (Rosetta 149) N->S
2026-03-25 12:21:02 EDT ForkPoolWorker-5 DEBUG [__main__] Mutating PDB idx 31 at chain A (Rosetta 26) D->C
2026-03-25 12:21:03 EDT ForkPoolWorker-3 DEBUG [__main__] Mutating PDB idx 34 at chain A (Rosetta 29) N->S
2026-03-25 12:21:03 EDT ForkPoolWorker-5 DEBUG [__main__] Mutating PDB idx 34 at chain A (Rosetta 29) N->S
2026-03-25 12:21:03 EDT ForkPoolWorker-3 DEBUG [__main__] Mutating PDB idx 36 at chain A (Rosetta 31) N->V
2026-03-25 12:21:03 EDT ForkPoolWorker-5 DEBUG [__main__] Mutating PDB idx 36 at chain A (Rosetta 31) N->V
2026-03-25 12:21:03 EDT ForkPoolWorker-3 DEBUG [__main__] Mutating PDB idx 73 at chain A (Rosetta 68) R->W
2026-03-25 12:21:03 EDT ForkPoolWorker-5 DEBUG [__main__] Mutating PDB idx 73 at chain A (Rosetta 68) R->W
2026-03-25 12:21:03 EDT ForkPoolWorker-3 DEBUG [__main__] Mutating PDB idx 54 at chain B (Rosetta 146) N->R
2026-03-25 12:21:03 EDT ForkPoolWorker-5 DEBUG [__main__] Mutating PDB idx 54 at chain B (Rosetta 146) N->R
2026-03-25 12:21:03 EDT ForkPoolWorker-3 DEBUG [__main__] Mutating PDB idx 57 at chain B (Rosetta 149) N->S
2026-03-25 12:21:03 EDT ForkPoolWorker-5 DEBUG [__main__] Mutating PDB idx 57 at chain B (Rosetta 149) N->S
2026-03-25 12:21:04 EDT ForkPoolWorker-2 DEBUG [__main__] Mutating PDB idx 31 at chain A (Rosetta 26) D->C
2026-03-25 12:21:05 EDT ForkPoolWorker-2 DEBUG [__main__] Mutating PDB idx 34 at chain A (Rosetta 29) N->S
2026-03-25 12:21:05 EDT ForkPoolWorker-2 DEBUG [__main__] Mutating PDB idx 36 at chain A (Rosetta 31) N->V
2026-03-25 12:21:05 EDT ForkPoolWorker-2 DEBUG [__main__] Mutating PDB idx 73 at chain A (Rosetta 68) R->W
2026-03-25 12:21:05 EDT ForkPoolWorker-2 DEBUG [__main__] Mutating PDB idx 54 at chain B (Rosetta 146) N->R
2026-03-25 12:21:05 EDT ForkPoolWorker-2 DEBUG [__main__] Mutating PDB idx 57 at chain B (Rosetta 149) N->S
2026-03-25 12:21:07 EDT ForkPoolWorker-4 DEBUG [__main__] Successfully setup the FastRelax
2026-03-25 12:21:07 EDT ForkPoolWorker-4 DEBUG [__main__] This is the number of repeats 5
2026-03-25 12:21:07 EDT ForkPoolWorker-4 DEBUG [__main__] Applying fastrelax to input: relaxed_wt_1.pdb -> experi_relaxed_wt_1_A27H_A31C_A34S_A36V_A73W_B54R_B57S_rep1.pdb
2026-03-25 12:21:07 EDT ForkPoolWorker-1 DEBUG [__main__] Successfully setup the FastRelax
2026-03-25 12:21:07 EDT ForkPoolWorker-1 DEBUG [__main__] This is the number of repeats 5
2026-03-25 12:21:07 EDT ForkPoolWorker-1 DEBUG [__main__] Applying fastrelax to input: relaxed_wt_1.pdb -> experi_relaxed_wt_1_A27H_A31C_A34S_A36V_A73W_B54R_B57S_rep3.pdb
2026-03-25 12:21:09 EDT ForkPoolWorker-3 DEBUG [__main__] Successfully setup the FastRelax
2026-03-25 12:21:09 EDT ForkPoolWorker-3 DEBUG [__main__] This is the number of repeats 5
2026-03-25 12:21:09 EDT ForkPoolWorker-3 DEBUG [__main__] Applying fastrelax to input: relaxed_wt_1.pdb -> experi_relaxed_wt_1_A27H_A31C_A34S_A36V_A73W_B54R_B57S_rep2.pdb
2026-03-25 12:21:09 EDT ForkPoolWorker-2 DEBUG [__main__] Successfully setup the FastRelax
2026-03-25 12:21:09 EDT ForkPoolWorker-2 DEBUG [__main__] This is the number of repeats 5
2026-03-25 12:21:09 EDT ForkPoolWorker-2 DEBUG [__main__] Applying fastrelax to input: relaxed_wt_1.pdb -> experi_relaxed_wt_1_A27H_A31C_A34S_A36V_A73W_B54R_B57S_rep4.pdb
2026-03-25 12:21:10 EDT ForkPoolWorker-5 DEBUG [__main__] Successfully setup the FastRelax
2026-03-25 12:21:10 EDT ForkPoolWorker-5 DEBUG [__main__] This is the number of repeats 5
2026-03-25 12:21:10 EDT ForkPoolWorker-5 DEBUG [__main__] Applying fastrelax to input: relaxed_wt_1.pdb -> experi_relaxed_wt_1_A27H_A31C_A34S_A36V_A73W_B54R_B57S_rep5.pdb
2026-03-25 12:25:54 EDT ForkPoolWorker-3 DEBUG [__main__] Successfully setup the InterfaceAnalyzerMover
2026-03-25 12:25:54 EDT ForkPoolWorker-3 DEBUG [__main__] Applying the interface analyzer to input: relaxed_wt_1.pdb -> experi_relaxed_wt_1_A27H_A31C_A34S_A36V_A73W_B54R_B57S_rep2.pdb
2026-03-25 12:25:56 EDT ForkPoolWorker-4 DEBUG [__main__] Successfully setup the InterfaceAnalyzerMover
2026-03-25 12:25:56 EDT ForkPoolWorker-4 DEBUG [__main__] Applying the interface analyzer to input: relaxed_wt_1.pdb -> experi_relaxed_wt_1_A27H_A31C_A34S_A36V_A73W_B54R_B57S_rep1.pdb
2026-03-25 12:25:58 EDT ForkPoolWorker-3 INFO [__main__] Output: experi_relaxed_wt_1_A27H_A31C_A34S_A36V_A73W_B54R_B57S_rep2.pdb
2026-03-25 12:25:59 EDT ForkPoolWorker-4 INFO [__main__] Output: experi_relaxed_wt_1_A27H_A31C_A34S_A36V_A73W_B54R_B57S_rep1.pdb
2026-03-25 12:26:01 EDT ForkPoolWorker-5 DEBUG [__main__] Successfully setup the InterfaceAnalyzerMover
2026-03-25 12:26:01 EDT ForkPoolWorker-5 DEBUG [__main__] Applying the interface analyzer to input: relaxed_wt_1.pdb -> experi_relaxed_wt_1_A27H_A31C_A34S_A36V_A73W_B54R_B57S_rep5.pdb
2026-03-25 12:26:02 EDT ForkPoolWorker-1 DEBUG [__main__] Successfully setup the InterfaceAnalyzerMover
2026-03-25 12:26:02 EDT ForkPoolWorker-1 DEBUG [__main__] Applying the interface analyzer to input: relaxed_wt_1.pdb -> experi_relaxed_wt_1_A27H_A31C_A34S_A36V_A73W_B54R_B57S_rep3.pdb
2026-03-25 12:26:04 EDT ForkPoolWorker-2 DEBUG [__main__] Successfully setup the InterfaceAnalyzerMover
2026-03-25 12:26:04 EDT ForkPoolWorker-2 DEBUG [__main__] Applying the interface analyzer to input: relaxed_wt_1.pdb -> experi_relaxed_wt_1_A27H_A31C_A34S_A36V_A73W_B54R_B57S_rep4.pdb
2026-03-25 12:26:04 EDT ForkPoolWorker-5 INFO [__main__] Output: experi_relaxed_wt_1_A27H_A31C_A34S_A36V_A73W_B54R_B57S_rep5.pdb
2026-03-25 12:26:05 EDT ForkPoolWorker-1 INFO [__main__] Output: experi_relaxed_wt_1_A27H_A31C_A34S_A36V_A73W_B54R_B57S_rep3.pdb
2026-03-25 12:26:07 EDT ForkPoolWorker-2 INFO [__main__] Output: experi_relaxed_wt_1_A27H_A31C_A34S_A36V_A73W_B54R_B57S_rep4.pdb
2026-03-25 12:26:07 EDT MainProcess INFO [__main__] Script execution completed
