Using existing logs directory.
[DEBUG] Creating jobs for bundle: [('A 27', 'S'), ('A 31', 'D'), ('A 34', 'N'), ('A 36', 'N'), ('A 73', 'V'), ('B 54', 'N'), ('B 57', 'N')]
[DEBUG] Output file: /scratch/jgray21/zyhuggan/Orthogonal-Protein-Binders-/Experimental_Structures/outputs/ortho/experi_relaxed_ortho_3_A27S_A31D_A34N_A36N_A73V_B54N_B57N_rep1.pdb
[DEBUG] Output file: /scratch/jgray21/zyhuggan/Orthogonal-Protein-Binders-/Experimental_Structures/outputs/ortho/experi_relaxed_ortho_3_A27S_A31D_A34N_A36N_A73V_B54N_B57N_rep2.pdb
[DEBUG] Output file: /scratch/jgray21/zyhuggan/Orthogonal-Protein-Binders-/Experimental_Structures/outputs/ortho/experi_relaxed_ortho_3_A27S_A31D_A34N_A36N_A73V_B54N_B57N_rep3.pdb
[DEBUG] Output file: /scratch/jgray21/zyhuggan/Orthogonal-Protein-Binders-/Experimental_Structures/outputs/ortho/experi_relaxed_ortho_3_A27S_A31D_A34N_A36N_A73V_B54N_B57N_rep4.pdb
[DEBUG] Output file: /scratch/jgray21/zyhuggan/Orthogonal-Protein-Binders-/Experimental_Structures/outputs/ortho/experi_relaxed_ortho_3_A27S_A31D_A34N_A36N_A73V_B54N_B57N_rep5.pdb
2026-03-25 11:51:39 EDT MainProcess INFO [__main__] Processing a total of 5 jobs
2026-03-25 11:51:39 EDT MainProcess INFO [__main__] Starting pool with 5 worker(s)
2026-03-25 11:51:42 EDT ForkPoolWorker-4 DEBUG [__main__] Mutating PDB idx 27 at chain A (Rosetta 22) R->S
2026-03-25 11:51:42 EDT ForkPoolWorker-3 DEBUG [__main__] Mutating PDB idx 27 at chain A (Rosetta 22) R->S
2026-03-25 11:51:42 EDT ForkPoolWorker-1 DEBUG [__main__] Mutating PDB idx 27 at chain A (Rosetta 22) R->S
2026-03-25 11:51:42 EDT ForkPoolWorker-2 DEBUG [__main__] Mutating PDB idx 27 at chain A (Rosetta 22) R->S
2026-03-25 11:51:42 EDT ForkPoolWorker-5 DEBUG [__main__] Mutating PDB idx 27 at chain A (Rosetta 22) R->S
2026-03-25 11:51:43 EDT ForkPoolWorker-3 DEBUG [__main__] Skipping WT->WT mutation at A31
2026-03-25 11:51:43 EDT ForkPoolWorker-3 DEBUG [__main__] Skipping WT->WT mutation at A34
2026-03-25 11:51:43 EDT ForkPoolWorker-3 DEBUG [__main__] Skipping WT->WT mutation at A36
2026-03-25 11:51:43 EDT ForkPoolWorker-3 DEBUG [__main__] Mutating PDB idx 73 at chain A (Rosetta 68) R->V
2026-03-25 11:51:43 EDT ForkPoolWorker-1 DEBUG [__main__] Skipping WT->WT mutation at A31
2026-03-25 11:51:43 EDT ForkPoolWorker-1 DEBUG [__main__] Skipping WT->WT mutation at A34
2026-03-25 11:51:43 EDT ForkPoolWorker-1 DEBUG [__main__] Skipping WT->WT mutation at A36
2026-03-25 11:51:43 EDT ForkPoolWorker-2 DEBUG [__main__] Skipping WT->WT mutation at A31
2026-03-25 11:51:43 EDT ForkPoolWorker-1 DEBUG [__main__] Mutating PDB idx 73 at chain A (Rosetta 68) R->V
2026-03-25 11:51:43 EDT ForkPoolWorker-4 DEBUG [__main__] Skipping WT->WT mutation at A31
2026-03-25 11:51:43 EDT ForkPoolWorker-2 DEBUG [__main__] Skipping WT->WT mutation at A34
2026-03-25 11:51:43 EDT ForkPoolWorker-4 DEBUG [__main__] Skipping WT->WT mutation at A34
2026-03-25 11:51:43 EDT ForkPoolWorker-2 DEBUG [__main__] Skipping WT->WT mutation at A36
2026-03-25 11:51:43 EDT ForkPoolWorker-4 DEBUG [__main__] Skipping WT->WT mutation at A36
2026-03-25 11:51:43 EDT ForkPoolWorker-2 DEBUG [__main__] Mutating PDB idx 73 at chain A (Rosetta 68) R->V
2026-03-25 11:51:43 EDT ForkPoolWorker-4 DEBUG [__main__] Mutating PDB idx 73 at chain A (Rosetta 68) R->V
2026-03-25 11:51:43 EDT ForkPoolWorker-5 DEBUG [__main__] Skipping WT->WT mutation at A31
2026-03-25 11:51:43 EDT ForkPoolWorker-5 DEBUG [__main__] Skipping WT->WT mutation at A34
2026-03-25 11:51:43 EDT ForkPoolWorker-5 DEBUG [__main__] Skipping WT->WT mutation at A36
2026-03-25 11:51:43 EDT ForkPoolWorker-5 DEBUG [__main__] Mutating PDB idx 73 at chain A (Rosetta 68) R->V
2026-03-25 11:51:43 EDT ForkPoolWorker-3 DEBUG [__main__] Skipping WT->WT mutation at B54
2026-03-25 11:51:43 EDT ForkPoolWorker-3 DEBUG [__main__] Skipping WT->WT mutation at B57
2026-03-25 11:51:43 EDT ForkPoolWorker-1 DEBUG [__main__] Skipping WT->WT mutation at B54
2026-03-25 11:51:43 EDT ForkPoolWorker-2 DEBUG [__main__] Skipping WT->WT mutation at B54
2026-03-25 11:51:43 EDT ForkPoolWorker-4 DEBUG [__main__] Skipping WT->WT mutation at B54
2026-03-25 11:51:43 EDT ForkPoolWorker-1 DEBUG [__main__] Skipping WT->WT mutation at B57
2026-03-25 11:51:43 EDT ForkPoolWorker-2 DEBUG [__main__] Skipping WT->WT mutation at B57
2026-03-25 11:51:43 EDT ForkPoolWorker-4 DEBUG [__main__] Skipping WT->WT mutation at B57
2026-03-25 11:51:43 EDT ForkPoolWorker-5 DEBUG [__main__] Skipping WT->WT mutation at B54
2026-03-25 11:51:43 EDT ForkPoolWorker-5 DEBUG [__main__] Skipping WT->WT mutation at B57
2026-03-25 11:51:47 EDT ForkPoolWorker-3 DEBUG [__main__] Successfully setup the FastRelax
2026-03-25 11:51:47 EDT ForkPoolWorker-3 DEBUG [__main__] This is the number of repeats 5
2026-03-25 11:51:47 EDT ForkPoolWorker-3 DEBUG [__main__] Applying fastrelax to input: relaxed_ortho_3.pdb -> experi_relaxed_ortho_3_A27S_A31D_A34N_A36N_A73V_B54N_B57N_rep3.pdb
2026-03-25 11:51:47 EDT ForkPoolWorker-2 DEBUG [__main__] Successfully setup the FastRelax
2026-03-25 11:51:47 EDT ForkPoolWorker-2 DEBUG [__main__] This is the number of repeats 5
2026-03-25 11:51:47 EDT ForkPoolWorker-2 DEBUG [__main__] Applying fastrelax to input: relaxed_ortho_3.pdb -> experi_relaxed_ortho_3_A27S_A31D_A34N_A36N_A73V_B54N_B57N_rep4.pdb
2026-03-25 11:51:47 EDT ForkPoolWorker-1 DEBUG [__main__] Successfully setup the FastRelax
2026-03-25 11:51:47 EDT ForkPoolWorker-1 DEBUG [__main__] This is the number of repeats 5
2026-03-25 11:51:47 EDT ForkPoolWorker-1 DEBUG [__main__] Applying fastrelax to input: relaxed_ortho_3.pdb -> experi_relaxed_ortho_3_A27S_A31D_A34N_A36N_A73V_B54N_B57N_rep5.pdb
2026-03-25 11:51:47 EDT ForkPoolWorker-5 DEBUG [__main__] Successfully setup the FastRelax
2026-03-25 11:51:47 EDT ForkPoolWorker-5 DEBUG [__main__] This is the number of repeats 5
2026-03-25 11:51:47 EDT ForkPoolWorker-5 DEBUG [__main__] Applying fastrelax to input: relaxed_ortho_3.pdb -> experi_relaxed_ortho_3_A27S_A31D_A34N_A36N_A73V_B54N_B57N_rep2.pdb
2026-03-25 11:51:47 EDT ForkPoolWorker-4 DEBUG [__main__] Successfully setup the FastRelax
2026-03-25 11:51:47 EDT ForkPoolWorker-4 DEBUG [__main__] This is the number of repeats 5
2026-03-25 11:51:47 EDT ForkPoolWorker-4 DEBUG [__main__] Applying fastrelax to input: relaxed_ortho_3.pdb -> experi_relaxed_ortho_3_A27S_A31D_A34N_A36N_A73V_B54N_B57N_rep1.pdb
2026-03-25 11:56:05 EDT ForkPoolWorker-1 DEBUG [__main__] Successfully setup the InterfaceAnalyzerMover
2026-03-25 11:56:05 EDT ForkPoolWorker-1 DEBUG [__main__] Applying the interface analyzer to input: relaxed_ortho_3.pdb -> experi_relaxed_ortho_3_A27S_A31D_A34N_A36N_A73V_B54N_B57N_rep5.pdb
2026-03-25 11:56:07 EDT ForkPoolWorker-3 DEBUG [__main__] Successfully setup the InterfaceAnalyzerMover
2026-03-25 11:56:07 EDT ForkPoolWorker-3 DEBUG [__main__] Applying the interface analyzer to input: relaxed_ortho_3.pdb -> experi_relaxed_ortho_3_A27S_A31D_A34N_A36N_A73V_B54N_B57N_rep3.pdb
2026-03-25 11:56:08 EDT ForkPoolWorker-1 INFO [__main__] Output: experi_relaxed_ortho_3_A27S_A31D_A34N_A36N_A73V_B54N_B57N_rep5.pdb
2026-03-25 11:56:08 EDT ForkPoolWorker-4 DEBUG [__main__] Successfully setup the InterfaceAnalyzerMover
2026-03-25 11:56:08 EDT ForkPoolWorker-4 DEBUG [__main__] Applying the interface analyzer to input: relaxed_ortho_3.pdb -> experi_relaxed_ortho_3_A27S_A31D_A34N_A36N_A73V_B54N_B57N_rep1.pdb
2026-03-25 11:56:10 EDT ForkPoolWorker-3 INFO [__main__] Output: experi_relaxed_ortho_3_A27S_A31D_A34N_A36N_A73V_B54N_B57N_rep3.pdb
2026-03-25 11:56:10 EDT ForkPoolWorker-2 DEBUG [__main__] Successfully setup the InterfaceAnalyzerMover
2026-03-25 11:56:10 EDT ForkPoolWorker-2 DEBUG [__main__] Applying the interface analyzer to input: relaxed_ortho_3.pdb -> experi_relaxed_ortho_3_A27S_A31D_A34N_A36N_A73V_B54N_B57N_rep4.pdb
2026-03-25 11:56:11 EDT ForkPoolWorker-5 DEBUG [__main__] Successfully setup the InterfaceAnalyzerMover
2026-03-25 11:56:11 EDT ForkPoolWorker-5 DEBUG [__main__] Applying the interface analyzer to input: relaxed_ortho_3.pdb -> experi_relaxed_ortho_3_A27S_A31D_A34N_A36N_A73V_B54N_B57N_rep2.pdb
2026-03-25 11:56:11 EDT ForkPoolWorker-4 INFO [__main__] Output: experi_relaxed_ortho_3_A27S_A31D_A34N_A36N_A73V_B54N_B57N_rep1.pdb
2026-03-25 11:56:13 EDT ForkPoolWorker-2 INFO [__main__] Output: experi_relaxed_ortho_3_A27S_A31D_A34N_A36N_A73V_B54N_B57N_rep4.pdb
2026-03-25 11:56:14 EDT ForkPoolWorker-5 INFO [__main__] Output: experi_relaxed_ortho_3_A27S_A31D_A34N_A36N_A73V_B54N_B57N_rep2.pdb
2026-03-25 11:56:14 EDT MainProcess INFO [__main__] Script execution completed
