Using existing logs directory.
[DEBUG] Creating jobs for bundle: [('A 27', 'G'), ('A 31', 'R'), ('A 34', 'R'), ('A 36', 'I'), ('A 73', 'F'), ('B 54', 'K'), ('B 57', 'T')]
[DEBUG] Output file: /scratch/jgray21/zyhuggan/Orthogonal-Protein-Binders-/Experimental_Structures/outputs/ortho/experi_relaxed_ortho_3_A27G_A31R_A34R_A36I_A73F_B54K_B57T_rep1.pdb
[DEBUG] Output file: /scratch/jgray21/zyhuggan/Orthogonal-Protein-Binders-/Experimental_Structures/outputs/ortho/experi_relaxed_ortho_3_A27G_A31R_A34R_A36I_A73F_B54K_B57T_rep2.pdb
[DEBUG] Output file: /scratch/jgray21/zyhuggan/Orthogonal-Protein-Binders-/Experimental_Structures/outputs/ortho/experi_relaxed_ortho_3_A27G_A31R_A34R_A36I_A73F_B54K_B57T_rep3.pdb
[DEBUG] Output file: /scratch/jgray21/zyhuggan/Orthogonal-Protein-Binders-/Experimental_Structures/outputs/ortho/experi_relaxed_ortho_3_A27G_A31R_A34R_A36I_A73F_B54K_B57T_rep4.pdb
[DEBUG] Output file: /scratch/jgray21/zyhuggan/Orthogonal-Protein-Binders-/Experimental_Structures/outputs/ortho/experi_relaxed_ortho_3_A27G_A31R_A34R_A36I_A73F_B54K_B57T_rep5.pdb
2026-03-25 11:56:17 EDT MainProcess INFO [__main__] Processing a total of 5 jobs
2026-03-25 11:56:17 EDT MainProcess INFO [__main__] Starting pool with 5 worker(s)
2026-03-25 11:56:23 EDT ForkPoolWorker-4 DEBUG [__main__] Mutating PDB idx 27 at chain A (Rosetta 22) R->G
2026-03-25 11:56:23 EDT ForkPoolWorker-2 DEBUG [__main__] Mutating PDB idx 27 at chain A (Rosetta 22) R->G
2026-03-25 11:56:23 EDT ForkPoolWorker-1 DEBUG [__main__] Mutating PDB idx 27 at chain A (Rosetta 22) R->G
2026-03-25 11:56:23 EDT ForkPoolWorker-5 DEBUG [__main__] Mutating PDB idx 27 at chain A (Rosetta 22) R->G
2026-03-25 11:56:23 EDT ForkPoolWorker-3 DEBUG [__main__] Mutating PDB idx 27 at chain A (Rosetta 22) R->G
2026-03-25 11:56:24 EDT ForkPoolWorker-4 DEBUG [__main__] Mutating PDB idx 31 at chain A (Rosetta 26) D->R
2026-03-25 11:56:24 EDT ForkPoolWorker-2 DEBUG [__main__] Mutating PDB idx 31 at chain A (Rosetta 26) D->R
2026-03-25 11:56:24 EDT ForkPoolWorker-3 DEBUG [__main__] Mutating PDB idx 31 at chain A (Rosetta 26) D->R
2026-03-25 11:56:24 EDT ForkPoolWorker-4 DEBUG [__main__] Mutating PDB idx 34 at chain A (Rosetta 29) N->R
2026-03-25 11:56:24 EDT ForkPoolWorker-2 DEBUG [__main__] Mutating PDB idx 34 at chain A (Rosetta 29) N->R
2026-03-25 11:56:24 EDT ForkPoolWorker-3 DEBUG [__main__] Mutating PDB idx 34 at chain A (Rosetta 29) N->R
2026-03-25 11:56:24 EDT ForkPoolWorker-5 DEBUG [__main__] Mutating PDB idx 31 at chain A (Rosetta 26) D->R
2026-03-25 11:56:24 EDT ForkPoolWorker-4 DEBUG [__main__] Mutating PDB idx 36 at chain A (Rosetta 31) N->I
2026-03-25 11:56:24 EDT ForkPoolWorker-2 DEBUG [__main__] Mutating PDB idx 36 at chain A (Rosetta 31) N->I
2026-03-25 11:56:24 EDT ForkPoolWorker-3 DEBUG [__main__] Mutating PDB idx 36 at chain A (Rosetta 31) N->I
2026-03-25 11:56:24 EDT ForkPoolWorker-4 DEBUG [__main__] Mutating PDB idx 73 at chain A (Rosetta 68) R->F
2026-03-25 11:56:24 EDT ForkPoolWorker-2 DEBUG [__main__] Mutating PDB idx 73 at chain A (Rosetta 68) R->F
2026-03-25 11:56:24 EDT ForkPoolWorker-5 DEBUG [__main__] Mutating PDB idx 34 at chain A (Rosetta 29) N->R
2026-03-25 11:56:24 EDT ForkPoolWorker-3 DEBUG [__main__] Mutating PDB idx 73 at chain A (Rosetta 68) R->F
2026-03-25 11:56:24 EDT ForkPoolWorker-4 DEBUG [__main__] Mutating PDB idx 54 at chain B (Rosetta 146) N->K
2026-03-25 11:56:24 EDT ForkPoolWorker-2 DEBUG [__main__] Mutating PDB idx 54 at chain B (Rosetta 146) N->K
2026-03-25 11:56:24 EDT ForkPoolWorker-3 DEBUG [__main__] Mutating PDB idx 54 at chain B (Rosetta 146) N->K
2026-03-25 11:56:24 EDT ForkPoolWorker-4 DEBUG [__main__] Mutating PDB idx 57 at chain B (Rosetta 149) N->T
2026-03-25 11:56:24 EDT ForkPoolWorker-2 DEBUG [__main__] Mutating PDB idx 57 at chain B (Rosetta 149) N->T
2026-03-25 11:56:24 EDT ForkPoolWorker-3 DEBUG [__main__] Mutating PDB idx 57 at chain B (Rosetta 149) N->T
2026-03-25 11:56:24 EDT ForkPoolWorker-5 DEBUG [__main__] Mutating PDB idx 36 at chain A (Rosetta 31) N->I
2026-03-25 11:56:24 EDT ForkPoolWorker-1 DEBUG [__main__] Mutating PDB idx 31 at chain A (Rosetta 26) D->R
2026-03-25 11:56:24 EDT ForkPoolWorker-1 DEBUG [__main__] Mutating PDB idx 34 at chain A (Rosetta 29) N->R
2026-03-25 11:56:24 EDT ForkPoolWorker-5 DEBUG [__main__] Mutating PDB idx 73 at chain A (Rosetta 68) R->F
2026-03-25 11:56:24 EDT ForkPoolWorker-5 DEBUG [__main__] Mutating PDB idx 54 at chain B (Rosetta 146) N->K
2026-03-25 11:56:24 EDT ForkPoolWorker-1 DEBUG [__main__] Mutating PDB idx 36 at chain A (Rosetta 31) N->I
2026-03-25 11:56:25 EDT ForkPoolWorker-5 DEBUG [__main__] Mutating PDB idx 57 at chain B (Rosetta 149) N->T
2026-03-25 11:56:25 EDT ForkPoolWorker-1 DEBUG [__main__] Mutating PDB idx 73 at chain A (Rosetta 68) R->F
2026-03-25 11:56:25 EDT ForkPoolWorker-1 DEBUG [__main__] Mutating PDB idx 54 at chain B (Rosetta 146) N->K
2026-03-25 11:56:25 EDT ForkPoolWorker-1 DEBUG [__main__] Mutating PDB idx 57 at chain B (Rosetta 149) N->T
2026-03-25 11:56:29 EDT ForkPoolWorker-4 DEBUG [__main__] Successfully setup the FastRelax
2026-03-25 11:56:29 EDT ForkPoolWorker-4 DEBUG [__main__] This is the number of repeats 5
2026-03-25 11:56:29 EDT ForkPoolWorker-4 DEBUG [__main__] Applying fastrelax to input: relaxed_ortho_3.pdb -> experi_relaxed_ortho_3_A27G_A31R_A34R_A36I_A73F_B54K_B57T_rep3.pdb
2026-03-25 11:56:29 EDT ForkPoolWorker-2 DEBUG [__main__] Successfully setup the FastRelax
2026-03-25 11:56:29 EDT ForkPoolWorker-2 DEBUG [__main__] This is the number of repeats 5
2026-03-25 11:56:29 EDT ForkPoolWorker-2 DEBUG [__main__] Applying fastrelax to input: relaxed_ortho_3.pdb -> experi_relaxed_ortho_3_A27G_A31R_A34R_A36I_A73F_B54K_B57T_rep1.pdb
2026-03-25 11:56:29 EDT ForkPoolWorker-3 DEBUG [__main__] Successfully setup the FastRelax
2026-03-25 11:56:29 EDT ForkPoolWorker-3 DEBUG [__main__] This is the number of repeats 5
2026-03-25 11:56:29 EDT ForkPoolWorker-3 DEBUG [__main__] Applying fastrelax to input: relaxed_ortho_3.pdb -> experi_relaxed_ortho_3_A27G_A31R_A34R_A36I_A73F_B54K_B57T_rep2.pdb
2026-03-25 11:56:32 EDT ForkPoolWorker-5 DEBUG [__main__] Successfully setup the FastRelax
2026-03-25 11:56:32 EDT ForkPoolWorker-5 DEBUG [__main__] This is the number of repeats 5
2026-03-25 11:56:32 EDT ForkPoolWorker-5 DEBUG [__main__] Applying fastrelax to input: relaxed_ortho_3.pdb -> experi_relaxed_ortho_3_A27G_A31R_A34R_A36I_A73F_B54K_B57T_rep5.pdb
2026-03-25 11:56:32 EDT ForkPoolWorker-1 DEBUG [__main__] Successfully setup the FastRelax
2026-03-25 11:56:32 EDT ForkPoolWorker-1 DEBUG [__main__] This is the number of repeats 5
2026-03-25 11:56:32 EDT ForkPoolWorker-1 DEBUG [__main__] Applying fastrelax to input: relaxed_ortho_3.pdb -> experi_relaxed_ortho_3_A27G_A31R_A34R_A36I_A73F_B54K_B57T_rep4.pdb
2026-03-25 12:00:59 EDT ForkPoolWorker-3 DEBUG [__main__] Successfully setup the InterfaceAnalyzerMover
2026-03-25 12:00:59 EDT ForkPoolWorker-3 DEBUG [__main__] Applying the interface analyzer to input: relaxed_ortho_3.pdb -> experi_relaxed_ortho_3_A27G_A31R_A34R_A36I_A73F_B54K_B57T_rep2.pdb
2026-03-25 12:01:02 EDT ForkPoolWorker-3 INFO [__main__] Output: experi_relaxed_ortho_3_A27G_A31R_A34R_A36I_A73F_B54K_B57T_rep2.pdb
2026-03-25 12:01:06 EDT ForkPoolWorker-2 DEBUG [__main__] Successfully setup the InterfaceAnalyzerMover
2026-03-25 12:01:06 EDT ForkPoolWorker-2 DEBUG [__main__] Applying the interface analyzer to input: relaxed_ortho_3.pdb -> experi_relaxed_ortho_3_A27G_A31R_A34R_A36I_A73F_B54K_B57T_rep1.pdb
2026-03-25 12:01:09 EDT ForkPoolWorker-2 INFO [__main__] Output: experi_relaxed_ortho_3_A27G_A31R_A34R_A36I_A73F_B54K_B57T_rep1.pdb
2026-03-25 12:01:20 EDT ForkPoolWorker-1 DEBUG [__main__] Successfully setup the InterfaceAnalyzerMover
2026-03-25 12:01:20 EDT ForkPoolWorker-1 DEBUG [__main__] Applying the interface analyzer to input: relaxed_ortho_3.pdb -> experi_relaxed_ortho_3_A27G_A31R_A34R_A36I_A73F_B54K_B57T_rep4.pdb
2026-03-25 12:01:23 EDT ForkPoolWorker-5 DEBUG [__main__] Successfully setup the InterfaceAnalyzerMover
2026-03-25 12:01:23 EDT ForkPoolWorker-5 DEBUG [__main__] Applying the interface analyzer to input: relaxed_ortho_3.pdb -> experi_relaxed_ortho_3_A27G_A31R_A34R_A36I_A73F_B54K_B57T_rep5.pdb
2026-03-25 12:01:23 EDT ForkPoolWorker-1 INFO [__main__] Output: experi_relaxed_ortho_3_A27G_A31R_A34R_A36I_A73F_B54K_B57T_rep4.pdb
2026-03-25 12:01:26 EDT ForkPoolWorker-5 INFO [__main__] Output: experi_relaxed_ortho_3_A27G_A31R_A34R_A36I_A73F_B54K_B57T_rep5.pdb
2026-03-25 12:01:27 EDT ForkPoolWorker-4 DEBUG [__main__] Successfully setup the InterfaceAnalyzerMover
2026-03-25 12:01:27 EDT ForkPoolWorker-4 DEBUG [__main__] Applying the interface analyzer to input: relaxed_ortho_3.pdb -> experi_relaxed_ortho_3_A27G_A31R_A34R_A36I_A73F_B54K_B57T_rep3.pdb
2026-03-25 12:01:31 EDT ForkPoolWorker-4 INFO [__main__] Output: experi_relaxed_ortho_3_A27G_A31R_A34R_A36I_A73F_B54K_B57T_rep3.pdb
2026-03-25 12:01:31 EDT MainProcess INFO [__main__] Script execution completed
