Using existing logs directory.
[DEBUG] Creating jobs for bundle: [('A 27', 'G'), ('A 31', 'R'), ('A 34', 'R'), ('A 36', 'I'), ('A 73', 'F'), ('B 54', 'K'), ('B 57', 'T')]
[DEBUG] Output file: /scratch/jgray21/zyhuggan/Orthogonal-Protein-Binders-/Experimental_Structures/outputs/wt/experi_relaxed_wt_1_A27G_A31R_A34R_A36I_A73F_B54K_B57T_rep1.pdb
[DEBUG] Output file: /scratch/jgray21/zyhuggan/Orthogonal-Protein-Binders-/Experimental_Structures/outputs/wt/experi_relaxed_wt_1_A27G_A31R_A34R_A36I_A73F_B54K_B57T_rep2.pdb
[DEBUG] Output file: /scratch/jgray21/zyhuggan/Orthogonal-Protein-Binders-/Experimental_Structures/outputs/wt/experi_relaxed_wt_1_A27G_A31R_A34R_A36I_A73F_B54K_B57T_rep3.pdb
[DEBUG] Output file: /scratch/jgray21/zyhuggan/Orthogonal-Protein-Binders-/Experimental_Structures/outputs/wt/experi_relaxed_wt_1_A27G_A31R_A34R_A36I_A73F_B54K_B57T_rep4.pdb
[DEBUG] Output file: /scratch/jgray21/zyhuggan/Orthogonal-Protein-Binders-/Experimental_Structures/outputs/wt/experi_relaxed_wt_1_A27G_A31R_A34R_A36I_A73F_B54K_B57T_rep5.pdb
2026-03-25 13:15:41 EDT MainProcess INFO [__main__] Processing a total of 5 jobs
2026-03-25 13:15:41 EDT MainProcess INFO [__main__] Starting pool with 5 worker(s)
2026-03-25 13:15:46 EDT ForkPoolWorker-2 DEBUG [__main__] Mutating PDB idx 27 at chain A (Rosetta 22) R->G
2026-03-25 13:15:46 EDT ForkPoolWorker-3 DEBUG [__main__] Mutating PDB idx 27 at chain A (Rosetta 22) R->G
2026-03-25 13:15:46 EDT ForkPoolWorker-1 DEBUG [__main__] Mutating PDB idx 27 at chain A (Rosetta 22) R->G
2026-03-25 13:15:47 EDT ForkPoolWorker-5 DEBUG [__main__] Mutating PDB idx 27 at chain A (Rosetta 22) R->G
2026-03-25 13:15:48 EDT ForkPoolWorker-4 DEBUG [__main__] Mutating PDB idx 27 at chain A (Rosetta 22) R->G
2026-03-25 13:15:48 EDT ForkPoolWorker-5 DEBUG [__main__] Mutating PDB idx 31 at chain A (Rosetta 26) D->R
2026-03-25 13:15:48 EDT ForkPoolWorker-5 DEBUG [__main__] Mutating PDB idx 34 at chain A (Rosetta 29) N->R
2026-03-25 13:15:48 EDT ForkPoolWorker-2 DEBUG [__main__] Mutating PDB idx 31 at chain A (Rosetta 26) D->R
2026-03-25 13:15:48 EDT ForkPoolWorker-5 DEBUG [__main__] Mutating PDB idx 36 at chain A (Rosetta 31) N->I
2026-03-25 13:15:48 EDT ForkPoolWorker-2 DEBUG [__main__] Mutating PDB idx 34 at chain A (Rosetta 29) N->R
2026-03-25 13:15:48 EDT ForkPoolWorker-5 DEBUG [__main__] Mutating PDB idx 73 at chain A (Rosetta 68) R->F
2026-03-25 13:15:48 EDT ForkPoolWorker-2 DEBUG [__main__] Mutating PDB idx 36 at chain A (Rosetta 31) N->I
2026-03-25 13:15:48 EDT ForkPoolWorker-1 DEBUG [__main__] Mutating PDB idx 31 at chain A (Rosetta 26) D->R
2026-03-25 13:15:48 EDT ForkPoolWorker-5 DEBUG [__main__] Mutating PDB idx 54 at chain B (Rosetta 146) N->K
2026-03-25 13:15:48 EDT ForkPoolWorker-3 DEBUG [__main__] Mutating PDB idx 31 at chain A (Rosetta 26) D->R
2026-03-25 13:15:48 EDT ForkPoolWorker-2 DEBUG [__main__] Mutating PDB idx 73 at chain A (Rosetta 68) R->F
2026-03-25 13:15:48 EDT ForkPoolWorker-5 DEBUG [__main__] Mutating PDB idx 57 at chain B (Rosetta 149) N->T
2026-03-25 13:15:48 EDT ForkPoolWorker-2 DEBUG [__main__] Mutating PDB idx 54 at chain B (Rosetta 146) N->K
2026-03-25 13:15:48 EDT ForkPoolWorker-1 DEBUG [__main__] Mutating PDB idx 34 at chain A (Rosetta 29) N->R
2026-03-25 13:15:48 EDT ForkPoolWorker-3 DEBUG [__main__] Mutating PDB idx 34 at chain A (Rosetta 29) N->R
2026-03-25 13:15:48 EDT ForkPoolWorker-2 DEBUG [__main__] Mutating PDB idx 57 at chain B (Rosetta 149) N->T
2026-03-25 13:15:49 EDT ForkPoolWorker-1 DEBUG [__main__] Mutating PDB idx 36 at chain A (Rosetta 31) N->I
2026-03-25 13:15:49 EDT ForkPoolWorker-3 DEBUG [__main__] Mutating PDB idx 36 at chain A (Rosetta 31) N->I
2026-03-25 13:15:49 EDT ForkPoolWorker-1 DEBUG [__main__] Mutating PDB idx 73 at chain A (Rosetta 68) R->F
2026-03-25 13:15:49 EDT ForkPoolWorker-3 DEBUG [__main__] Mutating PDB idx 73 at chain A (Rosetta 68) R->F
2026-03-25 13:15:49 EDT ForkPoolWorker-1 DEBUG [__main__] Mutating PDB idx 54 at chain B (Rosetta 146) N->K
2026-03-25 13:15:49 EDT ForkPoolWorker-3 DEBUG [__main__] Mutating PDB idx 54 at chain B (Rosetta 146) N->K
2026-03-25 13:15:49 EDT ForkPoolWorker-1 DEBUG [__main__] Mutating PDB idx 57 at chain B (Rosetta 149) N->T
2026-03-25 13:15:49 EDT ForkPoolWorker-3 DEBUG [__main__] Mutating PDB idx 57 at chain B (Rosetta 149) N->T
2026-03-25 13:15:55 EDT ForkPoolWorker-5 DEBUG [__main__] Successfully setup the FastRelax
2026-03-25 13:15:55 EDT ForkPoolWorker-5 DEBUG [__main__] This is the number of repeats 5
2026-03-25 13:15:55 EDT ForkPoolWorker-5 DEBUG [__main__] Applying fastrelax to input: relaxed_wt_1.pdb -> experi_relaxed_wt_1_A27G_A31R_A34R_A36I_A73F_B54K_B57T_rep4.pdb
2026-03-25 13:15:55 EDT ForkPoolWorker-2 DEBUG [__main__] Successfully setup the FastRelax
2026-03-25 13:15:55 EDT ForkPoolWorker-2 DEBUG [__main__] This is the number of repeats 5
2026-03-25 13:15:55 EDT ForkPoolWorker-2 DEBUG [__main__] Applying fastrelax to input: relaxed_wt_1.pdb -> experi_relaxed_wt_1_A27G_A31R_A34R_A36I_A73F_B54K_B57T_rep3.pdb
2026-03-25 13:15:56 EDT ForkPoolWorker-1 DEBUG [__main__] Successfully setup the FastRelax
2026-03-25 13:15:56 EDT ForkPoolWorker-1 DEBUG [__main__] This is the number of repeats 5
2026-03-25 13:15:56 EDT ForkPoolWorker-1 DEBUG [__main__] Applying fastrelax to input: relaxed_wt_1.pdb -> experi_relaxed_wt_1_A27G_A31R_A34R_A36I_A73F_B54K_B57T_rep2.pdb
2026-03-25 13:15:56 EDT ForkPoolWorker-3 DEBUG [__main__] Successfully setup the FastRelax
2026-03-25 13:15:56 EDT ForkPoolWorker-3 DEBUG [__main__] This is the number of repeats 5
2026-03-25 13:15:56 EDT ForkPoolWorker-3 DEBUG [__main__] Applying fastrelax to input: relaxed_wt_1.pdb -> experi_relaxed_wt_1_A27G_A31R_A34R_A36I_A73F_B54K_B57T_rep1.pdb
2026-03-25 13:16:07 EDT ForkPoolWorker-4 DEBUG [__main__] Mutating PDB idx 31 at chain A (Rosetta 26) D->R
2026-03-25 13:16:07 EDT ForkPoolWorker-4 DEBUG [__main__] Mutating PDB idx 34 at chain A (Rosetta 29) N->R
2026-03-25 13:16:07 EDT ForkPoolWorker-4 DEBUG [__main__] Mutating PDB idx 36 at chain A (Rosetta 31) N->I
2026-03-25 13:16:07 EDT ForkPoolWorker-4 DEBUG [__main__] Mutating PDB idx 73 at chain A (Rosetta 68) R->F
2026-03-25 13:16:07 EDT ForkPoolWorker-4 DEBUG [__main__] Mutating PDB idx 54 at chain B (Rosetta 146) N->K
2026-03-25 13:16:07 EDT ForkPoolWorker-4 DEBUG [__main__] Mutating PDB idx 57 at chain B (Rosetta 149) N->T
2026-03-25 13:16:12 EDT ForkPoolWorker-4 DEBUG [__main__] Successfully setup the FastRelax
2026-03-25 13:16:12 EDT ForkPoolWorker-4 DEBUG [__main__] This is the number of repeats 5
2026-03-25 13:16:12 EDT ForkPoolWorker-4 DEBUG [__main__] Applying fastrelax to input: relaxed_wt_1.pdb -> experi_relaxed_wt_1_A27G_A31R_A34R_A36I_A73F_B54K_B57T_rep5.pdb
2026-03-25 13:20:39 EDT ForkPoolWorker-2 DEBUG [__main__] Successfully setup the InterfaceAnalyzerMover
2026-03-25 13:20:39 EDT ForkPoolWorker-2 DEBUG [__main__] Applying the interface analyzer to input: relaxed_wt_1.pdb -> experi_relaxed_wt_1_A27G_A31R_A34R_A36I_A73F_B54K_B57T_rep3.pdb
2026-03-25 13:20:42 EDT ForkPoolWorker-3 DEBUG [__main__] Successfully setup the InterfaceAnalyzerMover
2026-03-25 13:20:42 EDT ForkPoolWorker-3 DEBUG [__main__] Applying the interface analyzer to input: relaxed_wt_1.pdb -> experi_relaxed_wt_1_A27G_A31R_A34R_A36I_A73F_B54K_B57T_rep1.pdb
2026-03-25 13:20:43 EDT ForkPoolWorker-2 INFO [__main__] Output: experi_relaxed_wt_1_A27G_A31R_A34R_A36I_A73F_B54K_B57T_rep3.pdb
2026-03-25 13:20:46 EDT ForkPoolWorker-3 INFO [__main__] Output: experi_relaxed_wt_1_A27G_A31R_A34R_A36I_A73F_B54K_B57T_rep1.pdb
2026-03-25 13:20:46 EDT ForkPoolWorker-1 DEBUG [__main__] Successfully setup the InterfaceAnalyzerMover
2026-03-25 13:20:46 EDT ForkPoolWorker-1 DEBUG [__main__] Applying the interface analyzer to input: relaxed_wt_1.pdb -> experi_relaxed_wt_1_A27G_A31R_A34R_A36I_A73F_B54K_B57T_rep2.pdb
2026-03-25 13:20:50 EDT ForkPoolWorker-5 DEBUG [__main__] Successfully setup the InterfaceAnalyzerMover
2026-03-25 13:20:50 EDT ForkPoolWorker-5 DEBUG [__main__] Applying the interface analyzer to input: relaxed_wt_1.pdb -> experi_relaxed_wt_1_A27G_A31R_A34R_A36I_A73F_B54K_B57T_rep4.pdb
2026-03-25 13:20:50 EDT ForkPoolWorker-1 INFO [__main__] Output: experi_relaxed_wt_1_A27G_A31R_A34R_A36I_A73F_B54K_B57T_rep2.pdb
2026-03-25 13:20:53 EDT ForkPoolWorker-5 INFO [__main__] Output: experi_relaxed_wt_1_A27G_A31R_A34R_A36I_A73F_B54K_B57T_rep4.pdb
2026-03-25 13:20:59 EDT ForkPoolWorker-4 DEBUG [__main__] Successfully setup the InterfaceAnalyzerMover
2026-03-25 13:20:59 EDT ForkPoolWorker-4 DEBUG [__main__] Applying the interface analyzer to input: relaxed_wt_1.pdb -> experi_relaxed_wt_1_A27G_A31R_A34R_A36I_A73F_B54K_B57T_rep5.pdb
2026-03-25 13:21:03 EDT ForkPoolWorker-4 INFO [__main__] Output: experi_relaxed_wt_1_A27G_A31R_A34R_A36I_A73F_B54K_B57T_rep5.pdb
2026-03-25 13:21:03 EDT MainProcess INFO [__main__] Script execution completed
