Using existing logs directory.
2026-02-19 10:44:54 EST MainProcess INFO [numexpr.utils] Note: NumExpr detected 48 cores but "NUMEXPR_MAX_THREADS" not set, so enforcing safe limit of 8.
2026-02-19 10:44:54 EST MainProcess INFO [numexpr.utils] NumExpr defaulting to 8 threads.
[DEBUG] Parsed R73M -> [('A 73', 'M')]
[DEBUG] Parsed R73T -> [('A 73', 'T')]
[DEBUG] Parsed R27K, R73L -> [('A 27', 'K'), ('A 73', 'L')]
[DEBUG] Parsed N54L, R27P, R73L -> [('B 54', 'L'), ('A 27', 'P'), ('A 73', 'L')]
[DEBUG] Parsed R27K, R73D -> [('A 27', 'K'), ('A 73', 'D')]
[DEBUG] Parsed R27K, R73T -> [('A 27', 'K'), ('A 73', 'T')]
[DEBUG] Parsed R73L -> [('A 73', 'L')]
[DEBUG] Parsed N54I -> [('B 54', 'I')]
[DEBUG] Parsed N54L, R27K, R73K -> [('B 54', 'L'), ('A 27', 'K'), ('A 73', 'K')]
[DEBUG] Parsed N54V, R27K, R73T -> [('B 54', 'V'), ('A 27', 'K'), ('A 73', 'T')]
[DEBUG] Parsed N36D, R73L -> [('A 36', 'D'), ('A 73', 'L')]
[DEBUG] Parsed N57R, R27K, R73I -> [('B 57', 'R'), ('A 27', 'K'), ('A 73', 'I')]
[DEBUG] Parsed R27K, R73Y -> [('A 27', 'K'), ('A 73', 'Y')]
[DEBUG] Parsed N54I, R27K, R73T -> [('B 54', 'I'), ('A 27', 'K'), ('A 73', 'T')]
[DEBUG] Parsed N57T, R27K, R73Q -> [('B 57', 'T'), ('A 27', 'K'), ('A 73', 'Q')]
[DEBUG] Parsed R27K, R73M -> [('A 27', 'K'), ('A 73', 'M')]
[DEBUG] Parsed N57R, R27K, R73L -> [('B 57', 'R'), ('A 27', 'K'), ('A 73', 'L')]
[DEBUG] Parsed N54L, R27K, R73L -> [('B 54', 'L'), ('A 27', 'K'), ('A 73', 'L')]
[DEBUG] Parsed N54I, R27P, R73L -> [('B 54', 'I'), ('A 27', 'P'), ('A 73', 'L')]
[DEBUG] Parsed R27P, R73Y -> [('A 27', 'P'), ('A 73', 'Y')]
[DEBUG] Parsed R27Q, R73L -> [('A 27', 'Q'), ('A 73', 'L')]
[DEBUG] Parsed R73Q -> [('A 73', 'Q')]
[DEBUG] Parsed N54L, R73L -> [('B 54', 'L'), ('A 73', 'L')]
[DEBUG] Creating jobs for bundle: [('A 73', 'M')]
[DEBUG] Output file: /scratch4/jgray21/zhuggan1/projects/orthosystems/tryingggg/pos_neg_design/OrthoMPNN/Rosetta/output_pdbs/pmpnn_wt/neg0.4/0.4_relaxed_wt_1_A73M_rep1.pdb
[DEBUG] Creating jobs for bundle: [('A 73', 'T')]
[DEBUG] Output file: /scratch4/jgray21/zhuggan1/projects/orthosystems/tryingggg/pos_neg_design/OrthoMPNN/Rosetta/output_pdbs/pmpnn_wt/neg0.4/0.4_relaxed_wt_1_A73T_rep1.pdb
[DEBUG] Creating jobs for bundle: [('A 27', 'K'), ('A 73', 'L')]
[DEBUG] Output file: /scratch4/jgray21/zhuggan1/projects/orthosystems/tryingggg/pos_neg_design/OrthoMPNN/Rosetta/output_pdbs/pmpnn_wt/neg0.4/0.4_relaxed_wt_1_A27K_A73L_rep1.pdb
[DEBUG] Creating jobs for bundle: [('B 54', 'L'), ('A 27', 'P'), ('A 73', 'L')]
[DEBUG] Output file: /scratch4/jgray21/zhuggan1/projects/orthosystems/tryingggg/pos_neg_design/OrthoMPNN/Rosetta/output_pdbs/pmpnn_wt/neg0.4/0.4_relaxed_wt_1_B54L_A27P_A73L_rep1.pdb
[DEBUG] Creating jobs for bundle: [('A 27', 'K'), ('A 73', 'D')]
[DEBUG] Output file: /scratch4/jgray21/zhuggan1/projects/orthosystems/tryingggg/pos_neg_design/OrthoMPNN/Rosetta/output_pdbs/pmpnn_wt/neg0.4/0.4_relaxed_wt_1_A27K_A73D_rep1.pdb
[DEBUG] Creating jobs for bundle: [('A 27', 'K'), ('A 73', 'T')]
[DEBUG] Output file: /scratch4/jgray21/zhuggan1/projects/orthosystems/tryingggg/pos_neg_design/OrthoMPNN/Rosetta/output_pdbs/pmpnn_wt/neg0.4/0.4_relaxed_wt_1_A27K_A73T_rep1.pdb
[DEBUG] Creating jobs for bundle: [('A 73', 'L')]
[DEBUG] Output file: /scratch4/jgray21/zhuggan1/projects/orthosystems/tryingggg/pos_neg_design/OrthoMPNN/Rosetta/output_pdbs/pmpnn_wt/neg0.4/0.4_relaxed_wt_1_A73L_rep1.pdb
[DEBUG] Creating jobs for bundle: [('B 54', 'I')]
[DEBUG] Output file: /scratch4/jgray21/zhuggan1/projects/orthosystems/tryingggg/pos_neg_design/OrthoMPNN/Rosetta/output_pdbs/pmpnn_wt/neg0.4/0.4_relaxed_wt_1_B54I_rep1.pdb
[DEBUG] Creating jobs for bundle: [('B 54', 'L'), ('A 27', 'K'), ('A 73', 'K')]
[DEBUG] Output file: /scratch4/jgray21/zhuggan1/projects/orthosystems/tryingggg/pos_neg_design/OrthoMPNN/Rosetta/output_pdbs/pmpnn_wt/neg0.4/0.4_relaxed_wt_1_B54L_A27K_A73K_rep1.pdb
[DEBUG] Creating jobs for bundle: [('B 54', 'V'), ('A 27', 'K'), ('A 73', 'T')]
[DEBUG] Output file: /scratch4/jgray21/zhuggan1/projects/orthosystems/tryingggg/pos_neg_design/OrthoMPNN/Rosetta/output_pdbs/pmpnn_wt/neg0.4/0.4_relaxed_wt_1_B54V_A27K_A73T_rep1.pdb
[DEBUG] Creating jobs for bundle: [('A 36', 'D'), ('A 73', 'L')]
[DEBUG] Output file: /scratch4/jgray21/zhuggan1/projects/orthosystems/tryingggg/pos_neg_design/OrthoMPNN/Rosetta/output_pdbs/pmpnn_wt/neg0.4/0.4_relaxed_wt_1_A36D_A73L_rep1.pdb
[DEBUG] Creating jobs for bundle: [('B 57', 'R'), ('A 27', 'K'), ('A 73', 'I')]
[DEBUG] Output file: /scratch4/jgray21/zhuggan1/projects/orthosystems/tryingggg/pos_neg_design/OrthoMPNN/Rosetta/output_pdbs/pmpnn_wt/neg0.4/0.4_relaxed_wt_1_B57R_A27K_A73I_rep1.pdb
[DEBUG] Creating jobs for bundle: [('A 27', 'K'), ('A 73', 'Y')]
[DEBUG] Output file: /scratch4/jgray21/zhuggan1/projects/orthosystems/tryingggg/pos_neg_design/OrthoMPNN/Rosetta/output_pdbs/pmpnn_wt/neg0.4/0.4_relaxed_wt_1_A27K_A73Y_rep1.pdb
[DEBUG] Creating jobs for bundle: [('B 54', 'I'), ('A 27', 'K'), ('A 73', 'T')]
[DEBUG] Output file: /scratch4/jgray21/zhuggan1/projects/orthosystems/tryingggg/pos_neg_design/OrthoMPNN/Rosetta/output_pdbs/pmpnn_wt/neg0.4/0.4_relaxed_wt_1_B54I_A27K_A73T_rep1.pdb
[DEBUG] Creating jobs for bundle: [('B 57', 'T'), ('A 27', 'K'), ('A 73', 'Q')]
[DEBUG] Output file: /scratch4/jgray21/zhuggan1/projects/orthosystems/tryingggg/pos_neg_design/OrthoMPNN/Rosetta/output_pdbs/pmpnn_wt/neg0.4/0.4_relaxed_wt_1_B57T_A27K_A73Q_rep1.pdb
[DEBUG] Creating jobs for bundle: [('A 27', 'K'), ('A 73', 'M')]
[DEBUG] Output file: /scratch4/jgray21/zhuggan1/projects/orthosystems/tryingggg/pos_neg_design/OrthoMPNN/Rosetta/output_pdbs/pmpnn_wt/neg0.4/0.4_relaxed_wt_1_A27K_A73M_rep1.pdb
[DEBUG] Creating jobs for bundle: [('B 57', 'R'), ('A 27', 'K'), ('A 73', 'L')]
[DEBUG] Output file: /scratch4/jgray21/zhuggan1/projects/orthosystems/tryingggg/pos_neg_design/OrthoMPNN/Rosetta/output_pdbs/pmpnn_wt/neg0.4/0.4_relaxed_wt_1_B57R_A27K_A73L_rep1.pdb
[DEBUG] Creating jobs for bundle: [('B 54', 'L'), ('A 27', 'K'), ('A 73', 'L')]
[DEBUG] Output file: /scratch4/jgray21/zhuggan1/projects/orthosystems/tryingggg/pos_neg_design/OrthoMPNN/Rosetta/output_pdbs/pmpnn_wt/neg0.4/0.4_relaxed_wt_1_B54L_A27K_A73L_rep1.pdb
[DEBUG] Creating jobs for bundle: [('B 54', 'I'), ('A 27', 'P'), ('A 73', 'L')]
[DEBUG] Output file: /scratch4/jgray21/zhuggan1/projects/orthosystems/tryingggg/pos_neg_design/OrthoMPNN/Rosetta/output_pdbs/pmpnn_wt/neg0.4/0.4_relaxed_wt_1_B54I_A27P_A73L_rep1.pdb
[DEBUG] Creating jobs for bundle: [('A 27', 'P'), ('A 73', 'Y')]
[DEBUG] Output file: /scratch4/jgray21/zhuggan1/projects/orthosystems/tryingggg/pos_neg_design/OrthoMPNN/Rosetta/output_pdbs/pmpnn_wt/neg0.4/0.4_relaxed_wt_1_A27P_A73Y_rep1.pdb
[DEBUG] Creating jobs for bundle: [('A 27', 'Q'), ('A 73', 'L')]
[DEBUG] Output file: /scratch4/jgray21/zhuggan1/projects/orthosystems/tryingggg/pos_neg_design/OrthoMPNN/Rosetta/output_pdbs/pmpnn_wt/neg0.4/0.4_relaxed_wt_1_A27Q_A73L_rep1.pdb
[DEBUG] Creating jobs for bundle: [('A 73', 'Q')]
[DEBUG] Output file: /scratch4/jgray21/zhuggan1/projects/orthosystems/tryingggg/pos_neg_design/OrthoMPNN/Rosetta/output_pdbs/pmpnn_wt/neg0.4/0.4_relaxed_wt_1_A73Q_rep1.pdb
[DEBUG] Creating jobs for bundle: [('B 54', 'L'), ('A 73', 'L')]
[DEBUG] Output file: /scratch4/jgray21/zhuggan1/projects/orthosystems/tryingggg/pos_neg_design/OrthoMPNN/Rosetta/output_pdbs/pmpnn_wt/neg0.4/0.4_relaxed_wt_1_B54L_A73L_rep1.pdb
2026-02-19 10:44:58 EST MainProcess INFO [__main__] Processing a total of 23 jobs
2026-02-19 10:44:58 EST MainProcess INFO [__main__] Starting pool with 48 worker(s)
2026-02-19 11:50:00 EST ForkPoolWorker-4 INFO [__main__] Output: 0.4_relaxed_wt_1_B54L_A27P_A73L_rep1.pdb
2026-02-19 11:51:29 EST ForkPoolWorker-1 INFO [__main__] Output: 0.4_relaxed_wt_1_B54I_A27P_A73L_rep1.pdb
2026-02-19 11:51:45 EST ForkPoolWorker-11 INFO [__main__] Output: 0.4_relaxed_wt_1_A27P_A73Y_rep1.pdb
2026-02-19 11:52:44 EST ForkPoolWorker-45 INFO [__main__] Output: 0.4_relaxed_wt_1_A27Q_A73L_rep1.pdb
2026-02-19 11:52:54 EST ForkPoolWorker-27 INFO [__main__] Output: 0.4_relaxed_wt_1_A27K_A73Y_rep1.pdb
2026-02-19 11:52:59 EST ForkPoolWorker-2 INFO [__main__] Output: 0.4_relaxed_wt_1_B54L_A27K_A73L_rep1.pdb
2026-02-19 11:53:31 EST ForkPoolWorker-29 INFO [__main__] Output: 0.4_relaxed_wt_1_A73L_rep1.pdb
2026-02-19 11:53:32 EST ForkPoolWorker-28 INFO [__main__] Output: 0.4_relaxed_wt_1_B57R_A27K_A73L_rep1.pdb
2026-02-19 11:53:43 EST ForkPoolWorker-38 INFO [__main__] Output: 0.4_relaxed_wt_1_A27K_A73D_rep1.pdb
2026-02-19 11:53:43 EST ForkPoolWorker-8 INFO [__main__] Output: 0.4_relaxed_wt_1_B54I_A27K_A73T_rep1.pdb
2026-02-19 11:53:50 EST ForkPoolWorker-36 INFO [__main__] Output: 0.4_relaxed_wt_1_A73Q_rep1.pdb
2026-02-19 11:53:53 EST ForkPoolWorker-33 INFO [__main__] Output: 0.4_relaxed_wt_1_A73M_rep1.pdb
2026-02-19 11:54:06 EST ForkPoolWorker-5 INFO [__main__] Output: 0.4_relaxed_wt_1_B54L_A73L_rep1.pdb
2026-02-19 11:54:08 EST ForkPoolWorker-39 INFO [__main__] Output: 0.4_relaxed_wt_1_B57T_A27K_A73Q_rep1.pdb
2026-02-19 11:54:25 EST ForkPoolWorker-16 INFO [__main__] Output: 0.4_relaxed_wt_1_A36D_A73L_rep1.pdb
2026-02-19 11:54:29 EST ForkPoolWorker-21 INFO [__main__] Output: 0.4_relaxed_wt_1_B54L_A27K_A73K_rep1.pdb
2026-02-19 11:54:37 EST ForkPoolWorker-7 INFO [__main__] Output: 0.4_relaxed_wt_1_A73T_rep1.pdb
2026-02-19 11:54:52 EST ForkPoolWorker-46 INFO [__main__] Output: 0.4_relaxed_wt_1_A27K_A73T_rep1.pdb
2026-02-19 11:54:56 EST ForkPoolWorker-30 INFO [__main__] Output: 0.4_relaxed_wt_1_A27K_A73L_rep1.pdb
2026-02-19 11:55:03 EST ForkPoolWorker-12 INFO [__main__] Output: 0.4_relaxed_wt_1_A27K_A73M_rep1.pdb
2026-02-19 11:55:06 EST ForkPoolWorker-43 INFO [__main__] Output: 0.4_relaxed_wt_1_B57R_A27K_A73I_rep1.pdb
2026-02-19 11:56:09 EST ForkPoolWorker-25 INFO [__main__] Output: 0.4_relaxed_wt_1_B54V_A27K_A73T_rep1.pdb
2026-02-19 11:57:00 EST ForkPoolWorker-20 INFO [__main__] Output: 0.4_relaxed_wt_1_B54I_rep1.pdb
2026-02-19 11:57:00 EST MainProcess INFO [__main__] Script execution completed
