Using existing logs directory.
2026-02-26 17:03:11 EST MainProcess INFO [numexpr.utils] Note: NumExpr detected 48 cores but "NUMEXPR_MAX_THREADS" not set, so enforcing safe limit of 8.
2026-02-26 17:03:11 EST MainProcess INFO [numexpr.utils] NumExpr defaulting to 8 threads.
[DEBUG] Parsed D31L, N34E, N36Y, N54P, N57P, R73S -> [('A 31', 'L'), ('A 34', 'E'), ('A 36', 'Y'), ('B 54', 'P'), ('B 57', 'P'), ('A 73', 'S')]
[DEBUG] Parsed R27E, D31F, N34K, N36M, N54M, N57D, R73D -> [('A 27', 'E'), ('A 31', 'F'), ('A 34', 'K'), ('A 36', 'M'), ('B 54', 'M'), ('B 57', 'D'), ('A 73', 'D')]
[DEBUG] Parsed R27W, D31R, N34D, N36Y, N57W, R73A -> [('A 27', 'W'), ('A 31', 'R'), ('A 34', 'D'), ('A 36', 'Y'), ('B 57', 'W'), ('A 73', 'A')]
[DEBUG] Parsed R27M, D31F, N34A, N36T, N54A, N57D, R73A -> [('A 27', 'M'), ('A 31', 'F'), ('A 34', 'A'), ('A 36', 'T'), ('B 54', 'A'), ('B 57', 'D'), ('A 73', 'A')]
[DEBUG] Parsed R27Y, D31A, N34D, N36A, N54Y, N57W -> [('A 27', 'Y'), ('A 31', 'A'), ('A 34', 'D'), ('A 36', 'A'), ('B 54', 'Y'), ('B 57', 'W')]
[DEBUG] Parsed R27D, D31Y, N34D, N36P, N54Y, R73K -> [('A 27', 'D'), ('A 31', 'Y'), ('A 34', 'D'), ('A 36', 'P'), ('B 54', 'Y'), ('A 73', 'K')]
[DEBUG] Parsed R27C, D31H, N34K, N36M, N54E, R73D -> [('A 27', 'C'), ('A 31', 'H'), ('A 34', 'K'), ('A 36', 'M'), ('B 54', 'E'), ('A 73', 'D')]
[DEBUG] Parsed R27I, D31G, N34D, N36E, N54Q, N57T, R73F -> [('A 27', 'I'), ('A 31', 'G'), ('A 34', 'D'), ('A 36', 'E'), ('B 54', 'Q'), ('B 57', 'T'), ('A 73', 'F')]
[DEBUG] Parsed R27F, D31T, N34R, N36M, N54K, N57A, R73V -> [('A 27', 'F'), ('A 31', 'T'), ('A 34', 'R'), ('A 36', 'M'), ('B 54', 'K'), ('B 57', 'A'), ('A 73', 'V')]
[DEBUG] Parsed R27N, D31S, N34H, N36G, N54H, N57Q, R73C -> [('A 27', 'N'), ('A 31', 'S'), ('A 34', 'H'), ('A 36', 'G'), ('B 54', 'H'), ('B 57', 'Q'), ('A 73', 'C')]
[DEBUG] Parsed R27Y, D31A, N34E, N36I, N54F, N57D -> [('A 27', 'Y'), ('A 31', 'A'), ('A 34', 'E'), ('A 36', 'I'), ('B 54', 'F'), ('B 57', 'D')]
[DEBUG] Parsed R27K, D31C, N34W, N36P, N54M, N57F, R73Y -> [('A 27', 'K'), ('A 31', 'C'), ('A 34', 'W'), ('A 36', 'P'), ('B 54', 'M'), ('B 57', 'F'), ('A 73', 'Y')]
[DEBUG] Parsed R27E, D31E, N34Y, N36A, N54R, N57S, R73V -> [('A 27', 'E'), ('A 31', 'E'), ('A 34', 'Y'), ('A 36', 'A'), ('B 54', 'R'), ('B 57', 'S'), ('A 73', 'V')]
[DEBUG] Parsed R27A, D31H, N34P, N36G, N54T, N57T, R73I -> [('A 27', 'A'), ('A 31', 'H'), ('A 34', 'P'), ('A 36', 'G'), ('B 54', 'T'), ('B 57', 'T'), ('A 73', 'I')]
[DEBUG] Parsed R27V, D31I, N36Y, N54S, N57E, R73S -> [('A 27', 'V'), ('A 31', 'I'), ('A 36', 'Y'), ('B 54', 'S'), ('B 57', 'E'), ('A 73', 'S')]
[DEBUG] Parsed R27C, D31A, N34I, N54H, N57T, R73S -> [('A 27', 'C'), ('A 31', 'A'), ('A 34', 'I'), ('B 54', 'H'), ('B 57', 'T'), ('A 73', 'S')]
[DEBUG] Parsed R27L, D31Y, N34S, N36V, N54V, N57V, R73F -> [('A 27', 'L'), ('A 31', 'Y'), ('A 34', 'S'), ('A 36', 'V'), ('B 54', 'V'), ('B 57', 'V'), ('A 73', 'F')]
[DEBUG] Parsed R27W, D31T, N34D, N36T, N57Q, R73W -> [('A 27', 'W'), ('A 31', 'T'), ('A 34', 'D'), ('A 36', 'T'), ('B 57', 'Q'), ('A 73', 'W')]
[DEBUG] Parsed D31M, N34D, N36W, N54S, N57M, R73S -> [('A 31', 'M'), ('A 34', 'D'), ('A 36', 'W'), ('B 54', 'S'), ('B 57', 'M'), ('A 73', 'S')]
[DEBUG] Parsed R27H, D31S, N34V, N36H, N54M, N57I, R73L -> [('A 27', 'H'), ('A 31', 'S'), ('A 34', 'V'), ('A 36', 'H'), ('B 54', 'M'), ('B 57', 'I'), ('A 73', 'L')]
[DEBUG] Parsed D31V, N34A, N36R, N54Q, N57Y, R73P -> [('A 31', 'V'), ('A 34', 'A'), ('A 36', 'R'), ('B 54', 'Q'), ('B 57', 'Y'), ('A 73', 'P')]
[DEBUG] Parsed R27E, D31Q, N34G, N36Q, N54E, N57M, R73A -> [('A 27', 'E'), ('A 31', 'Q'), ('A 34', 'G'), ('A 36', 'Q'), ('B 54', 'E'), ('B 57', 'M'), ('A 73', 'A')]
[DEBUG] Parsed R27S, D31Y, N34Y, N36M, N54P, N57I, R73T -> [('A 27', 'S'), ('A 31', 'Y'), ('A 34', 'Y'), ('A 36', 'M'), ('B 54', 'P'), ('B 57', 'I'), ('A 73', 'T')]
[DEBUG] Parsed D31A, N34K, N36Y, N54D, N57W, R73N -> [('A 31', 'A'), ('A 34', 'K'), ('A 36', 'Y'), ('B 54', 'D'), ('B 57', 'W'), ('A 73', 'N')]
[DEBUG] Parsed R27D, D31N, N34H, N54K, N57H -> [('A 27', 'D'), ('A 31', 'N'), ('A 34', 'H'), ('B 54', 'K'), ('B 57', 'H')]
[DEBUG] Parsed R27H, D31L, N34S, N36K, N54C, N57I, R73L -> [('A 27', 'H'), ('A 31', 'L'), ('A 34', 'S'), ('A 36', 'K'), ('B 54', 'C'), ('B 57', 'I'), ('A 73', 'L')]
[DEBUG] Parsed R27A, D31T, N34S, N36Y, N54I, N57G, R73W -> [('A 27', 'A'), ('A 31', 'T'), ('A 34', 'S'), ('A 36', 'Y'), ('B 54', 'I'), ('B 57', 'G'), ('A 73', 'W')]
[DEBUG] Parsed R27D, D31P, N34H, N36A, N54M, N57E, R73K -> [('A 27', 'D'), ('A 31', 'P'), ('A 34', 'H'), ('A 36', 'A'), ('B 54', 'M'), ('B 57', 'E'), ('A 73', 'K')]
[DEBUG] Parsed R27D, D31T, N34R, N36T, N54T, N57L, R73N -> [('A 27', 'D'), ('A 31', 'T'), ('A 34', 'R'), ('A 36', 'T'), ('B 54', 'T'), ('B 57', 'L'), ('A 73', 'N')]
[DEBUG] Parsed R27L, D31N, N34V, N54P, N57H, R73E -> [('A 27', 'L'), ('A 31', 'N'), ('A 34', 'V'), ('B 54', 'P'), ('B 57', 'H'), ('A 73', 'E')]
[DEBUG] Parsed R27K, D31A, N36W, N54C, N57Y, R73T -> [('A 27', 'K'), ('A 31', 'A'), ('A 36', 'W'), ('B 54', 'C'), ('B 57', 'Y'), ('A 73', 'T')]
[DEBUG] Parsed R27F, D31H, N34M, N36L, N54L, N57K, R73N -> [('A 27', 'F'), ('A 31', 'H'), ('A 34', 'M'), ('A 36', 'L'), ('B 54', 'L'), ('B 57', 'K'), ('A 73', 'N')]
[DEBUG] Parsed R27Y, D31N, N34L, N36Y, N57S, R73E -> [('A 27', 'Y'), ('A 31', 'N'), ('A 34', 'L'), ('A 36', 'Y'), ('B 57', 'S'), ('A 73', 'E')]
[DEBUG] Parsed R27Y, D31H, N34R, N36L, N54M, N57D, R73C -> [('A 27', 'Y'), ('A 31', 'H'), ('A 34', 'R'), ('A 36', 'L'), ('B 54', 'M'), ('B 57', 'D'), ('A 73', 'C')]
[DEBUG] Parsed R27L, D31E, N34M, N54T, N57S, R73Q -> [('A 27', 'L'), ('A 31', 'E'), ('A 34', 'M'), ('B 54', 'T'), ('B 57', 'S'), ('A 73', 'Q')]
[DEBUG] Parsed R27W, D31N, N34G, N36L, N54R, N57Y, R73Q -> [('A 27', 'W'), ('A 31', 'N'), ('A 34', 'G'), ('A 36', 'L'), ('B 54', 'R'), ('B 57', 'Y'), ('A 73', 'Q')]
[DEBUG] Parsed R27H, D31K, N36I, N54F, N57K, R73W -> [('A 27', 'H'), ('A 31', 'K'), ('A 36', 'I'), ('B 54', 'F'), ('B 57', 'K'), ('A 73', 'W')]
[DEBUG] Parsed R27E, D31P, N34M, N36R, N54V, N57C, R73K -> [('A 27', 'E'), ('A 31', 'P'), ('A 34', 'M'), ('A 36', 'R'), ('B 54', 'V'), ('B 57', 'C'), ('A 73', 'K')]
[DEBUG] Parsed R27I, D31T, N34P, N54C, R73I -> [('A 27', 'I'), ('A 31', 'T'), ('A 34', 'P'), ('B 54', 'C'), ('A 73', 'I')]
[DEBUG] Parsed R27D, D31Y, N34C, N36I, N54T, N57D, R73I -> [('A 27', 'D'), ('A 31', 'Y'), ('A 34', 'C'), ('A 36', 'I'), ('B 54', 'T'), ('B 57', 'D'), ('A 73', 'I')]
[DEBUG] Parsed R27Y, D31S, N34L, N36M, N54E, N57D, R73W -> [('A 27', 'Y'), ('A 31', 'S'), ('A 34', 'L'), ('A 36', 'M'), ('B 54', 'E'), ('B 57', 'D'), ('A 73', 'W')]
[DEBUG] Parsed R27Q, D31A, N34F, N36Q, N54S, N57I, R73W -> [('A 27', 'Q'), ('A 31', 'A'), ('A 34', 'F'), ('A 36', 'Q'), ('B 54', 'S'), ('B 57', 'I'), ('A 73', 'W')]
[DEBUG] Parsed R27P, D31K, N34K, N36S, N54Y, N57G, R73P -> [('A 27', 'P'), ('A 31', 'K'), ('A 34', 'K'), ('A 36', 'S'), ('B 54', 'Y'), ('B 57', 'G'), ('A 73', 'P')]
[DEBUG] Parsed R27D, D31T, N34D, N36F, N54R, N57M, R73T -> [('A 27', 'D'), ('A 31', 'T'), ('A 34', 'D'), ('A 36', 'F'), ('B 54', 'R'), ('B 57', 'M'), ('A 73', 'T')]
[DEBUG] Parsed R27V, D31W, N34M, N36I, N54D, N57V, R73I -> [('A 27', 'V'), ('A 31', 'W'), ('A 34', 'M'), ('A 36', 'I'), ('B 54', 'D'), ('B 57', 'V'), ('A 73', 'I')]
[DEBUG] Parsed R27V, D31T, N34A, N36P, N54Q, N57G -> [('A 27', 'V'), ('A 31', 'T'), ('A 34', 'A'), ('A 36', 'P'), ('B 54', 'Q'), ('B 57', 'G')]
[DEBUG] Parsed R27M, D31W, N34M, N36V, N54Y, N57K, R73V -> [('A 27', 'M'), ('A 31', 'W'), ('A 34', 'M'), ('A 36', 'V'), ('B 54', 'Y'), ('B 57', 'K'), ('A 73', 'V')]
[DEBUG] Parsed R27C, D31Y, N36A, N54D, N57I, R73A -> [('A 27', 'C'), ('A 31', 'Y'), ('A 36', 'A'), ('B 54', 'D'), ('B 57', 'I'), ('A 73', 'A')]
[DEBUG] Parsed R27M, D31K, N34M, N36Y, N54G, N57H, R73S -> [('A 27', 'M'), ('A 31', 'K'), ('A 34', 'M'), ('A 36', 'Y'), ('B 54', 'G'), ('B 57', 'H'), ('A 73', 'S')]
[DEBUG] Parsed D31F, N34S, N36K, N54F, N57F, R73I -> [('A 31', 'F'), ('A 34', 'S'), ('A 36', 'K'), ('B 54', 'F'), ('B 57', 'F'), ('A 73', 'I')]
[DEBUG] Creating jobs for bundle: [('A 31', 'L'), ('A 34', 'E'), ('A 36', 'Y'), ('B 54', 'P'), ('B 57', 'P'), ('A 73', 'S')]
[DEBUG] Output file: /scratch4/jgray21/zhuggan1/projects/orthosystems/tryingggg/pos_neg_design/OrthoMPNN/Rosetta/output_pdbs/pmpnn_ortho/neg1.0/1.0_relaxed_ortho_3_A31L_A34E_A36Y_B54P_B57P_A73S_rep1.pdb
[DEBUG] Output file: /scratch4/jgray21/zhuggan1/projects/orthosystems/tryingggg/pos_neg_design/OrthoMPNN/Rosetta/output_pdbs/pmpnn_ortho/neg1.0/1.0_relaxed_ortho_3_A31L_A34E_A36Y_B54P_B57P_A73S_rep2.pdb
[DEBUG] Output file: /scratch4/jgray21/zhuggan1/projects/orthosystems/tryingggg/pos_neg_design/OrthoMPNN/Rosetta/output_pdbs/pmpnn_ortho/neg1.0/1.0_relaxed_ortho_3_A31L_A34E_A36Y_B54P_B57P_A73S_rep3.pdb
[DEBUG] Output file: /scratch4/jgray21/zhuggan1/projects/orthosystems/tryingggg/pos_neg_design/OrthoMPNN/Rosetta/output_pdbs/pmpnn_ortho/neg1.0/1.0_relaxed_ortho_3_A31L_A34E_A36Y_B54P_B57P_A73S_rep4.pdb
[DEBUG] Output file: /scratch4/jgray21/zhuggan1/projects/orthosystems/tryingggg/pos_neg_design/OrthoMPNN/Rosetta/output_pdbs/pmpnn_ortho/neg1.0/1.0_relaxed_ortho_3_A31L_A34E_A36Y_B54P_B57P_A73S_rep5.pdb
[DEBUG] Creating jobs for bundle: [('A 27', 'E'), ('A 31', 'F'), ('A 34', 'K'), ('A 36', 'M'), ('B 54', 'M'), ('B 57', 'D'), ('A 73', 'D')]
[DEBUG] Output file: /scratch4/jgray21/zhuggan1/projects/orthosystems/tryingggg/pos_neg_design/OrthoMPNN/Rosetta/output_pdbs/pmpnn_ortho/neg1.0/1.0_relaxed_ortho_3_A27E_A31F_A34K_A36M_B54M_B57D_A73D_rep1.pdb
[DEBUG] Output file: /scratch4/jgray21/zhuggan1/projects/orthosystems/tryingggg/pos_neg_design/OrthoMPNN/Rosetta/output_pdbs/pmpnn_ortho/neg1.0/1.0_relaxed_ortho_3_A27E_A31F_A34K_A36M_B54M_B57D_A73D_rep2.pdb
[DEBUG] Output file: /scratch4/jgray21/zhuggan1/projects/orthosystems/tryingggg/pos_neg_design/OrthoMPNN/Rosetta/output_pdbs/pmpnn_ortho/neg1.0/1.0_relaxed_ortho_3_A27E_A31F_A34K_A36M_B54M_B57D_A73D_rep3.pdb
[DEBUG] Output file: /scratch4/jgray21/zhuggan1/projects/orthosystems/tryingggg/pos_neg_design/OrthoMPNN/Rosetta/output_pdbs/pmpnn_ortho/neg1.0/1.0_relaxed_ortho_3_A27E_A31F_A34K_A36M_B54M_B57D_A73D_rep4.pdb
[DEBUG] Output file: /scratch4/jgray21/zhuggan1/projects/orthosystems/tryingggg/pos_neg_design/OrthoMPNN/Rosetta/output_pdbs/pmpnn_ortho/neg1.0/1.0_relaxed_ortho_3_A27E_A31F_A34K_A36M_B54M_B57D_A73D_rep5.pdb
[DEBUG] Creating jobs for bundle: [('A 27', 'W'), ('A 31', 'R'), ('A 34', 'D'), ('A 36', 'Y'), ('B 57', 'W'), ('A 73', 'A')]
[DEBUG] Output file: /scratch4/jgray21/zhuggan1/projects/orthosystems/tryingggg/pos_neg_design/OrthoMPNN/Rosetta/output_pdbs/pmpnn_ortho/neg1.0/1.0_relaxed_ortho_3_A27W_A31R_A34D_A36Y_B57W_A73A_rep1.pdb
[DEBUG] Output file: /scratch4/jgray21/zhuggan1/projects/orthosystems/tryingggg/pos_neg_design/OrthoMPNN/Rosetta/output_pdbs/pmpnn_ortho/neg1.0/1.0_relaxed_ortho_3_A27W_A31R_A34D_A36Y_B57W_A73A_rep2.pdb
[DEBUG] Output file: /scratch4/jgray21/zhuggan1/projects/orthosystems/tryingggg/pos_neg_design/OrthoMPNN/Rosetta/output_pdbs/pmpnn_ortho/neg1.0/1.0_relaxed_ortho_3_A27W_A31R_A34D_A36Y_B57W_A73A_rep3.pdb
[DEBUG] Output file: /scratch4/jgray21/zhuggan1/projects/orthosystems/tryingggg/pos_neg_design/OrthoMPNN/Rosetta/output_pdbs/pmpnn_ortho/neg1.0/1.0_relaxed_ortho_3_A27W_A31R_A34D_A36Y_B57W_A73A_rep4.pdb
[DEBUG] Output file: /scratch4/jgray21/zhuggan1/projects/orthosystems/tryingggg/pos_neg_design/OrthoMPNN/Rosetta/output_pdbs/pmpnn_ortho/neg1.0/1.0_relaxed_ortho_3_A27W_A31R_A34D_A36Y_B57W_A73A_rep5.pdb
[DEBUG] Creating jobs for bundle: [('A 27', 'M'), ('A 31', 'F'), ('A 34', 'A'), ('A 36', 'T'), ('B 54', 'A'), ('B 57', 'D'), ('A 73', 'A')]
[DEBUG] Output file: /scratch4/jgray21/zhuggan1/projects/orthosystems/tryingggg/pos_neg_design/OrthoMPNN/Rosetta/output_pdbs/pmpnn_ortho/neg1.0/1.0_relaxed_ortho_3_A27M_A31F_A34A_A36T_B54A_B57D_A73A_rep1.pdb
[DEBUG] Output file: /scratch4/jgray21/zhuggan1/projects/orthosystems/tryingggg/pos_neg_design/OrthoMPNN/Rosetta/output_pdbs/pmpnn_ortho/neg1.0/1.0_relaxed_ortho_3_A27M_A31F_A34A_A36T_B54A_B57D_A73A_rep2.pdb
[DEBUG] Output file: /scratch4/jgray21/zhuggan1/projects/orthosystems/tryingggg/pos_neg_design/OrthoMPNN/Rosetta/output_pdbs/pmpnn_ortho/neg1.0/1.0_relaxed_ortho_3_A27M_A31F_A34A_A36T_B54A_B57D_A73A_rep3.pdb
[DEBUG] Output file: /scratch4/jgray21/zhuggan1/projects/orthosystems/tryingggg/pos_neg_design/OrthoMPNN/Rosetta/output_pdbs/pmpnn_ortho/neg1.0/1.0_relaxed_ortho_3_A27M_A31F_A34A_A36T_B54A_B57D_A73A_rep4.pdb
[DEBUG] Output file: /scratch4/jgray21/zhuggan1/projects/orthosystems/tryingggg/pos_neg_design/OrthoMPNN/Rosetta/output_pdbs/pmpnn_ortho/neg1.0/1.0_relaxed_ortho_3_A27M_A31F_A34A_A36T_B54A_B57D_A73A_rep5.pdb
[DEBUG] Creating jobs for bundle: [('A 27', 'Y'), ('A 31', 'A'), ('A 34', 'D'), ('A 36', 'A'), ('B 54', 'Y'), ('B 57', 'W')]
[DEBUG] Output file: /scratch4/jgray21/zhuggan1/projects/orthosystems/tryingggg/pos_neg_design/OrthoMPNN/Rosetta/output_pdbs/pmpnn_ortho/neg1.0/1.0_relaxed_ortho_3_A27Y_A31A_A34D_A36A_B54Y_B57W_rep1.pdb
[DEBUG] Output file: /scratch4/jgray21/zhuggan1/projects/orthosystems/tryingggg/pos_neg_design/OrthoMPNN/Rosetta/output_pdbs/pmpnn_ortho/neg1.0/1.0_relaxed_ortho_3_A27Y_A31A_A34D_A36A_B54Y_B57W_rep2.pdb
[DEBUG] Output file: /scratch4/jgray21/zhuggan1/projects/orthosystems/tryingggg/pos_neg_design/OrthoMPNN/Rosetta/output_pdbs/pmpnn_ortho/neg1.0/1.0_relaxed_ortho_3_A27Y_A31A_A34D_A36A_B54Y_B57W_rep3.pdb
[DEBUG] Output file: /scratch4/jgray21/zhuggan1/projects/orthosystems/tryingggg/pos_neg_design/OrthoMPNN/Rosetta/output_pdbs/pmpnn_ortho/neg1.0/1.0_relaxed_ortho_3_A27Y_A31A_A34D_A36A_B54Y_B57W_rep4.pdb
[DEBUG] Output file: /scratch4/jgray21/zhuggan1/projects/orthosystems/tryingggg/pos_neg_design/OrthoMPNN/Rosetta/output_pdbs/pmpnn_ortho/neg1.0/1.0_relaxed_ortho_3_A27Y_A31A_A34D_A36A_B54Y_B57W_rep5.pdb
[DEBUG] Creating jobs for bundle: [('A 27', 'D'), ('A 31', 'Y'), ('A 34', 'D'), ('A 36', 'P'), ('B 54', 'Y'), ('A 73', 'K')]
[DEBUG] Output file: /scratch4/jgray21/zhuggan1/projects/orthosystems/tryingggg/pos_neg_design/OrthoMPNN/Rosetta/output_pdbs/pmpnn_ortho/neg1.0/1.0_relaxed_ortho_3_A27D_A31Y_A34D_A36P_B54Y_A73K_rep1.pdb
[DEBUG] Output file: /scratch4/jgray21/zhuggan1/projects/orthosystems/tryingggg/pos_neg_design/OrthoMPNN/Rosetta/output_pdbs/pmpnn_ortho/neg1.0/1.0_relaxed_ortho_3_A27D_A31Y_A34D_A36P_B54Y_A73K_rep2.pdb
[DEBUG] Output file: /scratch4/jgray21/zhuggan1/projects/orthosystems/tryingggg/pos_neg_design/OrthoMPNN/Rosetta/output_pdbs/pmpnn_ortho/neg1.0/1.0_relaxed_ortho_3_A27D_A31Y_A34D_A36P_B54Y_A73K_rep3.pdb
[DEBUG] Output file: /scratch4/jgray21/zhuggan1/projects/orthosystems/tryingggg/pos_neg_design/OrthoMPNN/Rosetta/output_pdbs/pmpnn_ortho/neg1.0/1.0_relaxed_ortho_3_A27D_A31Y_A34D_A36P_B54Y_A73K_rep4.pdb
[DEBUG] Output file: /scratch4/jgray21/zhuggan1/projects/orthosystems/tryingggg/pos_neg_design/OrthoMPNN/Rosetta/output_pdbs/pmpnn_ortho/neg1.0/1.0_relaxed_ortho_3_A27D_A31Y_A34D_A36P_B54Y_A73K_rep5.pdb
[DEBUG] Creating jobs for bundle: [('A 27', 'C'), ('A 31', 'H'), ('A 34', 'K'), ('A 36', 'M'), ('B 54', 'E'), ('A 73', 'D')]
[DEBUG] Output file: /scratch4/jgray21/zhuggan1/projects/orthosystems/tryingggg/pos_neg_design/OrthoMPNN/Rosetta/output_pdbs/pmpnn_ortho/neg1.0/1.0_relaxed_ortho_3_A27C_A31H_A34K_A36M_B54E_A73D_rep1.pdb
[DEBUG] Output file: /scratch4/jgray21/zhuggan1/projects/orthosystems/tryingggg/pos_neg_design/OrthoMPNN/Rosetta/output_pdbs/pmpnn_ortho/neg1.0/1.0_relaxed_ortho_3_A27C_A31H_A34K_A36M_B54E_A73D_rep2.pdb
[DEBUG] Output file: /scratch4/jgray21/zhuggan1/projects/orthosystems/tryingggg/pos_neg_design/OrthoMPNN/Rosetta/output_pdbs/pmpnn_ortho/neg1.0/1.0_relaxed_ortho_3_A27C_A31H_A34K_A36M_B54E_A73D_rep3.pdb
[DEBUG] Output file: /scratch4/jgray21/zhuggan1/projects/orthosystems/tryingggg/pos_neg_design/OrthoMPNN/Rosetta/output_pdbs/pmpnn_ortho/neg1.0/1.0_relaxed_ortho_3_A27C_A31H_A34K_A36M_B54E_A73D_rep4.pdb
[DEBUG] Output file: /scratch4/jgray21/zhuggan1/projects/orthosystems/tryingggg/pos_neg_design/OrthoMPNN/Rosetta/output_pdbs/pmpnn_ortho/neg1.0/1.0_relaxed_ortho_3_A27C_A31H_A34K_A36M_B54E_A73D_rep5.pdb
[DEBUG] Creating jobs for bundle: [('A 27', 'I'), ('A 31', 'G'), ('A 34', 'D'), ('A 36', 'E'), ('B 54', 'Q'), ('B 57', 'T'), ('A 73', 'F')]
[DEBUG] Output file: /scratch4/jgray21/zhuggan1/projects/orthosystems/tryingggg/pos_neg_design/OrthoMPNN/Rosetta/output_pdbs/pmpnn_ortho/neg1.0/1.0_relaxed_ortho_3_A27I_A31G_A34D_A36E_B54Q_B57T_A73F_rep1.pdb
[DEBUG] Output file: /scratch4/jgray21/zhuggan1/projects/orthosystems/tryingggg/pos_neg_design/OrthoMPNN/Rosetta/output_pdbs/pmpnn_ortho/neg1.0/1.0_relaxed_ortho_3_A27I_A31G_A34D_A36E_B54Q_B57T_A73F_rep2.pdb
[DEBUG] Output file: /scratch4/jgray21/zhuggan1/projects/orthosystems/tryingggg/pos_neg_design/OrthoMPNN/Rosetta/output_pdbs/pmpnn_ortho/neg1.0/1.0_relaxed_ortho_3_A27I_A31G_A34D_A36E_B54Q_B57T_A73F_rep3.pdb
[DEBUG] Output file: /scratch4/jgray21/zhuggan1/projects/orthosystems/tryingggg/pos_neg_design/OrthoMPNN/Rosetta/output_pdbs/pmpnn_ortho/neg1.0/1.0_relaxed_ortho_3_A27I_A31G_A34D_A36E_B54Q_B57T_A73F_rep4.pdb
[DEBUG] Output file: /scratch4/jgray21/zhuggan1/projects/orthosystems/tryingggg/pos_neg_design/OrthoMPNN/Rosetta/output_pdbs/pmpnn_ortho/neg1.0/1.0_relaxed_ortho_3_A27I_A31G_A34D_A36E_B54Q_B57T_A73F_rep5.pdb
[DEBUG] Creating jobs for bundle: [('A 27', 'F'), ('A 31', 'T'), ('A 34', 'R'), ('A 36', 'M'), ('B 54', 'K'), ('B 57', 'A'), ('A 73', 'V')]
[DEBUG] Output file: /scratch4/jgray21/zhuggan1/projects/orthosystems/tryingggg/pos_neg_design/OrthoMPNN/Rosetta/output_pdbs/pmpnn_ortho/neg1.0/1.0_relaxed_ortho_3_A27F_A31T_A34R_A36M_B54K_B57A_A73V_rep1.pdb
[DEBUG] Output file: /scratch4/jgray21/zhuggan1/projects/orthosystems/tryingggg/pos_neg_design/OrthoMPNN/Rosetta/output_pdbs/pmpnn_ortho/neg1.0/1.0_relaxed_ortho_3_A27F_A31T_A34R_A36M_B54K_B57A_A73V_rep2.pdb
[DEBUG] Output file: /scratch4/jgray21/zhuggan1/projects/orthosystems/tryingggg/pos_neg_design/OrthoMPNN/Rosetta/output_pdbs/pmpnn_ortho/neg1.0/1.0_relaxed_ortho_3_A27F_A31T_A34R_A36M_B54K_B57A_A73V_rep3.pdb
[DEBUG] Output file: /scratch4/jgray21/zhuggan1/projects/orthosystems/tryingggg/pos_neg_design/OrthoMPNN/Rosetta/output_pdbs/pmpnn_ortho/neg1.0/1.0_relaxed_ortho_3_A27F_A31T_A34R_A36M_B54K_B57A_A73V_rep4.pdb
[DEBUG] Output file: /scratch4/jgray21/zhuggan1/projects/orthosystems/tryingggg/pos_neg_design/OrthoMPNN/Rosetta/output_pdbs/pmpnn_ortho/neg1.0/1.0_relaxed_ortho_3_A27F_A31T_A34R_A36M_B54K_B57A_A73V_rep5.pdb
[DEBUG] Creating jobs for bundle: [('A 27', 'N'), ('A 31', 'S'), ('A 34', 'H'), ('A 36', 'G'), ('B 54', 'H'), ('B 57', 'Q'), ('A 73', 'C')]
[DEBUG] Output file: /scratch4/jgray21/zhuggan1/projects/orthosystems/tryingggg/pos_neg_design/OrthoMPNN/Rosetta/output_pdbs/pmpnn_ortho/neg1.0/1.0_relaxed_ortho_3_A27N_A31S_A34H_A36G_B54H_B57Q_A73C_rep1.pdb
[DEBUG] Output file: /scratch4/jgray21/zhuggan1/projects/orthosystems/tryingggg/pos_neg_design/OrthoMPNN/Rosetta/output_pdbs/pmpnn_ortho/neg1.0/1.0_relaxed_ortho_3_A27N_A31S_A34H_A36G_B54H_B57Q_A73C_rep2.pdb
[DEBUG] Output file: /scratch4/jgray21/zhuggan1/projects/orthosystems/tryingggg/pos_neg_design/OrthoMPNN/Rosetta/output_pdbs/pmpnn_ortho/neg1.0/1.0_relaxed_ortho_3_A27N_A31S_A34H_A36G_B54H_B57Q_A73C_rep3.pdb
[DEBUG] Output file: /scratch4/jgray21/zhuggan1/projects/orthosystems/tryingggg/pos_neg_design/OrthoMPNN/Rosetta/output_pdbs/pmpnn_ortho/neg1.0/1.0_relaxed_ortho_3_A27N_A31S_A34H_A36G_B54H_B57Q_A73C_rep4.pdb
[DEBUG] Output file: /scratch4/jgray21/zhuggan1/projects/orthosystems/tryingggg/pos_neg_design/OrthoMPNN/Rosetta/output_pdbs/pmpnn_ortho/neg1.0/1.0_relaxed_ortho_3_A27N_A31S_A34H_A36G_B54H_B57Q_A73C_rep5.pdb
[DEBUG] Creating jobs for bundle: [('A 27', 'Y'), ('A 31', 'A'), ('A 34', 'E'), ('A 36', 'I'), ('B 54', 'F'), ('B 57', 'D')]
[DEBUG] Output file: /scratch4/jgray21/zhuggan1/projects/orthosystems/tryingggg/pos_neg_design/OrthoMPNN/Rosetta/output_pdbs/pmpnn_ortho/neg1.0/1.0_relaxed_ortho_3_A27Y_A31A_A34E_A36I_B54F_B57D_rep1.pdb
[DEBUG] Output file: /scratch4/jgray21/zhuggan1/projects/orthosystems/tryingggg/pos_neg_design/OrthoMPNN/Rosetta/output_pdbs/pmpnn_ortho/neg1.0/1.0_relaxed_ortho_3_A27Y_A31A_A34E_A36I_B54F_B57D_rep2.pdb
[DEBUG] Output file: /scratch4/jgray21/zhuggan1/projects/orthosystems/tryingggg/pos_neg_design/OrthoMPNN/Rosetta/output_pdbs/pmpnn_ortho/neg1.0/1.0_relaxed_ortho_3_A27Y_A31A_A34E_A36I_B54F_B57D_rep3.pdb
[DEBUG] Output file: /scratch4/jgray21/zhuggan1/projects/orthosystems/tryingggg/pos_neg_design/OrthoMPNN/Rosetta/output_pdbs/pmpnn_ortho/neg1.0/1.0_relaxed_ortho_3_A27Y_A31A_A34E_A36I_B54F_B57D_rep4.pdb
[DEBUG] Output file: /scratch4/jgray21/zhuggan1/projects/orthosystems/tryingggg/pos_neg_design/OrthoMPNN/Rosetta/output_pdbs/pmpnn_ortho/neg1.0/1.0_relaxed_ortho_3_A27Y_A31A_A34E_A36I_B54F_B57D_rep5.pdb
[DEBUG] Creating jobs for bundle: [('A 27', 'K'), ('A 31', 'C'), ('A 34', 'W'), ('A 36', 'P'), ('B 54', 'M'), ('B 57', 'F'), ('A 73', 'Y')]
[DEBUG] Output file: /scratch4/jgray21/zhuggan1/projects/orthosystems/tryingggg/pos_neg_design/OrthoMPNN/Rosetta/output_pdbs/pmpnn_ortho/neg1.0/1.0_relaxed_ortho_3_A27K_A31C_A34W_A36P_B54M_B57F_A73Y_rep1.pdb
[DEBUG] Output file: /scratch4/jgray21/zhuggan1/projects/orthosystems/tryingggg/pos_neg_design/OrthoMPNN/Rosetta/output_pdbs/pmpnn_ortho/neg1.0/1.0_relaxed_ortho_3_A27K_A31C_A34W_A36P_B54M_B57F_A73Y_rep2.pdb
[DEBUG] Output file: /scratch4/jgray21/zhuggan1/projects/orthosystems/tryingggg/pos_neg_design/OrthoMPNN/Rosetta/output_pdbs/pmpnn_ortho/neg1.0/1.0_relaxed_ortho_3_A27K_A31C_A34W_A36P_B54M_B57F_A73Y_rep3.pdb
[DEBUG] Output file: /scratch4/jgray21/zhuggan1/projects/orthosystems/tryingggg/pos_neg_design/OrthoMPNN/Rosetta/output_pdbs/pmpnn_ortho/neg1.0/1.0_relaxed_ortho_3_A27K_A31C_A34W_A36P_B54M_B57F_A73Y_rep4.pdb
[DEBUG] Output file: /scratch4/jgray21/zhuggan1/projects/orthosystems/tryingggg/pos_neg_design/OrthoMPNN/Rosetta/output_pdbs/pmpnn_ortho/neg1.0/1.0_relaxed_ortho_3_A27K_A31C_A34W_A36P_B54M_B57F_A73Y_rep5.pdb
[DEBUG] Creating jobs for bundle: [('A 27', 'E'), ('A 31', 'E'), ('A 34', 'Y'), ('A 36', 'A'), ('B 54', 'R'), ('B 57', 'S'), ('A 73', 'V')]
[DEBUG] Output file: /scratch4/jgray21/zhuggan1/projects/orthosystems/tryingggg/pos_neg_design/OrthoMPNN/Rosetta/output_pdbs/pmpnn_ortho/neg1.0/1.0_relaxed_ortho_3_A27E_A31E_A34Y_A36A_B54R_B57S_A73V_rep1.pdb
[DEBUG] Output file: /scratch4/jgray21/zhuggan1/projects/orthosystems/tryingggg/pos_neg_design/OrthoMPNN/Rosetta/output_pdbs/pmpnn_ortho/neg1.0/1.0_relaxed_ortho_3_A27E_A31E_A34Y_A36A_B54R_B57S_A73V_rep2.pdb
[DEBUG] Output file: /scratch4/jgray21/zhuggan1/projects/orthosystems/tryingggg/pos_neg_design/OrthoMPNN/Rosetta/output_pdbs/pmpnn_ortho/neg1.0/1.0_relaxed_ortho_3_A27E_A31E_A34Y_A36A_B54R_B57S_A73V_rep3.pdb
[DEBUG] Output file: /scratch4/jgray21/zhuggan1/projects/orthosystems/tryingggg/pos_neg_design/OrthoMPNN/Rosetta/output_pdbs/pmpnn_ortho/neg1.0/1.0_relaxed_ortho_3_A27E_A31E_A34Y_A36A_B54R_B57S_A73V_rep4.pdb
[DEBUG] Output file: /scratch4/jgray21/zhuggan1/projects/orthosystems/tryingggg/pos_neg_design/OrthoMPNN/Rosetta/output_pdbs/pmpnn_ortho/neg1.0/1.0_relaxed_ortho_3_A27E_A31E_A34Y_A36A_B54R_B57S_A73V_rep5.pdb
[DEBUG] Creating jobs for bundle: [('A 27', 'A'), ('A 31', 'H'), ('A 34', 'P'), ('A 36', 'G'), ('B 54', 'T'), ('B 57', 'T'), ('A 73', 'I')]
[DEBUG] Output file: /scratch4/jgray21/zhuggan1/projects/orthosystems/tryingggg/pos_neg_design/OrthoMPNN/Rosetta/output_pdbs/pmpnn_ortho/neg1.0/1.0_relaxed_ortho_3_A27A_A31H_A34P_A36G_B54T_B57T_A73I_rep1.pdb
[DEBUG] Output file: /scratch4/jgray21/zhuggan1/projects/orthosystems/tryingggg/pos_neg_design/OrthoMPNN/Rosetta/output_pdbs/pmpnn_ortho/neg1.0/1.0_relaxed_ortho_3_A27A_A31H_A34P_A36G_B54T_B57T_A73I_rep2.pdb
[DEBUG] Output file: /scratch4/jgray21/zhuggan1/projects/orthosystems/tryingggg/pos_neg_design/OrthoMPNN/Rosetta/output_pdbs/pmpnn_ortho/neg1.0/1.0_relaxed_ortho_3_A27A_A31H_A34P_A36G_B54T_B57T_A73I_rep3.pdb
[DEBUG] Output file: /scratch4/jgray21/zhuggan1/projects/orthosystems/tryingggg/pos_neg_design/OrthoMPNN/Rosetta/output_pdbs/pmpnn_ortho/neg1.0/1.0_relaxed_ortho_3_A27A_A31H_A34P_A36G_B54T_B57T_A73I_rep4.pdb
[DEBUG] Output file: /scratch4/jgray21/zhuggan1/projects/orthosystems/tryingggg/pos_neg_design/OrthoMPNN/Rosetta/output_pdbs/pmpnn_ortho/neg1.0/1.0_relaxed_ortho_3_A27A_A31H_A34P_A36G_B54T_B57T_A73I_rep5.pdb
[DEBUG] Creating jobs for bundle: [('A 27', 'V'), ('A 31', 'I'), ('A 36', 'Y'), ('B 54', 'S'), ('B 57', 'E'), ('A 73', 'S')]
[DEBUG] Output file: /scratch4/jgray21/zhuggan1/projects/orthosystems/tryingggg/pos_neg_design/OrthoMPNN/Rosetta/output_pdbs/pmpnn_ortho/neg1.0/1.0_relaxed_ortho_3_A27V_A31I_A36Y_B54S_B57E_A73S_rep1.pdb
[DEBUG] Output file: /scratch4/jgray21/zhuggan1/projects/orthosystems/tryingggg/pos_neg_design/OrthoMPNN/Rosetta/output_pdbs/pmpnn_ortho/neg1.0/1.0_relaxed_ortho_3_A27V_A31I_A36Y_B54S_B57E_A73S_rep2.pdb
[DEBUG] Output file: /scratch4/jgray21/zhuggan1/projects/orthosystems/tryingggg/pos_neg_design/OrthoMPNN/Rosetta/output_pdbs/pmpnn_ortho/neg1.0/1.0_relaxed_ortho_3_A27V_A31I_A36Y_B54S_B57E_A73S_rep3.pdb
[DEBUG] Output file: /scratch4/jgray21/zhuggan1/projects/orthosystems/tryingggg/pos_neg_design/OrthoMPNN/Rosetta/output_pdbs/pmpnn_ortho/neg1.0/1.0_relaxed_ortho_3_A27V_A31I_A36Y_B54S_B57E_A73S_rep4.pdb
[DEBUG] Output file: /scratch4/jgray21/zhuggan1/projects/orthosystems/tryingggg/pos_neg_design/OrthoMPNN/Rosetta/output_pdbs/pmpnn_ortho/neg1.0/1.0_relaxed_ortho_3_A27V_A31I_A36Y_B54S_B57E_A73S_rep5.pdb
[DEBUG] Creating jobs for bundle: [('A 27', 'C'), ('A 31', 'A'), ('A 34', 'I'), ('B 54', 'H'), ('B 57', 'T'), ('A 73', 'S')]
[DEBUG] Output file: /scratch4/jgray21/zhuggan1/projects/orthosystems/tryingggg/pos_neg_design/OrthoMPNN/Rosetta/output_pdbs/pmpnn_ortho/neg1.0/1.0_relaxed_ortho_3_A27C_A31A_A34I_B54H_B57T_A73S_rep1.pdb
[DEBUG] Output file: /scratch4/jgray21/zhuggan1/projects/orthosystems/tryingggg/pos_neg_design/OrthoMPNN/Rosetta/output_pdbs/pmpnn_ortho/neg1.0/1.0_relaxed_ortho_3_A27C_A31A_A34I_B54H_B57T_A73S_rep2.pdb
[DEBUG] Output file: /scratch4/jgray21/zhuggan1/projects/orthosystems/tryingggg/pos_neg_design/OrthoMPNN/Rosetta/output_pdbs/pmpnn_ortho/neg1.0/1.0_relaxed_ortho_3_A27C_A31A_A34I_B54H_B57T_A73S_rep3.pdb
[DEBUG] Output file: /scratch4/jgray21/zhuggan1/projects/orthosystems/tryingggg/pos_neg_design/OrthoMPNN/Rosetta/output_pdbs/pmpnn_ortho/neg1.0/1.0_relaxed_ortho_3_A27C_A31A_A34I_B54H_B57T_A73S_rep4.pdb
[DEBUG] Output file: /scratch4/jgray21/zhuggan1/projects/orthosystems/tryingggg/pos_neg_design/OrthoMPNN/Rosetta/output_pdbs/pmpnn_ortho/neg1.0/1.0_relaxed_ortho_3_A27C_A31A_A34I_B54H_B57T_A73S_rep5.pdb
[DEBUG] Creating jobs for bundle: [('A 27', 'L'), ('A 31', 'Y'), ('A 34', 'S'), ('A 36', 'V'), ('B 54', 'V'), ('B 57', 'V'), ('A 73', 'F')]
[DEBUG] Output file: /scratch4/jgray21/zhuggan1/projects/orthosystems/tryingggg/pos_neg_design/OrthoMPNN/Rosetta/output_pdbs/pmpnn_ortho/neg1.0/1.0_relaxed_ortho_3_A27L_A31Y_A34S_A36V_B54V_B57V_A73F_rep1.pdb
[DEBUG] Output file: /scratch4/jgray21/zhuggan1/projects/orthosystems/tryingggg/pos_neg_design/OrthoMPNN/Rosetta/output_pdbs/pmpnn_ortho/neg1.0/1.0_relaxed_ortho_3_A27L_A31Y_A34S_A36V_B54V_B57V_A73F_rep2.pdb
[DEBUG] Output file: /scratch4/jgray21/zhuggan1/projects/orthosystems/tryingggg/pos_neg_design/OrthoMPNN/Rosetta/output_pdbs/pmpnn_ortho/neg1.0/1.0_relaxed_ortho_3_A27L_A31Y_A34S_A36V_B54V_B57V_A73F_rep3.pdb
[DEBUG] Output file: /scratch4/jgray21/zhuggan1/projects/orthosystems/tryingggg/pos_neg_design/OrthoMPNN/Rosetta/output_pdbs/pmpnn_ortho/neg1.0/1.0_relaxed_ortho_3_A27L_A31Y_A34S_A36V_B54V_B57V_A73F_rep4.pdb
[DEBUG] Output file: /scratch4/jgray21/zhuggan1/projects/orthosystems/tryingggg/pos_neg_design/OrthoMPNN/Rosetta/output_pdbs/pmpnn_ortho/neg1.0/1.0_relaxed_ortho_3_A27L_A31Y_A34S_A36V_B54V_B57V_A73F_rep5.pdb
[DEBUG] Creating jobs for bundle: [('A 27', 'W'), ('A 31', 'T'), ('A 34', 'D'), ('A 36', 'T'), ('B 57', 'Q'), ('A 73', 'W')]
[DEBUG] Output file: /scratch4/jgray21/zhuggan1/projects/orthosystems/tryingggg/pos_neg_design/OrthoMPNN/Rosetta/output_pdbs/pmpnn_ortho/neg1.0/1.0_relaxed_ortho_3_A27W_A31T_A34D_A36T_B57Q_A73W_rep1.pdb
[DEBUG] Output file: /scratch4/jgray21/zhuggan1/projects/orthosystems/tryingggg/pos_neg_design/OrthoMPNN/Rosetta/output_pdbs/pmpnn_ortho/neg1.0/1.0_relaxed_ortho_3_A27W_A31T_A34D_A36T_B57Q_A73W_rep2.pdb
[DEBUG] Output file: /scratch4/jgray21/zhuggan1/projects/orthosystems/tryingggg/pos_neg_design/OrthoMPNN/Rosetta/output_pdbs/pmpnn_ortho/neg1.0/1.0_relaxed_ortho_3_A27W_A31T_A34D_A36T_B57Q_A73W_rep3.pdb
[DEBUG] Output file: /scratch4/jgray21/zhuggan1/projects/orthosystems/tryingggg/pos_neg_design/OrthoMPNN/Rosetta/output_pdbs/pmpnn_ortho/neg1.0/1.0_relaxed_ortho_3_A27W_A31T_A34D_A36T_B57Q_A73W_rep4.pdb
[DEBUG] Output file: /scratch4/jgray21/zhuggan1/projects/orthosystems/tryingggg/pos_neg_design/OrthoMPNN/Rosetta/output_pdbs/pmpnn_ortho/neg1.0/1.0_relaxed_ortho_3_A27W_A31T_A34D_A36T_B57Q_A73W_rep5.pdb
[DEBUG] Creating jobs for bundle: [('A 31', 'M'), ('A 34', 'D'), ('A 36', 'W'), ('B 54', 'S'), ('B 57', 'M'), ('A 73', 'S')]
[DEBUG] Output file: /scratch4/jgray21/zhuggan1/projects/orthosystems/tryingggg/pos_neg_design/OrthoMPNN/Rosetta/output_pdbs/pmpnn_ortho/neg1.0/1.0_relaxed_ortho_3_A31M_A34D_A36W_B54S_B57M_A73S_rep1.pdb
[DEBUG] Output file: /scratch4/jgray21/zhuggan1/projects/orthosystems/tryingggg/pos_neg_design/OrthoMPNN/Rosetta/output_pdbs/pmpnn_ortho/neg1.0/1.0_relaxed_ortho_3_A31M_A34D_A36W_B54S_B57M_A73S_rep2.pdb
[DEBUG] Output file: /scratch4/jgray21/zhuggan1/projects/orthosystems/tryingggg/pos_neg_design/OrthoMPNN/Rosetta/output_pdbs/pmpnn_ortho/neg1.0/1.0_relaxed_ortho_3_A31M_A34D_A36W_B54S_B57M_A73S_rep3.pdb
[DEBUG] Output file: /scratch4/jgray21/zhuggan1/projects/orthosystems/tryingggg/pos_neg_design/OrthoMPNN/Rosetta/output_pdbs/pmpnn_ortho/neg1.0/1.0_relaxed_ortho_3_A31M_A34D_A36W_B54S_B57M_A73S_rep4.pdb
[DEBUG] Output file: /scratch4/jgray21/zhuggan1/projects/orthosystems/tryingggg/pos_neg_design/OrthoMPNN/Rosetta/output_pdbs/pmpnn_ortho/neg1.0/1.0_relaxed_ortho_3_A31M_A34D_A36W_B54S_B57M_A73S_rep5.pdb
[DEBUG] Creating jobs for bundle: [('A 27', 'H'), ('A 31', 'S'), ('A 34', 'V'), ('A 36', 'H'), ('B 54', 'M'), ('B 57', 'I'), ('A 73', 'L')]
[DEBUG] Output file: /scratch4/jgray21/zhuggan1/projects/orthosystems/tryingggg/pos_neg_design/OrthoMPNN/Rosetta/output_pdbs/pmpnn_ortho/neg1.0/1.0_relaxed_ortho_3_A27H_A31S_A34V_A36H_B54M_B57I_A73L_rep1.pdb
[DEBUG] Output file: /scratch4/jgray21/zhuggan1/projects/orthosystems/tryingggg/pos_neg_design/OrthoMPNN/Rosetta/output_pdbs/pmpnn_ortho/neg1.0/1.0_relaxed_ortho_3_A27H_A31S_A34V_A36H_B54M_B57I_A73L_rep2.pdb
[DEBUG] Output file: /scratch4/jgray21/zhuggan1/projects/orthosystems/tryingggg/pos_neg_design/OrthoMPNN/Rosetta/output_pdbs/pmpnn_ortho/neg1.0/1.0_relaxed_ortho_3_A27H_A31S_A34V_A36H_B54M_B57I_A73L_rep3.pdb
[DEBUG] Output file: /scratch4/jgray21/zhuggan1/projects/orthosystems/tryingggg/pos_neg_design/OrthoMPNN/Rosetta/output_pdbs/pmpnn_ortho/neg1.0/1.0_relaxed_ortho_3_A27H_A31S_A34V_A36H_B54M_B57I_A73L_rep4.pdb
[DEBUG] Output file: /scratch4/jgray21/zhuggan1/projects/orthosystems/tryingggg/pos_neg_design/OrthoMPNN/Rosetta/output_pdbs/pmpnn_ortho/neg1.0/1.0_relaxed_ortho_3_A27H_A31S_A34V_A36H_B54M_B57I_A73L_rep5.pdb
[DEBUG] Creating jobs for bundle: [('A 31', 'V'), ('A 34', 'A'), ('A 36', 'R'), ('B 54', 'Q'), ('B 57', 'Y'), ('A 73', 'P')]
[DEBUG] Output file: /scratch4/jgray21/zhuggan1/projects/orthosystems/tryingggg/pos_neg_design/OrthoMPNN/Rosetta/output_pdbs/pmpnn_ortho/neg1.0/1.0_relaxed_ortho_3_A31V_A34A_A36R_B54Q_B57Y_A73P_rep1.pdb
[DEBUG] Output file: /scratch4/jgray21/zhuggan1/projects/orthosystems/tryingggg/pos_neg_design/OrthoMPNN/Rosetta/output_pdbs/pmpnn_ortho/neg1.0/1.0_relaxed_ortho_3_A31V_A34A_A36R_B54Q_B57Y_A73P_rep2.pdb
[DEBUG] Output file: /scratch4/jgray21/zhuggan1/projects/orthosystems/tryingggg/pos_neg_design/OrthoMPNN/Rosetta/output_pdbs/pmpnn_ortho/neg1.0/1.0_relaxed_ortho_3_A31V_A34A_A36R_B54Q_B57Y_A73P_rep3.pdb
[DEBUG] Output file: /scratch4/jgray21/zhuggan1/projects/orthosystems/tryingggg/pos_neg_design/OrthoMPNN/Rosetta/output_pdbs/pmpnn_ortho/neg1.0/1.0_relaxed_ortho_3_A31V_A34A_A36R_B54Q_B57Y_A73P_rep4.pdb
[DEBUG] Output file: /scratch4/jgray21/zhuggan1/projects/orthosystems/tryingggg/pos_neg_design/OrthoMPNN/Rosetta/output_pdbs/pmpnn_ortho/neg1.0/1.0_relaxed_ortho_3_A31V_A34A_A36R_B54Q_B57Y_A73P_rep5.pdb
[DEBUG] Creating jobs for bundle: [('A 27', 'E'), ('A 31', 'Q'), ('A 34', 'G'), ('A 36', 'Q'), ('B 54', 'E'), ('B 57', 'M'), ('A 73', 'A')]
[DEBUG] Output file: /scratch4/jgray21/zhuggan1/projects/orthosystems/tryingggg/pos_neg_design/OrthoMPNN/Rosetta/output_pdbs/pmpnn_ortho/neg1.0/1.0_relaxed_ortho_3_A27E_A31Q_A34G_A36Q_B54E_B57M_A73A_rep1.pdb
[DEBUG] Output file: /scratch4/jgray21/zhuggan1/projects/orthosystems/tryingggg/pos_neg_design/OrthoMPNN/Rosetta/output_pdbs/pmpnn_ortho/neg1.0/1.0_relaxed_ortho_3_A27E_A31Q_A34G_A36Q_B54E_B57M_A73A_rep2.pdb
[DEBUG] Output file: /scratch4/jgray21/zhuggan1/projects/orthosystems/tryingggg/pos_neg_design/OrthoMPNN/Rosetta/output_pdbs/pmpnn_ortho/neg1.0/1.0_relaxed_ortho_3_A27E_A31Q_A34G_A36Q_B54E_B57M_A73A_rep3.pdb
[DEBUG] Output file: /scratch4/jgray21/zhuggan1/projects/orthosystems/tryingggg/pos_neg_design/OrthoMPNN/Rosetta/output_pdbs/pmpnn_ortho/neg1.0/1.0_relaxed_ortho_3_A27E_A31Q_A34G_A36Q_B54E_B57M_A73A_rep4.pdb
[DEBUG] Output file: /scratch4/jgray21/zhuggan1/projects/orthosystems/tryingggg/pos_neg_design/OrthoMPNN/Rosetta/output_pdbs/pmpnn_ortho/neg1.0/1.0_relaxed_ortho_3_A27E_A31Q_A34G_A36Q_B54E_B57M_A73A_rep5.pdb
[DEBUG] Creating jobs for bundle: [('A 27', 'S'), ('A 31', 'Y'), ('A 34', 'Y'), ('A 36', 'M'), ('B 54', 'P'), ('B 57', 'I'), ('A 73', 'T')]
[DEBUG] Output file: /scratch4/jgray21/zhuggan1/projects/orthosystems/tryingggg/pos_neg_design/OrthoMPNN/Rosetta/output_pdbs/pmpnn_ortho/neg1.0/1.0_relaxed_ortho_3_A27S_A31Y_A34Y_A36M_B54P_B57I_A73T_rep1.pdb
[DEBUG] Output file: /scratch4/jgray21/zhuggan1/projects/orthosystems/tryingggg/pos_neg_design/OrthoMPNN/Rosetta/output_pdbs/pmpnn_ortho/neg1.0/1.0_relaxed_ortho_3_A27S_A31Y_A34Y_A36M_B54P_B57I_A73T_rep2.pdb
[DEBUG] Output file: /scratch4/jgray21/zhuggan1/projects/orthosystems/tryingggg/pos_neg_design/OrthoMPNN/Rosetta/output_pdbs/pmpnn_ortho/neg1.0/1.0_relaxed_ortho_3_A27S_A31Y_A34Y_A36M_B54P_B57I_A73T_rep3.pdb
[DEBUG] Output file: /scratch4/jgray21/zhuggan1/projects/orthosystems/tryingggg/pos_neg_design/OrthoMPNN/Rosetta/output_pdbs/pmpnn_ortho/neg1.0/1.0_relaxed_ortho_3_A27S_A31Y_A34Y_A36M_B54P_B57I_A73T_rep4.pdb
[DEBUG] Output file: /scratch4/jgray21/zhuggan1/projects/orthosystems/tryingggg/pos_neg_design/OrthoMPNN/Rosetta/output_pdbs/pmpnn_ortho/neg1.0/1.0_relaxed_ortho_3_A27S_A31Y_A34Y_A36M_B54P_B57I_A73T_rep5.pdb
[DEBUG] Creating jobs for bundle: [('A 31', 'A'), ('A 34', 'K'), ('A 36', 'Y'), ('B 54', 'D'), ('B 57', 'W'), ('A 73', 'N')]
[DEBUG] Output file: /scratch4/jgray21/zhuggan1/projects/orthosystems/tryingggg/pos_neg_design/OrthoMPNN/Rosetta/output_pdbs/pmpnn_ortho/neg1.0/1.0_relaxed_ortho_3_A31A_A34K_A36Y_B54D_B57W_A73N_rep1.pdb
[DEBUG] Output file: /scratch4/jgray21/zhuggan1/projects/orthosystems/tryingggg/pos_neg_design/OrthoMPNN/Rosetta/output_pdbs/pmpnn_ortho/neg1.0/1.0_relaxed_ortho_3_A31A_A34K_A36Y_B54D_B57W_A73N_rep2.pdb
[DEBUG] Output file: /scratch4/jgray21/zhuggan1/projects/orthosystems/tryingggg/pos_neg_design/OrthoMPNN/Rosetta/output_pdbs/pmpnn_ortho/neg1.0/1.0_relaxed_ortho_3_A31A_A34K_A36Y_B54D_B57W_A73N_rep3.pdb
[DEBUG] Output file: /scratch4/jgray21/zhuggan1/projects/orthosystems/tryingggg/pos_neg_design/OrthoMPNN/Rosetta/output_pdbs/pmpnn_ortho/neg1.0/1.0_relaxed_ortho_3_A31A_A34K_A36Y_B54D_B57W_A73N_rep4.pdb
[DEBUG] Output file: /scratch4/jgray21/zhuggan1/projects/orthosystems/tryingggg/pos_neg_design/OrthoMPNN/Rosetta/output_pdbs/pmpnn_ortho/neg1.0/1.0_relaxed_ortho_3_A31A_A34K_A36Y_B54D_B57W_A73N_rep5.pdb
[DEBUG] Creating jobs for bundle: [('A 27', 'D'), ('A 31', 'N'), ('A 34', 'H'), ('B 54', 'K'), ('B 57', 'H')]
[DEBUG] Output file: /scratch4/jgray21/zhuggan1/projects/orthosystems/tryingggg/pos_neg_design/OrthoMPNN/Rosetta/output_pdbs/pmpnn_ortho/neg1.0/1.0_relaxed_ortho_3_A27D_A31N_A34H_B54K_B57H_rep1.pdb
[DEBUG] Output file: /scratch4/jgray21/zhuggan1/projects/orthosystems/tryingggg/pos_neg_design/OrthoMPNN/Rosetta/output_pdbs/pmpnn_ortho/neg1.0/1.0_relaxed_ortho_3_A27D_A31N_A34H_B54K_B57H_rep2.pdb
[DEBUG] Output file: /scratch4/jgray21/zhuggan1/projects/orthosystems/tryingggg/pos_neg_design/OrthoMPNN/Rosetta/output_pdbs/pmpnn_ortho/neg1.0/1.0_relaxed_ortho_3_A27D_A31N_A34H_B54K_B57H_rep3.pdb
[DEBUG] Output file: /scratch4/jgray21/zhuggan1/projects/orthosystems/tryingggg/pos_neg_design/OrthoMPNN/Rosetta/output_pdbs/pmpnn_ortho/neg1.0/1.0_relaxed_ortho_3_A27D_A31N_A34H_B54K_B57H_rep4.pdb
[DEBUG] Output file: /scratch4/jgray21/zhuggan1/projects/orthosystems/tryingggg/pos_neg_design/OrthoMPNN/Rosetta/output_pdbs/pmpnn_ortho/neg1.0/1.0_relaxed_ortho_3_A27D_A31N_A34H_B54K_B57H_rep5.pdb
[DEBUG] Creating jobs for bundle: [('A 27', 'H'), ('A 31', 'L'), ('A 34', 'S'), ('A 36', 'K'), ('B 54', 'C'), ('B 57', 'I'), ('A 73', 'L')]
[DEBUG] Output file: /scratch4/jgray21/zhuggan1/projects/orthosystems/tryingggg/pos_neg_design/OrthoMPNN/Rosetta/output_pdbs/pmpnn_ortho/neg1.0/1.0_relaxed_ortho_3_A27H_A31L_A34S_A36K_B54C_B57I_A73L_rep1.pdb
[DEBUG] Output file: /scratch4/jgray21/zhuggan1/projects/orthosystems/tryingggg/pos_neg_design/OrthoMPNN/Rosetta/output_pdbs/pmpnn_ortho/neg1.0/1.0_relaxed_ortho_3_A27H_A31L_A34S_A36K_B54C_B57I_A73L_rep2.pdb
[DEBUG] Output file: /scratch4/jgray21/zhuggan1/projects/orthosystems/tryingggg/pos_neg_design/OrthoMPNN/Rosetta/output_pdbs/pmpnn_ortho/neg1.0/1.0_relaxed_ortho_3_A27H_A31L_A34S_A36K_B54C_B57I_A73L_rep3.pdb
[DEBUG] Output file: /scratch4/jgray21/zhuggan1/projects/orthosystems/tryingggg/pos_neg_design/OrthoMPNN/Rosetta/output_pdbs/pmpnn_ortho/neg1.0/1.0_relaxed_ortho_3_A27H_A31L_A34S_A36K_B54C_B57I_A73L_rep4.pdb
[DEBUG] Output file: /scratch4/jgray21/zhuggan1/projects/orthosystems/tryingggg/pos_neg_design/OrthoMPNN/Rosetta/output_pdbs/pmpnn_ortho/neg1.0/1.0_relaxed_ortho_3_A27H_A31L_A34S_A36K_B54C_B57I_A73L_rep5.pdb
[DEBUG] Creating jobs for bundle: [('A 27', 'A'), ('A 31', 'T'), ('A 34', 'S'), ('A 36', 'Y'), ('B 54', 'I'), ('B 57', 'G'), ('A 73', 'W')]
[DEBUG] Output file: /scratch4/jgray21/zhuggan1/projects/orthosystems/tryingggg/pos_neg_design/OrthoMPNN/Rosetta/output_pdbs/pmpnn_ortho/neg1.0/1.0_relaxed_ortho_3_A27A_A31T_A34S_A36Y_B54I_B57G_A73W_rep1.pdb
[DEBUG] Output file: /scratch4/jgray21/zhuggan1/projects/orthosystems/tryingggg/pos_neg_design/OrthoMPNN/Rosetta/output_pdbs/pmpnn_ortho/neg1.0/1.0_relaxed_ortho_3_A27A_A31T_A34S_A36Y_B54I_B57G_A73W_rep2.pdb
[DEBUG] Output file: /scratch4/jgray21/zhuggan1/projects/orthosystems/tryingggg/pos_neg_design/OrthoMPNN/Rosetta/output_pdbs/pmpnn_ortho/neg1.0/1.0_relaxed_ortho_3_A27A_A31T_A34S_A36Y_B54I_B57G_A73W_rep3.pdb
[DEBUG] Output file: /scratch4/jgray21/zhuggan1/projects/orthosystems/tryingggg/pos_neg_design/OrthoMPNN/Rosetta/output_pdbs/pmpnn_ortho/neg1.0/1.0_relaxed_ortho_3_A27A_A31T_A34S_A36Y_B54I_B57G_A73W_rep4.pdb
[DEBUG] Output file: /scratch4/jgray21/zhuggan1/projects/orthosystems/tryingggg/pos_neg_design/OrthoMPNN/Rosetta/output_pdbs/pmpnn_ortho/neg1.0/1.0_relaxed_ortho_3_A27A_A31T_A34S_A36Y_B54I_B57G_A73W_rep5.pdb
[DEBUG] Creating jobs for bundle: [('A 27', 'D'), ('A 31', 'P'), ('A 34', 'H'), ('A 36', 'A'), ('B 54', 'M'), ('B 57', 'E'), ('A 73', 'K')]
[DEBUG] Output file: /scratch4/jgray21/zhuggan1/projects/orthosystems/tryingggg/pos_neg_design/OrthoMPNN/Rosetta/output_pdbs/pmpnn_ortho/neg1.0/1.0_relaxed_ortho_3_A27D_A31P_A34H_A36A_B54M_B57E_A73K_rep1.pdb
[DEBUG] Output file: /scratch4/jgray21/zhuggan1/projects/orthosystems/tryingggg/pos_neg_design/OrthoMPNN/Rosetta/output_pdbs/pmpnn_ortho/neg1.0/1.0_relaxed_ortho_3_A27D_A31P_A34H_A36A_B54M_B57E_A73K_rep2.pdb
[DEBUG] Output file: /scratch4/jgray21/zhuggan1/projects/orthosystems/tryingggg/pos_neg_design/OrthoMPNN/Rosetta/output_pdbs/pmpnn_ortho/neg1.0/1.0_relaxed_ortho_3_A27D_A31P_A34H_A36A_B54M_B57E_A73K_rep3.pdb
[DEBUG] Output file: /scratch4/jgray21/zhuggan1/projects/orthosystems/tryingggg/pos_neg_design/OrthoMPNN/Rosetta/output_pdbs/pmpnn_ortho/neg1.0/1.0_relaxed_ortho_3_A27D_A31P_A34H_A36A_B54M_B57E_A73K_rep4.pdb
[DEBUG] Output file: /scratch4/jgray21/zhuggan1/projects/orthosystems/tryingggg/pos_neg_design/OrthoMPNN/Rosetta/output_pdbs/pmpnn_ortho/neg1.0/1.0_relaxed_ortho_3_A27D_A31P_A34H_A36A_B54M_B57E_A73K_rep5.pdb
[DEBUG] Creating jobs for bundle: [('A 27', 'D'), ('A 31', 'T'), ('A 34', 'R'), ('A 36', 'T'), ('B 54', 'T'), ('B 57', 'L'), ('A 73', 'N')]
[DEBUG] Output file: /scratch4/jgray21/zhuggan1/projects/orthosystems/tryingggg/pos_neg_design/OrthoMPNN/Rosetta/output_pdbs/pmpnn_ortho/neg1.0/1.0_relaxed_ortho_3_A27D_A31T_A34R_A36T_B54T_B57L_A73N_rep1.pdb
[DEBUG] Output file: /scratch4/jgray21/zhuggan1/projects/orthosystems/tryingggg/pos_neg_design/OrthoMPNN/Rosetta/output_pdbs/pmpnn_ortho/neg1.0/1.0_relaxed_ortho_3_A27D_A31T_A34R_A36T_B54T_B57L_A73N_rep2.pdb
[DEBUG] Output file: /scratch4/jgray21/zhuggan1/projects/orthosystems/tryingggg/pos_neg_design/OrthoMPNN/Rosetta/output_pdbs/pmpnn_ortho/neg1.0/1.0_relaxed_ortho_3_A27D_A31T_A34R_A36T_B54T_B57L_A73N_rep3.pdb
[DEBUG] Output file: /scratch4/jgray21/zhuggan1/projects/orthosystems/tryingggg/pos_neg_design/OrthoMPNN/Rosetta/output_pdbs/pmpnn_ortho/neg1.0/1.0_relaxed_ortho_3_A27D_A31T_A34R_A36T_B54T_B57L_A73N_rep4.pdb
[DEBUG] Output file: /scratch4/jgray21/zhuggan1/projects/orthosystems/tryingggg/pos_neg_design/OrthoMPNN/Rosetta/output_pdbs/pmpnn_ortho/neg1.0/1.0_relaxed_ortho_3_A27D_A31T_A34R_A36T_B54T_B57L_A73N_rep5.pdb
[DEBUG] Creating jobs for bundle: [('A 27', 'L'), ('A 31', 'N'), ('A 34', 'V'), ('B 54', 'P'), ('B 57', 'H'), ('A 73', 'E')]
[DEBUG] Output file: /scratch4/jgray21/zhuggan1/projects/orthosystems/tryingggg/pos_neg_design/OrthoMPNN/Rosetta/output_pdbs/pmpnn_ortho/neg1.0/1.0_relaxed_ortho_3_A27L_A31N_A34V_B54P_B57H_A73E_rep1.pdb
[DEBUG] Output file: /scratch4/jgray21/zhuggan1/projects/orthosystems/tryingggg/pos_neg_design/OrthoMPNN/Rosetta/output_pdbs/pmpnn_ortho/neg1.0/1.0_relaxed_ortho_3_A27L_A31N_A34V_B54P_B57H_A73E_rep2.pdb
[DEBUG] Output file: /scratch4/jgray21/zhuggan1/projects/orthosystems/tryingggg/pos_neg_design/OrthoMPNN/Rosetta/output_pdbs/pmpnn_ortho/neg1.0/1.0_relaxed_ortho_3_A27L_A31N_A34V_B54P_B57H_A73E_rep3.pdb
[DEBUG] Output file: /scratch4/jgray21/zhuggan1/projects/orthosystems/tryingggg/pos_neg_design/OrthoMPNN/Rosetta/output_pdbs/pmpnn_ortho/neg1.0/1.0_relaxed_ortho_3_A27L_A31N_A34V_B54P_B57H_A73E_rep4.pdb
[DEBUG] Output file: /scratch4/jgray21/zhuggan1/projects/orthosystems/tryingggg/pos_neg_design/OrthoMPNN/Rosetta/output_pdbs/pmpnn_ortho/neg1.0/1.0_relaxed_ortho_3_A27L_A31N_A34V_B54P_B57H_A73E_rep5.pdb
[DEBUG] Creating jobs for bundle: [('A 27', 'K'), ('A 31', 'A'), ('A 36', 'W'), ('B 54', 'C'), ('B 57', 'Y'), ('A 73', 'T')]
[DEBUG] Output file: /scratch4/jgray21/zhuggan1/projects/orthosystems/tryingggg/pos_neg_design/OrthoMPNN/Rosetta/output_pdbs/pmpnn_ortho/neg1.0/1.0_relaxed_ortho_3_A27K_A31A_A36W_B54C_B57Y_A73T_rep1.pdb
[DEBUG] Output file: /scratch4/jgray21/zhuggan1/projects/orthosystems/tryingggg/pos_neg_design/OrthoMPNN/Rosetta/output_pdbs/pmpnn_ortho/neg1.0/1.0_relaxed_ortho_3_A27K_A31A_A36W_B54C_B57Y_A73T_rep2.pdb
[DEBUG] Output file: /scratch4/jgray21/zhuggan1/projects/orthosystems/tryingggg/pos_neg_design/OrthoMPNN/Rosetta/output_pdbs/pmpnn_ortho/neg1.0/1.0_relaxed_ortho_3_A27K_A31A_A36W_B54C_B57Y_A73T_rep3.pdb
[DEBUG] Output file: /scratch4/jgray21/zhuggan1/projects/orthosystems/tryingggg/pos_neg_design/OrthoMPNN/Rosetta/output_pdbs/pmpnn_ortho/neg1.0/1.0_relaxed_ortho_3_A27K_A31A_A36W_B54C_B57Y_A73T_rep4.pdb
[DEBUG] Output file: /scratch4/jgray21/zhuggan1/projects/orthosystems/tryingggg/pos_neg_design/OrthoMPNN/Rosetta/output_pdbs/pmpnn_ortho/neg1.0/1.0_relaxed_ortho_3_A27K_A31A_A36W_B54C_B57Y_A73T_rep5.pdb
[DEBUG] Creating jobs for bundle: [('A 27', 'F'), ('A 31', 'H'), ('A 34', 'M'), ('A 36', 'L'), ('B 54', 'L'), ('B 57', 'K'), ('A 73', 'N')]
[DEBUG] Output file: /scratch4/jgray21/zhuggan1/projects/orthosystems/tryingggg/pos_neg_design/OrthoMPNN/Rosetta/output_pdbs/pmpnn_ortho/neg1.0/1.0_relaxed_ortho_3_A27F_A31H_A34M_A36L_B54L_B57K_A73N_rep1.pdb
[DEBUG] Output file: /scratch4/jgray21/zhuggan1/projects/orthosystems/tryingggg/pos_neg_design/OrthoMPNN/Rosetta/output_pdbs/pmpnn_ortho/neg1.0/1.0_relaxed_ortho_3_A27F_A31H_A34M_A36L_B54L_B57K_A73N_rep2.pdb
[DEBUG] Output file: /scratch4/jgray21/zhuggan1/projects/orthosystems/tryingggg/pos_neg_design/OrthoMPNN/Rosetta/output_pdbs/pmpnn_ortho/neg1.0/1.0_relaxed_ortho_3_A27F_A31H_A34M_A36L_B54L_B57K_A73N_rep3.pdb
[DEBUG] Output file: /scratch4/jgray21/zhuggan1/projects/orthosystems/tryingggg/pos_neg_design/OrthoMPNN/Rosetta/output_pdbs/pmpnn_ortho/neg1.0/1.0_relaxed_ortho_3_A27F_A31H_A34M_A36L_B54L_B57K_A73N_rep4.pdb
[DEBUG] Output file: /scratch4/jgray21/zhuggan1/projects/orthosystems/tryingggg/pos_neg_design/OrthoMPNN/Rosetta/output_pdbs/pmpnn_ortho/neg1.0/1.0_relaxed_ortho_3_A27F_A31H_A34M_A36L_B54L_B57K_A73N_rep5.pdb
[DEBUG] Creating jobs for bundle: [('A 27', 'Y'), ('A 31', 'N'), ('A 34', 'L'), ('A 36', 'Y'), ('B 57', 'S'), ('A 73', 'E')]
[DEBUG] Output file: /scratch4/jgray21/zhuggan1/projects/orthosystems/tryingggg/pos_neg_design/OrthoMPNN/Rosetta/output_pdbs/pmpnn_ortho/neg1.0/1.0_relaxed_ortho_3_A27Y_A31N_A34L_A36Y_B57S_A73E_rep1.pdb
[DEBUG] Output file: /scratch4/jgray21/zhuggan1/projects/orthosystems/tryingggg/pos_neg_design/OrthoMPNN/Rosetta/output_pdbs/pmpnn_ortho/neg1.0/1.0_relaxed_ortho_3_A27Y_A31N_A34L_A36Y_B57S_A73E_rep2.pdb
[DEBUG] Output file: /scratch4/jgray21/zhuggan1/projects/orthosystems/tryingggg/pos_neg_design/OrthoMPNN/Rosetta/output_pdbs/pmpnn_ortho/neg1.0/1.0_relaxed_ortho_3_A27Y_A31N_A34L_A36Y_B57S_A73E_rep3.pdb
[DEBUG] Output file: /scratch4/jgray21/zhuggan1/projects/orthosystems/tryingggg/pos_neg_design/OrthoMPNN/Rosetta/output_pdbs/pmpnn_ortho/neg1.0/1.0_relaxed_ortho_3_A27Y_A31N_A34L_A36Y_B57S_A73E_rep4.pdb
[DEBUG] Output file: /scratch4/jgray21/zhuggan1/projects/orthosystems/tryingggg/pos_neg_design/OrthoMPNN/Rosetta/output_pdbs/pmpnn_ortho/neg1.0/1.0_relaxed_ortho_3_A27Y_A31N_A34L_A36Y_B57S_A73E_rep5.pdb
[DEBUG] Creating jobs for bundle: [('A 27', 'Y'), ('A 31', 'H'), ('A 34', 'R'), ('A 36', 'L'), ('B 54', 'M'), ('B 57', 'D'), ('A 73', 'C')]
[DEBUG] Output file: /scratch4/jgray21/zhuggan1/projects/orthosystems/tryingggg/pos_neg_design/OrthoMPNN/Rosetta/output_pdbs/pmpnn_ortho/neg1.0/1.0_relaxed_ortho_3_A27Y_A31H_A34R_A36L_B54M_B57D_A73C_rep1.pdb
[DEBUG] Output file: /scratch4/jgray21/zhuggan1/projects/orthosystems/tryingggg/pos_neg_design/OrthoMPNN/Rosetta/output_pdbs/pmpnn_ortho/neg1.0/1.0_relaxed_ortho_3_A27Y_A31H_A34R_A36L_B54M_B57D_A73C_rep2.pdb
[DEBUG] Output file: /scratch4/jgray21/zhuggan1/projects/orthosystems/tryingggg/pos_neg_design/OrthoMPNN/Rosetta/output_pdbs/pmpnn_ortho/neg1.0/1.0_relaxed_ortho_3_A27Y_A31H_A34R_A36L_B54M_B57D_A73C_rep3.pdb
[DEBUG] Output file: /scratch4/jgray21/zhuggan1/projects/orthosystems/tryingggg/pos_neg_design/OrthoMPNN/Rosetta/output_pdbs/pmpnn_ortho/neg1.0/1.0_relaxed_ortho_3_A27Y_A31H_A34R_A36L_B54M_B57D_A73C_rep4.pdb
[DEBUG] Output file: /scratch4/jgray21/zhuggan1/projects/orthosystems/tryingggg/pos_neg_design/OrthoMPNN/Rosetta/output_pdbs/pmpnn_ortho/neg1.0/1.0_relaxed_ortho_3_A27Y_A31H_A34R_A36L_B54M_B57D_A73C_rep5.pdb
[DEBUG] Creating jobs for bundle: [('A 27', 'L'), ('A 31', 'E'), ('A 34', 'M'), ('B 54', 'T'), ('B 57', 'S'), ('A 73', 'Q')]
[DEBUG] Output file: /scratch4/jgray21/zhuggan1/projects/orthosystems/tryingggg/pos_neg_design/OrthoMPNN/Rosetta/output_pdbs/pmpnn_ortho/neg1.0/1.0_relaxed_ortho_3_A27L_A31E_A34M_B54T_B57S_A73Q_rep1.pdb
[DEBUG] Output file: /scratch4/jgray21/zhuggan1/projects/orthosystems/tryingggg/pos_neg_design/OrthoMPNN/Rosetta/output_pdbs/pmpnn_ortho/neg1.0/1.0_relaxed_ortho_3_A27L_A31E_A34M_B54T_B57S_A73Q_rep2.pdb
[DEBUG] Output file: /scratch4/jgray21/zhuggan1/projects/orthosystems/tryingggg/pos_neg_design/OrthoMPNN/Rosetta/output_pdbs/pmpnn_ortho/neg1.0/1.0_relaxed_ortho_3_A27L_A31E_A34M_B54T_B57S_A73Q_rep3.pdb
[DEBUG] Output file: /scratch4/jgray21/zhuggan1/projects/orthosystems/tryingggg/pos_neg_design/OrthoMPNN/Rosetta/output_pdbs/pmpnn_ortho/neg1.0/1.0_relaxed_ortho_3_A27L_A31E_A34M_B54T_B57S_A73Q_rep4.pdb
[DEBUG] Output file: /scratch4/jgray21/zhuggan1/projects/orthosystems/tryingggg/pos_neg_design/OrthoMPNN/Rosetta/output_pdbs/pmpnn_ortho/neg1.0/1.0_relaxed_ortho_3_A27L_A31E_A34M_B54T_B57S_A73Q_rep5.pdb
[DEBUG] Creating jobs for bundle: [('A 27', 'W'), ('A 31', 'N'), ('A 34', 'G'), ('A 36', 'L'), ('B 54', 'R'), ('B 57', 'Y'), ('A 73', 'Q')]
[DEBUG] Output file: /scratch4/jgray21/zhuggan1/projects/orthosystems/tryingggg/pos_neg_design/OrthoMPNN/Rosetta/output_pdbs/pmpnn_ortho/neg1.0/1.0_relaxed_ortho_3_A27W_A31N_A34G_A36L_B54R_B57Y_A73Q_rep1.pdb
[DEBUG] Output file: /scratch4/jgray21/zhuggan1/projects/orthosystems/tryingggg/pos_neg_design/OrthoMPNN/Rosetta/output_pdbs/pmpnn_ortho/neg1.0/1.0_relaxed_ortho_3_A27W_A31N_A34G_A36L_B54R_B57Y_A73Q_rep2.pdb
[DEBUG] Output file: /scratch4/jgray21/zhuggan1/projects/orthosystems/tryingggg/pos_neg_design/OrthoMPNN/Rosetta/output_pdbs/pmpnn_ortho/neg1.0/1.0_relaxed_ortho_3_A27W_A31N_A34G_A36L_B54R_B57Y_A73Q_rep3.pdb
[DEBUG] Output file: /scratch4/jgray21/zhuggan1/projects/orthosystems/tryingggg/pos_neg_design/OrthoMPNN/Rosetta/output_pdbs/pmpnn_ortho/neg1.0/1.0_relaxed_ortho_3_A27W_A31N_A34G_A36L_B54R_B57Y_A73Q_rep4.pdb
[DEBUG] Output file: /scratch4/jgray21/zhuggan1/projects/orthosystems/tryingggg/pos_neg_design/OrthoMPNN/Rosetta/output_pdbs/pmpnn_ortho/neg1.0/1.0_relaxed_ortho_3_A27W_A31N_A34G_A36L_B54R_B57Y_A73Q_rep5.pdb
[DEBUG] Creating jobs for bundle: [('A 27', 'H'), ('A 31', 'K'), ('A 36', 'I'), ('B 54', 'F'), ('B 57', 'K'), ('A 73', 'W')]
[DEBUG] Output file: /scratch4/jgray21/zhuggan1/projects/orthosystems/tryingggg/pos_neg_design/OrthoMPNN/Rosetta/output_pdbs/pmpnn_ortho/neg1.0/1.0_relaxed_ortho_3_A27H_A31K_A36I_B54F_B57K_A73W_rep1.pdb
[DEBUG] Output file: /scratch4/jgray21/zhuggan1/projects/orthosystems/tryingggg/pos_neg_design/OrthoMPNN/Rosetta/output_pdbs/pmpnn_ortho/neg1.0/1.0_relaxed_ortho_3_A27H_A31K_A36I_B54F_B57K_A73W_rep2.pdb
[DEBUG] Output file: /scratch4/jgray21/zhuggan1/projects/orthosystems/tryingggg/pos_neg_design/OrthoMPNN/Rosetta/output_pdbs/pmpnn_ortho/neg1.0/1.0_relaxed_ortho_3_A27H_A31K_A36I_B54F_B57K_A73W_rep3.pdb
[DEBUG] Output file: /scratch4/jgray21/zhuggan1/projects/orthosystems/tryingggg/pos_neg_design/OrthoMPNN/Rosetta/output_pdbs/pmpnn_ortho/neg1.0/1.0_relaxed_ortho_3_A27H_A31K_A36I_B54F_B57K_A73W_rep4.pdb
[DEBUG] Output file: /scratch4/jgray21/zhuggan1/projects/orthosystems/tryingggg/pos_neg_design/OrthoMPNN/Rosetta/output_pdbs/pmpnn_ortho/neg1.0/1.0_relaxed_ortho_3_A27H_A31K_A36I_B54F_B57K_A73W_rep5.pdb
[DEBUG] Creating jobs for bundle: [('A 27', 'E'), ('A 31', 'P'), ('A 34', 'M'), ('A 36', 'R'), ('B 54', 'V'), ('B 57', 'C'), ('A 73', 'K')]
[DEBUG] Output file: /scratch4/jgray21/zhuggan1/projects/orthosystems/tryingggg/pos_neg_design/OrthoMPNN/Rosetta/output_pdbs/pmpnn_ortho/neg1.0/1.0_relaxed_ortho_3_A27E_A31P_A34M_A36R_B54V_B57C_A73K_rep1.pdb
[DEBUG] Output file: /scratch4/jgray21/zhuggan1/projects/orthosystems/tryingggg/pos_neg_design/OrthoMPNN/Rosetta/output_pdbs/pmpnn_ortho/neg1.0/1.0_relaxed_ortho_3_A27E_A31P_A34M_A36R_B54V_B57C_A73K_rep2.pdb
[DEBUG] Output file: /scratch4/jgray21/zhuggan1/projects/orthosystems/tryingggg/pos_neg_design/OrthoMPNN/Rosetta/output_pdbs/pmpnn_ortho/neg1.0/1.0_relaxed_ortho_3_A27E_A31P_A34M_A36R_B54V_B57C_A73K_rep3.pdb
[DEBUG] Output file: /scratch4/jgray21/zhuggan1/projects/orthosystems/tryingggg/pos_neg_design/OrthoMPNN/Rosetta/output_pdbs/pmpnn_ortho/neg1.0/1.0_relaxed_ortho_3_A27E_A31P_A34M_A36R_B54V_B57C_A73K_rep4.pdb
[DEBUG] Output file: /scratch4/jgray21/zhuggan1/projects/orthosystems/tryingggg/pos_neg_design/OrthoMPNN/Rosetta/output_pdbs/pmpnn_ortho/neg1.0/1.0_relaxed_ortho_3_A27E_A31P_A34M_A36R_B54V_B57C_A73K_rep5.pdb
[DEBUG] Creating jobs for bundle: [('A 27', 'I'), ('A 31', 'T'), ('A 34', 'P'), ('B 54', 'C'), ('A 73', 'I')]
[DEBUG] Output file: /scratch4/jgray21/zhuggan1/projects/orthosystems/tryingggg/pos_neg_design/OrthoMPNN/Rosetta/output_pdbs/pmpnn_ortho/neg1.0/1.0_relaxed_ortho_3_A27I_A31T_A34P_B54C_A73I_rep1.pdb
[DEBUG] Output file: /scratch4/jgray21/zhuggan1/projects/orthosystems/tryingggg/pos_neg_design/OrthoMPNN/Rosetta/output_pdbs/pmpnn_ortho/neg1.0/1.0_relaxed_ortho_3_A27I_A31T_A34P_B54C_A73I_rep2.pdb
[DEBUG] Output file: /scratch4/jgray21/zhuggan1/projects/orthosystems/tryingggg/pos_neg_design/OrthoMPNN/Rosetta/output_pdbs/pmpnn_ortho/neg1.0/1.0_relaxed_ortho_3_A27I_A31T_A34P_B54C_A73I_rep3.pdb
[DEBUG] Output file: /scratch4/jgray21/zhuggan1/projects/orthosystems/tryingggg/pos_neg_design/OrthoMPNN/Rosetta/output_pdbs/pmpnn_ortho/neg1.0/1.0_relaxed_ortho_3_A27I_A31T_A34P_B54C_A73I_rep4.pdb
[DEBUG] Output file: /scratch4/jgray21/zhuggan1/projects/orthosystems/tryingggg/pos_neg_design/OrthoMPNN/Rosetta/output_pdbs/pmpnn_ortho/neg1.0/1.0_relaxed_ortho_3_A27I_A31T_A34P_B54C_A73I_rep5.pdb
[DEBUG] Creating jobs for bundle: [('A 27', 'D'), ('A 31', 'Y'), ('A 34', 'C'), ('A 36', 'I'), ('B 54', 'T'), ('B 57', 'D'), ('A 73', 'I')]
[DEBUG] Output file: /scratch4/jgray21/zhuggan1/projects/orthosystems/tryingggg/pos_neg_design/OrthoMPNN/Rosetta/output_pdbs/pmpnn_ortho/neg1.0/1.0_relaxed_ortho_3_A27D_A31Y_A34C_A36I_B54T_B57D_A73I_rep1.pdb
[DEBUG] Output file: /scratch4/jgray21/zhuggan1/projects/orthosystems/tryingggg/pos_neg_design/OrthoMPNN/Rosetta/output_pdbs/pmpnn_ortho/neg1.0/1.0_relaxed_ortho_3_A27D_A31Y_A34C_A36I_B54T_B57D_A73I_rep2.pdb
[DEBUG] Output file: /scratch4/jgray21/zhuggan1/projects/orthosystems/tryingggg/pos_neg_design/OrthoMPNN/Rosetta/output_pdbs/pmpnn_ortho/neg1.0/1.0_relaxed_ortho_3_A27D_A31Y_A34C_A36I_B54T_B57D_A73I_rep3.pdb
[DEBUG] Output file: /scratch4/jgray21/zhuggan1/projects/orthosystems/tryingggg/pos_neg_design/OrthoMPNN/Rosetta/output_pdbs/pmpnn_ortho/neg1.0/1.0_relaxed_ortho_3_A27D_A31Y_A34C_A36I_B54T_B57D_A73I_rep4.pdb
[DEBUG] Output file: /scratch4/jgray21/zhuggan1/projects/orthosystems/tryingggg/pos_neg_design/OrthoMPNN/Rosetta/output_pdbs/pmpnn_ortho/neg1.0/1.0_relaxed_ortho_3_A27D_A31Y_A34C_A36I_B54T_B57D_A73I_rep5.pdb
[DEBUG] Creating jobs for bundle: [('A 27', 'Y'), ('A 31', 'S'), ('A 34', 'L'), ('A 36', 'M'), ('B 54', 'E'), ('B 57', 'D'), ('A 73', 'W')]
[DEBUG] Output file: /scratch4/jgray21/zhuggan1/projects/orthosystems/tryingggg/pos_neg_design/OrthoMPNN/Rosetta/output_pdbs/pmpnn_ortho/neg1.0/1.0_relaxed_ortho_3_A27Y_A31S_A34L_A36M_B54E_B57D_A73W_rep1.pdb
[DEBUG] Output file: /scratch4/jgray21/zhuggan1/projects/orthosystems/tryingggg/pos_neg_design/OrthoMPNN/Rosetta/output_pdbs/pmpnn_ortho/neg1.0/1.0_relaxed_ortho_3_A27Y_A31S_A34L_A36M_B54E_B57D_A73W_rep2.pdb
[DEBUG] Output file: /scratch4/jgray21/zhuggan1/projects/orthosystems/tryingggg/pos_neg_design/OrthoMPNN/Rosetta/output_pdbs/pmpnn_ortho/neg1.0/1.0_relaxed_ortho_3_A27Y_A31S_A34L_A36M_B54E_B57D_A73W_rep3.pdb
[DEBUG] Output file: /scratch4/jgray21/zhuggan1/projects/orthosystems/tryingggg/pos_neg_design/OrthoMPNN/Rosetta/output_pdbs/pmpnn_ortho/neg1.0/1.0_relaxed_ortho_3_A27Y_A31S_A34L_A36M_B54E_B57D_A73W_rep4.pdb
[DEBUG] Output file: /scratch4/jgray21/zhuggan1/projects/orthosystems/tryingggg/pos_neg_design/OrthoMPNN/Rosetta/output_pdbs/pmpnn_ortho/neg1.0/1.0_relaxed_ortho_3_A27Y_A31S_A34L_A36M_B54E_B57D_A73W_rep5.pdb
[DEBUG] Creating jobs for bundle: [('A 27', 'Q'), ('A 31', 'A'), ('A 34', 'F'), ('A 36', 'Q'), ('B 54', 'S'), ('B 57', 'I'), ('A 73', 'W')]
[DEBUG] Output file: /scratch4/jgray21/zhuggan1/projects/orthosystems/tryingggg/pos_neg_design/OrthoMPNN/Rosetta/output_pdbs/pmpnn_ortho/neg1.0/1.0_relaxed_ortho_3_A27Q_A31A_A34F_A36Q_B54S_B57I_A73W_rep1.pdb
[DEBUG] Output file: /scratch4/jgray21/zhuggan1/projects/orthosystems/tryingggg/pos_neg_design/OrthoMPNN/Rosetta/output_pdbs/pmpnn_ortho/neg1.0/1.0_relaxed_ortho_3_A27Q_A31A_A34F_A36Q_B54S_B57I_A73W_rep2.pdb
[DEBUG] Output file: /scratch4/jgray21/zhuggan1/projects/orthosystems/tryingggg/pos_neg_design/OrthoMPNN/Rosetta/output_pdbs/pmpnn_ortho/neg1.0/1.0_relaxed_ortho_3_A27Q_A31A_A34F_A36Q_B54S_B57I_A73W_rep3.pdb
[DEBUG] Output file: /scratch4/jgray21/zhuggan1/projects/orthosystems/tryingggg/pos_neg_design/OrthoMPNN/Rosetta/output_pdbs/pmpnn_ortho/neg1.0/1.0_relaxed_ortho_3_A27Q_A31A_A34F_A36Q_B54S_B57I_A73W_rep4.pdb
[DEBUG] Output file: /scratch4/jgray21/zhuggan1/projects/orthosystems/tryingggg/pos_neg_design/OrthoMPNN/Rosetta/output_pdbs/pmpnn_ortho/neg1.0/1.0_relaxed_ortho_3_A27Q_A31A_A34F_A36Q_B54S_B57I_A73W_rep5.pdb
[DEBUG] Creating jobs for bundle: [('A 27', 'P'), ('A 31', 'K'), ('A 34', 'K'), ('A 36', 'S'), ('B 54', 'Y'), ('B 57', 'G'), ('A 73', 'P')]
[DEBUG] Output file: /scratch4/jgray21/zhuggan1/projects/orthosystems/tryingggg/pos_neg_design/OrthoMPNN/Rosetta/output_pdbs/pmpnn_ortho/neg1.0/1.0_relaxed_ortho_3_A27P_A31K_A34K_A36S_B54Y_B57G_A73P_rep1.pdb
[DEBUG] Output file: /scratch4/jgray21/zhuggan1/projects/orthosystems/tryingggg/pos_neg_design/OrthoMPNN/Rosetta/output_pdbs/pmpnn_ortho/neg1.0/1.0_relaxed_ortho_3_A27P_A31K_A34K_A36S_B54Y_B57G_A73P_rep2.pdb
[DEBUG] Output file: /scratch4/jgray21/zhuggan1/projects/orthosystems/tryingggg/pos_neg_design/OrthoMPNN/Rosetta/output_pdbs/pmpnn_ortho/neg1.0/1.0_relaxed_ortho_3_A27P_A31K_A34K_A36S_B54Y_B57G_A73P_rep3.pdb
[DEBUG] Output file: /scratch4/jgray21/zhuggan1/projects/orthosystems/tryingggg/pos_neg_design/OrthoMPNN/Rosetta/output_pdbs/pmpnn_ortho/neg1.0/1.0_relaxed_ortho_3_A27P_A31K_A34K_A36S_B54Y_B57G_A73P_rep4.pdb
[DEBUG] Output file: /scratch4/jgray21/zhuggan1/projects/orthosystems/tryingggg/pos_neg_design/OrthoMPNN/Rosetta/output_pdbs/pmpnn_ortho/neg1.0/1.0_relaxed_ortho_3_A27P_A31K_A34K_A36S_B54Y_B57G_A73P_rep5.pdb
[DEBUG] Creating jobs for bundle: [('A 27', 'D'), ('A 31', 'T'), ('A 34', 'D'), ('A 36', 'F'), ('B 54', 'R'), ('B 57', 'M'), ('A 73', 'T')]
[DEBUG] Output file: /scratch4/jgray21/zhuggan1/projects/orthosystems/tryingggg/pos_neg_design/OrthoMPNN/Rosetta/output_pdbs/pmpnn_ortho/neg1.0/1.0_relaxed_ortho_3_A27D_A31T_A34D_A36F_B54R_B57M_A73T_rep1.pdb
[DEBUG] Output file: /scratch4/jgray21/zhuggan1/projects/orthosystems/tryingggg/pos_neg_design/OrthoMPNN/Rosetta/output_pdbs/pmpnn_ortho/neg1.0/1.0_relaxed_ortho_3_A27D_A31T_A34D_A36F_B54R_B57M_A73T_rep2.pdb
[DEBUG] Output file: /scratch4/jgray21/zhuggan1/projects/orthosystems/tryingggg/pos_neg_design/OrthoMPNN/Rosetta/output_pdbs/pmpnn_ortho/neg1.0/1.0_relaxed_ortho_3_A27D_A31T_A34D_A36F_B54R_B57M_A73T_rep3.pdb
[DEBUG] Output file: /scratch4/jgray21/zhuggan1/projects/orthosystems/tryingggg/pos_neg_design/OrthoMPNN/Rosetta/output_pdbs/pmpnn_ortho/neg1.0/1.0_relaxed_ortho_3_A27D_A31T_A34D_A36F_B54R_B57M_A73T_rep4.pdb
[DEBUG] Output file: /scratch4/jgray21/zhuggan1/projects/orthosystems/tryingggg/pos_neg_design/OrthoMPNN/Rosetta/output_pdbs/pmpnn_ortho/neg1.0/1.0_relaxed_ortho_3_A27D_A31T_A34D_A36F_B54R_B57M_A73T_rep5.pdb
[DEBUG] Creating jobs for bundle: [('A 27', 'V'), ('A 31', 'W'), ('A 34', 'M'), ('A 36', 'I'), ('B 54', 'D'), ('B 57', 'V'), ('A 73', 'I')]
[DEBUG] Output file: /scratch4/jgray21/zhuggan1/projects/orthosystems/tryingggg/pos_neg_design/OrthoMPNN/Rosetta/output_pdbs/pmpnn_ortho/neg1.0/1.0_relaxed_ortho_3_A27V_A31W_A34M_A36I_B54D_B57V_A73I_rep1.pdb
[DEBUG] Output file: /scratch4/jgray21/zhuggan1/projects/orthosystems/tryingggg/pos_neg_design/OrthoMPNN/Rosetta/output_pdbs/pmpnn_ortho/neg1.0/1.0_relaxed_ortho_3_A27V_A31W_A34M_A36I_B54D_B57V_A73I_rep2.pdb
[DEBUG] Output file: /scratch4/jgray21/zhuggan1/projects/orthosystems/tryingggg/pos_neg_design/OrthoMPNN/Rosetta/output_pdbs/pmpnn_ortho/neg1.0/1.0_relaxed_ortho_3_A27V_A31W_A34M_A36I_B54D_B57V_A73I_rep3.pdb
[DEBUG] Output file: /scratch4/jgray21/zhuggan1/projects/orthosystems/tryingggg/pos_neg_design/OrthoMPNN/Rosetta/output_pdbs/pmpnn_ortho/neg1.0/1.0_relaxed_ortho_3_A27V_A31W_A34M_A36I_B54D_B57V_A73I_rep4.pdb
[DEBUG] Output file: /scratch4/jgray21/zhuggan1/projects/orthosystems/tryingggg/pos_neg_design/OrthoMPNN/Rosetta/output_pdbs/pmpnn_ortho/neg1.0/1.0_relaxed_ortho_3_A27V_A31W_A34M_A36I_B54D_B57V_A73I_rep5.pdb
[DEBUG] Creating jobs for bundle: [('A 27', 'V'), ('A 31', 'T'), ('A 34', 'A'), ('A 36', 'P'), ('B 54', 'Q'), ('B 57', 'G')]
[DEBUG] Output file: /scratch4/jgray21/zhuggan1/projects/orthosystems/tryingggg/pos_neg_design/OrthoMPNN/Rosetta/output_pdbs/pmpnn_ortho/neg1.0/1.0_relaxed_ortho_3_A27V_A31T_A34A_A36P_B54Q_B57G_rep1.pdb
[DEBUG] Output file: /scratch4/jgray21/zhuggan1/projects/orthosystems/tryingggg/pos_neg_design/OrthoMPNN/Rosetta/output_pdbs/pmpnn_ortho/neg1.0/1.0_relaxed_ortho_3_A27V_A31T_A34A_A36P_B54Q_B57G_rep2.pdb
[DEBUG] Output file: /scratch4/jgray21/zhuggan1/projects/orthosystems/tryingggg/pos_neg_design/OrthoMPNN/Rosetta/output_pdbs/pmpnn_ortho/neg1.0/1.0_relaxed_ortho_3_A27V_A31T_A34A_A36P_B54Q_B57G_rep3.pdb
[DEBUG] Output file: /scratch4/jgray21/zhuggan1/projects/orthosystems/tryingggg/pos_neg_design/OrthoMPNN/Rosetta/output_pdbs/pmpnn_ortho/neg1.0/1.0_relaxed_ortho_3_A27V_A31T_A34A_A36P_B54Q_B57G_rep4.pdb
[DEBUG] Output file: /scratch4/jgray21/zhuggan1/projects/orthosystems/tryingggg/pos_neg_design/OrthoMPNN/Rosetta/output_pdbs/pmpnn_ortho/neg1.0/1.0_relaxed_ortho_3_A27V_A31T_A34A_A36P_B54Q_B57G_rep5.pdb
[DEBUG] Creating jobs for bundle: [('A 27', 'M'), ('A 31', 'W'), ('A 34', 'M'), ('A 36', 'V'), ('B 54', 'Y'), ('B 57', 'K'), ('A 73', 'V')]
[DEBUG] Output file: /scratch4/jgray21/zhuggan1/projects/orthosystems/tryingggg/pos_neg_design/OrthoMPNN/Rosetta/output_pdbs/pmpnn_ortho/neg1.0/1.0_relaxed_ortho_3_A27M_A31W_A34M_A36V_B54Y_B57K_A73V_rep1.pdb
[DEBUG] Output file: /scratch4/jgray21/zhuggan1/projects/orthosystems/tryingggg/pos_neg_design/OrthoMPNN/Rosetta/output_pdbs/pmpnn_ortho/neg1.0/1.0_relaxed_ortho_3_A27M_A31W_A34M_A36V_B54Y_B57K_A73V_rep2.pdb
[DEBUG] Output file: /scratch4/jgray21/zhuggan1/projects/orthosystems/tryingggg/pos_neg_design/OrthoMPNN/Rosetta/output_pdbs/pmpnn_ortho/neg1.0/1.0_relaxed_ortho_3_A27M_A31W_A34M_A36V_B54Y_B57K_A73V_rep3.pdb
[DEBUG] Output file: /scratch4/jgray21/zhuggan1/projects/orthosystems/tryingggg/pos_neg_design/OrthoMPNN/Rosetta/output_pdbs/pmpnn_ortho/neg1.0/1.0_relaxed_ortho_3_A27M_A31W_A34M_A36V_B54Y_B57K_A73V_rep4.pdb
[DEBUG] Output file: /scratch4/jgray21/zhuggan1/projects/orthosystems/tryingggg/pos_neg_design/OrthoMPNN/Rosetta/output_pdbs/pmpnn_ortho/neg1.0/1.0_relaxed_ortho_3_A27M_A31W_A34M_A36V_B54Y_B57K_A73V_rep5.pdb
[DEBUG] Creating jobs for bundle: [('A 27', 'C'), ('A 31', 'Y'), ('A 36', 'A'), ('B 54', 'D'), ('B 57', 'I'), ('A 73', 'A')]
[DEBUG] Output file: /scratch4/jgray21/zhuggan1/projects/orthosystems/tryingggg/pos_neg_design/OrthoMPNN/Rosetta/output_pdbs/pmpnn_ortho/neg1.0/1.0_relaxed_ortho_3_A27C_A31Y_A36A_B54D_B57I_A73A_rep1.pdb
[DEBUG] Output file: /scratch4/jgray21/zhuggan1/projects/orthosystems/tryingggg/pos_neg_design/OrthoMPNN/Rosetta/output_pdbs/pmpnn_ortho/neg1.0/1.0_relaxed_ortho_3_A27C_A31Y_A36A_B54D_B57I_A73A_rep2.pdb
[DEBUG] Output file: /scratch4/jgray21/zhuggan1/projects/orthosystems/tryingggg/pos_neg_design/OrthoMPNN/Rosetta/output_pdbs/pmpnn_ortho/neg1.0/1.0_relaxed_ortho_3_A27C_A31Y_A36A_B54D_B57I_A73A_rep3.pdb
[DEBUG] Output file: /scratch4/jgray21/zhuggan1/projects/orthosystems/tryingggg/pos_neg_design/OrthoMPNN/Rosetta/output_pdbs/pmpnn_ortho/neg1.0/1.0_relaxed_ortho_3_A27C_A31Y_A36A_B54D_B57I_A73A_rep4.pdb
[DEBUG] Output file: /scratch4/jgray21/zhuggan1/projects/orthosystems/tryingggg/pos_neg_design/OrthoMPNN/Rosetta/output_pdbs/pmpnn_ortho/neg1.0/1.0_relaxed_ortho_3_A27C_A31Y_A36A_B54D_B57I_A73A_rep5.pdb
[DEBUG] Creating jobs for bundle: [('A 27', 'M'), ('A 31', 'K'), ('A 34', 'M'), ('A 36', 'Y'), ('B 54', 'G'), ('B 57', 'H'), ('A 73', 'S')]
[DEBUG] Output file: /scratch4/jgray21/zhuggan1/projects/orthosystems/tryingggg/pos_neg_design/OrthoMPNN/Rosetta/output_pdbs/pmpnn_ortho/neg1.0/1.0_relaxed_ortho_3_A27M_A31K_A34M_A36Y_B54G_B57H_A73S_rep1.pdb
[DEBUG] Output file: /scratch4/jgray21/zhuggan1/projects/orthosystems/tryingggg/pos_neg_design/OrthoMPNN/Rosetta/output_pdbs/pmpnn_ortho/neg1.0/1.0_relaxed_ortho_3_A27M_A31K_A34M_A36Y_B54G_B57H_A73S_rep2.pdb
[DEBUG] Output file: /scratch4/jgray21/zhuggan1/projects/orthosystems/tryingggg/pos_neg_design/OrthoMPNN/Rosetta/output_pdbs/pmpnn_ortho/neg1.0/1.0_relaxed_ortho_3_A27M_A31K_A34M_A36Y_B54G_B57H_A73S_rep3.pdb
[DEBUG] Output file: /scratch4/jgray21/zhuggan1/projects/orthosystems/tryingggg/pos_neg_design/OrthoMPNN/Rosetta/output_pdbs/pmpnn_ortho/neg1.0/1.0_relaxed_ortho_3_A27M_A31K_A34M_A36Y_B54G_B57H_A73S_rep4.pdb
[DEBUG] Output file: /scratch4/jgray21/zhuggan1/projects/orthosystems/tryingggg/pos_neg_design/OrthoMPNN/Rosetta/output_pdbs/pmpnn_ortho/neg1.0/1.0_relaxed_ortho_3_A27M_A31K_A34M_A36Y_B54G_B57H_A73S_rep5.pdb
[DEBUG] Creating jobs for bundle: [('A 31', 'F'), ('A 34', 'S'), ('A 36', 'K'), ('B 54', 'F'), ('B 57', 'F'), ('A 73', 'I')]
[DEBUG] Output file: /scratch4/jgray21/zhuggan1/projects/orthosystems/tryingggg/pos_neg_design/OrthoMPNN/Rosetta/output_pdbs/pmpnn_ortho/neg1.0/1.0_relaxed_ortho_3_A31F_A34S_A36K_B54F_B57F_A73I_rep1.pdb
[DEBUG] Output file: /scratch4/jgray21/zhuggan1/projects/orthosystems/tryingggg/pos_neg_design/OrthoMPNN/Rosetta/output_pdbs/pmpnn_ortho/neg1.0/1.0_relaxed_ortho_3_A31F_A34S_A36K_B54F_B57F_A73I_rep2.pdb
[DEBUG] Output file: /scratch4/jgray21/zhuggan1/projects/orthosystems/tryingggg/pos_neg_design/OrthoMPNN/Rosetta/output_pdbs/pmpnn_ortho/neg1.0/1.0_relaxed_ortho_3_A31F_A34S_A36K_B54F_B57F_A73I_rep3.pdb
[DEBUG] Output file: /scratch4/jgray21/zhuggan1/projects/orthosystems/tryingggg/pos_neg_design/OrthoMPNN/Rosetta/output_pdbs/pmpnn_ortho/neg1.0/1.0_relaxed_ortho_3_A31F_A34S_A36K_B54F_B57F_A73I_rep4.pdb
[DEBUG] Output file: /scratch4/jgray21/zhuggan1/projects/orthosystems/tryingggg/pos_neg_design/OrthoMPNN/Rosetta/output_pdbs/pmpnn_ortho/neg1.0/1.0_relaxed_ortho_3_A31F_A34S_A36K_B54F_B57F_A73I_rep5.pdb
2026-02-26 17:03:14 EST MainProcess INFO [__main__] Processing a total of 250 jobs
2026-02-26 17:03:14 EST MainProcess INFO [__main__] Starting pool with 48 worker(s)
2026-02-26 18:11:32 EST ForkPoolWorker-30 INFO [__main__] Output: 1.0_relaxed_ortho_3_A27N_A31S_A34H_A36G_B54H_B57Q_A73C_rep2.pdb
2026-02-26 18:13:39 EST ForkPoolWorker-35 INFO [__main__] Output: 1.0_relaxed_ortho_3_A27N_A31S_A34H_A36G_B54H_B57Q_A73C_rep4.pdb
2026-02-26 18:14:21 EST ForkPoolWorker-16 INFO [__main__] Output: 1.0_relaxed_ortho_3_A27Y_A31A_A34D_A36A_B54Y_B57W_rep5.pdb
2026-02-26 18:14:27 EST ForkPoolWorker-37 INFO [__main__] Output: 1.0_relaxed_ortho_3_A27V_A31I_A36Y_B54S_B57E_A73S_rep3.pdb
2026-02-26 18:14:38 EST ForkPoolWorker-11 INFO [__main__] Output: 1.0_relaxed_ortho_3_A27V_A31I_A36Y_B54S_B57E_A73S_rep1.pdb
2026-02-26 18:14:46 EST ForkPoolWorker-40 INFO [__main__] Output: 1.0_relaxed_ortho_3_A27C_A31H_A34K_A36M_B54E_A73D_rep1.pdb
2026-02-26 18:15:17 EST ForkPoolWorker-39 INFO [__main__] Output: 1.0_relaxed_ortho_3_A27F_A31T_A34R_A36M_B54K_B57A_A73V_rep5.pdb
2026-02-26 18:15:32 EST ForkPoolWorker-29 INFO [__main__] Output: 1.0_relaxed_ortho_3_A27L_A31Y_A34S_A36V_B54V_B57V_A73F_rep3.pdb
2026-02-26 18:15:40 EST ForkPoolWorker-47 INFO [__main__] Output: 1.0_relaxed_ortho_3_A27L_A31Y_A34S_A36V_B54V_B57V_A73F_rep5.pdb
2026-02-26 18:16:11 EST ForkPoolWorker-22 INFO [__main__] Output: 1.0_relaxed_ortho_3_A27V_A31I_A36Y_B54S_B57E_A73S_rep5.pdb
2026-02-26 18:16:20 EST ForkPoolWorker-34 INFO [__main__] Output: 1.0_relaxed_ortho_3_A27D_A31Y_A34D_A36P_B54Y_A73K_rep2.pdb
2026-02-26 18:16:21 EST ForkPoolWorker-45 INFO [__main__] Output: 1.0_relaxed_ortho_3_A27W_A31R_A34D_A36Y_B57W_A73A_rep5.pdb
2026-02-26 18:16:23 EST ForkPoolWorker-4 INFO [__main__] Output: 1.0_relaxed_ortho_3_A27E_A31E_A34Y_A36A_B54R_B57S_A73V_rep1.pdb
2026-02-26 18:16:34 EST ForkPoolWorker-44 INFO [__main__] Output: 1.0_relaxed_ortho_3_A27E_A31E_A34Y_A36A_B54R_B57S_A73V_rep5.pdb
2026-02-26 18:16:40 EST ForkPoolWorker-42 INFO [__main__] Output: 1.0_relaxed_ortho_3_A27W_A31T_A34D_A36T_B57Q_A73W_rep4.pdb
2026-02-26 18:16:42 EST ForkPoolWorker-26 INFO [__main__] Output: 1.0_relaxed_ortho_3_A27C_A31H_A34K_A36M_B54E_A73D_rep5.pdb
2026-02-26 18:16:46 EST ForkPoolWorker-28 INFO [__main__] Output: 1.0_relaxed_ortho_3_A27M_A31F_A34A_A36T_B54A_B57D_A73A_rep4.pdb
2026-02-26 18:16:50 EST ForkPoolWorker-38 INFO [__main__] Output: 1.0_relaxed_ortho_3_A27Y_A31A_A34D_A36A_B54Y_B57W_rep1.pdb
2026-02-26 18:16:55 EST ForkPoolWorker-18 INFO [__main__] Output: 1.0_relaxed_ortho_3_A27W_A31R_A34D_A36Y_B57W_A73A_rep1.pdb
2026-02-26 18:16:58 EST ForkPoolWorker-41 INFO [__main__] Output: 1.0_relaxed_ortho_3_A27W_A31R_A34D_A36Y_B57W_A73A_rep3.pdb
2026-02-26 18:16:58 EST ForkPoolWorker-23 INFO [__main__] Output: 1.0_relaxed_ortho_3_A27C_A31A_A34I_B54H_B57T_A73S_rep2.pdb
2026-02-26 18:17:03 EST ForkPoolWorker-14 INFO [__main__] Output: 1.0_relaxed_ortho_3_A27E_A31E_A34Y_A36A_B54R_B57S_A73V_rep3.pdb
2026-02-26 18:17:15 EST ForkPoolWorker-21 INFO [__main__] Output: 1.0_relaxed_ortho_3_A27D_A31Y_A34D_A36P_B54Y_A73K_rep4.pdb
2026-02-26 18:17:18 EST ForkPoolWorker-24 INFO [__main__] Output: 1.0_relaxed_ortho_3_A27M_A31F_A34A_A36T_B54A_B57D_A73A_rep2.pdb
2026-02-26 18:17:18 EST ForkPoolWorker-13 INFO [__main__] Output: 1.0_relaxed_ortho_3_A27L_A31Y_A34S_A36V_B54V_B57V_A73F_rep1.pdb
2026-02-26 18:17:24 EST ForkPoolWorker-19 INFO [__main__] Output: 1.0_relaxed_ortho_3_A31L_A34E_A36Y_B54P_B57P_A73S_rep1.pdb
2026-02-26 18:17:29 EST ForkPoolWorker-5 INFO [__main__] Output: 1.0_relaxed_ortho_3_A27E_A31F_A34K_A36M_B54M_B57D_A73D_rep2.pdb
2026-02-26 18:17:29 EST ForkPoolWorker-17 INFO [__main__] Output: 1.0_relaxed_ortho_3_A27Y_A31A_A34D_A36A_B54Y_B57W_rep3.pdb
2026-02-26 18:17:30 EST ForkPoolWorker-7 INFO [__main__] Output: 1.0_relaxed_ortho_3_A31L_A34E_A36Y_B54P_B57P_A73S_rep3.pdb
2026-02-26 18:17:42 EST ForkPoolWorker-33 INFO [__main__] Output: 1.0_relaxed_ortho_3_A31M_A34D_A36W_B54S_B57M_A73S_rep1.pdb
2026-02-26 18:17:50 EST ForkPoolWorker-46 INFO [__main__] Output: 1.0_relaxed_ortho_3_A27Y_A31A_A34E_A36I_B54F_B57D_rep1.pdb
2026-02-26 18:18:01 EST ForkPoolWorker-1 INFO [__main__] Output: 1.0_relaxed_ortho_3_A27W_A31T_A34D_A36T_B57Q_A73W_rep2.pdb
2026-02-26 18:18:08 EST ForkPoolWorker-15 INFO [__main__] Output: 1.0_relaxed_ortho_3_A31M_A34D_A36W_B54S_B57M_A73S_rep3.pdb
2026-02-26 18:18:35 EST ForkPoolWorker-20 INFO [__main__] Output: 1.0_relaxed_ortho_3_A31M_A34D_A36W_B54S_B57M_A73S_rep5.pdb
2026-02-26 18:18:38 EST ForkPoolWorker-27 INFO [__main__] Output: 1.0_relaxed_ortho_3_A27F_A31T_A34R_A36M_B54K_B57A_A73V_rep1.pdb
2026-02-26 18:18:38 EST ForkPoolWorker-43 INFO [__main__] Output: 1.0_relaxed_ortho_3_A27C_A31A_A34I_B54H_B57T_A73S_rep4.pdb
2026-02-26 18:19:01 EST ForkPoolWorker-6 INFO [__main__] Output: 1.0_relaxed_ortho_3_A27F_A31T_A34R_A36M_B54K_B57A_A73V_rep3.pdb
2026-02-26 18:19:23 EST ForkPoolWorker-9 INFO [__main__] Output: 1.0_relaxed_ortho_3_A31L_A34E_A36Y_B54P_B57P_A73S_rep5.pdb
2026-02-26 18:19:25 EST ForkPoolWorker-48 INFO [__main__] Output: 1.0_relaxed_ortho_3_A27C_A31H_A34K_A36M_B54E_A73D_rep3.pdb
2026-02-26 18:19:35 EST ForkPoolWorker-3 INFO [__main__] Output: 1.0_relaxed_ortho_3_A27Y_A31A_A34E_A36I_B54F_B57D_rep5.pdb
2026-02-26 18:19:45 EST ForkPoolWorker-25 INFO [__main__] Output: 1.0_relaxed_ortho_3_A27E_A31F_A34K_A36M_B54M_B57D_A73D_rep4.pdb
2026-02-26 18:20:06 EST ForkPoolWorker-32 INFO [__main__] Output: 1.0_relaxed_ortho_3_A27K_A31C_A34W_A36P_B54M_B57F_A73Y_rep4.pdb
2026-02-26 18:20:13 EST ForkPoolWorker-36 INFO [__main__] Output: 1.0_relaxed_ortho_3_A27I_A31G_A34D_A36E_B54Q_B57T_A73F_rep2.pdb
2026-02-26 18:20:19 EST ForkPoolWorker-8 INFO [__main__] Output: 1.0_relaxed_ortho_3_A27A_A31H_A34P_A36G_B54T_B57T_A73I_rep2.pdb
2026-02-26 18:20:33 EST ForkPoolWorker-12 INFO [__main__] Output: 1.0_relaxed_ortho_3_A27I_A31G_A34D_A36E_B54Q_B57T_A73F_rep4.pdb
2026-02-26 18:20:40 EST ForkPoolWorker-2 INFO [__main__] Output: 1.0_relaxed_ortho_3_A27Y_A31A_A34E_A36I_B54F_B57D_rep3.pdb
2026-02-26 18:22:12 EST ForkPoolWorker-10 INFO [__main__] Output: 1.0_relaxed_ortho_3_A27A_A31H_A34P_A36G_B54T_B57T_A73I_rep4.pdb
2026-02-26 18:22:44 EST ForkPoolWorker-31 INFO [__main__] Output: 1.0_relaxed_ortho_3_A27K_A31C_A34W_A36P_B54M_B57F_A73Y_rep2.pdb
2026-02-26 19:22:21 EST ForkPoolWorker-35 INFO [__main__] Output: 1.0_relaxed_ortho_3_A27N_A31S_A34H_A36G_B54H_B57Q_A73C_rep5.pdb
2026-02-26 19:22:26 EST ForkPoolWorker-39 INFO [__main__] Output: 1.0_relaxed_ortho_3_A27N_A31S_A34H_A36G_B54H_B57Q_A73C_rep1.pdb
2026-02-26 19:23:33 EST ForkPoolWorker-30 INFO [__main__] Output: 1.0_relaxed_ortho_3_A27N_A31S_A34H_A36G_B54H_B57Q_A73C_rep3.pdb
2026-02-26 19:24:22 EST ForkPoolWorker-42 INFO [__main__] Output: 1.0_relaxed_ortho_3_A27W_A31T_A34D_A36T_B57Q_A73W_rep5.pdb
2026-02-26 19:25:09 EST ForkPoolWorker-40 INFO [__main__] Output: 1.0_relaxed_ortho_3_A27C_A31H_A34K_A36M_B54E_A73D_rep2.pdb
2026-02-26 19:26:35 EST ForkPoolWorker-47 INFO [__main__] Output: 1.0_relaxed_ortho_3_A27W_A31T_A34D_A36T_B57Q_A73W_rep1.pdb
2026-02-26 19:26:40 EST ForkPoolWorker-16 INFO [__main__] Output: 1.0_relaxed_ortho_3_A27D_A31Y_A34D_A36P_B54Y_A73K_rep1.pdb
2026-02-26 19:27:22 EST ForkPoolWorker-22 INFO [__main__] Output: 1.0_relaxed_ortho_3_A27C_A31A_A34I_B54H_B57T_A73S_rep1.pdb
2026-02-26 19:27:43 EST ForkPoolWorker-45 INFO [__main__] Output: 1.0_relaxed_ortho_3_A27M_A31F_A34A_A36T_B54A_B57D_A73A_rep1.pdb
2026-02-26 19:27:44 EST ForkPoolWorker-37 INFO [__main__] Output: 1.0_relaxed_ortho_3_A27V_A31I_A36Y_B54S_B57E_A73S_rep4.pdb
2026-02-26 19:28:22 EST ForkPoolWorker-29 INFO [__main__] Output: 1.0_relaxed_ortho_3_A27L_A31Y_A34S_A36V_B54V_B57V_A73F_rep4.pdb
2026-02-26 19:28:25 EST ForkPoolWorker-11 INFO [__main__] Output: 1.0_relaxed_ortho_3_A27V_A31I_A36Y_B54S_B57E_A73S_rep2.pdb
2026-02-26 19:28:33 EST ForkPoolWorker-7 INFO [__main__] Output: 1.0_relaxed_ortho_3_A31L_A34E_A36Y_B54P_B57P_A73S_rep4.pdb
2026-02-26 19:28:34 EST ForkPoolWorker-34 INFO [__main__] Output: 1.0_relaxed_ortho_3_A27D_A31Y_A34D_A36P_B54Y_A73K_rep3.pdb
2026-02-26 19:28:44 EST ForkPoolWorker-4 INFO [__main__] Output: 1.0_relaxed_ortho_3_A27E_A31E_A34Y_A36A_B54R_B57S_A73V_rep2.pdb
2026-02-26 19:29:27 EST ForkPoolWorker-18 INFO [__main__] Output: 1.0_relaxed_ortho_3_A27W_A31R_A34D_A36Y_B57W_A73A_rep2.pdb
2026-02-26 19:29:28 EST ForkPoolWorker-21 INFO [__main__] Output: 1.0_relaxed_ortho_3_A27D_A31Y_A34D_A36P_B54Y_A73K_rep5.pdb
2026-02-26 19:29:29 EST ForkPoolWorker-14 INFO [__main__] Output: 1.0_relaxed_ortho_3_A27E_A31E_A34Y_A36A_B54R_B57S_A73V_rep4.pdb
2026-02-26 19:29:36 EST ForkPoolWorker-43 INFO [__main__] Output: 1.0_relaxed_ortho_3_A27C_A31A_A34I_B54H_B57T_A73S_rep5.pdb
2026-02-26 19:29:54 EST ForkPoolWorker-41 INFO [__main__] Output: 1.0_relaxed_ortho_3_A27W_A31R_A34D_A36Y_B57W_A73A_rep4.pdb
2026-02-26 19:30:02 EST ForkPoolWorker-19 INFO [__main__] Output: 1.0_relaxed_ortho_3_A31L_A34E_A36Y_B54P_B57P_A73S_rep2.pdb
2026-02-26 19:30:09 EST ForkPoolWorker-28 INFO [__main__] Output: 1.0_relaxed_ortho_3_A27M_A31F_A34A_A36T_B54A_B57D_A73A_rep5.pdb
2026-02-26 19:30:13 EST ForkPoolWorker-24 INFO [__main__] Output: 1.0_relaxed_ortho_3_A27M_A31F_A34A_A36T_B54A_B57D_A73A_rep3.pdb
2026-02-26 19:30:35 EST ForkPoolWorker-38 INFO [__main__] Output: 1.0_relaxed_ortho_3_A27Y_A31A_A34D_A36A_B54Y_B57W_rep2.pdb
2026-02-26 19:31:10 EST ForkPoolWorker-25 INFO [__main__] Output: 1.0_relaxed_ortho_3_A27E_A31F_A34K_A36M_B54M_B57D_A73D_rep5.pdb
2026-02-26 19:31:19 EST ForkPoolWorker-27 INFO [__main__] Output: 1.0_relaxed_ortho_3_A27F_A31T_A34R_A36M_B54K_B57A_A73V_rep2.pdb
2026-02-26 19:31:25 EST ForkPoolWorker-23 INFO [__main__] Output: 1.0_relaxed_ortho_3_A27C_A31A_A34I_B54H_B57T_A73S_rep3.pdb
2026-02-26 19:31:34 EST ForkPoolWorker-33 INFO [__main__] Output: 1.0_relaxed_ortho_3_A31M_A34D_A36W_B54S_B57M_A73S_rep2.pdb
2026-02-26 19:31:36 EST ForkPoolWorker-1 INFO [__main__] Output: 1.0_relaxed_ortho_3_A27W_A31T_A34D_A36T_B57Q_A73W_rep3.pdb
2026-02-26 19:32:29 EST ForkPoolWorker-20 INFO [__main__] Output: 1.0_relaxed_ortho_3_A27H_A31S_A34V_A36H_B54M_B57I_A73L_rep1.pdb
2026-02-26 19:32:30 EST ForkPoolWorker-13 INFO [__main__] Output: 1.0_relaxed_ortho_3_A27L_A31Y_A34S_A36V_B54V_B57V_A73F_rep2.pdb
2026-02-26 19:32:31 EST ForkPoolWorker-5 INFO [__main__] Output: 1.0_relaxed_ortho_3_A27E_A31F_A34K_A36M_B54M_B57D_A73D_rep3.pdb
2026-02-26 19:32:36 EST ForkPoolWorker-46 INFO [__main__] Output: 1.0_relaxed_ortho_3_A27Y_A31A_A34E_A36I_B54F_B57D_rep2.pdb
2026-02-26 19:32:40 EST ForkPoolWorker-17 INFO [__main__] Output: 1.0_relaxed_ortho_3_A27Y_A31A_A34D_A36A_B54Y_B57W_rep4.pdb
2026-02-26 19:32:40 EST ForkPoolWorker-44 INFO [__main__] Output: 1.0_relaxed_ortho_3_A27A_A31H_A34P_A36G_B54T_B57T_A73I_rep1.pdb
2026-02-26 19:32:47 EST ForkPoolWorker-12 INFO [__main__] Output: 1.0_relaxed_ortho_3_A27I_A31G_A34D_A36E_B54Q_B57T_A73F_rep5.pdb
2026-02-26 19:33:11 EST ForkPoolWorker-15 INFO [__main__] Output: 1.0_relaxed_ortho_3_A31M_A34D_A36W_B54S_B57M_A73S_rep4.pdb
2026-02-26 19:33:29 EST ForkPoolWorker-26 INFO [__main__] Output: 1.0_relaxed_ortho_3_A27I_A31G_A34D_A36E_B54Q_B57T_A73F_rep1.pdb
2026-02-26 19:33:55 EST ForkPoolWorker-48 INFO [__main__] Output: 1.0_relaxed_ortho_3_A27C_A31H_A34K_A36M_B54E_A73D_rep4.pdb
2026-02-26 19:34:17 EST ForkPoolWorker-9 INFO [__main__] Output: 1.0_relaxed_ortho_3_A27E_A31F_A34K_A36M_B54M_B57D_A73D_rep1.pdb
2026-02-26 19:35:11 EST ForkPoolWorker-36 INFO [__main__] Output: 1.0_relaxed_ortho_3_A27I_A31G_A34D_A36E_B54Q_B57T_A73F_rep3.pdb
2026-02-26 19:35:25 EST ForkPoolWorker-2 INFO [__main__] Output: 1.0_relaxed_ortho_3_A27Y_A31A_A34E_A36I_B54F_B57D_rep4.pdb
2026-02-26 19:35:25 EST ForkPoolWorker-6 INFO [__main__] Output: 1.0_relaxed_ortho_3_A27F_A31T_A34R_A36M_B54K_B57A_A73V_rep4.pdb
2026-02-26 19:36:14 EST ForkPoolWorker-10 INFO [__main__] Output: 1.0_relaxed_ortho_3_A27A_A31H_A34P_A36G_B54T_B57T_A73I_rep5.pdb
2026-02-26 19:36:36 EST ForkPoolWorker-8 INFO [__main__] Output: 1.0_relaxed_ortho_3_A27A_A31H_A34P_A36G_B54T_B57T_A73I_rep3.pdb
2026-02-26 19:38:29 EST ForkPoolWorker-31 INFO [__main__] Output: 1.0_relaxed_ortho_3_A27K_A31C_A34W_A36P_B54M_B57F_A73Y_rep3.pdb
2026-02-26 19:38:39 EST ForkPoolWorker-32 INFO [__main__] Output: 1.0_relaxed_ortho_3_A27K_A31C_A34W_A36P_B54M_B57F_A73Y_rep5.pdb
2026-02-26 19:38:54 EST ForkPoolWorker-3 INFO [__main__] Output: 1.0_relaxed_ortho_3_A27K_A31C_A34W_A36P_B54M_B57F_A73Y_rep1.pdb
2026-02-26 20:31:46 EST ForkPoolWorker-39 INFO [__main__] Output: 1.0_relaxed_ortho_3_A27H_A31S_A34V_A36H_B54M_B57I_A73L_rep4.pdb
2026-02-26 20:36:55 EST ForkPoolWorker-16 INFO [__main__] Output: 1.0_relaxed_ortho_3_A27E_A31Q_A34G_A36Q_B54E_B57M_A73A_rep4.pdb
2026-02-26 20:38:09 EST ForkPoolWorker-35 INFO [__main__] Output: 1.0_relaxed_ortho_3_A27H_A31S_A34V_A36H_B54M_B57I_A73L_rep2.pdb
2026-02-26 20:38:26 EST ForkPoolWorker-47 INFO [__main__] Output: 1.0_relaxed_ortho_3_A27E_A31Q_A34G_A36Q_B54E_B57M_A73A_rep2.pdb
2026-02-26 20:39:58 EST ForkPoolWorker-30 INFO [__main__] Output: 1.0_relaxed_ortho_3_A31V_A34A_A36R_B54Q_B57Y_A73P_rep1.pdb
2026-02-26 20:40:00 EST ForkPoolWorker-7 INFO [__main__] Output: 1.0_relaxed_ortho_3_A27D_A31N_A34H_B54K_B57H_rep1.pdb
2026-02-26 20:40:52 EST ForkPoolWorker-40 INFO [__main__] Output: 1.0_relaxed_ortho_3_A31V_A34A_A36R_B54Q_B57Y_A73P_rep5.pdb
2026-02-26 20:41:44 EST ForkPoolWorker-18 INFO [__main__] Output: 1.0_relaxed_ortho_3_A27H_A31L_A34S_A36K_B54C_B57I_A73L_rep2.pdb
2026-02-26 20:42:02 EST ForkPoolWorker-42 INFO [__main__] Output: 1.0_relaxed_ortho_3_A31V_A34A_A36R_B54Q_B57Y_A73P_rep3.pdb
2026-02-26 20:42:05 EST ForkPoolWorker-37 INFO [__main__] Output: 1.0_relaxed_ortho_3_A27S_A31Y_A34Y_A36M_B54P_B57I_A73T_rep5.pdb
2026-02-26 20:42:08 EST ForkPoolWorker-21 INFO [__main__] Output: 1.0_relaxed_ortho_3_A27H_A31L_A34S_A36K_B54C_B57I_A73L_rep4.pdb
2026-02-26 20:42:10 EST ForkPoolWorker-22 INFO [__main__] Output: 1.0_relaxed_ortho_3_A27S_A31Y_A34Y_A36M_B54P_B57I_A73T_rep1.pdb
2026-02-26 20:42:57 EST ForkPoolWorker-38 INFO [__main__] Output: 1.0_relaxed_ortho_3_A27D_A31T_A34R_A36T_B54T_B57L_A73N_rep3.pdb
2026-02-26 20:42:59 EST ForkPoolWorker-4 INFO [__main__] Output: 1.0_relaxed_ortho_3_A27D_A31N_A34H_B54K_B57H_rep5.pdb
2026-02-26 20:43:04 EST ForkPoolWorker-5 INFO [__main__] Output: 1.0_relaxed_ortho_3_A27F_A31H_A34M_A36L_B54L_B57K_A73N_rep4.pdb
2026-02-26 20:43:06 EST ForkPoolWorker-27 INFO [__main__] Output: 1.0_relaxed_ortho_3_A27L_A31N_A34V_B54P_B57H_A73E_rep2.pdb
2026-02-26 20:43:07 EST ForkPoolWorker-29 INFO [__main__] Output: 1.0_relaxed_ortho_3_A31A_A34K_A36Y_B54D_B57W_A73N_rep2.pdb
2026-02-26 20:43:08 EST ForkPoolWorker-43 INFO [__main__] Output: 1.0_relaxed_ortho_3_A27A_A31T_A34S_A36Y_B54I_B57G_A73W_rep3.pdb
2026-02-26 20:43:19 EST ForkPoolWorker-45 INFO [__main__] Output: 1.0_relaxed_ortho_3_A27S_A31Y_A34Y_A36M_B54P_B57I_A73T_rep3.pdb
2026-02-26 20:43:25 EST ForkPoolWorker-41 INFO [__main__] Output: 1.0_relaxed_ortho_3_A27A_A31T_A34S_A36Y_B54I_B57G_A73W_rep5.pdb
2026-02-26 20:43:49 EST ForkPoolWorker-14 INFO [__main__] Output: 1.0_relaxed_ortho_3_A27A_A31T_A34S_A36Y_B54I_B57G_A73W_rep1.pdb
2026-02-26 20:43:55 EST ForkPoolWorker-19 INFO [__main__] Output: 1.0_relaxed_ortho_3_A27D_A31P_A34H_A36A_B54M_B57E_A73K_rep2.pdb
2026-02-26 20:43:57 EST ForkPoolWorker-11 INFO [__main__] Output: 1.0_relaxed_ortho_3_A31A_A34K_A36Y_B54D_B57W_A73N_rep4.pdb
2026-02-26 20:44:05 EST ForkPoolWorker-26 INFO [__main__] Output: 1.0_relaxed_ortho_3_A27L_A31E_A34M_B54T_B57S_A73Q_rep1.pdb
2026-02-26 20:44:13 EST ForkPoolWorker-34 INFO [__main__] Output: 1.0_relaxed_ortho_3_A27D_A31N_A34H_B54K_B57H_rep3.pdb
2026-02-26 20:44:31 EST ForkPoolWorker-25 INFO [__main__] Output: 1.0_relaxed_ortho_3_A27D_A31T_A34R_A36T_B54T_B57L_A73N_rep5.pdb
2026-02-26 20:44:35 EST ForkPoolWorker-23 INFO [__main__] Output: 1.0_relaxed_ortho_3_A27L_A31N_A34V_B54P_B57H_A73E_rep4.pdb
2026-02-26 20:45:08 EST ForkPoolWorker-24 INFO [__main__] Output: 1.0_relaxed_ortho_3_A27D_A31T_A34R_A36T_B54T_B57L_A73N_rep1.pdb
2026-02-26 20:45:41 EST ForkPoolWorker-28 INFO [__main__] Output: 1.0_relaxed_ortho_3_A27D_A31P_A34H_A36A_B54M_B57E_A73K_rep4.pdb
2026-02-26 20:46:54 EST ForkPoolWorker-10 INFO [__main__] Output: 1.0_relaxed_ortho_3_A27H_A31K_A36I_B54F_B57K_A73W_rep3.pdb
2026-02-26 20:46:55 EST ForkPoolWorker-12 INFO [__main__] Output: 1.0_relaxed_ortho_3_A27Y_A31H_A34R_A36L_B54M_B57D_A73C_rep2.pdb
2026-02-26 20:47:23 EST ForkPoolWorker-15 INFO [__main__] Output: 1.0_relaxed_ortho_3_A27Y_A31H_A34R_A36L_B54M_B57D_A73C_rep4.pdb
2026-02-26 20:47:43 EST ForkPoolWorker-13 INFO [__main__] Output: 1.0_relaxed_ortho_3_A27F_A31H_A34M_A36L_B54L_B57K_A73N_rep2.pdb
2026-02-26 20:47:44 EST ForkPoolWorker-9 INFO [__main__] Output: 1.0_relaxed_ortho_3_A27L_A31E_A34M_B54T_B57S_A73Q_rep5.pdb
2026-02-26 20:47:49 EST ForkPoolWorker-44 INFO [__main__] Output: 1.0_relaxed_ortho_3_A27Y_A31N_A34L_A36Y_B57S_A73E_rep5.pdb
2026-02-26 20:47:54 EST ForkPoolWorker-1 INFO [__main__] Output: 1.0_relaxed_ortho_3_A27K_A31A_A36W_B54C_B57Y_A73T_rep3.pdb
2026-02-26 20:48:00 EST ForkPoolWorker-17 INFO [__main__] Output: 1.0_relaxed_ortho_3_A27Y_A31N_A34L_A36Y_B57S_A73E_rep3.pdb
2026-02-26 20:48:05 EST ForkPoolWorker-20 INFO [__main__] Output: 1.0_relaxed_ortho_3_A27K_A31A_A36W_B54C_B57Y_A73T_rep5.pdb
2026-02-26 20:48:39 EST ForkPoolWorker-6 INFO [__main__] Output: 1.0_relaxed_ortho_3_A27H_A31K_A36I_B54F_B57K_A73W_rep1.pdb
2026-02-26 20:48:45 EST ForkPoolWorker-46 INFO [__main__] Output: 1.0_relaxed_ortho_3_A27Y_A31N_A34L_A36Y_B57S_A73E_rep1.pdb
2026-02-26 20:49:02 EST ForkPoolWorker-8 INFO [__main__] Output: 1.0_relaxed_ortho_3_A27H_A31K_A36I_B54F_B57K_A73W_rep5.pdb
2026-02-26 20:49:19 EST ForkPoolWorker-33 INFO [__main__] Output: 1.0_relaxed_ortho_3_A27K_A31A_A36W_B54C_B57Y_A73T_rep1.pdb
2026-02-26 20:49:45 EST ForkPoolWorker-48 INFO [__main__] Output: 1.0_relaxed_ortho_3_A27L_A31E_A34M_B54T_B57S_A73Q_rep3.pdb
2026-02-26 20:50:15 EST ForkPoolWorker-36 INFO [__main__] Output: 1.0_relaxed_ortho_3_A27W_A31N_A34G_A36L_B54R_B57Y_A73Q_rep2.pdb
2026-02-26 20:52:12 EST ForkPoolWorker-3 INFO [__main__] Output: 1.0_relaxed_ortho_3_A27I_A31T_A34P_B54C_A73I_rep1.pdb
2026-02-26 20:52:34 EST ForkPoolWorker-2 INFO [__main__] Output: 1.0_relaxed_ortho_3_A27W_A31N_A34G_A36L_B54R_B57Y_A73Q_rep4.pdb
2026-02-26 20:56:11 EST ForkPoolWorker-32 INFO [__main__] Output: 1.0_relaxed_ortho_3_A27E_A31P_A34M_A36R_B54V_B57C_A73K_rep4.pdb
2026-02-26 20:59:50 EST ForkPoolWorker-31 INFO [__main__] Output: 1.0_relaxed_ortho_3_A27E_A31P_A34M_A36R_B54V_B57C_A73K_rep2.pdb
2026-02-26 21:43:37 EST ForkPoolWorker-39 INFO [__main__] Output: 1.0_relaxed_ortho_3_A27H_A31S_A34V_A36H_B54M_B57I_A73L_rep5.pdb
2026-02-26 21:48:31 EST ForkPoolWorker-47 INFO [__main__] Output: 1.0_relaxed_ortho_3_A27E_A31Q_A34G_A36Q_B54E_B57M_A73A_rep3.pdb
2026-02-26 21:48:43 EST ForkPoolWorker-16 INFO [__main__] Output: 1.0_relaxed_ortho_3_A27E_A31Q_A34G_A36Q_B54E_B57M_A73A_rep5.pdb
2026-02-26 21:51:48 EST ForkPoolWorker-40 INFO [__main__] Output: 1.0_relaxed_ortho_3_A27E_A31Q_A34G_A36Q_B54E_B57M_A73A_rep1.pdb
2026-02-26 21:52:30 EST ForkPoolWorker-35 INFO [__main__] Output: 1.0_relaxed_ortho_3_A27H_A31S_A34V_A36H_B54M_B57I_A73L_rep3.pdb
2026-02-26 21:53:09 EST ForkPoolWorker-38 INFO [__main__] Output: 1.0_relaxed_ortho_3_A27D_A31T_A34R_A36T_B54T_B57L_A73N_rep4.pdb
2026-02-26 21:53:41 EST ForkPoolWorker-18 INFO [__main__] Output: 1.0_relaxed_ortho_3_A27H_A31L_A34S_A36K_B54C_B57I_A73L_rep3.pdb
2026-02-26 21:53:56 EST ForkPoolWorker-7 INFO [__main__] Output: 1.0_relaxed_ortho_3_A27D_A31N_A34H_B54K_B57H_rep2.pdb
2026-02-26 21:54:43 EST ForkPoolWorker-25 INFO [__main__] Output: 1.0_relaxed_ortho_3_A27L_A31N_A34V_B54P_B57H_A73E_rep1.pdb
2026-02-26 21:54:57 EST ForkPoolWorker-37 INFO [__main__] Output: 1.0_relaxed_ortho_3_A31A_A34K_A36Y_B54D_B57W_A73N_rep1.pdb
2026-02-26 21:54:57 EST ForkPoolWorker-27 INFO [__main__] Output: 1.0_relaxed_ortho_3_A27L_A31N_A34V_B54P_B57H_A73E_rep3.pdb
2026-02-26 21:55:05 EST ForkPoolWorker-24 INFO [__main__] Output: 1.0_relaxed_ortho_3_A27D_A31T_A34R_A36T_B54T_B57L_A73N_rep2.pdb
2026-02-26 21:55:20 EST ForkPoolWorker-5 INFO [__main__] Output: 1.0_relaxed_ortho_3_A27F_A31H_A34M_A36L_B54L_B57K_A73N_rep5.pdb
2026-02-26 21:55:27 EST ForkPoolWorker-21 INFO [__main__] Output: 1.0_relaxed_ortho_3_A27H_A31L_A34S_A36K_B54C_B57I_A73L_rep5.pdb
2026-02-26 21:56:17 EST ForkPoolWorker-4 INFO [__main__] Output: 1.0_relaxed_ortho_3_A27H_A31L_A34S_A36K_B54C_B57I_A73L_rep1.pdb
2026-02-26 21:56:25 EST ForkPoolWorker-22 INFO [__main__] Output: 1.0_relaxed_ortho_3_A27S_A31Y_A34Y_A36M_B54P_B57I_A73T_rep2.pdb
2026-02-26 21:56:59 EST ForkPoolWorker-29 INFO [__main__] Output: 1.0_relaxed_ortho_3_A31A_A34K_A36Y_B54D_B57W_A73N_rep3.pdb
2026-02-26 21:57:08 EST ForkPoolWorker-26 INFO [__main__] Output: 1.0_relaxed_ortho_3_A27L_A31E_A34M_B54T_B57S_A73Q_rep2.pdb
2026-02-26 21:57:43 EST ForkPoolWorker-17 INFO [__main__] Output: 1.0_relaxed_ortho_3_A27Y_A31N_A34L_A36Y_B57S_A73E_rep4.pdb
2026-02-26 21:57:45 EST ForkPoolWorker-10 INFO [__main__] Output: 1.0_relaxed_ortho_3_A27H_A31K_A36I_B54F_B57K_A73W_rep4.pdb
2026-02-26 21:57:51 EST ForkPoolWorker-6 INFO [__main__] Output: 1.0_relaxed_ortho_3_A27H_A31K_A36I_B54F_B57K_A73W_rep2.pdb
2026-02-26 21:57:54 EST ForkPoolWorker-34 INFO [__main__] Output: 1.0_relaxed_ortho_3_A27D_A31N_A34H_B54K_B57H_rep4.pdb
2026-02-26 21:58:03 EST ForkPoolWorker-41 INFO [__main__] Output: 1.0_relaxed_ortho_3_A27D_A31P_A34H_A36A_B54M_B57E_A73K_rep1.pdb
2026-02-26 21:58:35 EST ForkPoolWorker-19 INFO [__main__] Output: 1.0_relaxed_ortho_3_A27D_A31P_A34H_A36A_B54M_B57E_A73K_rep3.pdb
2026-02-26 21:58:43 EST ForkPoolWorker-11 INFO [__main__] Output: 1.0_relaxed_ortho_3_A31A_A34K_A36Y_B54D_B57W_A73N_rep5.pdb
2026-02-26 21:58:44 EST ForkPoolWorker-23 INFO [__main__] Output: 1.0_relaxed_ortho_3_A27L_A31N_A34V_B54P_B57H_A73E_rep5.pdb
2026-02-26 21:58:48 EST ForkPoolWorker-14 INFO [__main__] Output: 1.0_relaxed_ortho_3_A27A_A31T_A34S_A36Y_B54I_B57G_A73W_rep2.pdb
2026-02-26 21:59:01 EST ForkPoolWorker-43 INFO [__main__] Output: 1.0_relaxed_ortho_3_A27A_A31T_A34S_A36Y_B54I_B57G_A73W_rep4.pdb
2026-02-26 21:59:13 EST ForkPoolWorker-30 INFO [__main__] Output: 1.0_relaxed_ortho_3_A31V_A34A_A36R_B54Q_B57Y_A73P_rep2.pdb
2026-02-26 21:59:15 EST ForkPoolWorker-45 INFO [__main__] Output: 1.0_relaxed_ortho_3_A27S_A31Y_A34Y_A36M_B54P_B57I_A73T_rep4.pdb
2026-02-26 22:00:54 EST ForkPoolWorker-28 INFO [__main__] Output: 1.0_relaxed_ortho_3_A27D_A31P_A34H_A36A_B54M_B57E_A73K_rep5.pdb
2026-02-26 22:01:06 EST ForkPoolWorker-9 INFO [__main__] Output: 1.0_relaxed_ortho_3_A27W_A31N_A34G_A36L_B54R_B57Y_A73Q_rep1.pdb
2026-02-26 22:01:27 EST ForkPoolWorker-20 INFO [__main__] Output: 1.0_relaxed_ortho_3_A27F_A31H_A34M_A36L_B54L_B57K_A73N_rep1.pdb
2026-02-26 22:01:41 EST ForkPoolWorker-12 INFO [__main__] Output: 1.0_relaxed_ortho_3_A27Y_A31H_A34R_A36L_B54M_B57D_A73C_rep3.pdb
2026-02-26 22:01:48 EST ForkPoolWorker-42 INFO [__main__] Output: 1.0_relaxed_ortho_3_A31V_A34A_A36R_B54Q_B57Y_A73P_rep4.pdb
2026-02-26 22:01:49 EST ForkPoolWorker-13 INFO [__main__] Output: 1.0_relaxed_ortho_3_A27F_A31H_A34M_A36L_B54L_B57K_A73N_rep3.pdb
2026-02-26 22:01:55 EST ForkPoolWorker-15 INFO [__main__] Output: 1.0_relaxed_ortho_3_A27Y_A31H_A34R_A36L_B54M_B57D_A73C_rep5.pdb
2026-02-26 22:02:05 EST ForkPoolWorker-44 INFO [__main__] Output: 1.0_relaxed_ortho_3_A27Y_A31H_A34R_A36L_B54M_B57D_A73C_rep1.pdb
2026-02-26 22:02:22 EST ForkPoolWorker-46 INFO [__main__] Output: 1.0_relaxed_ortho_3_A27Y_A31N_A34L_A36Y_B57S_A73E_rep2.pdb
2026-02-26 22:03:26 EST ForkPoolWorker-48 INFO [__main__] Output: 1.0_relaxed_ortho_3_A27L_A31E_A34M_B54T_B57S_A73Q_rep4.pdb
2026-02-26 22:05:01 EST ForkPoolWorker-1 INFO [__main__] Output: 1.0_relaxed_ortho_3_A27K_A31A_A36W_B54C_B57Y_A73T_rep4.pdb
2026-02-26 22:05:41 EST ForkPoolWorker-36 INFO [__main__] Output: 1.0_relaxed_ortho_3_A27W_A31N_A34G_A36L_B54R_B57Y_A73Q_rep3.pdb
2026-02-26 22:05:47 EST ForkPoolWorker-33 INFO [__main__] Output: 1.0_relaxed_ortho_3_A27K_A31A_A36W_B54C_B57Y_A73T_rep2.pdb
2026-02-26 22:06:51 EST ForkPoolWorker-3 INFO [__main__] Output: 1.0_relaxed_ortho_3_A27I_A31T_A34P_B54C_A73I_rep2.pdb
2026-02-26 22:08:18 EST ForkPoolWorker-2 INFO [__main__] Output: 1.0_relaxed_ortho_3_A27W_A31N_A34G_A36L_B54R_B57Y_A73Q_rep5.pdb
2026-02-26 22:08:45 EST ForkPoolWorker-8 INFO [__main__] Output: 1.0_relaxed_ortho_3_A27E_A31P_A34M_A36R_B54V_B57C_A73K_rep1.pdb
2026-02-26 22:12:15 EST ForkPoolWorker-32 INFO [__main__] Output: 1.0_relaxed_ortho_3_A27E_A31P_A34M_A36R_B54V_B57C_A73K_rep5.pdb
2026-02-26 22:18:45 EST ForkPoolWorker-31 INFO [__main__] Output: 1.0_relaxed_ortho_3_A27E_A31P_A34M_A36R_B54V_B57C_A73K_rep3.pdb
2026-02-26 22:54:35 EST ForkPoolWorker-39 INFO [__main__] Output: 1.0_relaxed_ortho_3_A27I_A31T_A34P_B54C_A73I_rep3.pdb
2026-02-26 22:59:15 EST ForkPoolWorker-16 INFO [__main__] Output: 1.0_relaxed_ortho_3_A27D_A31Y_A34C_A36I_B54T_B57D_A73I_rep2.pdb
2026-02-26 23:00:52 EST ForkPoolWorker-40 INFO [__main__] Output: 1.0_relaxed_ortho_3_A27D_A31Y_A34C_A36I_B54T_B57D_A73I_rep4.pdb
2026-02-26 23:01:15 EST ForkPoolWorker-47 INFO [__main__] Output: 1.0_relaxed_ortho_3_A27I_A31T_A34P_B54C_A73I_rep5.pdb
2026-02-26 23:03:18 EST ForkPoolWorker-41 INFO [__main__] Output: 1.0_relaxed_ortho_3_A27C_A31Y_A36A_B54D_B57I_A73A_rep2.pdb
2026-02-26 23:03:40 EST ForkPoolWorker-22 INFO [__main__] Output: 1.0_relaxed_ortho_3_A27V_A31W_A34M_A36I_B54D_B57V_A73I_rep3.pdb
2026-02-26 23:03:52 EST ForkPoolWorker-21 INFO [__main__] Output: 1.0_relaxed_ortho_3_A27D_A31T_A34D_A36F_B54R_B57M_A73T_rep4.pdb
2026-02-26 23:03:53 EST ForkPoolWorker-25 INFO [__main__] Output: 1.0_relaxed_ortho_3_A27Q_A31A_A34F_A36Q_B54S_B57I_A73W_rep4.pdb
2026-02-26 23:04:14 EST ForkPoolWorker-37 INFO [__main__] Output: 1.0_relaxed_ortho_3_A27P_A31K_A34K_A36S_B54Y_B57G_A73P_rep1.pdb
2026-02-26 23:04:24 EST ForkPoolWorker-7 INFO [__main__] Output: 1.0_relaxed_ortho_3_A27Q_A31A_A34F_A36Q_B54S_B57I_A73W_rep2.pdb
2026-02-26 23:04:25 EST ForkPoolWorker-35 INFO [__main__] Output: 1.0_relaxed_ortho_3_A27Y_A31S_A34L_A36M_B54E_B57D_A73W_rep1.pdb
2026-02-26 23:04:26 EST ForkPoolWorker-5 INFO [__main__] Output: 1.0_relaxed_ortho_3_A27D_A31T_A34D_A36F_B54R_B57M_A73T_rep2.pdb
2026-02-26 23:04:41 EST ForkPoolWorker-24 INFO [__main__] Output: 1.0_relaxed_ortho_3_A27P_A31K_A34K_A36S_B54Y_B57G_A73P_rep5.pdb
2026-02-26 23:04:56 EST ForkPoolWorker-6 INFO [__main__] Output: 1.0_relaxed_ortho_3_A27M_A31W_A34M_A36V_B54Y_B57K_A73V_rep3.pdb
2026-02-26 23:05:37 EST ForkPoolWorker-18 INFO [__main__] Output: 1.0_relaxed_ortho_3_A27Y_A31S_A34L_A36M_B54E_B57D_A73W_rep5.pdb
2026-02-26 23:05:39 EST ForkPoolWorker-14 INFO [__main__] Output: 1.0_relaxed_ortho_3_A27M_A31K_A34M_A36Y_B54G_B57H_A73S_rep5.pdb
2026-02-26 23:05:50 EST ForkPoolWorker-10 INFO [__main__] Output: 1.0_relaxed_ortho_3_A27M_A31W_A34M_A36V_B54Y_B57K_A73V_rep1.pdb
2026-02-26 23:06:07 EST ForkPoolWorker-19 INFO [__main__] Output: 1.0_relaxed_ortho_3_A27C_A31Y_A36A_B54D_B57I_A73A_rep4.pdb
2026-02-26 23:06:09 EST ForkPoolWorker-27 INFO [__main__] Output: 1.0_relaxed_ortho_3_A27P_A31K_A34K_A36S_B54Y_B57G_A73P_rep3.pdb
2026-02-26 23:06:19 EST ForkPoolWorker-38 INFO [__main__] Output: 1.0_relaxed_ortho_3_A27Y_A31S_A34L_A36M_B54E_B57D_A73W_rep3.pdb
2026-02-26 23:06:30 EST ForkPoolWorker-11 INFO [__main__] Output: 1.0_relaxed_ortho_3_A27M_A31K_A34M_A36Y_B54G_B57H_A73S_rep1.pdb
2026-02-26 23:07:03 EST ForkPoolWorker-34 INFO [__main__] Output: 1.0_relaxed_ortho_3_A27M_A31W_A34M_A36V_B54Y_B57K_A73V_rep5.pdb
2026-02-26 23:07:24 EST ForkPoolWorker-29 INFO [__main__] Output: 1.0_relaxed_ortho_3_A27V_A31W_A34M_A36I_B54D_B57V_A73I_rep5.pdb
2026-02-26 23:07:34 EST ForkPoolWorker-23 INFO [__main__] Output: 1.0_relaxed_ortho_3_A27M_A31K_A34M_A36Y_B54G_B57H_A73S_rep3.pdb
2026-02-26 23:08:43 EST ForkPoolWorker-43 INFO [__main__] Output: 1.0_relaxed_ortho_3_A31F_A34S_A36K_B54F_B57F_A73I_rep2.pdb
2026-02-26 23:09:00 EST ForkPoolWorker-17 INFO [__main__] Output: 1.0_relaxed_ortho_3_A27V_A31T_A34A_A36P_B54Q_B57G_rep4.pdb
2026-02-26 23:09:41 EST ForkPoolWorker-26 INFO [__main__] Output: 1.0_relaxed_ortho_3_A27V_A31T_A34A_A36P_B54Q_B57G_rep2.pdb
2026-02-26 23:10:17 EST ForkPoolWorker-30 INFO [__main__] Output: 1.0_relaxed_ortho_3_A31F_A34S_A36K_B54F_B57F_A73I_rep4.pdb
2026-02-26 23:11:10 EST ForkPoolWorker-4 INFO [__main__] Output: 1.0_relaxed_ortho_3_A27V_A31W_A34M_A36I_B54D_B57V_A73I_rep1.pdb
2026-02-27 00:05:36 EST ForkPoolWorker-39 INFO [__main__] Output: 1.0_relaxed_ortho_3_A27I_A31T_A34P_B54C_A73I_rep4.pdb
2026-02-27 00:06:22 EST ForkPoolWorker-16 INFO [__main__] Output: 1.0_relaxed_ortho_3_A27D_A31Y_A34C_A36I_B54T_B57D_A73I_rep3.pdb
2026-02-27 00:08:49 EST ForkPoolWorker-40 INFO [__main__] Output: 1.0_relaxed_ortho_3_A27D_A31Y_A34C_A36I_B54T_B57D_A73I_rep5.pdb
2026-02-27 00:10:38 EST ForkPoolWorker-41 INFO [__main__] Output: 1.0_relaxed_ortho_3_A27C_A31Y_A36A_B54D_B57I_A73A_rep3.pdb
2026-02-27 00:10:56 EST ForkPoolWorker-21 INFO [__main__] Output: 1.0_relaxed_ortho_3_A27D_A31T_A34D_A36F_B54R_B57M_A73T_rep5.pdb
2026-02-27 00:11:08 EST ForkPoolWorker-25 INFO [__main__] Output: 1.0_relaxed_ortho_3_A27Q_A31A_A34F_A36Q_B54S_B57I_A73W_rep5.pdb
2026-02-27 00:11:19 EST ForkPoolWorker-19 INFO [__main__] Output: 1.0_relaxed_ortho_3_A27C_A31Y_A36A_B54D_B57I_A73A_rep5.pdb
2026-02-27 00:11:47 EST ForkPoolWorker-6 INFO [__main__] Output: 1.0_relaxed_ortho_3_A27M_A31W_A34M_A36V_B54Y_B57K_A73V_rep4.pdb
2026-02-27 00:11:51 EST ForkPoolWorker-47 INFO [__main__] Output: 1.0_relaxed_ortho_3_A27D_A31Y_A34C_A36I_B54T_B57D_A73I_rep1.pdb
2026-02-27 00:12:48 EST ForkPoolWorker-34 INFO [__main__] Output: 1.0_relaxed_ortho_3_A27C_A31Y_A36A_B54D_B57I_A73A_rep1.pdb
2026-02-27 00:13:01 EST ForkPoolWorker-7 INFO [__main__] Output: 1.0_relaxed_ortho_3_A27Q_A31A_A34F_A36Q_B54S_B57I_A73W_rep3.pdb
2026-02-27 00:13:11 EST ForkPoolWorker-22 INFO [__main__] Output: 1.0_relaxed_ortho_3_A27V_A31W_A34M_A36I_B54D_B57V_A73I_rep4.pdb
2026-02-27 00:13:14 EST ForkPoolWorker-18 INFO [__main__] Output: 1.0_relaxed_ortho_3_A27Q_A31A_A34F_A36Q_B54S_B57I_A73W_rep1.pdb
2026-02-27 00:13:18 EST ForkPoolWorker-10 INFO [__main__] Output: 1.0_relaxed_ortho_3_A27M_A31W_A34M_A36V_B54Y_B57K_A73V_rep2.pdb
2026-02-27 00:13:43 EST ForkPoolWorker-37 INFO [__main__] Output: 1.0_relaxed_ortho_3_A27P_A31K_A34K_A36S_B54Y_B57G_A73P_rep2.pdb
2026-02-27 00:14:34 EST ForkPoolWorker-11 INFO [__main__] Output: 1.0_relaxed_ortho_3_A27M_A31K_A34M_A36Y_B54G_B57H_A73S_rep2.pdb
2026-02-27 00:14:40 EST ForkPoolWorker-27 INFO [__main__] Output: 1.0_relaxed_ortho_3_A27P_A31K_A34K_A36S_B54Y_B57G_A73P_rep4.pdb
2026-02-27 00:15:35 EST ForkPoolWorker-23 INFO [__main__] Output: 1.0_relaxed_ortho_3_A27M_A31K_A34M_A36Y_B54G_B57H_A73S_rep4.pdb
2026-02-27 00:15:42 EST ForkPoolWorker-24 INFO [__main__] Output: 1.0_relaxed_ortho_3_A27D_A31T_A34D_A36F_B54R_B57M_A73T_rep1.pdb
2026-02-27 00:16:03 EST ForkPoolWorker-5 INFO [__main__] Output: 1.0_relaxed_ortho_3_A27D_A31T_A34D_A36F_B54R_B57M_A73T_rep3.pdb
2026-02-27 00:16:23 EST ForkPoolWorker-14 INFO [__main__] Output: 1.0_relaxed_ortho_3_A31F_A34S_A36K_B54F_B57F_A73I_rep1.pdb
2026-02-27 00:16:54 EST ForkPoolWorker-35 INFO [__main__] Output: 1.0_relaxed_ortho_3_A27Y_A31S_A34L_A36M_B54E_B57D_A73W_rep2.pdb
2026-02-27 00:17:00 EST ForkPoolWorker-17 INFO [__main__] Output: 1.0_relaxed_ortho_3_A27V_A31T_A34A_A36P_B54Q_B57G_rep5.pdb
2026-02-27 00:18:09 EST ForkPoolWorker-29 INFO [__main__] Output: 1.0_relaxed_ortho_3_A27V_A31T_A34A_A36P_B54Q_B57G_rep1.pdb
2026-02-27 00:19:53 EST ForkPoolWorker-43 INFO [__main__] Output: 1.0_relaxed_ortho_3_A31F_A34S_A36K_B54F_B57F_A73I_rep3.pdb
2026-02-27 00:20:01 EST ForkPoolWorker-30 INFO [__main__] Output: 1.0_relaxed_ortho_3_A31F_A34S_A36K_B54F_B57F_A73I_rep5.pdb
2026-02-27 00:20:06 EST ForkPoolWorker-38 INFO [__main__] Output: 1.0_relaxed_ortho_3_A27Y_A31S_A34L_A36M_B54E_B57D_A73W_rep4.pdb
2026-02-27 00:20:29 EST ForkPoolWorker-26 INFO [__main__] Output: 1.0_relaxed_ortho_3_A27V_A31T_A34A_A36P_B54Q_B57G_rep3.pdb
2026-02-27 00:23:42 EST ForkPoolWorker-4 INFO [__main__] Output: 1.0_relaxed_ortho_3_A27V_A31W_A34M_A36I_B54D_B57V_A73I_rep2.pdb
2026-02-27 00:23:42 EST MainProcess INFO [__main__] Script execution completed
