Using existing logs directory.
2026-02-24 23:06:52 EST MainProcess INFO [numexpr.utils] Note: NumExpr detected 48 cores but "NUMEXPR_MAX_THREADS" not set, so enforcing safe limit of 8.
2026-02-24 23:06:52 EST MainProcess INFO [numexpr.utils] NumExpr defaulting to 8 threads.
[DEBUG] Parsed N49L, N52T, R68T -> [('A 49', 'L'), ('A 52', 'T'), ('A 68', 'T')]
[DEBUG] Parsed N29T, N52R, R68L -> [('A 29', 'T'), ('A 52', 'R'), ('A 68', 'L')]
[DEBUG] Parsed R22K, N29T, N49I, R68L -> [('A 22', 'K'), ('A 29', 'T'), ('A 49', 'I'), ('A 68', 'L')]
[DEBUG] Parsed N49I, N52R, R68L -> [('A 49', 'I'), ('A 52', 'R'), ('A 68', 'L')]
[DEBUG] Parsed R22Q, N49V, R68Q -> [('A 22', 'Q'), ('A 49', 'V'), ('A 68', 'Q')]
[DEBUG] Parsed R22K, N49V, R68L -> [('A 22', 'K'), ('A 49', 'V'), ('A 68', 'L')]
[DEBUG] Parsed N29G, N52R, R68D -> [('A 29', 'G'), ('A 52', 'R'), ('A 68', 'D')]
[DEBUG] Parsed N49T, N52R, R68E -> [('A 49', 'T'), ('A 52', 'R'), ('A 68', 'E')]
[DEBUG] Parsed R22P, N49V, R68L -> [('A 22', 'P'), ('A 49', 'V'), ('A 68', 'L')]
[DEBUG] Parsed R22D, R68E -> [('A 22', 'D'), ('A 68', 'E')]
[DEBUG] Parsed R22P, N49I, R68Y -> [('A 22', 'P'), ('A 49', 'I'), ('A 68', 'Y')]
[DEBUG] Parsed R22K, D26N, N29T, R68T -> [('A 22', 'K'), ('A 26', 'N'), ('A 29', 'T'), ('A 68', 'T')]
[DEBUG] Parsed N49V, R68T -> [('A 49', 'V'), ('A 68', 'T')]
[DEBUG] Parsed R22K, R68Y -> [('A 22', 'K'), ('A 68', 'Y')]
[DEBUG] Parsed R22T, R68Q -> [('A 22', 'T'), ('A 68', 'Q')]
[DEBUG] Parsed R22K, D26N, N52R, R68K -> [('A 22', 'K'), ('A 26', 'N'), ('A 52', 'R'), ('A 68', 'K')]
[DEBUG] Parsed N29T, N49V, N52R, R68L -> [('A 29', 'T'), ('A 49', 'V'), ('A 52', 'R'), ('A 68', 'L')]
[DEBUG] Parsed R22K, R68K -> [('A 22', 'K'), ('A 68', 'K')]
[DEBUG] Parsed R22A, R68E -> [('A 22', 'A'), ('A 68', 'E')]
[DEBUG] Parsed R22K, N49L, R68T -> [('A 22', 'K'), ('A 49', 'L'), ('A 68', 'T')]
[DEBUG] Parsed R22T, N29T, N52R, R68A -> [('A 22', 'T'), ('A 29', 'T'), ('A 52', 'R'), ('A 68', 'A')]
[DEBUG] Parsed R22T, R68T -> [('A 22', 'T'), ('A 68', 'T')]
[DEBUG] Parsed R68M -> [('A 68', 'M')]
[DEBUG] Parsed R22P, R68L -> [('A 22', 'P'), ('A 68', 'L')]
[DEBUG] Parsed R22Q, N49I, N52R, R68T -> [('A 22', 'Q'), ('A 49', 'I'), ('A 52', 'R'), ('A 68', 'T')]
[DEBUG] Parsed R22K, N49L, N52T, R68D -> [('A 22', 'K'), ('A 49', 'L'), ('A 52', 'T'), ('A 68', 'D')]
[DEBUG] Parsed N49I, R68L -> [('A 49', 'I'), ('A 68', 'L')]
[DEBUG] Parsed N52R, R68T -> [('A 52', 'R'), ('A 68', 'T')]
[DEBUG] Parsed R22E, N29G, R68T -> [('A 22', 'E'), ('A 29', 'G'), ('A 68', 'T')]
[DEBUG] Parsed N52T, R68L -> [('A 52', 'T'), ('A 68', 'L')]
[DEBUG] Parsed R68Q -> [('A 68', 'Q')]
[DEBUG] Parsed R22K, N49F, R68L -> [('A 22', 'K'), ('A 49', 'F'), ('A 68', 'L')]
[DEBUG] Parsed N31D, R68D -> [('A 31', 'D'), ('A 68', 'D')]
[DEBUG] Parsed N52R, R68E -> [('A 52', 'R'), ('A 68', 'E')]
[DEBUG] Parsed R22S, R68L -> [('A 22', 'S'), ('A 68', 'L')]
[DEBUG] Parsed R22K, N49L, R68E -> [('A 22', 'K'), ('A 49', 'L'), ('A 68', 'E')]
[DEBUG] Parsed R22S, R68T -> [('A 22', 'S'), ('A 68', 'T')]
[DEBUG] Parsed R22K, N52T, R68L -> [('A 22', 'K'), ('A 52', 'T'), ('A 68', 'L')]
[DEBUG] Parsed N29T, N49L, N52R, R68T -> [('A 29', 'T'), ('A 49', 'L'), ('A 52', 'R'), ('A 68', 'T')]
[DEBUG] Parsed R22P, N49L, N52T, R68L -> [('A 22', 'P'), ('A 49', 'L'), ('A 52', 'T'), ('A 68', 'L')]
[DEBUG] Parsed N29T, N52R, R68Y -> [('A 29', 'T'), ('A 52', 'R'), ('A 68', 'Y')]
[DEBUG] Parsed R68Y -> [('A 68', 'Y')]
[DEBUG] Parsed R22K, N52R, R68Y -> [('A 22', 'K'), ('A 52', 'R'), ('A 68', 'Y')]
[DEBUG] Creating jobs for bundle: [('A 49', 'L'), ('A 52', 'T'), ('A 68', 'T')]
[DEBUG] Output file: /scratch4/jgray21/zhuggan1/projects/orthosystems/tryingggg/pos_neg_design/OrthoMPNN/Rosetta/output_pdbs/pmpnn_ortho/neg0.6/0.6_relaxed_ortho_3_A49L_A52T_A68T_rep1.pdb
[DEBUG] Output file: /scratch4/jgray21/zhuggan1/projects/orthosystems/tryingggg/pos_neg_design/OrthoMPNN/Rosetta/output_pdbs/pmpnn_ortho/neg0.6/0.6_relaxed_ortho_3_A49L_A52T_A68T_rep2.pdb
[DEBUG] Output file: /scratch4/jgray21/zhuggan1/projects/orthosystems/tryingggg/pos_neg_design/OrthoMPNN/Rosetta/output_pdbs/pmpnn_ortho/neg0.6/0.6_relaxed_ortho_3_A49L_A52T_A68T_rep3.pdb
[DEBUG] Output file: /scratch4/jgray21/zhuggan1/projects/orthosystems/tryingggg/pos_neg_design/OrthoMPNN/Rosetta/output_pdbs/pmpnn_ortho/neg0.6/0.6_relaxed_ortho_3_A49L_A52T_A68T_rep4.pdb
[DEBUG] Output file: /scratch4/jgray21/zhuggan1/projects/orthosystems/tryingggg/pos_neg_design/OrthoMPNN/Rosetta/output_pdbs/pmpnn_ortho/neg0.6/0.6_relaxed_ortho_3_A49L_A52T_A68T_rep5.pdb
[DEBUG] Creating jobs for bundle: [('A 29', 'T'), ('A 52', 'R'), ('A 68', 'L')]
[DEBUG] Output file: /scratch4/jgray21/zhuggan1/projects/orthosystems/tryingggg/pos_neg_design/OrthoMPNN/Rosetta/output_pdbs/pmpnn_ortho/neg0.6/0.6_relaxed_ortho_3_A29T_A52R_A68L_rep1.pdb
[DEBUG] Output file: /scratch4/jgray21/zhuggan1/projects/orthosystems/tryingggg/pos_neg_design/OrthoMPNN/Rosetta/output_pdbs/pmpnn_ortho/neg0.6/0.6_relaxed_ortho_3_A29T_A52R_A68L_rep2.pdb
[DEBUG] Output file: /scratch4/jgray21/zhuggan1/projects/orthosystems/tryingggg/pos_neg_design/OrthoMPNN/Rosetta/output_pdbs/pmpnn_ortho/neg0.6/0.6_relaxed_ortho_3_A29T_A52R_A68L_rep3.pdb
[DEBUG] Output file: /scratch4/jgray21/zhuggan1/projects/orthosystems/tryingggg/pos_neg_design/OrthoMPNN/Rosetta/output_pdbs/pmpnn_ortho/neg0.6/0.6_relaxed_ortho_3_A29T_A52R_A68L_rep4.pdb
[DEBUG] Output file: /scratch4/jgray21/zhuggan1/projects/orthosystems/tryingggg/pos_neg_design/OrthoMPNN/Rosetta/output_pdbs/pmpnn_ortho/neg0.6/0.6_relaxed_ortho_3_A29T_A52R_A68L_rep5.pdb
[DEBUG] Creating jobs for bundle: [('A 22', 'K'), ('A 29', 'T'), ('A 49', 'I'), ('A 68', 'L')]
[DEBUG] Output file: /scratch4/jgray21/zhuggan1/projects/orthosystems/tryingggg/pos_neg_design/OrthoMPNN/Rosetta/output_pdbs/pmpnn_ortho/neg0.6/0.6_relaxed_ortho_3_A22K_A29T_A49I_A68L_rep1.pdb
[DEBUG] Output file: /scratch4/jgray21/zhuggan1/projects/orthosystems/tryingggg/pos_neg_design/OrthoMPNN/Rosetta/output_pdbs/pmpnn_ortho/neg0.6/0.6_relaxed_ortho_3_A22K_A29T_A49I_A68L_rep2.pdb
[DEBUG] Output file: /scratch4/jgray21/zhuggan1/projects/orthosystems/tryingggg/pos_neg_design/OrthoMPNN/Rosetta/output_pdbs/pmpnn_ortho/neg0.6/0.6_relaxed_ortho_3_A22K_A29T_A49I_A68L_rep3.pdb
[DEBUG] Output file: /scratch4/jgray21/zhuggan1/projects/orthosystems/tryingggg/pos_neg_design/OrthoMPNN/Rosetta/output_pdbs/pmpnn_ortho/neg0.6/0.6_relaxed_ortho_3_A22K_A29T_A49I_A68L_rep4.pdb
[DEBUG] Output file: /scratch4/jgray21/zhuggan1/projects/orthosystems/tryingggg/pos_neg_design/OrthoMPNN/Rosetta/output_pdbs/pmpnn_ortho/neg0.6/0.6_relaxed_ortho_3_A22K_A29T_A49I_A68L_rep5.pdb
[DEBUG] Creating jobs for bundle: [('A 49', 'I'), ('A 52', 'R'), ('A 68', 'L')]
[DEBUG] Output file: /scratch4/jgray21/zhuggan1/projects/orthosystems/tryingggg/pos_neg_design/OrthoMPNN/Rosetta/output_pdbs/pmpnn_ortho/neg0.6/0.6_relaxed_ortho_3_A49I_A52R_A68L_rep1.pdb
[DEBUG] Output file: /scratch4/jgray21/zhuggan1/projects/orthosystems/tryingggg/pos_neg_design/OrthoMPNN/Rosetta/output_pdbs/pmpnn_ortho/neg0.6/0.6_relaxed_ortho_3_A49I_A52R_A68L_rep2.pdb
[DEBUG] Output file: /scratch4/jgray21/zhuggan1/projects/orthosystems/tryingggg/pos_neg_design/OrthoMPNN/Rosetta/output_pdbs/pmpnn_ortho/neg0.6/0.6_relaxed_ortho_3_A49I_A52R_A68L_rep3.pdb
[DEBUG] Output file: /scratch4/jgray21/zhuggan1/projects/orthosystems/tryingggg/pos_neg_design/OrthoMPNN/Rosetta/output_pdbs/pmpnn_ortho/neg0.6/0.6_relaxed_ortho_3_A49I_A52R_A68L_rep4.pdb
[DEBUG] Output file: /scratch4/jgray21/zhuggan1/projects/orthosystems/tryingggg/pos_neg_design/OrthoMPNN/Rosetta/output_pdbs/pmpnn_ortho/neg0.6/0.6_relaxed_ortho_3_A49I_A52R_A68L_rep5.pdb
[DEBUG] Creating jobs for bundle: [('A 22', 'Q'), ('A 49', 'V'), ('A 68', 'Q')]
[DEBUG] Output file: /scratch4/jgray21/zhuggan1/projects/orthosystems/tryingggg/pos_neg_design/OrthoMPNN/Rosetta/output_pdbs/pmpnn_ortho/neg0.6/0.6_relaxed_ortho_3_A22Q_A49V_A68Q_rep1.pdb
[DEBUG] Output file: /scratch4/jgray21/zhuggan1/projects/orthosystems/tryingggg/pos_neg_design/OrthoMPNN/Rosetta/output_pdbs/pmpnn_ortho/neg0.6/0.6_relaxed_ortho_3_A22Q_A49V_A68Q_rep2.pdb
[DEBUG] Output file: /scratch4/jgray21/zhuggan1/projects/orthosystems/tryingggg/pos_neg_design/OrthoMPNN/Rosetta/output_pdbs/pmpnn_ortho/neg0.6/0.6_relaxed_ortho_3_A22Q_A49V_A68Q_rep3.pdb
[DEBUG] Output file: /scratch4/jgray21/zhuggan1/projects/orthosystems/tryingggg/pos_neg_design/OrthoMPNN/Rosetta/output_pdbs/pmpnn_ortho/neg0.6/0.6_relaxed_ortho_3_A22Q_A49V_A68Q_rep4.pdb
[DEBUG] Output file: /scratch4/jgray21/zhuggan1/projects/orthosystems/tryingggg/pos_neg_design/OrthoMPNN/Rosetta/output_pdbs/pmpnn_ortho/neg0.6/0.6_relaxed_ortho_3_A22Q_A49V_A68Q_rep5.pdb
[DEBUG] Creating jobs for bundle: [('A 22', 'K'), ('A 49', 'V'), ('A 68', 'L')]
[DEBUG] Output file: /scratch4/jgray21/zhuggan1/projects/orthosystems/tryingggg/pos_neg_design/OrthoMPNN/Rosetta/output_pdbs/pmpnn_ortho/neg0.6/0.6_relaxed_ortho_3_A22K_A49V_A68L_rep1.pdb
[DEBUG] Output file: /scratch4/jgray21/zhuggan1/projects/orthosystems/tryingggg/pos_neg_design/OrthoMPNN/Rosetta/output_pdbs/pmpnn_ortho/neg0.6/0.6_relaxed_ortho_3_A22K_A49V_A68L_rep2.pdb
[DEBUG] Output file: /scratch4/jgray21/zhuggan1/projects/orthosystems/tryingggg/pos_neg_design/OrthoMPNN/Rosetta/output_pdbs/pmpnn_ortho/neg0.6/0.6_relaxed_ortho_3_A22K_A49V_A68L_rep3.pdb
[DEBUG] Output file: /scratch4/jgray21/zhuggan1/projects/orthosystems/tryingggg/pos_neg_design/OrthoMPNN/Rosetta/output_pdbs/pmpnn_ortho/neg0.6/0.6_relaxed_ortho_3_A22K_A49V_A68L_rep4.pdb
[DEBUG] Output file: /scratch4/jgray21/zhuggan1/projects/orthosystems/tryingggg/pos_neg_design/OrthoMPNN/Rosetta/output_pdbs/pmpnn_ortho/neg0.6/0.6_relaxed_ortho_3_A22K_A49V_A68L_rep5.pdb
[DEBUG] Creating jobs for bundle: [('A 29', 'G'), ('A 52', 'R'), ('A 68', 'D')]
[DEBUG] Output file: /scratch4/jgray21/zhuggan1/projects/orthosystems/tryingggg/pos_neg_design/OrthoMPNN/Rosetta/output_pdbs/pmpnn_ortho/neg0.6/0.6_relaxed_ortho_3_A29G_A52R_A68D_rep1.pdb
[DEBUG] Output file: /scratch4/jgray21/zhuggan1/projects/orthosystems/tryingggg/pos_neg_design/OrthoMPNN/Rosetta/output_pdbs/pmpnn_ortho/neg0.6/0.6_relaxed_ortho_3_A29G_A52R_A68D_rep2.pdb
[DEBUG] Output file: /scratch4/jgray21/zhuggan1/projects/orthosystems/tryingggg/pos_neg_design/OrthoMPNN/Rosetta/output_pdbs/pmpnn_ortho/neg0.6/0.6_relaxed_ortho_3_A29G_A52R_A68D_rep3.pdb
[DEBUG] Output file: /scratch4/jgray21/zhuggan1/projects/orthosystems/tryingggg/pos_neg_design/OrthoMPNN/Rosetta/output_pdbs/pmpnn_ortho/neg0.6/0.6_relaxed_ortho_3_A29G_A52R_A68D_rep4.pdb
[DEBUG] Output file: /scratch4/jgray21/zhuggan1/projects/orthosystems/tryingggg/pos_neg_design/OrthoMPNN/Rosetta/output_pdbs/pmpnn_ortho/neg0.6/0.6_relaxed_ortho_3_A29G_A52R_A68D_rep5.pdb
[DEBUG] Creating jobs for bundle: [('A 49', 'T'), ('A 52', 'R'), ('A 68', 'E')]
[DEBUG] Output file: /scratch4/jgray21/zhuggan1/projects/orthosystems/tryingggg/pos_neg_design/OrthoMPNN/Rosetta/output_pdbs/pmpnn_ortho/neg0.6/0.6_relaxed_ortho_3_A49T_A52R_A68E_rep1.pdb
[DEBUG] Output file: /scratch4/jgray21/zhuggan1/projects/orthosystems/tryingggg/pos_neg_design/OrthoMPNN/Rosetta/output_pdbs/pmpnn_ortho/neg0.6/0.6_relaxed_ortho_3_A49T_A52R_A68E_rep2.pdb
[DEBUG] Output file: /scratch4/jgray21/zhuggan1/projects/orthosystems/tryingggg/pos_neg_design/OrthoMPNN/Rosetta/output_pdbs/pmpnn_ortho/neg0.6/0.6_relaxed_ortho_3_A49T_A52R_A68E_rep3.pdb
[DEBUG] Output file: /scratch4/jgray21/zhuggan1/projects/orthosystems/tryingggg/pos_neg_design/OrthoMPNN/Rosetta/output_pdbs/pmpnn_ortho/neg0.6/0.6_relaxed_ortho_3_A49T_A52R_A68E_rep4.pdb
[DEBUG] Output file: /scratch4/jgray21/zhuggan1/projects/orthosystems/tryingggg/pos_neg_design/OrthoMPNN/Rosetta/output_pdbs/pmpnn_ortho/neg0.6/0.6_relaxed_ortho_3_A49T_A52R_A68E_rep5.pdb
[DEBUG] Creating jobs for bundle: [('A 22', 'P'), ('A 49', 'V'), ('A 68', 'L')]
[DEBUG] Output file: /scratch4/jgray21/zhuggan1/projects/orthosystems/tryingggg/pos_neg_design/OrthoMPNN/Rosetta/output_pdbs/pmpnn_ortho/neg0.6/0.6_relaxed_ortho_3_A22P_A49V_A68L_rep1.pdb
[DEBUG] Output file: /scratch4/jgray21/zhuggan1/projects/orthosystems/tryingggg/pos_neg_design/OrthoMPNN/Rosetta/output_pdbs/pmpnn_ortho/neg0.6/0.6_relaxed_ortho_3_A22P_A49V_A68L_rep2.pdb
[DEBUG] Output file: /scratch4/jgray21/zhuggan1/projects/orthosystems/tryingggg/pos_neg_design/OrthoMPNN/Rosetta/output_pdbs/pmpnn_ortho/neg0.6/0.6_relaxed_ortho_3_A22P_A49V_A68L_rep3.pdb
[DEBUG] Output file: /scratch4/jgray21/zhuggan1/projects/orthosystems/tryingggg/pos_neg_design/OrthoMPNN/Rosetta/output_pdbs/pmpnn_ortho/neg0.6/0.6_relaxed_ortho_3_A22P_A49V_A68L_rep4.pdb
[DEBUG] Output file: /scratch4/jgray21/zhuggan1/projects/orthosystems/tryingggg/pos_neg_design/OrthoMPNN/Rosetta/output_pdbs/pmpnn_ortho/neg0.6/0.6_relaxed_ortho_3_A22P_A49V_A68L_rep5.pdb
[DEBUG] Creating jobs for bundle: [('A 22', 'D'), ('A 68', 'E')]
[DEBUG] Output file: /scratch4/jgray21/zhuggan1/projects/orthosystems/tryingggg/pos_neg_design/OrthoMPNN/Rosetta/output_pdbs/pmpnn_ortho/neg0.6/0.6_relaxed_ortho_3_A22D_A68E_rep1.pdb
[DEBUG] Output file: /scratch4/jgray21/zhuggan1/projects/orthosystems/tryingggg/pos_neg_design/OrthoMPNN/Rosetta/output_pdbs/pmpnn_ortho/neg0.6/0.6_relaxed_ortho_3_A22D_A68E_rep2.pdb
[DEBUG] Output file: /scratch4/jgray21/zhuggan1/projects/orthosystems/tryingggg/pos_neg_design/OrthoMPNN/Rosetta/output_pdbs/pmpnn_ortho/neg0.6/0.6_relaxed_ortho_3_A22D_A68E_rep3.pdb
[DEBUG] Output file: /scratch4/jgray21/zhuggan1/projects/orthosystems/tryingggg/pos_neg_design/OrthoMPNN/Rosetta/output_pdbs/pmpnn_ortho/neg0.6/0.6_relaxed_ortho_3_A22D_A68E_rep4.pdb
[DEBUG] Output file: /scratch4/jgray21/zhuggan1/projects/orthosystems/tryingggg/pos_neg_design/OrthoMPNN/Rosetta/output_pdbs/pmpnn_ortho/neg0.6/0.6_relaxed_ortho_3_A22D_A68E_rep5.pdb
[DEBUG] Creating jobs for bundle: [('A 22', 'P'), ('A 49', 'I'), ('A 68', 'Y')]
[DEBUG] Output file: /scratch4/jgray21/zhuggan1/projects/orthosystems/tryingggg/pos_neg_design/OrthoMPNN/Rosetta/output_pdbs/pmpnn_ortho/neg0.6/0.6_relaxed_ortho_3_A22P_A49I_A68Y_rep1.pdb
[DEBUG] Output file: /scratch4/jgray21/zhuggan1/projects/orthosystems/tryingggg/pos_neg_design/OrthoMPNN/Rosetta/output_pdbs/pmpnn_ortho/neg0.6/0.6_relaxed_ortho_3_A22P_A49I_A68Y_rep2.pdb
[DEBUG] Output file: /scratch4/jgray21/zhuggan1/projects/orthosystems/tryingggg/pos_neg_design/OrthoMPNN/Rosetta/output_pdbs/pmpnn_ortho/neg0.6/0.6_relaxed_ortho_3_A22P_A49I_A68Y_rep3.pdb
[DEBUG] Output file: /scratch4/jgray21/zhuggan1/projects/orthosystems/tryingggg/pos_neg_design/OrthoMPNN/Rosetta/output_pdbs/pmpnn_ortho/neg0.6/0.6_relaxed_ortho_3_A22P_A49I_A68Y_rep4.pdb
[DEBUG] Output file: /scratch4/jgray21/zhuggan1/projects/orthosystems/tryingggg/pos_neg_design/OrthoMPNN/Rosetta/output_pdbs/pmpnn_ortho/neg0.6/0.6_relaxed_ortho_3_A22P_A49I_A68Y_rep5.pdb
[DEBUG] Creating jobs for bundle: [('A 22', 'K'), ('A 26', 'N'), ('A 29', 'T'), ('A 68', 'T')]
[DEBUG] Output file: /scratch4/jgray21/zhuggan1/projects/orthosystems/tryingggg/pos_neg_design/OrthoMPNN/Rosetta/output_pdbs/pmpnn_ortho/neg0.6/0.6_relaxed_ortho_3_A22K_A26N_A29T_A68T_rep1.pdb
[DEBUG] Output file: /scratch4/jgray21/zhuggan1/projects/orthosystems/tryingggg/pos_neg_design/OrthoMPNN/Rosetta/output_pdbs/pmpnn_ortho/neg0.6/0.6_relaxed_ortho_3_A22K_A26N_A29T_A68T_rep2.pdb
[DEBUG] Output file: /scratch4/jgray21/zhuggan1/projects/orthosystems/tryingggg/pos_neg_design/OrthoMPNN/Rosetta/output_pdbs/pmpnn_ortho/neg0.6/0.6_relaxed_ortho_3_A22K_A26N_A29T_A68T_rep3.pdb
[DEBUG] Output file: /scratch4/jgray21/zhuggan1/projects/orthosystems/tryingggg/pos_neg_design/OrthoMPNN/Rosetta/output_pdbs/pmpnn_ortho/neg0.6/0.6_relaxed_ortho_3_A22K_A26N_A29T_A68T_rep4.pdb
[DEBUG] Output file: /scratch4/jgray21/zhuggan1/projects/orthosystems/tryingggg/pos_neg_design/OrthoMPNN/Rosetta/output_pdbs/pmpnn_ortho/neg0.6/0.6_relaxed_ortho_3_A22K_A26N_A29T_A68T_rep5.pdb
[DEBUG] Creating jobs for bundle: [('A 49', 'V'), ('A 68', 'T')]
[DEBUG] Output file: /scratch4/jgray21/zhuggan1/projects/orthosystems/tryingggg/pos_neg_design/OrthoMPNN/Rosetta/output_pdbs/pmpnn_ortho/neg0.6/0.6_relaxed_ortho_3_A49V_A68T_rep1.pdb
[DEBUG] Output file: /scratch4/jgray21/zhuggan1/projects/orthosystems/tryingggg/pos_neg_design/OrthoMPNN/Rosetta/output_pdbs/pmpnn_ortho/neg0.6/0.6_relaxed_ortho_3_A49V_A68T_rep2.pdb
[DEBUG] Output file: /scratch4/jgray21/zhuggan1/projects/orthosystems/tryingggg/pos_neg_design/OrthoMPNN/Rosetta/output_pdbs/pmpnn_ortho/neg0.6/0.6_relaxed_ortho_3_A49V_A68T_rep3.pdb
[DEBUG] Output file: /scratch4/jgray21/zhuggan1/projects/orthosystems/tryingggg/pos_neg_design/OrthoMPNN/Rosetta/output_pdbs/pmpnn_ortho/neg0.6/0.6_relaxed_ortho_3_A49V_A68T_rep4.pdb
[DEBUG] Output file: /scratch4/jgray21/zhuggan1/projects/orthosystems/tryingggg/pos_neg_design/OrthoMPNN/Rosetta/output_pdbs/pmpnn_ortho/neg0.6/0.6_relaxed_ortho_3_A49V_A68T_rep5.pdb
[DEBUG] Creating jobs for bundle: [('A 22', 'K'), ('A 68', 'Y')]
[DEBUG] Output file: /scratch4/jgray21/zhuggan1/projects/orthosystems/tryingggg/pos_neg_design/OrthoMPNN/Rosetta/output_pdbs/pmpnn_ortho/neg0.6/0.6_relaxed_ortho_3_A22K_A68Y_rep1.pdb
[DEBUG] Output file: /scratch4/jgray21/zhuggan1/projects/orthosystems/tryingggg/pos_neg_design/OrthoMPNN/Rosetta/output_pdbs/pmpnn_ortho/neg0.6/0.6_relaxed_ortho_3_A22K_A68Y_rep2.pdb
[DEBUG] Output file: /scratch4/jgray21/zhuggan1/projects/orthosystems/tryingggg/pos_neg_design/OrthoMPNN/Rosetta/output_pdbs/pmpnn_ortho/neg0.6/0.6_relaxed_ortho_3_A22K_A68Y_rep3.pdb
[DEBUG] Output file: /scratch4/jgray21/zhuggan1/projects/orthosystems/tryingggg/pos_neg_design/OrthoMPNN/Rosetta/output_pdbs/pmpnn_ortho/neg0.6/0.6_relaxed_ortho_3_A22K_A68Y_rep4.pdb
[DEBUG] Output file: /scratch4/jgray21/zhuggan1/projects/orthosystems/tryingggg/pos_neg_design/OrthoMPNN/Rosetta/output_pdbs/pmpnn_ortho/neg0.6/0.6_relaxed_ortho_3_A22K_A68Y_rep5.pdb
[DEBUG] Creating jobs for bundle: [('A 22', 'T'), ('A 68', 'Q')]
[DEBUG] Output file: /scratch4/jgray21/zhuggan1/projects/orthosystems/tryingggg/pos_neg_design/OrthoMPNN/Rosetta/output_pdbs/pmpnn_ortho/neg0.6/0.6_relaxed_ortho_3_A22T_A68Q_rep1.pdb
[DEBUG] Output file: /scratch4/jgray21/zhuggan1/projects/orthosystems/tryingggg/pos_neg_design/OrthoMPNN/Rosetta/output_pdbs/pmpnn_ortho/neg0.6/0.6_relaxed_ortho_3_A22T_A68Q_rep2.pdb
[DEBUG] Output file: /scratch4/jgray21/zhuggan1/projects/orthosystems/tryingggg/pos_neg_design/OrthoMPNN/Rosetta/output_pdbs/pmpnn_ortho/neg0.6/0.6_relaxed_ortho_3_A22T_A68Q_rep3.pdb
[DEBUG] Output file: /scratch4/jgray21/zhuggan1/projects/orthosystems/tryingggg/pos_neg_design/OrthoMPNN/Rosetta/output_pdbs/pmpnn_ortho/neg0.6/0.6_relaxed_ortho_3_A22T_A68Q_rep4.pdb
[DEBUG] Output file: /scratch4/jgray21/zhuggan1/projects/orthosystems/tryingggg/pos_neg_design/OrthoMPNN/Rosetta/output_pdbs/pmpnn_ortho/neg0.6/0.6_relaxed_ortho_3_A22T_A68Q_rep5.pdb
[DEBUG] Creating jobs for bundle: [('A 22', 'K'), ('A 26', 'N'), ('A 52', 'R'), ('A 68', 'K')]
[DEBUG] Output file: /scratch4/jgray21/zhuggan1/projects/orthosystems/tryingggg/pos_neg_design/OrthoMPNN/Rosetta/output_pdbs/pmpnn_ortho/neg0.6/0.6_relaxed_ortho_3_A22K_A26N_A52R_A68K_rep1.pdb
[DEBUG] Output file: /scratch4/jgray21/zhuggan1/projects/orthosystems/tryingggg/pos_neg_design/OrthoMPNN/Rosetta/output_pdbs/pmpnn_ortho/neg0.6/0.6_relaxed_ortho_3_A22K_A26N_A52R_A68K_rep2.pdb
[DEBUG] Output file: /scratch4/jgray21/zhuggan1/projects/orthosystems/tryingggg/pos_neg_design/OrthoMPNN/Rosetta/output_pdbs/pmpnn_ortho/neg0.6/0.6_relaxed_ortho_3_A22K_A26N_A52R_A68K_rep3.pdb
[DEBUG] Output file: /scratch4/jgray21/zhuggan1/projects/orthosystems/tryingggg/pos_neg_design/OrthoMPNN/Rosetta/output_pdbs/pmpnn_ortho/neg0.6/0.6_relaxed_ortho_3_A22K_A26N_A52R_A68K_rep4.pdb
[DEBUG] Output file: /scratch4/jgray21/zhuggan1/projects/orthosystems/tryingggg/pos_neg_design/OrthoMPNN/Rosetta/output_pdbs/pmpnn_ortho/neg0.6/0.6_relaxed_ortho_3_A22K_A26N_A52R_A68K_rep5.pdb
[DEBUG] Creating jobs for bundle: [('A 29', 'T'), ('A 49', 'V'), ('A 52', 'R'), ('A 68', 'L')]
[DEBUG] Output file: /scratch4/jgray21/zhuggan1/projects/orthosystems/tryingggg/pos_neg_design/OrthoMPNN/Rosetta/output_pdbs/pmpnn_ortho/neg0.6/0.6_relaxed_ortho_3_A29T_A49V_A52R_A68L_rep1.pdb
[DEBUG] Output file: /scratch4/jgray21/zhuggan1/projects/orthosystems/tryingggg/pos_neg_design/OrthoMPNN/Rosetta/output_pdbs/pmpnn_ortho/neg0.6/0.6_relaxed_ortho_3_A29T_A49V_A52R_A68L_rep2.pdb
[DEBUG] Output file: /scratch4/jgray21/zhuggan1/projects/orthosystems/tryingggg/pos_neg_design/OrthoMPNN/Rosetta/output_pdbs/pmpnn_ortho/neg0.6/0.6_relaxed_ortho_3_A29T_A49V_A52R_A68L_rep3.pdb
[DEBUG] Output file: /scratch4/jgray21/zhuggan1/projects/orthosystems/tryingggg/pos_neg_design/OrthoMPNN/Rosetta/output_pdbs/pmpnn_ortho/neg0.6/0.6_relaxed_ortho_3_A29T_A49V_A52R_A68L_rep4.pdb
[DEBUG] Output file: /scratch4/jgray21/zhuggan1/projects/orthosystems/tryingggg/pos_neg_design/OrthoMPNN/Rosetta/output_pdbs/pmpnn_ortho/neg0.6/0.6_relaxed_ortho_3_A29T_A49V_A52R_A68L_rep5.pdb
[DEBUG] Creating jobs for bundle: [('A 22', 'K'), ('A 68', 'K')]
[DEBUG] Output file: /scratch4/jgray21/zhuggan1/projects/orthosystems/tryingggg/pos_neg_design/OrthoMPNN/Rosetta/output_pdbs/pmpnn_ortho/neg0.6/0.6_relaxed_ortho_3_A22K_A68K_rep1.pdb
[DEBUG] Output file: /scratch4/jgray21/zhuggan1/projects/orthosystems/tryingggg/pos_neg_design/OrthoMPNN/Rosetta/output_pdbs/pmpnn_ortho/neg0.6/0.6_relaxed_ortho_3_A22K_A68K_rep2.pdb
[DEBUG] Output file: /scratch4/jgray21/zhuggan1/projects/orthosystems/tryingggg/pos_neg_design/OrthoMPNN/Rosetta/output_pdbs/pmpnn_ortho/neg0.6/0.6_relaxed_ortho_3_A22K_A68K_rep3.pdb
[DEBUG] Output file: /scratch4/jgray21/zhuggan1/projects/orthosystems/tryingggg/pos_neg_design/OrthoMPNN/Rosetta/output_pdbs/pmpnn_ortho/neg0.6/0.6_relaxed_ortho_3_A22K_A68K_rep4.pdb
[DEBUG] Output file: /scratch4/jgray21/zhuggan1/projects/orthosystems/tryingggg/pos_neg_design/OrthoMPNN/Rosetta/output_pdbs/pmpnn_ortho/neg0.6/0.6_relaxed_ortho_3_A22K_A68K_rep5.pdb
[DEBUG] Creating jobs for bundle: [('A 22', 'A'), ('A 68', 'E')]
[DEBUG] Output file: /scratch4/jgray21/zhuggan1/projects/orthosystems/tryingggg/pos_neg_design/OrthoMPNN/Rosetta/output_pdbs/pmpnn_ortho/neg0.6/0.6_relaxed_ortho_3_A22A_A68E_rep1.pdb
[DEBUG] Output file: /scratch4/jgray21/zhuggan1/projects/orthosystems/tryingggg/pos_neg_design/OrthoMPNN/Rosetta/output_pdbs/pmpnn_ortho/neg0.6/0.6_relaxed_ortho_3_A22A_A68E_rep2.pdb
[DEBUG] Output file: /scratch4/jgray21/zhuggan1/projects/orthosystems/tryingggg/pos_neg_design/OrthoMPNN/Rosetta/output_pdbs/pmpnn_ortho/neg0.6/0.6_relaxed_ortho_3_A22A_A68E_rep3.pdb
[DEBUG] Output file: /scratch4/jgray21/zhuggan1/projects/orthosystems/tryingggg/pos_neg_design/OrthoMPNN/Rosetta/output_pdbs/pmpnn_ortho/neg0.6/0.6_relaxed_ortho_3_A22A_A68E_rep4.pdb
[DEBUG] Output file: /scratch4/jgray21/zhuggan1/projects/orthosystems/tryingggg/pos_neg_design/OrthoMPNN/Rosetta/output_pdbs/pmpnn_ortho/neg0.6/0.6_relaxed_ortho_3_A22A_A68E_rep5.pdb
[DEBUG] Creating jobs for bundle: [('A 22', 'K'), ('A 49', 'L'), ('A 68', 'T')]
[DEBUG] Output file: /scratch4/jgray21/zhuggan1/projects/orthosystems/tryingggg/pos_neg_design/OrthoMPNN/Rosetta/output_pdbs/pmpnn_ortho/neg0.6/0.6_relaxed_ortho_3_A22K_A49L_A68T_rep1.pdb
[DEBUG] Output file: /scratch4/jgray21/zhuggan1/projects/orthosystems/tryingggg/pos_neg_design/OrthoMPNN/Rosetta/output_pdbs/pmpnn_ortho/neg0.6/0.6_relaxed_ortho_3_A22K_A49L_A68T_rep2.pdb
[DEBUG] Output file: /scratch4/jgray21/zhuggan1/projects/orthosystems/tryingggg/pos_neg_design/OrthoMPNN/Rosetta/output_pdbs/pmpnn_ortho/neg0.6/0.6_relaxed_ortho_3_A22K_A49L_A68T_rep3.pdb
[DEBUG] Output file: /scratch4/jgray21/zhuggan1/projects/orthosystems/tryingggg/pos_neg_design/OrthoMPNN/Rosetta/output_pdbs/pmpnn_ortho/neg0.6/0.6_relaxed_ortho_3_A22K_A49L_A68T_rep4.pdb
[DEBUG] Output file: /scratch4/jgray21/zhuggan1/projects/orthosystems/tryingggg/pos_neg_design/OrthoMPNN/Rosetta/output_pdbs/pmpnn_ortho/neg0.6/0.6_relaxed_ortho_3_A22K_A49L_A68T_rep5.pdb
[DEBUG] Creating jobs for bundle: [('A 22', 'T'), ('A 29', 'T'), ('A 52', 'R'), ('A 68', 'A')]
[DEBUG] Output file: /scratch4/jgray21/zhuggan1/projects/orthosystems/tryingggg/pos_neg_design/OrthoMPNN/Rosetta/output_pdbs/pmpnn_ortho/neg0.6/0.6_relaxed_ortho_3_A22T_A29T_A52R_A68A_rep1.pdb
[DEBUG] Output file: /scratch4/jgray21/zhuggan1/projects/orthosystems/tryingggg/pos_neg_design/OrthoMPNN/Rosetta/output_pdbs/pmpnn_ortho/neg0.6/0.6_relaxed_ortho_3_A22T_A29T_A52R_A68A_rep2.pdb
[DEBUG] Output file: /scratch4/jgray21/zhuggan1/projects/orthosystems/tryingggg/pos_neg_design/OrthoMPNN/Rosetta/output_pdbs/pmpnn_ortho/neg0.6/0.6_relaxed_ortho_3_A22T_A29T_A52R_A68A_rep3.pdb
[DEBUG] Output file: /scratch4/jgray21/zhuggan1/projects/orthosystems/tryingggg/pos_neg_design/OrthoMPNN/Rosetta/output_pdbs/pmpnn_ortho/neg0.6/0.6_relaxed_ortho_3_A22T_A29T_A52R_A68A_rep4.pdb
[DEBUG] Output file: /scratch4/jgray21/zhuggan1/projects/orthosystems/tryingggg/pos_neg_design/OrthoMPNN/Rosetta/output_pdbs/pmpnn_ortho/neg0.6/0.6_relaxed_ortho_3_A22T_A29T_A52R_A68A_rep5.pdb
[DEBUG] Creating jobs for bundle: [('A 22', 'T'), ('A 68', 'T')]
[DEBUG] Output file: /scratch4/jgray21/zhuggan1/projects/orthosystems/tryingggg/pos_neg_design/OrthoMPNN/Rosetta/output_pdbs/pmpnn_ortho/neg0.6/0.6_relaxed_ortho_3_A22T_A68T_rep1.pdb
[DEBUG] Output file: /scratch4/jgray21/zhuggan1/projects/orthosystems/tryingggg/pos_neg_design/OrthoMPNN/Rosetta/output_pdbs/pmpnn_ortho/neg0.6/0.6_relaxed_ortho_3_A22T_A68T_rep2.pdb
[DEBUG] Output file: /scratch4/jgray21/zhuggan1/projects/orthosystems/tryingggg/pos_neg_design/OrthoMPNN/Rosetta/output_pdbs/pmpnn_ortho/neg0.6/0.6_relaxed_ortho_3_A22T_A68T_rep3.pdb
[DEBUG] Output file: /scratch4/jgray21/zhuggan1/projects/orthosystems/tryingggg/pos_neg_design/OrthoMPNN/Rosetta/output_pdbs/pmpnn_ortho/neg0.6/0.6_relaxed_ortho_3_A22T_A68T_rep4.pdb
[DEBUG] Output file: /scratch4/jgray21/zhuggan1/projects/orthosystems/tryingggg/pos_neg_design/OrthoMPNN/Rosetta/output_pdbs/pmpnn_ortho/neg0.6/0.6_relaxed_ortho_3_A22T_A68T_rep5.pdb
[DEBUG] Creating jobs for bundle: [('A 68', 'M')]
[DEBUG] Output file: /scratch4/jgray21/zhuggan1/projects/orthosystems/tryingggg/pos_neg_design/OrthoMPNN/Rosetta/output_pdbs/pmpnn_ortho/neg0.6/0.6_relaxed_ortho_3_A68M_rep1.pdb
[DEBUG] Output file: /scratch4/jgray21/zhuggan1/projects/orthosystems/tryingggg/pos_neg_design/OrthoMPNN/Rosetta/output_pdbs/pmpnn_ortho/neg0.6/0.6_relaxed_ortho_3_A68M_rep2.pdb
[DEBUG] Output file: /scratch4/jgray21/zhuggan1/projects/orthosystems/tryingggg/pos_neg_design/OrthoMPNN/Rosetta/output_pdbs/pmpnn_ortho/neg0.6/0.6_relaxed_ortho_3_A68M_rep3.pdb
[DEBUG] Output file: /scratch4/jgray21/zhuggan1/projects/orthosystems/tryingggg/pos_neg_design/OrthoMPNN/Rosetta/output_pdbs/pmpnn_ortho/neg0.6/0.6_relaxed_ortho_3_A68M_rep4.pdb
[DEBUG] Output file: /scratch4/jgray21/zhuggan1/projects/orthosystems/tryingggg/pos_neg_design/OrthoMPNN/Rosetta/output_pdbs/pmpnn_ortho/neg0.6/0.6_relaxed_ortho_3_A68M_rep5.pdb
[DEBUG] Creating jobs for bundle: [('A 22', 'P'), ('A 68', 'L')]
[DEBUG] Output file: /scratch4/jgray21/zhuggan1/projects/orthosystems/tryingggg/pos_neg_design/OrthoMPNN/Rosetta/output_pdbs/pmpnn_ortho/neg0.6/0.6_relaxed_ortho_3_A22P_A68L_rep1.pdb
[DEBUG] Output file: /scratch4/jgray21/zhuggan1/projects/orthosystems/tryingggg/pos_neg_design/OrthoMPNN/Rosetta/output_pdbs/pmpnn_ortho/neg0.6/0.6_relaxed_ortho_3_A22P_A68L_rep2.pdb
[DEBUG] Output file: /scratch4/jgray21/zhuggan1/projects/orthosystems/tryingggg/pos_neg_design/OrthoMPNN/Rosetta/output_pdbs/pmpnn_ortho/neg0.6/0.6_relaxed_ortho_3_A22P_A68L_rep3.pdb
[DEBUG] Output file: /scratch4/jgray21/zhuggan1/projects/orthosystems/tryingggg/pos_neg_design/OrthoMPNN/Rosetta/output_pdbs/pmpnn_ortho/neg0.6/0.6_relaxed_ortho_3_A22P_A68L_rep4.pdb
[DEBUG] Output file: /scratch4/jgray21/zhuggan1/projects/orthosystems/tryingggg/pos_neg_design/OrthoMPNN/Rosetta/output_pdbs/pmpnn_ortho/neg0.6/0.6_relaxed_ortho_3_A22P_A68L_rep5.pdb
[DEBUG] Creating jobs for bundle: [('A 22', 'Q'), ('A 49', 'I'), ('A 52', 'R'), ('A 68', 'T')]
[DEBUG] Output file: /scratch4/jgray21/zhuggan1/projects/orthosystems/tryingggg/pos_neg_design/OrthoMPNN/Rosetta/output_pdbs/pmpnn_ortho/neg0.6/0.6_relaxed_ortho_3_A22Q_A49I_A52R_A68T_rep1.pdb
[DEBUG] Output file: /scratch4/jgray21/zhuggan1/projects/orthosystems/tryingggg/pos_neg_design/OrthoMPNN/Rosetta/output_pdbs/pmpnn_ortho/neg0.6/0.6_relaxed_ortho_3_A22Q_A49I_A52R_A68T_rep2.pdb
[DEBUG] Output file: /scratch4/jgray21/zhuggan1/projects/orthosystems/tryingggg/pos_neg_design/OrthoMPNN/Rosetta/output_pdbs/pmpnn_ortho/neg0.6/0.6_relaxed_ortho_3_A22Q_A49I_A52R_A68T_rep3.pdb
[DEBUG] Output file: /scratch4/jgray21/zhuggan1/projects/orthosystems/tryingggg/pos_neg_design/OrthoMPNN/Rosetta/output_pdbs/pmpnn_ortho/neg0.6/0.6_relaxed_ortho_3_A22Q_A49I_A52R_A68T_rep4.pdb
[DEBUG] Output file: /scratch4/jgray21/zhuggan1/projects/orthosystems/tryingggg/pos_neg_design/OrthoMPNN/Rosetta/output_pdbs/pmpnn_ortho/neg0.6/0.6_relaxed_ortho_3_A22Q_A49I_A52R_A68T_rep5.pdb
[DEBUG] Creating jobs for bundle: [('A 22', 'K'), ('A 49', 'L'), ('A 52', 'T'), ('A 68', 'D')]
[DEBUG] Output file: /scratch4/jgray21/zhuggan1/projects/orthosystems/tryingggg/pos_neg_design/OrthoMPNN/Rosetta/output_pdbs/pmpnn_ortho/neg0.6/0.6_relaxed_ortho_3_A22K_A49L_A52T_A68D_rep1.pdb
[DEBUG] Output file: /scratch4/jgray21/zhuggan1/projects/orthosystems/tryingggg/pos_neg_design/OrthoMPNN/Rosetta/output_pdbs/pmpnn_ortho/neg0.6/0.6_relaxed_ortho_3_A22K_A49L_A52T_A68D_rep2.pdb
[DEBUG] Output file: /scratch4/jgray21/zhuggan1/projects/orthosystems/tryingggg/pos_neg_design/OrthoMPNN/Rosetta/output_pdbs/pmpnn_ortho/neg0.6/0.6_relaxed_ortho_3_A22K_A49L_A52T_A68D_rep3.pdb
[DEBUG] Output file: /scratch4/jgray21/zhuggan1/projects/orthosystems/tryingggg/pos_neg_design/OrthoMPNN/Rosetta/output_pdbs/pmpnn_ortho/neg0.6/0.6_relaxed_ortho_3_A22K_A49L_A52T_A68D_rep4.pdb
[DEBUG] Output file: /scratch4/jgray21/zhuggan1/projects/orthosystems/tryingggg/pos_neg_design/OrthoMPNN/Rosetta/output_pdbs/pmpnn_ortho/neg0.6/0.6_relaxed_ortho_3_A22K_A49L_A52T_A68D_rep5.pdb
[DEBUG] Creating jobs for bundle: [('A 49', 'I'), ('A 68', 'L')]
[DEBUG] Output file: /scratch4/jgray21/zhuggan1/projects/orthosystems/tryingggg/pos_neg_design/OrthoMPNN/Rosetta/output_pdbs/pmpnn_ortho/neg0.6/0.6_relaxed_ortho_3_A49I_A68L_rep1.pdb
[DEBUG] Output file: /scratch4/jgray21/zhuggan1/projects/orthosystems/tryingggg/pos_neg_design/OrthoMPNN/Rosetta/output_pdbs/pmpnn_ortho/neg0.6/0.6_relaxed_ortho_3_A49I_A68L_rep2.pdb
[DEBUG] Output file: /scratch4/jgray21/zhuggan1/projects/orthosystems/tryingggg/pos_neg_design/OrthoMPNN/Rosetta/output_pdbs/pmpnn_ortho/neg0.6/0.6_relaxed_ortho_3_A49I_A68L_rep3.pdb
[DEBUG] Output file: /scratch4/jgray21/zhuggan1/projects/orthosystems/tryingggg/pos_neg_design/OrthoMPNN/Rosetta/output_pdbs/pmpnn_ortho/neg0.6/0.6_relaxed_ortho_3_A49I_A68L_rep4.pdb
[DEBUG] Output file: /scratch4/jgray21/zhuggan1/projects/orthosystems/tryingggg/pos_neg_design/OrthoMPNN/Rosetta/output_pdbs/pmpnn_ortho/neg0.6/0.6_relaxed_ortho_3_A49I_A68L_rep5.pdb
[DEBUG] Creating jobs for bundle: [('A 52', 'R'), ('A 68', 'T')]
[DEBUG] Output file: /scratch4/jgray21/zhuggan1/projects/orthosystems/tryingggg/pos_neg_design/OrthoMPNN/Rosetta/output_pdbs/pmpnn_ortho/neg0.6/0.6_relaxed_ortho_3_A52R_A68T_rep1.pdb
[DEBUG] Output file: /scratch4/jgray21/zhuggan1/projects/orthosystems/tryingggg/pos_neg_design/OrthoMPNN/Rosetta/output_pdbs/pmpnn_ortho/neg0.6/0.6_relaxed_ortho_3_A52R_A68T_rep2.pdb
[DEBUG] Output file: /scratch4/jgray21/zhuggan1/projects/orthosystems/tryingggg/pos_neg_design/OrthoMPNN/Rosetta/output_pdbs/pmpnn_ortho/neg0.6/0.6_relaxed_ortho_3_A52R_A68T_rep3.pdb
[DEBUG] Output file: /scratch4/jgray21/zhuggan1/projects/orthosystems/tryingggg/pos_neg_design/OrthoMPNN/Rosetta/output_pdbs/pmpnn_ortho/neg0.6/0.6_relaxed_ortho_3_A52R_A68T_rep4.pdb
[DEBUG] Output file: /scratch4/jgray21/zhuggan1/projects/orthosystems/tryingggg/pos_neg_design/OrthoMPNN/Rosetta/output_pdbs/pmpnn_ortho/neg0.6/0.6_relaxed_ortho_3_A52R_A68T_rep5.pdb
[DEBUG] Creating jobs for bundle: [('A 22', 'E'), ('A 29', 'G'), ('A 68', 'T')]
[DEBUG] Output file: /scratch4/jgray21/zhuggan1/projects/orthosystems/tryingggg/pos_neg_design/OrthoMPNN/Rosetta/output_pdbs/pmpnn_ortho/neg0.6/0.6_relaxed_ortho_3_A22E_A29G_A68T_rep1.pdb
[DEBUG] Output file: /scratch4/jgray21/zhuggan1/projects/orthosystems/tryingggg/pos_neg_design/OrthoMPNN/Rosetta/output_pdbs/pmpnn_ortho/neg0.6/0.6_relaxed_ortho_3_A22E_A29G_A68T_rep2.pdb
[DEBUG] Output file: /scratch4/jgray21/zhuggan1/projects/orthosystems/tryingggg/pos_neg_design/OrthoMPNN/Rosetta/output_pdbs/pmpnn_ortho/neg0.6/0.6_relaxed_ortho_3_A22E_A29G_A68T_rep3.pdb
[DEBUG] Output file: /scratch4/jgray21/zhuggan1/projects/orthosystems/tryingggg/pos_neg_design/OrthoMPNN/Rosetta/output_pdbs/pmpnn_ortho/neg0.6/0.6_relaxed_ortho_3_A22E_A29G_A68T_rep4.pdb
[DEBUG] Output file: /scratch4/jgray21/zhuggan1/projects/orthosystems/tryingggg/pos_neg_design/OrthoMPNN/Rosetta/output_pdbs/pmpnn_ortho/neg0.6/0.6_relaxed_ortho_3_A22E_A29G_A68T_rep5.pdb
[DEBUG] Creating jobs for bundle: [('A 52', 'T'), ('A 68', 'L')]
[DEBUG] Output file: /scratch4/jgray21/zhuggan1/projects/orthosystems/tryingggg/pos_neg_design/OrthoMPNN/Rosetta/output_pdbs/pmpnn_ortho/neg0.6/0.6_relaxed_ortho_3_A52T_A68L_rep1.pdb
[DEBUG] Output file: /scratch4/jgray21/zhuggan1/projects/orthosystems/tryingggg/pos_neg_design/OrthoMPNN/Rosetta/output_pdbs/pmpnn_ortho/neg0.6/0.6_relaxed_ortho_3_A52T_A68L_rep2.pdb
[DEBUG] Output file: /scratch4/jgray21/zhuggan1/projects/orthosystems/tryingggg/pos_neg_design/OrthoMPNN/Rosetta/output_pdbs/pmpnn_ortho/neg0.6/0.6_relaxed_ortho_3_A52T_A68L_rep3.pdb
[DEBUG] Output file: /scratch4/jgray21/zhuggan1/projects/orthosystems/tryingggg/pos_neg_design/OrthoMPNN/Rosetta/output_pdbs/pmpnn_ortho/neg0.6/0.6_relaxed_ortho_3_A52T_A68L_rep4.pdb
[DEBUG] Output file: /scratch4/jgray21/zhuggan1/projects/orthosystems/tryingggg/pos_neg_design/OrthoMPNN/Rosetta/output_pdbs/pmpnn_ortho/neg0.6/0.6_relaxed_ortho_3_A52T_A68L_rep5.pdb
[DEBUG] Creating jobs for bundle: [('A 68', 'Q')]
[DEBUG] Output file: /scratch4/jgray21/zhuggan1/projects/orthosystems/tryingggg/pos_neg_design/OrthoMPNN/Rosetta/output_pdbs/pmpnn_ortho/neg0.6/0.6_relaxed_ortho_3_A68Q_rep1.pdb
[DEBUG] Output file: /scratch4/jgray21/zhuggan1/projects/orthosystems/tryingggg/pos_neg_design/OrthoMPNN/Rosetta/output_pdbs/pmpnn_ortho/neg0.6/0.6_relaxed_ortho_3_A68Q_rep2.pdb
[DEBUG] Output file: /scratch4/jgray21/zhuggan1/projects/orthosystems/tryingggg/pos_neg_design/OrthoMPNN/Rosetta/output_pdbs/pmpnn_ortho/neg0.6/0.6_relaxed_ortho_3_A68Q_rep3.pdb
[DEBUG] Output file: /scratch4/jgray21/zhuggan1/projects/orthosystems/tryingggg/pos_neg_design/OrthoMPNN/Rosetta/output_pdbs/pmpnn_ortho/neg0.6/0.6_relaxed_ortho_3_A68Q_rep4.pdb
[DEBUG] Output file: /scratch4/jgray21/zhuggan1/projects/orthosystems/tryingggg/pos_neg_design/OrthoMPNN/Rosetta/output_pdbs/pmpnn_ortho/neg0.6/0.6_relaxed_ortho_3_A68Q_rep5.pdb
[DEBUG] Creating jobs for bundle: [('A 22', 'K'), ('A 49', 'F'), ('A 68', 'L')]
[DEBUG] Output file: /scratch4/jgray21/zhuggan1/projects/orthosystems/tryingggg/pos_neg_design/OrthoMPNN/Rosetta/output_pdbs/pmpnn_ortho/neg0.6/0.6_relaxed_ortho_3_A22K_A49F_A68L_rep1.pdb
[DEBUG] Output file: /scratch4/jgray21/zhuggan1/projects/orthosystems/tryingggg/pos_neg_design/OrthoMPNN/Rosetta/output_pdbs/pmpnn_ortho/neg0.6/0.6_relaxed_ortho_3_A22K_A49F_A68L_rep2.pdb
[DEBUG] Output file: /scratch4/jgray21/zhuggan1/projects/orthosystems/tryingggg/pos_neg_design/OrthoMPNN/Rosetta/output_pdbs/pmpnn_ortho/neg0.6/0.6_relaxed_ortho_3_A22K_A49F_A68L_rep3.pdb
[DEBUG] Output file: /scratch4/jgray21/zhuggan1/projects/orthosystems/tryingggg/pos_neg_design/OrthoMPNN/Rosetta/output_pdbs/pmpnn_ortho/neg0.6/0.6_relaxed_ortho_3_A22K_A49F_A68L_rep4.pdb
[DEBUG] Output file: /scratch4/jgray21/zhuggan1/projects/orthosystems/tryingggg/pos_neg_design/OrthoMPNN/Rosetta/output_pdbs/pmpnn_ortho/neg0.6/0.6_relaxed_ortho_3_A22K_A49F_A68L_rep5.pdb
[DEBUG] Creating jobs for bundle: [('A 31', 'D'), ('A 68', 'D')]
[DEBUG] Output file: /scratch4/jgray21/zhuggan1/projects/orthosystems/tryingggg/pos_neg_design/OrthoMPNN/Rosetta/output_pdbs/pmpnn_ortho/neg0.6/0.6_relaxed_ortho_3_A31D_A68D_rep1.pdb
[DEBUG] Output file: /scratch4/jgray21/zhuggan1/projects/orthosystems/tryingggg/pos_neg_design/OrthoMPNN/Rosetta/output_pdbs/pmpnn_ortho/neg0.6/0.6_relaxed_ortho_3_A31D_A68D_rep2.pdb
[DEBUG] Output file: /scratch4/jgray21/zhuggan1/projects/orthosystems/tryingggg/pos_neg_design/OrthoMPNN/Rosetta/output_pdbs/pmpnn_ortho/neg0.6/0.6_relaxed_ortho_3_A31D_A68D_rep3.pdb
[DEBUG] Output file: /scratch4/jgray21/zhuggan1/projects/orthosystems/tryingggg/pos_neg_design/OrthoMPNN/Rosetta/output_pdbs/pmpnn_ortho/neg0.6/0.6_relaxed_ortho_3_A31D_A68D_rep4.pdb
[DEBUG] Output file: /scratch4/jgray21/zhuggan1/projects/orthosystems/tryingggg/pos_neg_design/OrthoMPNN/Rosetta/output_pdbs/pmpnn_ortho/neg0.6/0.6_relaxed_ortho_3_A31D_A68D_rep5.pdb
[DEBUG] Creating jobs for bundle: [('A 52', 'R'), ('A 68', 'E')]
[DEBUG] Output file: /scratch4/jgray21/zhuggan1/projects/orthosystems/tryingggg/pos_neg_design/OrthoMPNN/Rosetta/output_pdbs/pmpnn_ortho/neg0.6/0.6_relaxed_ortho_3_A52R_A68E_rep1.pdb
[DEBUG] Output file: /scratch4/jgray21/zhuggan1/projects/orthosystems/tryingggg/pos_neg_design/OrthoMPNN/Rosetta/output_pdbs/pmpnn_ortho/neg0.6/0.6_relaxed_ortho_3_A52R_A68E_rep2.pdb
[DEBUG] Output file: /scratch4/jgray21/zhuggan1/projects/orthosystems/tryingggg/pos_neg_design/OrthoMPNN/Rosetta/output_pdbs/pmpnn_ortho/neg0.6/0.6_relaxed_ortho_3_A52R_A68E_rep3.pdb
[DEBUG] Output file: /scratch4/jgray21/zhuggan1/projects/orthosystems/tryingggg/pos_neg_design/OrthoMPNN/Rosetta/output_pdbs/pmpnn_ortho/neg0.6/0.6_relaxed_ortho_3_A52R_A68E_rep4.pdb
[DEBUG] Output file: /scratch4/jgray21/zhuggan1/projects/orthosystems/tryingggg/pos_neg_design/OrthoMPNN/Rosetta/output_pdbs/pmpnn_ortho/neg0.6/0.6_relaxed_ortho_3_A52R_A68E_rep5.pdb
[DEBUG] Creating jobs for bundle: [('A 22', 'S'), ('A 68', 'L')]
[DEBUG] Output file: /scratch4/jgray21/zhuggan1/projects/orthosystems/tryingggg/pos_neg_design/OrthoMPNN/Rosetta/output_pdbs/pmpnn_ortho/neg0.6/0.6_relaxed_ortho_3_A22S_A68L_rep1.pdb
[DEBUG] Output file: /scratch4/jgray21/zhuggan1/projects/orthosystems/tryingggg/pos_neg_design/OrthoMPNN/Rosetta/output_pdbs/pmpnn_ortho/neg0.6/0.6_relaxed_ortho_3_A22S_A68L_rep2.pdb
[DEBUG] Output file: /scratch4/jgray21/zhuggan1/projects/orthosystems/tryingggg/pos_neg_design/OrthoMPNN/Rosetta/output_pdbs/pmpnn_ortho/neg0.6/0.6_relaxed_ortho_3_A22S_A68L_rep3.pdb
[DEBUG] Output file: /scratch4/jgray21/zhuggan1/projects/orthosystems/tryingggg/pos_neg_design/OrthoMPNN/Rosetta/output_pdbs/pmpnn_ortho/neg0.6/0.6_relaxed_ortho_3_A22S_A68L_rep4.pdb
[DEBUG] Output file: /scratch4/jgray21/zhuggan1/projects/orthosystems/tryingggg/pos_neg_design/OrthoMPNN/Rosetta/output_pdbs/pmpnn_ortho/neg0.6/0.6_relaxed_ortho_3_A22S_A68L_rep5.pdb
[DEBUG] Creating jobs for bundle: [('A 22', 'K'), ('A 49', 'L'), ('A 68', 'E')]
[DEBUG] Output file: /scratch4/jgray21/zhuggan1/projects/orthosystems/tryingggg/pos_neg_design/OrthoMPNN/Rosetta/output_pdbs/pmpnn_ortho/neg0.6/0.6_relaxed_ortho_3_A22K_A49L_A68E_rep1.pdb
[DEBUG] Output file: /scratch4/jgray21/zhuggan1/projects/orthosystems/tryingggg/pos_neg_design/OrthoMPNN/Rosetta/output_pdbs/pmpnn_ortho/neg0.6/0.6_relaxed_ortho_3_A22K_A49L_A68E_rep2.pdb
[DEBUG] Output file: /scratch4/jgray21/zhuggan1/projects/orthosystems/tryingggg/pos_neg_design/OrthoMPNN/Rosetta/output_pdbs/pmpnn_ortho/neg0.6/0.6_relaxed_ortho_3_A22K_A49L_A68E_rep3.pdb
[DEBUG] Output file: /scratch4/jgray21/zhuggan1/projects/orthosystems/tryingggg/pos_neg_design/OrthoMPNN/Rosetta/output_pdbs/pmpnn_ortho/neg0.6/0.6_relaxed_ortho_3_A22K_A49L_A68E_rep4.pdb
[DEBUG] Output file: /scratch4/jgray21/zhuggan1/projects/orthosystems/tryingggg/pos_neg_design/OrthoMPNN/Rosetta/output_pdbs/pmpnn_ortho/neg0.6/0.6_relaxed_ortho_3_A22K_A49L_A68E_rep5.pdb
[DEBUG] Creating jobs for bundle: [('A 22', 'S'), ('A 68', 'T')]
[DEBUG] Output file: /scratch4/jgray21/zhuggan1/projects/orthosystems/tryingggg/pos_neg_design/OrthoMPNN/Rosetta/output_pdbs/pmpnn_ortho/neg0.6/0.6_relaxed_ortho_3_A22S_A68T_rep1.pdb
[DEBUG] Output file: /scratch4/jgray21/zhuggan1/projects/orthosystems/tryingggg/pos_neg_design/OrthoMPNN/Rosetta/output_pdbs/pmpnn_ortho/neg0.6/0.6_relaxed_ortho_3_A22S_A68T_rep2.pdb
[DEBUG] Output file: /scratch4/jgray21/zhuggan1/projects/orthosystems/tryingggg/pos_neg_design/OrthoMPNN/Rosetta/output_pdbs/pmpnn_ortho/neg0.6/0.6_relaxed_ortho_3_A22S_A68T_rep3.pdb
[DEBUG] Output file: /scratch4/jgray21/zhuggan1/projects/orthosystems/tryingggg/pos_neg_design/OrthoMPNN/Rosetta/output_pdbs/pmpnn_ortho/neg0.6/0.6_relaxed_ortho_3_A22S_A68T_rep4.pdb
[DEBUG] Output file: /scratch4/jgray21/zhuggan1/projects/orthosystems/tryingggg/pos_neg_design/OrthoMPNN/Rosetta/output_pdbs/pmpnn_ortho/neg0.6/0.6_relaxed_ortho_3_A22S_A68T_rep5.pdb
[DEBUG] Creating jobs for bundle: [('A 22', 'K'), ('A 52', 'T'), ('A 68', 'L')]
[DEBUG] Output file: /scratch4/jgray21/zhuggan1/projects/orthosystems/tryingggg/pos_neg_design/OrthoMPNN/Rosetta/output_pdbs/pmpnn_ortho/neg0.6/0.6_relaxed_ortho_3_A22K_A52T_A68L_rep1.pdb
[DEBUG] Output file: /scratch4/jgray21/zhuggan1/projects/orthosystems/tryingggg/pos_neg_design/OrthoMPNN/Rosetta/output_pdbs/pmpnn_ortho/neg0.6/0.6_relaxed_ortho_3_A22K_A52T_A68L_rep2.pdb
[DEBUG] Output file: /scratch4/jgray21/zhuggan1/projects/orthosystems/tryingggg/pos_neg_design/OrthoMPNN/Rosetta/output_pdbs/pmpnn_ortho/neg0.6/0.6_relaxed_ortho_3_A22K_A52T_A68L_rep3.pdb
[DEBUG] Output file: /scratch4/jgray21/zhuggan1/projects/orthosystems/tryingggg/pos_neg_design/OrthoMPNN/Rosetta/output_pdbs/pmpnn_ortho/neg0.6/0.6_relaxed_ortho_3_A22K_A52T_A68L_rep4.pdb
[DEBUG] Output file: /scratch4/jgray21/zhuggan1/projects/orthosystems/tryingggg/pos_neg_design/OrthoMPNN/Rosetta/output_pdbs/pmpnn_ortho/neg0.6/0.6_relaxed_ortho_3_A22K_A52T_A68L_rep5.pdb
[DEBUG] Creating jobs for bundle: [('A 29', 'T'), ('A 49', 'L'), ('A 52', 'R'), ('A 68', 'T')]
[DEBUG] Output file: /scratch4/jgray21/zhuggan1/projects/orthosystems/tryingggg/pos_neg_design/OrthoMPNN/Rosetta/output_pdbs/pmpnn_ortho/neg0.6/0.6_relaxed_ortho_3_A29T_A49L_A52R_A68T_rep1.pdb
[DEBUG] Output file: /scratch4/jgray21/zhuggan1/projects/orthosystems/tryingggg/pos_neg_design/OrthoMPNN/Rosetta/output_pdbs/pmpnn_ortho/neg0.6/0.6_relaxed_ortho_3_A29T_A49L_A52R_A68T_rep2.pdb
[DEBUG] Output file: /scratch4/jgray21/zhuggan1/projects/orthosystems/tryingggg/pos_neg_design/OrthoMPNN/Rosetta/output_pdbs/pmpnn_ortho/neg0.6/0.6_relaxed_ortho_3_A29T_A49L_A52R_A68T_rep3.pdb
[DEBUG] Output file: /scratch4/jgray21/zhuggan1/projects/orthosystems/tryingggg/pos_neg_design/OrthoMPNN/Rosetta/output_pdbs/pmpnn_ortho/neg0.6/0.6_relaxed_ortho_3_A29T_A49L_A52R_A68T_rep4.pdb
[DEBUG] Output file: /scratch4/jgray21/zhuggan1/projects/orthosystems/tryingggg/pos_neg_design/OrthoMPNN/Rosetta/output_pdbs/pmpnn_ortho/neg0.6/0.6_relaxed_ortho_3_A29T_A49L_A52R_A68T_rep5.pdb
[DEBUG] Creating jobs for bundle: [('A 22', 'P'), ('A 49', 'L'), ('A 52', 'T'), ('A 68', 'L')]
[DEBUG] Output file: /scratch4/jgray21/zhuggan1/projects/orthosystems/tryingggg/pos_neg_design/OrthoMPNN/Rosetta/output_pdbs/pmpnn_ortho/neg0.6/0.6_relaxed_ortho_3_A22P_A49L_A52T_A68L_rep1.pdb
[DEBUG] Output file: /scratch4/jgray21/zhuggan1/projects/orthosystems/tryingggg/pos_neg_design/OrthoMPNN/Rosetta/output_pdbs/pmpnn_ortho/neg0.6/0.6_relaxed_ortho_3_A22P_A49L_A52T_A68L_rep2.pdb
[DEBUG] Output file: /scratch4/jgray21/zhuggan1/projects/orthosystems/tryingggg/pos_neg_design/OrthoMPNN/Rosetta/output_pdbs/pmpnn_ortho/neg0.6/0.6_relaxed_ortho_3_A22P_A49L_A52T_A68L_rep3.pdb
[DEBUG] Output file: /scratch4/jgray21/zhuggan1/projects/orthosystems/tryingggg/pos_neg_design/OrthoMPNN/Rosetta/output_pdbs/pmpnn_ortho/neg0.6/0.6_relaxed_ortho_3_A22P_A49L_A52T_A68L_rep4.pdb
[DEBUG] Output file: /scratch4/jgray21/zhuggan1/projects/orthosystems/tryingggg/pos_neg_design/OrthoMPNN/Rosetta/output_pdbs/pmpnn_ortho/neg0.6/0.6_relaxed_ortho_3_A22P_A49L_A52T_A68L_rep5.pdb
[DEBUG] Creating jobs for bundle: [('A 29', 'T'), ('A 52', 'R'), ('A 68', 'Y')]
[DEBUG] Output file: /scratch4/jgray21/zhuggan1/projects/orthosystems/tryingggg/pos_neg_design/OrthoMPNN/Rosetta/output_pdbs/pmpnn_ortho/neg0.6/0.6_relaxed_ortho_3_A29T_A52R_A68Y_rep1.pdb
[DEBUG] Output file: /scratch4/jgray21/zhuggan1/projects/orthosystems/tryingggg/pos_neg_design/OrthoMPNN/Rosetta/output_pdbs/pmpnn_ortho/neg0.6/0.6_relaxed_ortho_3_A29T_A52R_A68Y_rep2.pdb
[DEBUG] Output file: /scratch4/jgray21/zhuggan1/projects/orthosystems/tryingggg/pos_neg_design/OrthoMPNN/Rosetta/output_pdbs/pmpnn_ortho/neg0.6/0.6_relaxed_ortho_3_A29T_A52R_A68Y_rep3.pdb
[DEBUG] Output file: /scratch4/jgray21/zhuggan1/projects/orthosystems/tryingggg/pos_neg_design/OrthoMPNN/Rosetta/output_pdbs/pmpnn_ortho/neg0.6/0.6_relaxed_ortho_3_A29T_A52R_A68Y_rep4.pdb
[DEBUG] Output file: /scratch4/jgray21/zhuggan1/projects/orthosystems/tryingggg/pos_neg_design/OrthoMPNN/Rosetta/output_pdbs/pmpnn_ortho/neg0.6/0.6_relaxed_ortho_3_A29T_A52R_A68Y_rep5.pdb
[DEBUG] Creating jobs for bundle: [('A 68', 'Y')]
[DEBUG] Output file: /scratch4/jgray21/zhuggan1/projects/orthosystems/tryingggg/pos_neg_design/OrthoMPNN/Rosetta/output_pdbs/pmpnn_ortho/neg0.6/0.6_relaxed_ortho_3_A68Y_rep1.pdb
[DEBUG] Output file: /scratch4/jgray21/zhuggan1/projects/orthosystems/tryingggg/pos_neg_design/OrthoMPNN/Rosetta/output_pdbs/pmpnn_ortho/neg0.6/0.6_relaxed_ortho_3_A68Y_rep2.pdb
[DEBUG] Output file: /scratch4/jgray21/zhuggan1/projects/orthosystems/tryingggg/pos_neg_design/OrthoMPNN/Rosetta/output_pdbs/pmpnn_ortho/neg0.6/0.6_relaxed_ortho_3_A68Y_rep3.pdb
[DEBUG] Output file: /scratch4/jgray21/zhuggan1/projects/orthosystems/tryingggg/pos_neg_design/OrthoMPNN/Rosetta/output_pdbs/pmpnn_ortho/neg0.6/0.6_relaxed_ortho_3_A68Y_rep4.pdb
[DEBUG] Output file: /scratch4/jgray21/zhuggan1/projects/orthosystems/tryingggg/pos_neg_design/OrthoMPNN/Rosetta/output_pdbs/pmpnn_ortho/neg0.6/0.6_relaxed_ortho_3_A68Y_rep5.pdb
[DEBUG] Creating jobs for bundle: [('A 22', 'K'), ('A 52', 'R'), ('A 68', 'Y')]
[DEBUG] Output file: /scratch4/jgray21/zhuggan1/projects/orthosystems/tryingggg/pos_neg_design/OrthoMPNN/Rosetta/output_pdbs/pmpnn_ortho/neg0.6/0.6_relaxed_ortho_3_A22K_A52R_A68Y_rep1.pdb
[DEBUG] Output file: /scratch4/jgray21/zhuggan1/projects/orthosystems/tryingggg/pos_neg_design/OrthoMPNN/Rosetta/output_pdbs/pmpnn_ortho/neg0.6/0.6_relaxed_ortho_3_A22K_A52R_A68Y_rep2.pdb
[DEBUG] Output file: /scratch4/jgray21/zhuggan1/projects/orthosystems/tryingggg/pos_neg_design/OrthoMPNN/Rosetta/output_pdbs/pmpnn_ortho/neg0.6/0.6_relaxed_ortho_3_A22K_A52R_A68Y_rep3.pdb
[DEBUG] Output file: /scratch4/jgray21/zhuggan1/projects/orthosystems/tryingggg/pos_neg_design/OrthoMPNN/Rosetta/output_pdbs/pmpnn_ortho/neg0.6/0.6_relaxed_ortho_3_A22K_A52R_A68Y_rep4.pdb
[DEBUG] Output file: /scratch4/jgray21/zhuggan1/projects/orthosystems/tryingggg/pos_neg_design/OrthoMPNN/Rosetta/output_pdbs/pmpnn_ortho/neg0.6/0.6_relaxed_ortho_3_A22K_A52R_A68Y_rep5.pdb
2026-02-24 23:06:57 EST MainProcess INFO [__main__] Processing a total of 215 jobs
2026-02-24 23:06:57 EST MainProcess INFO [__main__] Starting pool with 48 worker(s)
2026-02-25 00:20:57 EST ForkPoolWorker-12 INFO [__main__] Output: 0.6_relaxed_ortho_3_A49I_A52R_A68L_rep2.pdb
2026-02-25 00:21:20 EST ForkPoolWorker-25 INFO [__main__] Output: 0.6_relaxed_ortho_3_A22K_A29T_A49I_A68L_rep3.pdb
2026-02-25 00:22:07 EST ForkPoolWorker-22 INFO [__main__] Output: 0.6_relaxed_ortho_3_A22K_A49V_A68L_rep4.pdb
2026-02-25 00:22:27 EST ForkPoolWorker-33 INFO [__main__] Output: 0.6_relaxed_ortho_3_A22T_A68Q_rep5.pdb
2026-02-25 00:22:30 EST ForkPoolWorker-11 INFO [__main__] Output: 0.6_relaxed_ortho_3_A22K_A49V_A68L_rep2.pdb
2026-02-25 00:22:40 EST ForkPoolWorker-38 INFO [__main__] Output: 0.6_relaxed_ortho_3_A22K_A68K_rep2.pdb
2026-02-25 00:22:44 EST ForkPoolWorker-1 INFO [__main__] Output: 0.6_relaxed_ortho_3_A49T_A52R_A68E_rep2.pdb
2026-02-25 00:22:44 EST ForkPoolWorker-17 INFO [__main__] Output: 0.6_relaxed_ortho_3_A29T_A52R_A68L_rep4.pdb
2026-02-25 00:22:54 EST ForkPoolWorker-28 INFO [__main__] Output: 0.6_relaxed_ortho_3_A29T_A49V_A52R_A68L_rep5.pdb
2026-02-25 00:23:00 EST ForkPoolWorker-37 INFO [__main__] Output: 0.6_relaxed_ortho_3_A49L_A52T_A68T_rep5.pdb
2026-02-25 00:23:08 EST ForkPoolWorker-42 INFO [__main__] Output: 0.6_relaxed_ortho_3_A49L_A52T_A68T_rep3.pdb
2026-02-25 00:23:15 EST ForkPoolWorker-10 INFO [__main__] Output: 0.6_relaxed_ortho_3_A22K_A68K_rep4.pdb
2026-02-25 00:23:16 EST ForkPoolWorker-21 INFO [__main__] Output: 0.6_relaxed_ortho_3_A49L_A52T_A68T_rep1.pdb
2026-02-25 00:23:24 EST ForkPoolWorker-44 INFO [__main__] Output: 0.6_relaxed_ortho_3_A29G_A52R_A68D_rep5.pdb
2026-02-25 00:23:52 EST ForkPoolWorker-23 INFO [__main__] Output: 0.6_relaxed_ortho_3_A22T_A68Q_rep3.pdb
2026-02-25 00:23:53 EST ForkPoolWorker-34 INFO [__main__] Output: 0.6_relaxed_ortho_3_A22Q_A49V_A68Q_rep5.pdb
2026-02-25 00:23:54 EST ForkPoolWorker-32 INFO [__main__] Output: 0.6_relaxed_ortho_3_A22A_A68E_rep3.pdb
2026-02-25 00:24:01 EST ForkPoolWorker-26 INFO [__main__] Output: 0.6_relaxed_ortho_3_A22T_A68Q_rep1.pdb
2026-02-25 00:24:02 EST ForkPoolWorker-20 INFO [__main__] Output: 0.6_relaxed_ortho_3_A49V_A68T_rep3.pdb
2026-02-25 00:24:04 EST ForkPoolWorker-5 INFO [__main__] Output: 0.6_relaxed_ortho_3_A22Q_A49V_A68Q_rep3.pdb
2026-02-25 00:24:04 EST ForkPoolWorker-18 INFO [__main__] Output: 0.6_relaxed_ortho_3_A22Q_A49V_A68Q_rep1.pdb
2026-02-25 00:24:08 EST ForkPoolWorker-46 INFO [__main__] Output: 0.6_relaxed_ortho_3_A22K_A29T_A49I_A68L_rep1.pdb
2026-02-25 00:24:14 EST ForkPoolWorker-8 INFO [__main__] Output: 0.6_relaxed_ortho_3_A29G_A52R_A68D_rep1.pdb
2026-02-25 00:24:31 EST ForkPoolWorker-16 INFO [__main__] Output: 0.6_relaxed_ortho_3_A22D_A68E_rep2.pdb
2026-02-25 00:24:33 EST ForkPoolWorker-31 INFO [__main__] Output: 0.6_relaxed_ortho_3_A22K_A29T_A49I_A68L_rep5.pdb
2026-02-25 00:24:51 EST ForkPoolWorker-47 INFO [__main__] Output: 0.6_relaxed_ortho_3_A49I_A52R_A68L_rep4.pdb
2026-02-25 00:24:54 EST ForkPoolWorker-48 INFO [__main__] Output: 0.6_relaxed_ortho_3_A22P_A49I_A68Y_rep5.pdb
2026-02-25 00:25:10 EST ForkPoolWorker-30 INFO [__main__] Output: 0.6_relaxed_ortho_3_A29G_A52R_A68D_rep3.pdb
2026-02-25 00:25:12 EST ForkPoolWorker-36 INFO [__main__] Output: 0.6_relaxed_ortho_3_A49V_A68T_rep1.pdb
2026-02-25 00:25:19 EST ForkPoolWorker-6 INFO [__main__] Output: 0.6_relaxed_ortho_3_A22K_A68Y_rep2.pdb
2026-02-25 00:25:19 EST ForkPoolWorker-43 INFO [__main__] Output: 0.6_relaxed_ortho_3_A29T_A52R_A68L_rep2.pdb
2026-02-25 00:25:20 EST ForkPoolWorker-45 INFO [__main__] Output: 0.6_relaxed_ortho_3_A22K_A26N_A29T_A68T_rep4.pdb
2026-02-25 00:25:29 EST ForkPoolWorker-13 INFO [__main__] Output: 0.6_relaxed_ortho_3_A22K_A68Y_rep4.pdb
2026-02-25 00:25:35 EST ForkPoolWorker-39 INFO [__main__] Output: 0.6_relaxed_ortho_3_A22P_A49V_A68L_rep1.pdb
2026-02-25 00:25:37 EST ForkPoolWorker-9 INFO [__main__] Output: 0.6_relaxed_ortho_3_A22A_A68E_rep1.pdb
2026-02-25 00:25:40 EST ForkPoolWorker-14 INFO [__main__] Output: 0.6_relaxed_ortho_3_A22P_A49V_A68L_rep5.pdb
2026-02-25 00:25:43 EST ForkPoolWorker-7 INFO [__main__] Output: 0.6_relaxed_ortho_3_A29T_A49V_A52R_A68L_rep1.pdb
2026-02-25 00:25:43 EST ForkPoolWorker-35 INFO [__main__] Output: 0.6_relaxed_ortho_3_A22P_A49I_A68Y_rep1.pdb
2026-02-25 00:25:53 EST ForkPoolWorker-41 INFO [__main__] Output: 0.6_relaxed_ortho_3_A22K_A26N_A52R_A68K_rep2.pdb
2026-02-25 00:26:03 EST ForkPoolWorker-3 INFO [__main__] Output: 0.6_relaxed_ortho_3_A22K_A26N_A52R_A68K_rep4.pdb
2026-02-25 00:26:19 EST ForkPoolWorker-40 INFO [__main__] Output: 0.6_relaxed_ortho_3_A22P_A49V_A68L_rep3.pdb
2026-02-25 00:26:36 EST ForkPoolWorker-19 INFO [__main__] Output: 0.6_relaxed_ortho_3_A49V_A68T_rep5.pdb
2026-02-25 00:26:45 EST ForkPoolWorker-2 INFO [__main__] Output: 0.6_relaxed_ortho_3_A29T_A49V_A52R_A68L_rep3.pdb
2026-02-25 00:26:59 EST ForkPoolWorker-4 INFO [__main__] Output: 0.6_relaxed_ortho_3_A22A_A68E_rep5.pdb
2026-02-25 00:27:06 EST ForkPoolWorker-24 INFO [__main__] Output: 0.6_relaxed_ortho_3_A49T_A52R_A68E_rep4.pdb
2026-02-25 00:27:06 EST ForkPoolWorker-15 INFO [__main__] Output: 0.6_relaxed_ortho_3_A22D_A68E_rep4.pdb
2026-02-25 00:27:17 EST ForkPoolWorker-29 INFO [__main__] Output: 0.6_relaxed_ortho_3_A22P_A49I_A68Y_rep3.pdb
2026-02-25 00:28:13 EST ForkPoolWorker-27 INFO [__main__] Output: 0.6_relaxed_ortho_3_A22K_A26N_A29T_A68T_rep2.pdb
2026-02-25 01:36:22 EST ForkPoolWorker-22 INFO [__main__] Output: 0.6_relaxed_ortho_3_A22K_A49V_A68L_rep5.pdb
2026-02-25 01:36:27 EST ForkPoolWorker-25 INFO [__main__] Output: 0.6_relaxed_ortho_3_A22K_A29T_A49I_A68L_rep4.pdb
2026-02-25 01:36:33 EST ForkPoolWorker-42 INFO [__main__] Output: 0.6_relaxed_ortho_3_A49L_A52T_A68T_rep4.pdb
2026-02-25 01:36:38 EST ForkPoolWorker-21 INFO [__main__] Output: 0.6_relaxed_ortho_3_A49L_A52T_A68T_rep2.pdb
2026-02-25 01:37:37 EST ForkPoolWorker-12 INFO [__main__] Output: 0.6_relaxed_ortho_3_A49I_A52R_A68L_rep3.pdb
2026-02-25 01:38:09 EST ForkPoolWorker-38 INFO [__main__] Output: 0.6_relaxed_ortho_3_A22K_A68K_rep3.pdb
2026-02-25 01:38:10 EST ForkPoolWorker-11 INFO [__main__] Output: 0.6_relaxed_ortho_3_A22K_A49V_A68L_rep3.pdb
2026-02-25 01:38:18 EST ForkPoolWorker-33 INFO [__main__] Output: 0.6_relaxed_ortho_3_A22K_A26N_A52R_A68K_rep1.pdb
2026-02-25 01:38:22 EST ForkPoolWorker-47 INFO [__main__] Output: 0.6_relaxed_ortho_3_A49I_A52R_A68L_rep5.pdb
2026-02-25 01:38:24 EST ForkPoolWorker-44 INFO [__main__] Output: 0.6_relaxed_ortho_3_A49T_A52R_A68E_rep1.pdb
2026-02-25 01:38:31 EST ForkPoolWorker-26 INFO [__main__] Output: 0.6_relaxed_ortho_3_A22T_A68Q_rep2.pdb
2026-02-25 01:38:45 EST ForkPoolWorker-17 INFO [__main__] Output: 0.6_relaxed_ortho_3_A29T_A52R_A68L_rep5.pdb
2026-02-25 01:38:46 EST ForkPoolWorker-34 INFO [__main__] Output: 0.6_relaxed_ortho_3_A22K_A49V_A68L_rep1.pdb
2026-02-25 01:39:03 EST ForkPoolWorker-8 INFO [__main__] Output: 0.6_relaxed_ortho_3_A29G_A52R_A68D_rep2.pdb
2026-02-25 01:39:29 EST ForkPoolWorker-5 INFO [__main__] Output: 0.6_relaxed_ortho_3_A22Q_A49V_A68Q_rep4.pdb
2026-02-25 01:39:34 EST ForkPoolWorker-23 INFO [__main__] Output: 0.6_relaxed_ortho_3_A22T_A68Q_rep4.pdb
2026-02-25 01:39:36 EST ForkPoolWorker-7 INFO [__main__] Output: 0.6_relaxed_ortho_3_A29T_A49V_A52R_A68L_rep2.pdb
2026-02-25 01:39:39 EST ForkPoolWorker-10 INFO [__main__] Output: 0.6_relaxed_ortho_3_A22K_A68K_rep5.pdb
2026-02-25 01:39:42 EST ForkPoolWorker-37 INFO [__main__] Output: 0.6_relaxed_ortho_3_A29T_A52R_A68L_rep1.pdb
2026-02-25 01:39:54 EST ForkPoolWorker-1 INFO [__main__] Output: 0.6_relaxed_ortho_3_A49T_A52R_A68E_rep3.pdb
2026-02-25 01:40:07 EST ForkPoolWorker-18 INFO [__main__] Output: 0.6_relaxed_ortho_3_A22Q_A49V_A68Q_rep2.pdb
2026-02-25 01:40:24 EST ForkPoolWorker-46 INFO [__main__] Output: 0.6_relaxed_ortho_3_A22K_A29T_A49I_A68L_rep2.pdb
2026-02-25 01:40:39 EST ForkPoolWorker-20 INFO [__main__] Output: 0.6_relaxed_ortho_3_A49V_A68T_rep4.pdb
2026-02-25 01:40:49 EST ForkPoolWorker-31 INFO [__main__] Output: 0.6_relaxed_ortho_3_A49I_A52R_A68L_rep1.pdb
2026-02-25 01:41:00 EST ForkPoolWorker-28 INFO [__main__] Output: 0.6_relaxed_ortho_3_A22K_A68K_rep1.pdb
2026-02-25 01:41:14 EST ForkPoolWorker-16 INFO [__main__] Output: 0.6_relaxed_ortho_3_A22D_A68E_rep3.pdb
2026-02-25 01:42:08 EST ForkPoolWorker-30 INFO [__main__] Output: 0.6_relaxed_ortho_3_A29G_A52R_A68D_rep4.pdb
2026-02-25 01:42:10 EST ForkPoolWorker-43 INFO [__main__] Output: 0.6_relaxed_ortho_3_A29T_A52R_A68L_rep3.pdb
2026-02-25 01:42:13 EST ForkPoolWorker-13 INFO [__main__] Output: 0.6_relaxed_ortho_3_A22K_A68Y_rep5.pdb
2026-02-25 01:42:13 EST ForkPoolWorker-6 INFO [__main__] Output: 0.6_relaxed_ortho_3_A22K_A68Y_rep3.pdb
2026-02-25 01:42:13 EST ForkPoolWorker-41 INFO [__main__] Output: 0.6_relaxed_ortho_3_A22K_A26N_A52R_A68K_rep3.pdb
2026-02-25 01:42:15 EST ForkPoolWorker-32 INFO [__main__] Output: 0.6_relaxed_ortho_3_A22A_A68E_rep4.pdb
2026-02-25 01:42:56 EST ForkPoolWorker-14 INFO [__main__] Output: 0.6_relaxed_ortho_3_A22D_A68E_rep1.pdb
2026-02-25 01:43:10 EST ForkPoolWorker-39 INFO [__main__] Output: 0.6_relaxed_ortho_3_A22P_A49V_A68L_rep2.pdb
2026-02-25 01:43:18 EST ForkPoolWorker-45 INFO [__main__] Output: 0.6_relaxed_ortho_3_A22K_A26N_A29T_A68T_rep5.pdb
2026-02-25 01:43:37 EST ForkPoolWorker-24 INFO [__main__] Output: 0.6_relaxed_ortho_3_A49T_A52R_A68E_rep5.pdb
2026-02-25 01:43:46 EST ForkPoolWorker-9 INFO [__main__] Output: 0.6_relaxed_ortho_3_A22A_A68E_rep2.pdb
2026-02-25 01:43:47 EST ForkPoolWorker-36 INFO [__main__] Output: 0.6_relaxed_ortho_3_A49V_A68T_rep2.pdb
2026-02-25 01:43:54 EST ForkPoolWorker-40 INFO [__main__] Output: 0.6_relaxed_ortho_3_A22P_A49V_A68L_rep4.pdb
2026-02-25 01:43:55 EST ForkPoolWorker-3 INFO [__main__] Output: 0.6_relaxed_ortho_3_A22K_A26N_A52R_A68K_rep5.pdb
2026-02-25 01:43:55 EST ForkPoolWorker-35 INFO [__main__] Output: 0.6_relaxed_ortho_3_A22P_A49I_A68Y_rep2.pdb
2026-02-25 01:44:05 EST ForkPoolWorker-48 INFO [__main__] Output: 0.6_relaxed_ortho_3_A22K_A26N_A29T_A68T_rep1.pdb
2026-02-25 01:44:14 EST ForkPoolWorker-27 INFO [__main__] Output: 0.6_relaxed_ortho_3_A22K_A26N_A29T_A68T_rep3.pdb
2026-02-25 01:44:16 EST ForkPoolWorker-19 INFO [__main__] Output: 0.6_relaxed_ortho_3_A22K_A68Y_rep1.pdb
2026-02-25 01:44:33 EST ForkPoolWorker-4 INFO [__main__] Output: 0.6_relaxed_ortho_3_A22K_A49L_A68T_rep1.pdb
2026-02-25 01:45:57 EST ForkPoolWorker-2 INFO [__main__] Output: 0.6_relaxed_ortho_3_A29T_A49V_A52R_A68L_rep4.pdb
2026-02-25 01:45:58 EST ForkPoolWorker-15 INFO [__main__] Output: 0.6_relaxed_ortho_3_A22D_A68E_rep5.pdb
2026-02-25 01:46:46 EST ForkPoolWorker-29 INFO [__main__] Output: 0.6_relaxed_ortho_3_A22P_A49I_A68Y_rep4.pdb
2026-02-25 02:50:23 EST ForkPoolWorker-22 INFO [__main__] Output: 0.6_relaxed_ortho_3_A22K_A49L_A68T_rep2.pdb
2026-02-25 02:50:56 EST ForkPoolWorker-21 INFO [__main__] Output: 0.6_relaxed_ortho_3_A22T_A29T_A52R_A68A_rep3.pdb
2026-02-25 02:51:21 EST ForkPoolWorker-42 INFO [__main__] Output: 0.6_relaxed_ortho_3_A22T_A29T_A52R_A68A_rep1.pdb
2026-02-25 02:53:08 EST ForkPoolWorker-47 INFO [__main__] Output: 0.6_relaxed_ortho_3_A68M_rep3.pdb
2026-02-25 02:53:26 EST ForkPoolWorker-8 INFO [__main__] Output: 0.6_relaxed_ortho_3_A22Q_A49I_A52R_A68T_rep3.pdb
2026-02-25 02:53:31 EST ForkPoolWorker-12 INFO [__main__] Output: 0.6_relaxed_ortho_3_A22T_A29T_A52R_A68A_rep5.pdb
2026-02-25 02:53:33 EST ForkPoolWorker-7 INFO [__main__] Output: 0.6_relaxed_ortho_3_A22K_A49L_A52T_A68D_rep4.pdb
2026-02-25 02:53:35 EST ForkPoolWorker-25 INFO [__main__] Output: 0.6_relaxed_ortho_3_A22K_A49L_A68T_rep4.pdb
2026-02-25 02:54:13 EST ForkPoolWorker-44 INFO [__main__] Output: 0.6_relaxed_ortho_3_A68M_rep5.pdb
2026-02-25 02:54:21 EST ForkPoolWorker-34 INFO [__main__] Output: 0.6_relaxed_ortho_3_A22Q_A49I_A52R_A68T_rep1.pdb
2026-02-25 02:55:06 EST ForkPoolWorker-17 INFO [__main__] Output: 0.6_relaxed_ortho_3_A22P_A68L_rep4.pdb
2026-02-25 02:55:09 EST ForkPoolWorker-43 INFO [__main__] Output: 0.6_relaxed_ortho_3_A68Q_rep1.pdb
2026-02-25 02:55:33 EST ForkPoolWorker-5 INFO [__main__] Output: 0.6_relaxed_ortho_3_A22Q_A49I_A52R_A68T_rep5.pdb
2026-02-25 02:55:34 EST ForkPoolWorker-18 INFO [__main__] Output: 0.6_relaxed_ortho_3_A52R_A68T_rep2.pdb
2026-02-25 02:55:56 EST ForkPoolWorker-11 INFO [__main__] Output: 0.6_relaxed_ortho_3_A22T_A68T_rep4.pdb
2026-02-25 02:56:00 EST ForkPoolWorker-1 INFO [__main__] Output: 0.6_relaxed_ortho_3_A49I_A68L_rep5.pdb
2026-02-25 02:56:15 EST ForkPoolWorker-20 INFO [__main__] Output: 0.6_relaxed_ortho_3_A22E_A29G_A68T_rep1.pdb
2026-02-25 02:56:16 EST ForkPoolWorker-37 INFO [__main__] Output: 0.6_relaxed_ortho_3_A49I_A68L_rep3.pdb
2026-02-25 02:56:24 EST ForkPoolWorker-10 INFO [__main__] Output: 0.6_relaxed_ortho_3_A49I_A68L_rep1.pdb
2026-02-25 02:56:38 EST ForkPoolWorker-33 INFO [__main__] Output: 0.6_relaxed_ortho_3_A68M_rep1.pdb
2026-02-25 02:56:59 EST ForkPoolWorker-31 INFO [__main__] Output: 0.6_relaxed_ortho_3_A22E_A29G_A68T_rep3.pdb
2026-02-25 02:57:01 EST ForkPoolWorker-46 INFO [__main__] Output: 0.6_relaxed_ortho_3_A52R_A68T_rep4.pdb
2026-02-25 02:57:19 EST ForkPoolWorker-38 INFO [__main__] Output: 0.6_relaxed_ortho_3_A22T_A68T_rep2.pdb
2026-02-25 02:57:31 EST ForkPoolWorker-16 INFO [__main__] Output: 0.6_relaxed_ortho_3_A52T_A68L_rep2.pdb
2026-02-25 02:57:45 EST ForkPoolWorker-14 INFO [__main__] Output: 0.6_relaxed_ortho_3_A31D_A68D_rep1.pdb
2026-02-25 02:57:47 EST ForkPoolWorker-26 INFO [__main__] Output: 0.6_relaxed_ortho_3_A22P_A68L_rep2.pdb
2026-02-25 02:58:01 EST ForkPoolWorker-39 INFO [__main__] Output: 0.6_relaxed_ortho_3_A31D_A68D_rep3.pdb
2026-02-25 02:58:13 EST ForkPoolWorker-30 INFO [__main__] Output: 0.6_relaxed_ortho_3_A52T_A68L_rep4.pdb
2026-02-25 02:58:28 EST ForkPoolWorker-23 INFO [__main__] Output: 0.6_relaxed_ortho_3_A22K_A49L_A52T_A68D_rep2.pdb
2026-02-25 02:58:37 EST ForkPoolWorker-6 INFO [__main__] Output: 0.6_relaxed_ortho_3_A68Q_rep5.pdb
2026-02-25 02:59:01 EST ForkPoolWorker-32 INFO [__main__] Output: 0.6_relaxed_ortho_3_A22K_A49F_A68L_rep4.pdb
2026-02-25 02:59:12 EST ForkPoolWorker-28 INFO [__main__] Output: 0.6_relaxed_ortho_3_A22E_A29G_A68T_rep5.pdb
2026-02-25 02:59:18 EST ForkPoolWorker-35 INFO [__main__] Output: 0.6_relaxed_ortho_3_A22K_A49L_A68E_rep2.pdb
2026-02-25 02:59:43 EST ForkPoolWorker-36 INFO [__main__] Output: 0.6_relaxed_ortho_3_A22S_A68L_rep1.pdb
2026-02-25 02:59:55 EST ForkPoolWorker-13 INFO [__main__] Output: 0.6_relaxed_ortho_3_A68Q_rep3.pdb
2026-02-25 03:00:02 EST ForkPoolWorker-45 INFO [__main__] Output: 0.6_relaxed_ortho_3_A31D_A68D_rep5.pdb
2026-02-25 03:00:15 EST ForkPoolWorker-41 INFO [__main__] Output: 0.6_relaxed_ortho_3_A22K_A49F_A68L_rep2.pdb
2026-02-25 03:00:28 EST ForkPoolWorker-19 INFO [__main__] Output: 0.6_relaxed_ortho_3_A22S_A68T_rep3.pdb
2026-02-25 03:00:37 EST ForkPoolWorker-2 INFO [__main__] Output: 0.6_relaxed_ortho_3_A22K_A52T_A68L_rep2.pdb
2026-02-25 03:00:57 EST ForkPoolWorker-24 INFO [__main__] Output: 0.6_relaxed_ortho_3_A52R_A68E_rep2.pdb
2026-02-25 03:01:42 EST ForkPoolWorker-29 INFO [__main__] Output: 0.6_relaxed_ortho_3_A29T_A49L_A52R_A68T_rep1.pdb
2026-02-25 03:02:08 EST ForkPoolWorker-9 INFO [__main__] Output: 0.6_relaxed_ortho_3_A52R_A68E_rep4.pdb
2026-02-25 03:02:51 EST ForkPoolWorker-40 INFO [__main__] Output: 0.6_relaxed_ortho_3_A22S_A68L_rep3.pdb
2026-02-25 03:03:12 EST ForkPoolWorker-3 INFO [__main__] Output: 0.6_relaxed_ortho_3_A22S_A68L_rep5.pdb
2026-02-25 03:03:14 EST ForkPoolWorker-48 INFO [__main__] Output: 0.6_relaxed_ortho_3_A22K_A49L_A68E_rep4.pdb
2026-02-25 03:03:30 EST ForkPoolWorker-27 INFO [__main__] Output: 0.6_relaxed_ortho_3_A22S_A68T_rep1.pdb
2026-02-25 03:03:52 EST ForkPoolWorker-15 INFO [__main__] Output: 0.6_relaxed_ortho_3_A22K_A52T_A68L_rep4.pdb
2026-02-25 03:04:38 EST ForkPoolWorker-4 INFO [__main__] Output: 0.6_relaxed_ortho_3_A22S_A68T_rep5.pdb
2026-02-25 04:05:57 EST ForkPoolWorker-21 INFO [__main__] Output: 0.6_relaxed_ortho_3_A22T_A29T_A52R_A68A_rep4.pdb
2026-02-25 04:07:26 EST ForkPoolWorker-22 INFO [__main__] Output: 0.6_relaxed_ortho_3_A22K_A49L_A68T_rep3.pdb
2026-02-25 04:07:48 EST ForkPoolWorker-42 INFO [__main__] Output: 0.6_relaxed_ortho_3_A22T_A29T_A52R_A68A_rep2.pdb
2026-02-25 04:08:34 EST ForkPoolWorker-12 INFO [__main__] Output: 0.6_relaxed_ortho_3_A22T_A68T_rep1.pdb
2026-02-25 04:08:38 EST ForkPoolWorker-34 INFO [__main__] Output: 0.6_relaxed_ortho_3_A22Q_A49I_A52R_A68T_rep2.pdb
2026-02-25 04:08:39 EST ForkPoolWorker-7 INFO [__main__] Output: 0.6_relaxed_ortho_3_A22K_A49L_A52T_A68D_rep5.pdb
2026-02-25 04:10:02 EST ForkPoolWorker-5 INFO [__main__] Output: 0.6_relaxed_ortho_3_A22K_A49L_A52T_A68D_rep1.pdb
2026-02-25 04:10:27 EST ForkPoolWorker-47 INFO [__main__] Output: 0.6_relaxed_ortho_3_A68M_rep4.pdb
2026-02-25 04:10:32 EST ForkPoolWorker-8 INFO [__main__] Output: 0.6_relaxed_ortho_3_A22Q_A49I_A52R_A68T_rep4.pdb
2026-02-25 04:10:32 EST ForkPoolWorker-20 INFO [__main__] Output: 0.6_relaxed_ortho_3_A22E_A29G_A68T_rep2.pdb
2026-02-25 04:10:48 EST ForkPoolWorker-25 INFO [__main__] Output: 0.6_relaxed_ortho_3_A22K_A49L_A68T_rep5.pdb
2026-02-25 04:10:54 EST ForkPoolWorker-37 INFO [__main__] Output: 0.6_relaxed_ortho_3_A49I_A68L_rep4.pdb
2026-02-25 04:11:18 EST ForkPoolWorker-14 INFO [__main__] Output: 0.6_relaxed_ortho_3_A31D_A68D_rep2.pdb
2026-02-25 04:11:19 EST ForkPoolWorker-44 INFO [__main__] Output: 0.6_relaxed_ortho_3_A22P_A68L_rep1.pdb
2026-02-25 04:12:05 EST ForkPoolWorker-43 INFO [__main__] Output: 0.6_relaxed_ortho_3_A68Q_rep2.pdb
2026-02-25 04:12:09 EST ForkPoolWorker-31 INFO [__main__] Output: 0.6_relaxed_ortho_3_A22E_A29G_A68T_rep4.pdb
2026-02-25 04:12:11 EST ForkPoolWorker-17 INFO [__main__] Output: 0.6_relaxed_ortho_3_A22P_A68L_rep5.pdb
2026-02-25 04:12:17 EST ForkPoolWorker-11 INFO [__main__] Output: 0.6_relaxed_ortho_3_A22T_A68T_rep5.pdb
2026-02-25 04:12:47 EST ForkPoolWorker-1 INFO [__main__] Output: 0.6_relaxed_ortho_3_A52R_A68T_rep1.pdb
2026-02-25 04:12:51 EST ForkPoolWorker-18 INFO [__main__] Output: 0.6_relaxed_ortho_3_A52R_A68T_rep3.pdb
2026-02-25 04:13:07 EST ForkPoolWorker-30 INFO [__main__] Output: 0.6_relaxed_ortho_3_A52T_A68L_rep5.pdb
2026-02-25 04:13:23 EST ForkPoolWorker-10 INFO [__main__] Output: 0.6_relaxed_ortho_3_A49I_A68L_rep2.pdb
2026-02-25 04:13:34 EST ForkPoolWorker-32 INFO [__main__] Output: 0.6_relaxed_ortho_3_A22K_A49F_A68L_rep5.pdb
2026-02-25 04:13:40 EST ForkPoolWorker-6 INFO [__main__] Output: 0.6_relaxed_ortho_3_A22K_A49F_A68L_rep1.pdb
2026-02-25 04:13:59 EST ForkPoolWorker-39 INFO [__main__] Output: 0.6_relaxed_ortho_3_A31D_A68D_rep4.pdb
2026-02-25 04:14:03 EST ForkPoolWorker-16 INFO [__main__] Output: 0.6_relaxed_ortho_3_A52T_A68L_rep3.pdb
2026-02-25 04:14:14 EST ForkPoolWorker-46 INFO [__main__] Output: 0.6_relaxed_ortho_3_A52R_A68T_rep5.pdb
2026-02-25 04:14:16 EST ForkPoolWorker-33 INFO [__main__] Output: 0.6_relaxed_ortho_3_A68M_rep2.pdb
2026-02-25 04:15:04 EST ForkPoolWorker-41 INFO [__main__] Output: 0.6_relaxed_ortho_3_A22K_A49F_A68L_rep3.pdb
2026-02-25 04:15:44 EST ForkPoolWorker-38 INFO [__main__] Output: 0.6_relaxed_ortho_3_A22T_A68T_rep3.pdb
2026-02-25 04:16:04 EST ForkPoolWorker-23 INFO [__main__] Output: 0.6_relaxed_ortho_3_A22K_A49L_A52T_A68D_rep3.pdb
2026-02-25 04:16:29 EST ForkPoolWorker-26 INFO [__main__] Output: 0.6_relaxed_ortho_3_A22P_A68L_rep3.pdb
2026-02-25 04:16:32 EST ForkPoolWorker-45 INFO [__main__] Output: 0.6_relaxed_ortho_3_A52R_A68E_rep1.pdb
2026-02-25 04:16:40 EST ForkPoolWorker-13 INFO [__main__] Output: 0.6_relaxed_ortho_3_A68Q_rep4.pdb
2026-02-25 04:16:43 EST ForkPoolWorker-2 INFO [__main__] Output: 0.6_relaxed_ortho_3_A22K_A52T_A68L_rep3.pdb
2026-02-25 04:17:23 EST ForkPoolWorker-29 INFO [__main__] Output: 0.6_relaxed_ortho_3_A29T_A49L_A52R_A68T_rep2.pdb
2026-02-25 04:17:35 EST ForkPoolWorker-35 INFO [__main__] Output: 0.6_relaxed_ortho_3_A22K_A49L_A68E_rep3.pdb
2026-02-25 04:17:50 EST ForkPoolWorker-28 INFO [__main__] Output: 0.6_relaxed_ortho_3_A52T_A68L_rep1.pdb
2026-02-25 04:17:51 EST ForkPoolWorker-24 INFO [__main__] Output: 0.6_relaxed_ortho_3_A52R_A68E_rep3.pdb
2026-02-25 04:18:12 EST ForkPoolWorker-19 INFO [__main__] Output: 0.6_relaxed_ortho_3_A22S_A68T_rep4.pdb
2026-02-25 04:18:18 EST ForkPoolWorker-36 INFO [__main__] Output: 0.6_relaxed_ortho_3_A22S_A68L_rep2.pdb
2026-02-25 04:19:02 EST ForkPoolWorker-40 INFO [__main__] Output: 0.6_relaxed_ortho_3_A22S_A68L_rep4.pdb
2026-02-25 04:19:20 EST ForkPoolWorker-15 INFO [__main__] Output: 0.6_relaxed_ortho_3_A22K_A52T_A68L_rep5.pdb
2026-02-25 04:19:27 EST ForkPoolWorker-3 INFO [__main__] Output: 0.6_relaxed_ortho_3_A22K_A49L_A68E_rep1.pdb
2026-02-25 04:19:33 EST ForkPoolWorker-48 INFO [__main__] Output: 0.6_relaxed_ortho_3_A22K_A49L_A68E_rep5.pdb
2026-02-25 04:19:54 EST ForkPoolWorker-27 INFO [__main__] Output: 0.6_relaxed_ortho_3_A22S_A68T_rep2.pdb
2026-02-25 04:21:33 EST ForkPoolWorker-4 INFO [__main__] Output: 0.6_relaxed_ortho_3_A22K_A52T_A68L_rep1.pdb
2026-02-25 04:22:24 EST ForkPoolWorker-9 INFO [__main__] Output: 0.6_relaxed_ortho_3_A52R_A68E_rep5.pdb
2026-02-25 05:16:28 EST ForkPoolWorker-21 INFO [__main__] Output: 0.6_relaxed_ortho_3_A29T_A49L_A52R_A68T_rep3.pdb
2026-02-25 05:16:37 EST ForkPoolWorker-5 INFO [__main__] Output: 0.6_relaxed_ortho_3_A29T_A52R_A68Y_rep5.pdb
2026-02-25 05:17:56 EST ForkPoolWorker-7 INFO [__main__] Output: 0.6_relaxed_ortho_3_A29T_A52R_A68Y_rep3.pdb
2026-02-25 05:18:44 EST ForkPoolWorker-34 INFO [__main__] Output: 0.6_relaxed_ortho_3_A29T_A52R_A68Y_rep1.pdb
2026-02-25 05:18:57 EST ForkPoolWorker-42 INFO [__main__] Output: 0.6_relaxed_ortho_3_A22P_A49L_A52T_A68L_rep2.pdb
2026-02-25 05:19:12 EST ForkPoolWorker-22 INFO [__main__] Output: 0.6_relaxed_ortho_3_A29T_A49L_A52R_A68T_rep5.pdb
2026-02-25 05:20:05 EST ForkPoolWorker-12 INFO [__main__] Output: 0.6_relaxed_ortho_3_A22P_A49L_A52T_A68L_rep4.pdb
2026-02-25 05:20:51 EST ForkPoolWorker-8 INFO [__main__] Output: 0.6_relaxed_ortho_3_A68Y_rep4.pdb
2026-02-25 05:21:04 EST ForkPoolWorker-20 INFO [__main__] Output: 0.6_relaxed_ortho_3_A22K_A52R_A68Y_rep1.pdb
2026-02-25 05:21:09 EST ForkPoolWorker-47 INFO [__main__] Output: 0.6_relaxed_ortho_3_A68Y_rep2.pdb
2026-02-25 05:21:37 EST ForkPoolWorker-25 INFO [__main__] Output: 0.6_relaxed_ortho_3_A22K_A52R_A68Y_rep3.pdb
2026-02-25 05:32:34 EST ForkPoolWorker-37 INFO [__main__] Output: 0.6_relaxed_ortho_3_A22K_A52R_A68Y_rep5.pdb
2026-02-25 06:24:55 EST ForkPoolWorker-21 INFO [__main__] Output: 0.6_relaxed_ortho_3_A29T_A49L_A52R_A68T_rep4.pdb
2026-02-25 06:26:48 EST ForkPoolWorker-5 INFO [__main__] Output: 0.6_relaxed_ortho_3_A68Y_rep1.pdb
2026-02-25 06:27:17 EST ForkPoolWorker-34 INFO [__main__] Output: 0.6_relaxed_ortho_3_A29T_A52R_A68Y_rep2.pdb
2026-02-25 06:29:02 EST ForkPoolWorker-7 INFO [__main__] Output: 0.6_relaxed_ortho_3_A29T_A52R_A68Y_rep4.pdb
2026-02-25 06:29:10 EST ForkPoolWorker-20 INFO [__main__] Output: 0.6_relaxed_ortho_3_A22K_A52R_A68Y_rep2.pdb
2026-02-25 06:30:09 EST ForkPoolWorker-42 INFO [__main__] Output: 0.6_relaxed_ortho_3_A22P_A49L_A52T_A68L_rep3.pdb
2026-02-25 06:30:23 EST ForkPoolWorker-22 INFO [__main__] Output: 0.6_relaxed_ortho_3_A22P_A49L_A52T_A68L_rep1.pdb
2026-02-25 06:31:31 EST ForkPoolWorker-8 INFO [__main__] Output: 0.6_relaxed_ortho_3_A68Y_rep5.pdb
2026-02-25 06:32:10 EST ForkPoolWorker-12 INFO [__main__] Output: 0.6_relaxed_ortho_3_A22P_A49L_A52T_A68L_rep5.pdb
2026-02-25 06:32:43 EST ForkPoolWorker-47 INFO [__main__] Output: 0.6_relaxed_ortho_3_A68Y_rep3.pdb
2026-02-25 06:33:06 EST ForkPoolWorker-25 INFO [__main__] Output: 0.6_relaxed_ortho_3_A22K_A52R_A68Y_rep4.pdb
2026-02-25 06:33:06 EST MainProcess INFO [__main__] Script execution completed
