Using existing logs directory.
2026-02-26 17:05:09 EST MainProcess INFO [numexpr.utils] Note: NumExpr detected 48 cores but "NUMEXPR_MAX_THREADS" not set, so enforcing safe limit of 8.
2026-02-26 17:05:09 EST MainProcess INFO [numexpr.utils] NumExpr defaulting to 8 threads.
[DEBUG] Parsed N54L, N57T, R73T -> [('B 54', 'L'), ('B 57', 'T'), ('A 73', 'T')]
[DEBUG] Parsed N34T, N57R, R73L -> [('A 34', 'T'), ('B 57', 'R'), ('A 73', 'L')]
[DEBUG] Parsed R27K, N34T, N54I, R73L -> [('A 27', 'K'), ('A 34', 'T'), ('B 54', 'I'), ('A 73', 'L')]
[DEBUG] Parsed N54I, N57R, R73L -> [('B 54', 'I'), ('B 57', 'R'), ('A 73', 'L')]
[DEBUG] Parsed R27Q, N54V, R73Q -> [('A 27', 'Q'), ('B 54', 'V'), ('A 73', 'Q')]
[DEBUG] Parsed R27K, N54V, R73L -> [('A 27', 'K'), ('B 54', 'V'), ('A 73', 'L')]
[DEBUG] Parsed N34G, N57R, R73D -> [('A 34', 'G'), ('B 57', 'R'), ('A 73', 'D')]
[DEBUG] Parsed N54T, N57R, R73E -> [('B 54', 'T'), ('B 57', 'R'), ('A 73', 'E')]
[DEBUG] Parsed R27P, N54V, R73L -> [('A 27', 'P'), ('B 54', 'V'), ('A 73', 'L')]
[DEBUG] Parsed R27D, R73E -> [('A 27', 'D'), ('A 73', 'E')]
[DEBUG] Parsed R27P, N54I, R73Y -> [('A 27', 'P'), ('B 54', 'I'), ('A 73', 'Y')]
[DEBUG] Parsed R27K, D31N, N34T, R73T -> [('A 27', 'K'), ('A 31', 'N'), ('A 34', 'T'), ('A 73', 'T')]
[DEBUG] Parsed N54V, R73T -> [('B 54', 'V'), ('A 73', 'T')]
[DEBUG] Parsed R27K, R73Y -> [('A 27', 'K'), ('A 73', 'Y')]
[DEBUG] Parsed R27T, R73Q -> [('A 27', 'T'), ('A 73', 'Q')]
[DEBUG] Parsed R27K, D31N, N57R, R73K -> [('A 27', 'K'), ('A 31', 'N'), ('B 57', 'R'), ('A 73', 'K')]
[DEBUG] Parsed N34T, N54V, N57R, R73L -> [('A 34', 'T'), ('B 54', 'V'), ('B 57', 'R'), ('A 73', 'L')]
[DEBUG] Parsed R27K, R73K -> [('A 27', 'K'), ('A 73', 'K')]
[DEBUG] Parsed R27A, R73E -> [('A 27', 'A'), ('A 73', 'E')]
[DEBUG] Parsed R27K, N54L, R73T -> [('A 27', 'K'), ('B 54', 'L'), ('A 73', 'T')]
[DEBUG] Parsed R27T, N34T, N57R, R73A -> [('A 27', 'T'), ('A 34', 'T'), ('B 57', 'R'), ('A 73', 'A')]
[DEBUG] Parsed R27T, R73T -> [('A 27', 'T'), ('A 73', 'T')]
[DEBUG] Parsed R73M -> [('A 73', 'M')]
[DEBUG] Parsed R27P, R73L -> [('A 27', 'P'), ('A 73', 'L')]
[DEBUG] Parsed R27Q, N54I, N57R, R73T -> [('A 27', 'Q'), ('B 54', 'I'), ('B 57', 'R'), ('A 73', 'T')]
[DEBUG] Parsed R27K, N54L, N57T, R73D -> [('A 27', 'K'), ('B 54', 'L'), ('B 57', 'T'), ('A 73', 'D')]
[DEBUG] Parsed N54I, R73L -> [('B 54', 'I'), ('A 73', 'L')]
[DEBUG] Parsed N57R, R73T -> [('B 57', 'R'), ('A 73', 'T')]
[DEBUG] Parsed R27E, N34G, R73T -> [('A 27', 'E'), ('A 34', 'G'), ('A 73', 'T')]
[DEBUG] Parsed N57T, R73L -> [('B 57', 'T'), ('A 73', 'L')]
[DEBUG] Parsed R73Q -> [('A 73', 'Q')]
[DEBUG] Parsed R27K, N54F, R73L -> [('A 27', 'K'), ('B 54', 'F'), ('A 73', 'L')]
[DEBUG] Parsed N36D, R73D -> [('A 36', 'D'), ('A 73', 'D')]
[DEBUG] Parsed N57R, R73E -> [('B 57', 'R'), ('A 73', 'E')]
[DEBUG] Parsed R27S, R73L -> [('A 27', 'S'), ('A 73', 'L')]
[DEBUG] Parsed R27K, N54L, R73E -> [('A 27', 'K'), ('B 54', 'L'), ('A 73', 'E')]
[DEBUG] Parsed R27S, R73T -> [('A 27', 'S'), ('A 73', 'T')]
[DEBUG] Parsed R27K, N57T, R73L -> [('A 27', 'K'), ('B 57', 'T'), ('A 73', 'L')]
[DEBUG] Parsed N34T, N54L, N57R, R73T -> [('A 34', 'T'), ('B 54', 'L'), ('B 57', 'R'), ('A 73', 'T')]
[DEBUG] Parsed R27P, N54L, N57T, R73L -> [('A 27', 'P'), ('B 54', 'L'), ('B 57', 'T'), ('A 73', 'L')]
[DEBUG] Parsed N34T, N57R, R73Y -> [('A 34', 'T'), ('B 57', 'R'), ('A 73', 'Y')]
[DEBUG] Parsed R73Y -> [('A 73', 'Y')]
[DEBUG] Parsed R27K, N57R, R73Y -> [('A 27', 'K'), ('B 57', 'R'), ('A 73', 'Y')]
[DEBUG] Creating jobs for bundle: [('B 54', 'L'), ('B 57', 'T'), ('A 73', 'T')]
[DEBUG] Output file: /scratch4/jgray21/zhuggan1/projects/orthosystems/tryingggg/pos_neg_design/OrthoMPNN/Rosetta/output_pdbs/pmpnn_ortho/neg0.6/0.6_relaxed_ortho_3_B54L_B57T_A73T_rep1.pdb
[DEBUG] Output file: /scratch4/jgray21/zhuggan1/projects/orthosystems/tryingggg/pos_neg_design/OrthoMPNN/Rosetta/output_pdbs/pmpnn_ortho/neg0.6/0.6_relaxed_ortho_3_B54L_B57T_A73T_rep2.pdb
[DEBUG] Output file: /scratch4/jgray21/zhuggan1/projects/orthosystems/tryingggg/pos_neg_design/OrthoMPNN/Rosetta/output_pdbs/pmpnn_ortho/neg0.6/0.6_relaxed_ortho_3_B54L_B57T_A73T_rep3.pdb
[DEBUG] Output file: /scratch4/jgray21/zhuggan1/projects/orthosystems/tryingggg/pos_neg_design/OrthoMPNN/Rosetta/output_pdbs/pmpnn_ortho/neg0.6/0.6_relaxed_ortho_3_B54L_B57T_A73T_rep4.pdb
[DEBUG] Output file: /scratch4/jgray21/zhuggan1/projects/orthosystems/tryingggg/pos_neg_design/OrthoMPNN/Rosetta/output_pdbs/pmpnn_ortho/neg0.6/0.6_relaxed_ortho_3_B54L_B57T_A73T_rep5.pdb
[DEBUG] Creating jobs for bundle: [('A 34', 'T'), ('B 57', 'R'), ('A 73', 'L')]
[DEBUG] Output file: /scratch4/jgray21/zhuggan1/projects/orthosystems/tryingggg/pos_neg_design/OrthoMPNN/Rosetta/output_pdbs/pmpnn_ortho/neg0.6/0.6_relaxed_ortho_3_A34T_B57R_A73L_rep1.pdb
[DEBUG] Output file: /scratch4/jgray21/zhuggan1/projects/orthosystems/tryingggg/pos_neg_design/OrthoMPNN/Rosetta/output_pdbs/pmpnn_ortho/neg0.6/0.6_relaxed_ortho_3_A34T_B57R_A73L_rep2.pdb
[DEBUG] Output file: /scratch4/jgray21/zhuggan1/projects/orthosystems/tryingggg/pos_neg_design/OrthoMPNN/Rosetta/output_pdbs/pmpnn_ortho/neg0.6/0.6_relaxed_ortho_3_A34T_B57R_A73L_rep3.pdb
[DEBUG] Output file: /scratch4/jgray21/zhuggan1/projects/orthosystems/tryingggg/pos_neg_design/OrthoMPNN/Rosetta/output_pdbs/pmpnn_ortho/neg0.6/0.6_relaxed_ortho_3_A34T_B57R_A73L_rep4.pdb
[DEBUG] Output file: /scratch4/jgray21/zhuggan1/projects/orthosystems/tryingggg/pos_neg_design/OrthoMPNN/Rosetta/output_pdbs/pmpnn_ortho/neg0.6/0.6_relaxed_ortho_3_A34T_B57R_A73L_rep5.pdb
[DEBUG] Creating jobs for bundle: [('A 27', 'K'), ('A 34', 'T'), ('B 54', 'I'), ('A 73', 'L')]
[DEBUG] Output file: /scratch4/jgray21/zhuggan1/projects/orthosystems/tryingggg/pos_neg_design/OrthoMPNN/Rosetta/output_pdbs/pmpnn_ortho/neg0.6/0.6_relaxed_ortho_3_A27K_A34T_B54I_A73L_rep1.pdb
[DEBUG] Output file: /scratch4/jgray21/zhuggan1/projects/orthosystems/tryingggg/pos_neg_design/OrthoMPNN/Rosetta/output_pdbs/pmpnn_ortho/neg0.6/0.6_relaxed_ortho_3_A27K_A34T_B54I_A73L_rep2.pdb
[DEBUG] Output file: /scratch4/jgray21/zhuggan1/projects/orthosystems/tryingggg/pos_neg_design/OrthoMPNN/Rosetta/output_pdbs/pmpnn_ortho/neg0.6/0.6_relaxed_ortho_3_A27K_A34T_B54I_A73L_rep3.pdb
[DEBUG] Output file: /scratch4/jgray21/zhuggan1/projects/orthosystems/tryingggg/pos_neg_design/OrthoMPNN/Rosetta/output_pdbs/pmpnn_ortho/neg0.6/0.6_relaxed_ortho_3_A27K_A34T_B54I_A73L_rep4.pdb
[DEBUG] Output file: /scratch4/jgray21/zhuggan1/projects/orthosystems/tryingggg/pos_neg_design/OrthoMPNN/Rosetta/output_pdbs/pmpnn_ortho/neg0.6/0.6_relaxed_ortho_3_A27K_A34T_B54I_A73L_rep5.pdb
[DEBUG] Creating jobs for bundle: [('B 54', 'I'), ('B 57', 'R'), ('A 73', 'L')]
[DEBUG] Output file: /scratch4/jgray21/zhuggan1/projects/orthosystems/tryingggg/pos_neg_design/OrthoMPNN/Rosetta/output_pdbs/pmpnn_ortho/neg0.6/0.6_relaxed_ortho_3_B54I_B57R_A73L_rep1.pdb
[DEBUG] Output file: /scratch4/jgray21/zhuggan1/projects/orthosystems/tryingggg/pos_neg_design/OrthoMPNN/Rosetta/output_pdbs/pmpnn_ortho/neg0.6/0.6_relaxed_ortho_3_B54I_B57R_A73L_rep2.pdb
[DEBUG] Output file: /scratch4/jgray21/zhuggan1/projects/orthosystems/tryingggg/pos_neg_design/OrthoMPNN/Rosetta/output_pdbs/pmpnn_ortho/neg0.6/0.6_relaxed_ortho_3_B54I_B57R_A73L_rep3.pdb
[DEBUG] Output file: /scratch4/jgray21/zhuggan1/projects/orthosystems/tryingggg/pos_neg_design/OrthoMPNN/Rosetta/output_pdbs/pmpnn_ortho/neg0.6/0.6_relaxed_ortho_3_B54I_B57R_A73L_rep4.pdb
[DEBUG] Output file: /scratch4/jgray21/zhuggan1/projects/orthosystems/tryingggg/pos_neg_design/OrthoMPNN/Rosetta/output_pdbs/pmpnn_ortho/neg0.6/0.6_relaxed_ortho_3_B54I_B57R_A73L_rep5.pdb
[DEBUG] Creating jobs for bundle: [('A 27', 'Q'), ('B 54', 'V'), ('A 73', 'Q')]
[DEBUG] Output file: /scratch4/jgray21/zhuggan1/projects/orthosystems/tryingggg/pos_neg_design/OrthoMPNN/Rosetta/output_pdbs/pmpnn_ortho/neg0.6/0.6_relaxed_ortho_3_A27Q_B54V_A73Q_rep1.pdb
[DEBUG] Output file: /scratch4/jgray21/zhuggan1/projects/orthosystems/tryingggg/pos_neg_design/OrthoMPNN/Rosetta/output_pdbs/pmpnn_ortho/neg0.6/0.6_relaxed_ortho_3_A27Q_B54V_A73Q_rep2.pdb
[DEBUG] Output file: /scratch4/jgray21/zhuggan1/projects/orthosystems/tryingggg/pos_neg_design/OrthoMPNN/Rosetta/output_pdbs/pmpnn_ortho/neg0.6/0.6_relaxed_ortho_3_A27Q_B54V_A73Q_rep3.pdb
[DEBUG] Output file: /scratch4/jgray21/zhuggan1/projects/orthosystems/tryingggg/pos_neg_design/OrthoMPNN/Rosetta/output_pdbs/pmpnn_ortho/neg0.6/0.6_relaxed_ortho_3_A27Q_B54V_A73Q_rep4.pdb
[DEBUG] Output file: /scratch4/jgray21/zhuggan1/projects/orthosystems/tryingggg/pos_neg_design/OrthoMPNN/Rosetta/output_pdbs/pmpnn_ortho/neg0.6/0.6_relaxed_ortho_3_A27Q_B54V_A73Q_rep5.pdb
[DEBUG] Creating jobs for bundle: [('A 27', 'K'), ('B 54', 'V'), ('A 73', 'L')]
[DEBUG] Output file: /scratch4/jgray21/zhuggan1/projects/orthosystems/tryingggg/pos_neg_design/OrthoMPNN/Rosetta/output_pdbs/pmpnn_ortho/neg0.6/0.6_relaxed_ortho_3_A27K_B54V_A73L_rep1.pdb
[DEBUG] Output file: /scratch4/jgray21/zhuggan1/projects/orthosystems/tryingggg/pos_neg_design/OrthoMPNN/Rosetta/output_pdbs/pmpnn_ortho/neg0.6/0.6_relaxed_ortho_3_A27K_B54V_A73L_rep2.pdb
[DEBUG] Output file: /scratch4/jgray21/zhuggan1/projects/orthosystems/tryingggg/pos_neg_design/OrthoMPNN/Rosetta/output_pdbs/pmpnn_ortho/neg0.6/0.6_relaxed_ortho_3_A27K_B54V_A73L_rep3.pdb
[DEBUG] Output file: /scratch4/jgray21/zhuggan1/projects/orthosystems/tryingggg/pos_neg_design/OrthoMPNN/Rosetta/output_pdbs/pmpnn_ortho/neg0.6/0.6_relaxed_ortho_3_A27K_B54V_A73L_rep4.pdb
[DEBUG] Output file: /scratch4/jgray21/zhuggan1/projects/orthosystems/tryingggg/pos_neg_design/OrthoMPNN/Rosetta/output_pdbs/pmpnn_ortho/neg0.6/0.6_relaxed_ortho_3_A27K_B54V_A73L_rep5.pdb
[DEBUG] Creating jobs for bundle: [('A 34', 'G'), ('B 57', 'R'), ('A 73', 'D')]
[DEBUG] Output file: /scratch4/jgray21/zhuggan1/projects/orthosystems/tryingggg/pos_neg_design/OrthoMPNN/Rosetta/output_pdbs/pmpnn_ortho/neg0.6/0.6_relaxed_ortho_3_A34G_B57R_A73D_rep1.pdb
[DEBUG] Output file: /scratch4/jgray21/zhuggan1/projects/orthosystems/tryingggg/pos_neg_design/OrthoMPNN/Rosetta/output_pdbs/pmpnn_ortho/neg0.6/0.6_relaxed_ortho_3_A34G_B57R_A73D_rep2.pdb
[DEBUG] Output file: /scratch4/jgray21/zhuggan1/projects/orthosystems/tryingggg/pos_neg_design/OrthoMPNN/Rosetta/output_pdbs/pmpnn_ortho/neg0.6/0.6_relaxed_ortho_3_A34G_B57R_A73D_rep3.pdb
[DEBUG] Output file: /scratch4/jgray21/zhuggan1/projects/orthosystems/tryingggg/pos_neg_design/OrthoMPNN/Rosetta/output_pdbs/pmpnn_ortho/neg0.6/0.6_relaxed_ortho_3_A34G_B57R_A73D_rep4.pdb
[DEBUG] Output file: /scratch4/jgray21/zhuggan1/projects/orthosystems/tryingggg/pos_neg_design/OrthoMPNN/Rosetta/output_pdbs/pmpnn_ortho/neg0.6/0.6_relaxed_ortho_3_A34G_B57R_A73D_rep5.pdb
[DEBUG] Creating jobs for bundle: [('B 54', 'T'), ('B 57', 'R'), ('A 73', 'E')]
[DEBUG] Output file: /scratch4/jgray21/zhuggan1/projects/orthosystems/tryingggg/pos_neg_design/OrthoMPNN/Rosetta/output_pdbs/pmpnn_ortho/neg0.6/0.6_relaxed_ortho_3_B54T_B57R_A73E_rep1.pdb
[DEBUG] Output file: /scratch4/jgray21/zhuggan1/projects/orthosystems/tryingggg/pos_neg_design/OrthoMPNN/Rosetta/output_pdbs/pmpnn_ortho/neg0.6/0.6_relaxed_ortho_3_B54T_B57R_A73E_rep2.pdb
[DEBUG] Output file: /scratch4/jgray21/zhuggan1/projects/orthosystems/tryingggg/pos_neg_design/OrthoMPNN/Rosetta/output_pdbs/pmpnn_ortho/neg0.6/0.6_relaxed_ortho_3_B54T_B57R_A73E_rep3.pdb
[DEBUG] Output file: /scratch4/jgray21/zhuggan1/projects/orthosystems/tryingggg/pos_neg_design/OrthoMPNN/Rosetta/output_pdbs/pmpnn_ortho/neg0.6/0.6_relaxed_ortho_3_B54T_B57R_A73E_rep4.pdb
[DEBUG] Output file: /scratch4/jgray21/zhuggan1/projects/orthosystems/tryingggg/pos_neg_design/OrthoMPNN/Rosetta/output_pdbs/pmpnn_ortho/neg0.6/0.6_relaxed_ortho_3_B54T_B57R_A73E_rep5.pdb
[DEBUG] Creating jobs for bundle: [('A 27', 'P'), ('B 54', 'V'), ('A 73', 'L')]
[DEBUG] Output file: /scratch4/jgray21/zhuggan1/projects/orthosystems/tryingggg/pos_neg_design/OrthoMPNN/Rosetta/output_pdbs/pmpnn_ortho/neg0.6/0.6_relaxed_ortho_3_A27P_B54V_A73L_rep1.pdb
[DEBUG] Output file: /scratch4/jgray21/zhuggan1/projects/orthosystems/tryingggg/pos_neg_design/OrthoMPNN/Rosetta/output_pdbs/pmpnn_ortho/neg0.6/0.6_relaxed_ortho_3_A27P_B54V_A73L_rep2.pdb
[DEBUG] Output file: /scratch4/jgray21/zhuggan1/projects/orthosystems/tryingggg/pos_neg_design/OrthoMPNN/Rosetta/output_pdbs/pmpnn_ortho/neg0.6/0.6_relaxed_ortho_3_A27P_B54V_A73L_rep3.pdb
[DEBUG] Output file: /scratch4/jgray21/zhuggan1/projects/orthosystems/tryingggg/pos_neg_design/OrthoMPNN/Rosetta/output_pdbs/pmpnn_ortho/neg0.6/0.6_relaxed_ortho_3_A27P_B54V_A73L_rep4.pdb
[DEBUG] Output file: /scratch4/jgray21/zhuggan1/projects/orthosystems/tryingggg/pos_neg_design/OrthoMPNN/Rosetta/output_pdbs/pmpnn_ortho/neg0.6/0.6_relaxed_ortho_3_A27P_B54V_A73L_rep5.pdb
[DEBUG] Creating jobs for bundle: [('A 27', 'D'), ('A 73', 'E')]
[DEBUG] Output file: /scratch4/jgray21/zhuggan1/projects/orthosystems/tryingggg/pos_neg_design/OrthoMPNN/Rosetta/output_pdbs/pmpnn_ortho/neg0.6/0.6_relaxed_ortho_3_A27D_A73E_rep1.pdb
[DEBUG] Output file: /scratch4/jgray21/zhuggan1/projects/orthosystems/tryingggg/pos_neg_design/OrthoMPNN/Rosetta/output_pdbs/pmpnn_ortho/neg0.6/0.6_relaxed_ortho_3_A27D_A73E_rep2.pdb
[DEBUG] Output file: /scratch4/jgray21/zhuggan1/projects/orthosystems/tryingggg/pos_neg_design/OrthoMPNN/Rosetta/output_pdbs/pmpnn_ortho/neg0.6/0.6_relaxed_ortho_3_A27D_A73E_rep3.pdb
[DEBUG] Output file: /scratch4/jgray21/zhuggan1/projects/orthosystems/tryingggg/pos_neg_design/OrthoMPNN/Rosetta/output_pdbs/pmpnn_ortho/neg0.6/0.6_relaxed_ortho_3_A27D_A73E_rep4.pdb
[DEBUG] Output file: /scratch4/jgray21/zhuggan1/projects/orthosystems/tryingggg/pos_neg_design/OrthoMPNN/Rosetta/output_pdbs/pmpnn_ortho/neg0.6/0.6_relaxed_ortho_3_A27D_A73E_rep5.pdb
[DEBUG] Creating jobs for bundle: [('A 27', 'P'), ('B 54', 'I'), ('A 73', 'Y')]
[DEBUG] Output file: /scratch4/jgray21/zhuggan1/projects/orthosystems/tryingggg/pos_neg_design/OrthoMPNN/Rosetta/output_pdbs/pmpnn_ortho/neg0.6/0.6_relaxed_ortho_3_A27P_B54I_A73Y_rep1.pdb
[DEBUG] Output file: /scratch4/jgray21/zhuggan1/projects/orthosystems/tryingggg/pos_neg_design/OrthoMPNN/Rosetta/output_pdbs/pmpnn_ortho/neg0.6/0.6_relaxed_ortho_3_A27P_B54I_A73Y_rep2.pdb
[DEBUG] Output file: /scratch4/jgray21/zhuggan1/projects/orthosystems/tryingggg/pos_neg_design/OrthoMPNN/Rosetta/output_pdbs/pmpnn_ortho/neg0.6/0.6_relaxed_ortho_3_A27P_B54I_A73Y_rep3.pdb
[DEBUG] Output file: /scratch4/jgray21/zhuggan1/projects/orthosystems/tryingggg/pos_neg_design/OrthoMPNN/Rosetta/output_pdbs/pmpnn_ortho/neg0.6/0.6_relaxed_ortho_3_A27P_B54I_A73Y_rep4.pdb
[DEBUG] Output file: /scratch4/jgray21/zhuggan1/projects/orthosystems/tryingggg/pos_neg_design/OrthoMPNN/Rosetta/output_pdbs/pmpnn_ortho/neg0.6/0.6_relaxed_ortho_3_A27P_B54I_A73Y_rep5.pdb
[DEBUG] Creating jobs for bundle: [('A 27', 'K'), ('A 31', 'N'), ('A 34', 'T'), ('A 73', 'T')]
[DEBUG] Output file: /scratch4/jgray21/zhuggan1/projects/orthosystems/tryingggg/pos_neg_design/OrthoMPNN/Rosetta/output_pdbs/pmpnn_ortho/neg0.6/0.6_relaxed_ortho_3_A27K_A31N_A34T_A73T_rep1.pdb
[DEBUG] Output file: /scratch4/jgray21/zhuggan1/projects/orthosystems/tryingggg/pos_neg_design/OrthoMPNN/Rosetta/output_pdbs/pmpnn_ortho/neg0.6/0.6_relaxed_ortho_3_A27K_A31N_A34T_A73T_rep2.pdb
[DEBUG] Output file: /scratch4/jgray21/zhuggan1/projects/orthosystems/tryingggg/pos_neg_design/OrthoMPNN/Rosetta/output_pdbs/pmpnn_ortho/neg0.6/0.6_relaxed_ortho_3_A27K_A31N_A34T_A73T_rep3.pdb
[DEBUG] Output file: /scratch4/jgray21/zhuggan1/projects/orthosystems/tryingggg/pos_neg_design/OrthoMPNN/Rosetta/output_pdbs/pmpnn_ortho/neg0.6/0.6_relaxed_ortho_3_A27K_A31N_A34T_A73T_rep4.pdb
[DEBUG] Output file: /scratch4/jgray21/zhuggan1/projects/orthosystems/tryingggg/pos_neg_design/OrthoMPNN/Rosetta/output_pdbs/pmpnn_ortho/neg0.6/0.6_relaxed_ortho_3_A27K_A31N_A34T_A73T_rep5.pdb
[DEBUG] Creating jobs for bundle: [('B 54', 'V'), ('A 73', 'T')]
[DEBUG] Output file: /scratch4/jgray21/zhuggan1/projects/orthosystems/tryingggg/pos_neg_design/OrthoMPNN/Rosetta/output_pdbs/pmpnn_ortho/neg0.6/0.6_relaxed_ortho_3_B54V_A73T_rep1.pdb
[DEBUG] Output file: /scratch4/jgray21/zhuggan1/projects/orthosystems/tryingggg/pos_neg_design/OrthoMPNN/Rosetta/output_pdbs/pmpnn_ortho/neg0.6/0.6_relaxed_ortho_3_B54V_A73T_rep2.pdb
[DEBUG] Output file: /scratch4/jgray21/zhuggan1/projects/orthosystems/tryingggg/pos_neg_design/OrthoMPNN/Rosetta/output_pdbs/pmpnn_ortho/neg0.6/0.6_relaxed_ortho_3_B54V_A73T_rep3.pdb
[DEBUG] Output file: /scratch4/jgray21/zhuggan1/projects/orthosystems/tryingggg/pos_neg_design/OrthoMPNN/Rosetta/output_pdbs/pmpnn_ortho/neg0.6/0.6_relaxed_ortho_3_B54V_A73T_rep4.pdb
[DEBUG] Output file: /scratch4/jgray21/zhuggan1/projects/orthosystems/tryingggg/pos_neg_design/OrthoMPNN/Rosetta/output_pdbs/pmpnn_ortho/neg0.6/0.6_relaxed_ortho_3_B54V_A73T_rep5.pdb
[DEBUG] Creating jobs for bundle: [('A 27', 'K'), ('A 73', 'Y')]
[DEBUG] Output file: /scratch4/jgray21/zhuggan1/projects/orthosystems/tryingggg/pos_neg_design/OrthoMPNN/Rosetta/output_pdbs/pmpnn_ortho/neg0.6/0.6_relaxed_ortho_3_A27K_A73Y_rep1.pdb
[DEBUG] Output file: /scratch4/jgray21/zhuggan1/projects/orthosystems/tryingggg/pos_neg_design/OrthoMPNN/Rosetta/output_pdbs/pmpnn_ortho/neg0.6/0.6_relaxed_ortho_3_A27K_A73Y_rep2.pdb
[DEBUG] Output file: /scratch4/jgray21/zhuggan1/projects/orthosystems/tryingggg/pos_neg_design/OrthoMPNN/Rosetta/output_pdbs/pmpnn_ortho/neg0.6/0.6_relaxed_ortho_3_A27K_A73Y_rep3.pdb
[DEBUG] Output file: /scratch4/jgray21/zhuggan1/projects/orthosystems/tryingggg/pos_neg_design/OrthoMPNN/Rosetta/output_pdbs/pmpnn_ortho/neg0.6/0.6_relaxed_ortho_3_A27K_A73Y_rep4.pdb
[DEBUG] Output file: /scratch4/jgray21/zhuggan1/projects/orthosystems/tryingggg/pos_neg_design/OrthoMPNN/Rosetta/output_pdbs/pmpnn_ortho/neg0.6/0.6_relaxed_ortho_3_A27K_A73Y_rep5.pdb
[DEBUG] Creating jobs for bundle: [('A 27', 'T'), ('A 73', 'Q')]
[DEBUG] Output file: /scratch4/jgray21/zhuggan1/projects/orthosystems/tryingggg/pos_neg_design/OrthoMPNN/Rosetta/output_pdbs/pmpnn_ortho/neg0.6/0.6_relaxed_ortho_3_A27T_A73Q_rep1.pdb
[DEBUG] Output file: /scratch4/jgray21/zhuggan1/projects/orthosystems/tryingggg/pos_neg_design/OrthoMPNN/Rosetta/output_pdbs/pmpnn_ortho/neg0.6/0.6_relaxed_ortho_3_A27T_A73Q_rep2.pdb
[DEBUG] Output file: /scratch4/jgray21/zhuggan1/projects/orthosystems/tryingggg/pos_neg_design/OrthoMPNN/Rosetta/output_pdbs/pmpnn_ortho/neg0.6/0.6_relaxed_ortho_3_A27T_A73Q_rep3.pdb
[DEBUG] Output file: /scratch4/jgray21/zhuggan1/projects/orthosystems/tryingggg/pos_neg_design/OrthoMPNN/Rosetta/output_pdbs/pmpnn_ortho/neg0.6/0.6_relaxed_ortho_3_A27T_A73Q_rep4.pdb
[DEBUG] Output file: /scratch4/jgray21/zhuggan1/projects/orthosystems/tryingggg/pos_neg_design/OrthoMPNN/Rosetta/output_pdbs/pmpnn_ortho/neg0.6/0.6_relaxed_ortho_3_A27T_A73Q_rep5.pdb
[DEBUG] Creating jobs for bundle: [('A 27', 'K'), ('A 31', 'N'), ('B 57', 'R'), ('A 73', 'K')]
[DEBUG] Output file: /scratch4/jgray21/zhuggan1/projects/orthosystems/tryingggg/pos_neg_design/OrthoMPNN/Rosetta/output_pdbs/pmpnn_ortho/neg0.6/0.6_relaxed_ortho_3_A27K_A31N_B57R_A73K_rep1.pdb
[DEBUG] Output file: /scratch4/jgray21/zhuggan1/projects/orthosystems/tryingggg/pos_neg_design/OrthoMPNN/Rosetta/output_pdbs/pmpnn_ortho/neg0.6/0.6_relaxed_ortho_3_A27K_A31N_B57R_A73K_rep2.pdb
[DEBUG] Output file: /scratch4/jgray21/zhuggan1/projects/orthosystems/tryingggg/pos_neg_design/OrthoMPNN/Rosetta/output_pdbs/pmpnn_ortho/neg0.6/0.6_relaxed_ortho_3_A27K_A31N_B57R_A73K_rep3.pdb
[DEBUG] Output file: /scratch4/jgray21/zhuggan1/projects/orthosystems/tryingggg/pos_neg_design/OrthoMPNN/Rosetta/output_pdbs/pmpnn_ortho/neg0.6/0.6_relaxed_ortho_3_A27K_A31N_B57R_A73K_rep4.pdb
[DEBUG] Output file: /scratch4/jgray21/zhuggan1/projects/orthosystems/tryingggg/pos_neg_design/OrthoMPNN/Rosetta/output_pdbs/pmpnn_ortho/neg0.6/0.6_relaxed_ortho_3_A27K_A31N_B57R_A73K_rep5.pdb
[DEBUG] Creating jobs for bundle: [('A 34', 'T'), ('B 54', 'V'), ('B 57', 'R'), ('A 73', 'L')]
[DEBUG] Output file: /scratch4/jgray21/zhuggan1/projects/orthosystems/tryingggg/pos_neg_design/OrthoMPNN/Rosetta/output_pdbs/pmpnn_ortho/neg0.6/0.6_relaxed_ortho_3_A34T_B54V_B57R_A73L_rep1.pdb
[DEBUG] Output file: /scratch4/jgray21/zhuggan1/projects/orthosystems/tryingggg/pos_neg_design/OrthoMPNN/Rosetta/output_pdbs/pmpnn_ortho/neg0.6/0.6_relaxed_ortho_3_A34T_B54V_B57R_A73L_rep2.pdb
[DEBUG] Output file: /scratch4/jgray21/zhuggan1/projects/orthosystems/tryingggg/pos_neg_design/OrthoMPNN/Rosetta/output_pdbs/pmpnn_ortho/neg0.6/0.6_relaxed_ortho_3_A34T_B54V_B57R_A73L_rep3.pdb
[DEBUG] Output file: /scratch4/jgray21/zhuggan1/projects/orthosystems/tryingggg/pos_neg_design/OrthoMPNN/Rosetta/output_pdbs/pmpnn_ortho/neg0.6/0.6_relaxed_ortho_3_A34T_B54V_B57R_A73L_rep4.pdb
[DEBUG] Output file: /scratch4/jgray21/zhuggan1/projects/orthosystems/tryingggg/pos_neg_design/OrthoMPNN/Rosetta/output_pdbs/pmpnn_ortho/neg0.6/0.6_relaxed_ortho_3_A34T_B54V_B57R_A73L_rep5.pdb
[DEBUG] Creating jobs for bundle: [('A 27', 'K'), ('A 73', 'K')]
[DEBUG] Output file: /scratch4/jgray21/zhuggan1/projects/orthosystems/tryingggg/pos_neg_design/OrthoMPNN/Rosetta/output_pdbs/pmpnn_ortho/neg0.6/0.6_relaxed_ortho_3_A27K_A73K_rep1.pdb
[DEBUG] Output file: /scratch4/jgray21/zhuggan1/projects/orthosystems/tryingggg/pos_neg_design/OrthoMPNN/Rosetta/output_pdbs/pmpnn_ortho/neg0.6/0.6_relaxed_ortho_3_A27K_A73K_rep2.pdb
[DEBUG] Output file: /scratch4/jgray21/zhuggan1/projects/orthosystems/tryingggg/pos_neg_design/OrthoMPNN/Rosetta/output_pdbs/pmpnn_ortho/neg0.6/0.6_relaxed_ortho_3_A27K_A73K_rep3.pdb
[DEBUG] Output file: /scratch4/jgray21/zhuggan1/projects/orthosystems/tryingggg/pos_neg_design/OrthoMPNN/Rosetta/output_pdbs/pmpnn_ortho/neg0.6/0.6_relaxed_ortho_3_A27K_A73K_rep4.pdb
[DEBUG] Output file: /scratch4/jgray21/zhuggan1/projects/orthosystems/tryingggg/pos_neg_design/OrthoMPNN/Rosetta/output_pdbs/pmpnn_ortho/neg0.6/0.6_relaxed_ortho_3_A27K_A73K_rep5.pdb
[DEBUG] Creating jobs for bundle: [('A 27', 'A'), ('A 73', 'E')]
[DEBUG] Output file: /scratch4/jgray21/zhuggan1/projects/orthosystems/tryingggg/pos_neg_design/OrthoMPNN/Rosetta/output_pdbs/pmpnn_ortho/neg0.6/0.6_relaxed_ortho_3_A27A_A73E_rep1.pdb
[DEBUG] Output file: /scratch4/jgray21/zhuggan1/projects/orthosystems/tryingggg/pos_neg_design/OrthoMPNN/Rosetta/output_pdbs/pmpnn_ortho/neg0.6/0.6_relaxed_ortho_3_A27A_A73E_rep2.pdb
[DEBUG] Output file: /scratch4/jgray21/zhuggan1/projects/orthosystems/tryingggg/pos_neg_design/OrthoMPNN/Rosetta/output_pdbs/pmpnn_ortho/neg0.6/0.6_relaxed_ortho_3_A27A_A73E_rep3.pdb
[DEBUG] Output file: /scratch4/jgray21/zhuggan1/projects/orthosystems/tryingggg/pos_neg_design/OrthoMPNN/Rosetta/output_pdbs/pmpnn_ortho/neg0.6/0.6_relaxed_ortho_3_A27A_A73E_rep4.pdb
[DEBUG] Output file: /scratch4/jgray21/zhuggan1/projects/orthosystems/tryingggg/pos_neg_design/OrthoMPNN/Rosetta/output_pdbs/pmpnn_ortho/neg0.6/0.6_relaxed_ortho_3_A27A_A73E_rep5.pdb
[DEBUG] Creating jobs for bundle: [('A 27', 'K'), ('B 54', 'L'), ('A 73', 'T')]
[DEBUG] Output file: /scratch4/jgray21/zhuggan1/projects/orthosystems/tryingggg/pos_neg_design/OrthoMPNN/Rosetta/output_pdbs/pmpnn_ortho/neg0.6/0.6_relaxed_ortho_3_A27K_B54L_A73T_rep1.pdb
[DEBUG] Output file: /scratch4/jgray21/zhuggan1/projects/orthosystems/tryingggg/pos_neg_design/OrthoMPNN/Rosetta/output_pdbs/pmpnn_ortho/neg0.6/0.6_relaxed_ortho_3_A27K_B54L_A73T_rep2.pdb
[DEBUG] Output file: /scratch4/jgray21/zhuggan1/projects/orthosystems/tryingggg/pos_neg_design/OrthoMPNN/Rosetta/output_pdbs/pmpnn_ortho/neg0.6/0.6_relaxed_ortho_3_A27K_B54L_A73T_rep3.pdb
[DEBUG] Output file: /scratch4/jgray21/zhuggan1/projects/orthosystems/tryingggg/pos_neg_design/OrthoMPNN/Rosetta/output_pdbs/pmpnn_ortho/neg0.6/0.6_relaxed_ortho_3_A27K_B54L_A73T_rep4.pdb
[DEBUG] Output file: /scratch4/jgray21/zhuggan1/projects/orthosystems/tryingggg/pos_neg_design/OrthoMPNN/Rosetta/output_pdbs/pmpnn_ortho/neg0.6/0.6_relaxed_ortho_3_A27K_B54L_A73T_rep5.pdb
[DEBUG] Creating jobs for bundle: [('A 27', 'T'), ('A 34', 'T'), ('B 57', 'R'), ('A 73', 'A')]
[DEBUG] Output file: /scratch4/jgray21/zhuggan1/projects/orthosystems/tryingggg/pos_neg_design/OrthoMPNN/Rosetta/output_pdbs/pmpnn_ortho/neg0.6/0.6_relaxed_ortho_3_A27T_A34T_B57R_A73A_rep1.pdb
[DEBUG] Output file: /scratch4/jgray21/zhuggan1/projects/orthosystems/tryingggg/pos_neg_design/OrthoMPNN/Rosetta/output_pdbs/pmpnn_ortho/neg0.6/0.6_relaxed_ortho_3_A27T_A34T_B57R_A73A_rep2.pdb
[DEBUG] Output file: /scratch4/jgray21/zhuggan1/projects/orthosystems/tryingggg/pos_neg_design/OrthoMPNN/Rosetta/output_pdbs/pmpnn_ortho/neg0.6/0.6_relaxed_ortho_3_A27T_A34T_B57R_A73A_rep3.pdb
[DEBUG] Output file: /scratch4/jgray21/zhuggan1/projects/orthosystems/tryingggg/pos_neg_design/OrthoMPNN/Rosetta/output_pdbs/pmpnn_ortho/neg0.6/0.6_relaxed_ortho_3_A27T_A34T_B57R_A73A_rep4.pdb
[DEBUG] Output file: /scratch4/jgray21/zhuggan1/projects/orthosystems/tryingggg/pos_neg_design/OrthoMPNN/Rosetta/output_pdbs/pmpnn_ortho/neg0.6/0.6_relaxed_ortho_3_A27T_A34T_B57R_A73A_rep5.pdb
[DEBUG] Creating jobs for bundle: [('A 27', 'T'), ('A 73', 'T')]
[DEBUG] Output file: /scratch4/jgray21/zhuggan1/projects/orthosystems/tryingggg/pos_neg_design/OrthoMPNN/Rosetta/output_pdbs/pmpnn_ortho/neg0.6/0.6_relaxed_ortho_3_A27T_A73T_rep1.pdb
[DEBUG] Output file: /scratch4/jgray21/zhuggan1/projects/orthosystems/tryingggg/pos_neg_design/OrthoMPNN/Rosetta/output_pdbs/pmpnn_ortho/neg0.6/0.6_relaxed_ortho_3_A27T_A73T_rep2.pdb
[DEBUG] Output file: /scratch4/jgray21/zhuggan1/projects/orthosystems/tryingggg/pos_neg_design/OrthoMPNN/Rosetta/output_pdbs/pmpnn_ortho/neg0.6/0.6_relaxed_ortho_3_A27T_A73T_rep3.pdb
[DEBUG] Output file: /scratch4/jgray21/zhuggan1/projects/orthosystems/tryingggg/pos_neg_design/OrthoMPNN/Rosetta/output_pdbs/pmpnn_ortho/neg0.6/0.6_relaxed_ortho_3_A27T_A73T_rep4.pdb
[DEBUG] Output file: /scratch4/jgray21/zhuggan1/projects/orthosystems/tryingggg/pos_neg_design/OrthoMPNN/Rosetta/output_pdbs/pmpnn_ortho/neg0.6/0.6_relaxed_ortho_3_A27T_A73T_rep5.pdb
[DEBUG] Creating jobs for bundle: [('A 73', 'M')]
[DEBUG] Output file: /scratch4/jgray21/zhuggan1/projects/orthosystems/tryingggg/pos_neg_design/OrthoMPNN/Rosetta/output_pdbs/pmpnn_ortho/neg0.6/0.6_relaxed_ortho_3_A73M_rep1.pdb
[DEBUG] Output file: /scratch4/jgray21/zhuggan1/projects/orthosystems/tryingggg/pos_neg_design/OrthoMPNN/Rosetta/output_pdbs/pmpnn_ortho/neg0.6/0.6_relaxed_ortho_3_A73M_rep2.pdb
[DEBUG] Output file: /scratch4/jgray21/zhuggan1/projects/orthosystems/tryingggg/pos_neg_design/OrthoMPNN/Rosetta/output_pdbs/pmpnn_ortho/neg0.6/0.6_relaxed_ortho_3_A73M_rep3.pdb
[DEBUG] Output file: /scratch4/jgray21/zhuggan1/projects/orthosystems/tryingggg/pos_neg_design/OrthoMPNN/Rosetta/output_pdbs/pmpnn_ortho/neg0.6/0.6_relaxed_ortho_3_A73M_rep4.pdb
[DEBUG] Output file: /scratch4/jgray21/zhuggan1/projects/orthosystems/tryingggg/pos_neg_design/OrthoMPNN/Rosetta/output_pdbs/pmpnn_ortho/neg0.6/0.6_relaxed_ortho_3_A73M_rep5.pdb
[DEBUG] Creating jobs for bundle: [('A 27', 'P'), ('A 73', 'L')]
[DEBUG] Output file: /scratch4/jgray21/zhuggan1/projects/orthosystems/tryingggg/pos_neg_design/OrthoMPNN/Rosetta/output_pdbs/pmpnn_ortho/neg0.6/0.6_relaxed_ortho_3_A27P_A73L_rep1.pdb
[DEBUG] Output file: /scratch4/jgray21/zhuggan1/projects/orthosystems/tryingggg/pos_neg_design/OrthoMPNN/Rosetta/output_pdbs/pmpnn_ortho/neg0.6/0.6_relaxed_ortho_3_A27P_A73L_rep2.pdb
[DEBUG] Output file: /scratch4/jgray21/zhuggan1/projects/orthosystems/tryingggg/pos_neg_design/OrthoMPNN/Rosetta/output_pdbs/pmpnn_ortho/neg0.6/0.6_relaxed_ortho_3_A27P_A73L_rep3.pdb
[DEBUG] Output file: /scratch4/jgray21/zhuggan1/projects/orthosystems/tryingggg/pos_neg_design/OrthoMPNN/Rosetta/output_pdbs/pmpnn_ortho/neg0.6/0.6_relaxed_ortho_3_A27P_A73L_rep4.pdb
[DEBUG] Output file: /scratch4/jgray21/zhuggan1/projects/orthosystems/tryingggg/pos_neg_design/OrthoMPNN/Rosetta/output_pdbs/pmpnn_ortho/neg0.6/0.6_relaxed_ortho_3_A27P_A73L_rep5.pdb
[DEBUG] Creating jobs for bundle: [('A 27', 'Q'), ('B 54', 'I'), ('B 57', 'R'), ('A 73', 'T')]
[DEBUG] Output file: /scratch4/jgray21/zhuggan1/projects/orthosystems/tryingggg/pos_neg_design/OrthoMPNN/Rosetta/output_pdbs/pmpnn_ortho/neg0.6/0.6_relaxed_ortho_3_A27Q_B54I_B57R_A73T_rep1.pdb
[DEBUG] Output file: /scratch4/jgray21/zhuggan1/projects/orthosystems/tryingggg/pos_neg_design/OrthoMPNN/Rosetta/output_pdbs/pmpnn_ortho/neg0.6/0.6_relaxed_ortho_3_A27Q_B54I_B57R_A73T_rep2.pdb
[DEBUG] Output file: /scratch4/jgray21/zhuggan1/projects/orthosystems/tryingggg/pos_neg_design/OrthoMPNN/Rosetta/output_pdbs/pmpnn_ortho/neg0.6/0.6_relaxed_ortho_3_A27Q_B54I_B57R_A73T_rep3.pdb
[DEBUG] Output file: /scratch4/jgray21/zhuggan1/projects/orthosystems/tryingggg/pos_neg_design/OrthoMPNN/Rosetta/output_pdbs/pmpnn_ortho/neg0.6/0.6_relaxed_ortho_3_A27Q_B54I_B57R_A73T_rep4.pdb
[DEBUG] Output file: /scratch4/jgray21/zhuggan1/projects/orthosystems/tryingggg/pos_neg_design/OrthoMPNN/Rosetta/output_pdbs/pmpnn_ortho/neg0.6/0.6_relaxed_ortho_3_A27Q_B54I_B57R_A73T_rep5.pdb
[DEBUG] Creating jobs for bundle: [('A 27', 'K'), ('B 54', 'L'), ('B 57', 'T'), ('A 73', 'D')]
[DEBUG] Output file: /scratch4/jgray21/zhuggan1/projects/orthosystems/tryingggg/pos_neg_design/OrthoMPNN/Rosetta/output_pdbs/pmpnn_ortho/neg0.6/0.6_relaxed_ortho_3_A27K_B54L_B57T_A73D_rep1.pdb
[DEBUG] Output file: /scratch4/jgray21/zhuggan1/projects/orthosystems/tryingggg/pos_neg_design/OrthoMPNN/Rosetta/output_pdbs/pmpnn_ortho/neg0.6/0.6_relaxed_ortho_3_A27K_B54L_B57T_A73D_rep2.pdb
[DEBUG] Output file: /scratch4/jgray21/zhuggan1/projects/orthosystems/tryingggg/pos_neg_design/OrthoMPNN/Rosetta/output_pdbs/pmpnn_ortho/neg0.6/0.6_relaxed_ortho_3_A27K_B54L_B57T_A73D_rep3.pdb
[DEBUG] Output file: /scratch4/jgray21/zhuggan1/projects/orthosystems/tryingggg/pos_neg_design/OrthoMPNN/Rosetta/output_pdbs/pmpnn_ortho/neg0.6/0.6_relaxed_ortho_3_A27K_B54L_B57T_A73D_rep4.pdb
[DEBUG] Output file: /scratch4/jgray21/zhuggan1/projects/orthosystems/tryingggg/pos_neg_design/OrthoMPNN/Rosetta/output_pdbs/pmpnn_ortho/neg0.6/0.6_relaxed_ortho_3_A27K_B54L_B57T_A73D_rep5.pdb
[DEBUG] Creating jobs for bundle: [('B 54', 'I'), ('A 73', 'L')]
[DEBUG] Output file: /scratch4/jgray21/zhuggan1/projects/orthosystems/tryingggg/pos_neg_design/OrthoMPNN/Rosetta/output_pdbs/pmpnn_ortho/neg0.6/0.6_relaxed_ortho_3_B54I_A73L_rep1.pdb
[DEBUG] Output file: /scratch4/jgray21/zhuggan1/projects/orthosystems/tryingggg/pos_neg_design/OrthoMPNN/Rosetta/output_pdbs/pmpnn_ortho/neg0.6/0.6_relaxed_ortho_3_B54I_A73L_rep2.pdb
[DEBUG] Output file: /scratch4/jgray21/zhuggan1/projects/orthosystems/tryingggg/pos_neg_design/OrthoMPNN/Rosetta/output_pdbs/pmpnn_ortho/neg0.6/0.6_relaxed_ortho_3_B54I_A73L_rep3.pdb
[DEBUG] Output file: /scratch4/jgray21/zhuggan1/projects/orthosystems/tryingggg/pos_neg_design/OrthoMPNN/Rosetta/output_pdbs/pmpnn_ortho/neg0.6/0.6_relaxed_ortho_3_B54I_A73L_rep4.pdb
[DEBUG] Output file: /scratch4/jgray21/zhuggan1/projects/orthosystems/tryingggg/pos_neg_design/OrthoMPNN/Rosetta/output_pdbs/pmpnn_ortho/neg0.6/0.6_relaxed_ortho_3_B54I_A73L_rep5.pdb
[DEBUG] Creating jobs for bundle: [('B 57', 'R'), ('A 73', 'T')]
[DEBUG] Output file: /scratch4/jgray21/zhuggan1/projects/orthosystems/tryingggg/pos_neg_design/OrthoMPNN/Rosetta/output_pdbs/pmpnn_ortho/neg0.6/0.6_relaxed_ortho_3_B57R_A73T_rep1.pdb
[DEBUG] Output file: /scratch4/jgray21/zhuggan1/projects/orthosystems/tryingggg/pos_neg_design/OrthoMPNN/Rosetta/output_pdbs/pmpnn_ortho/neg0.6/0.6_relaxed_ortho_3_B57R_A73T_rep2.pdb
[DEBUG] Output file: /scratch4/jgray21/zhuggan1/projects/orthosystems/tryingggg/pos_neg_design/OrthoMPNN/Rosetta/output_pdbs/pmpnn_ortho/neg0.6/0.6_relaxed_ortho_3_B57R_A73T_rep3.pdb
[DEBUG] Output file: /scratch4/jgray21/zhuggan1/projects/orthosystems/tryingggg/pos_neg_design/OrthoMPNN/Rosetta/output_pdbs/pmpnn_ortho/neg0.6/0.6_relaxed_ortho_3_B57R_A73T_rep4.pdb
[DEBUG] Output file: /scratch4/jgray21/zhuggan1/projects/orthosystems/tryingggg/pos_neg_design/OrthoMPNN/Rosetta/output_pdbs/pmpnn_ortho/neg0.6/0.6_relaxed_ortho_3_B57R_A73T_rep5.pdb
[DEBUG] Creating jobs for bundle: [('A 27', 'E'), ('A 34', 'G'), ('A 73', 'T')]
[DEBUG] Output file: /scratch4/jgray21/zhuggan1/projects/orthosystems/tryingggg/pos_neg_design/OrthoMPNN/Rosetta/output_pdbs/pmpnn_ortho/neg0.6/0.6_relaxed_ortho_3_A27E_A34G_A73T_rep1.pdb
[DEBUG] Output file: /scratch4/jgray21/zhuggan1/projects/orthosystems/tryingggg/pos_neg_design/OrthoMPNN/Rosetta/output_pdbs/pmpnn_ortho/neg0.6/0.6_relaxed_ortho_3_A27E_A34G_A73T_rep2.pdb
[DEBUG] Output file: /scratch4/jgray21/zhuggan1/projects/orthosystems/tryingggg/pos_neg_design/OrthoMPNN/Rosetta/output_pdbs/pmpnn_ortho/neg0.6/0.6_relaxed_ortho_3_A27E_A34G_A73T_rep3.pdb
[DEBUG] Output file: /scratch4/jgray21/zhuggan1/projects/orthosystems/tryingggg/pos_neg_design/OrthoMPNN/Rosetta/output_pdbs/pmpnn_ortho/neg0.6/0.6_relaxed_ortho_3_A27E_A34G_A73T_rep4.pdb
[DEBUG] Output file: /scratch4/jgray21/zhuggan1/projects/orthosystems/tryingggg/pos_neg_design/OrthoMPNN/Rosetta/output_pdbs/pmpnn_ortho/neg0.6/0.6_relaxed_ortho_3_A27E_A34G_A73T_rep5.pdb
[DEBUG] Creating jobs for bundle: [('B 57', 'T'), ('A 73', 'L')]
[DEBUG] Output file: /scratch4/jgray21/zhuggan1/projects/orthosystems/tryingggg/pos_neg_design/OrthoMPNN/Rosetta/output_pdbs/pmpnn_ortho/neg0.6/0.6_relaxed_ortho_3_B57T_A73L_rep1.pdb
[DEBUG] Output file: /scratch4/jgray21/zhuggan1/projects/orthosystems/tryingggg/pos_neg_design/OrthoMPNN/Rosetta/output_pdbs/pmpnn_ortho/neg0.6/0.6_relaxed_ortho_3_B57T_A73L_rep2.pdb
[DEBUG] Output file: /scratch4/jgray21/zhuggan1/projects/orthosystems/tryingggg/pos_neg_design/OrthoMPNN/Rosetta/output_pdbs/pmpnn_ortho/neg0.6/0.6_relaxed_ortho_3_B57T_A73L_rep3.pdb
[DEBUG] Output file: /scratch4/jgray21/zhuggan1/projects/orthosystems/tryingggg/pos_neg_design/OrthoMPNN/Rosetta/output_pdbs/pmpnn_ortho/neg0.6/0.6_relaxed_ortho_3_B57T_A73L_rep4.pdb
[DEBUG] Output file: /scratch4/jgray21/zhuggan1/projects/orthosystems/tryingggg/pos_neg_design/OrthoMPNN/Rosetta/output_pdbs/pmpnn_ortho/neg0.6/0.6_relaxed_ortho_3_B57T_A73L_rep5.pdb
[DEBUG] Creating jobs for bundle: [('A 73', 'Q')]
[DEBUG] Output file: /scratch4/jgray21/zhuggan1/projects/orthosystems/tryingggg/pos_neg_design/OrthoMPNN/Rosetta/output_pdbs/pmpnn_ortho/neg0.6/0.6_relaxed_ortho_3_A73Q_rep1.pdb
[DEBUG] Output file: /scratch4/jgray21/zhuggan1/projects/orthosystems/tryingggg/pos_neg_design/OrthoMPNN/Rosetta/output_pdbs/pmpnn_ortho/neg0.6/0.6_relaxed_ortho_3_A73Q_rep2.pdb
[DEBUG] Output file: /scratch4/jgray21/zhuggan1/projects/orthosystems/tryingggg/pos_neg_design/OrthoMPNN/Rosetta/output_pdbs/pmpnn_ortho/neg0.6/0.6_relaxed_ortho_3_A73Q_rep3.pdb
[DEBUG] Output file: /scratch4/jgray21/zhuggan1/projects/orthosystems/tryingggg/pos_neg_design/OrthoMPNN/Rosetta/output_pdbs/pmpnn_ortho/neg0.6/0.6_relaxed_ortho_3_A73Q_rep4.pdb
[DEBUG] Output file: /scratch4/jgray21/zhuggan1/projects/orthosystems/tryingggg/pos_neg_design/OrthoMPNN/Rosetta/output_pdbs/pmpnn_ortho/neg0.6/0.6_relaxed_ortho_3_A73Q_rep5.pdb
[DEBUG] Creating jobs for bundle: [('A 27', 'K'), ('B 54', 'F'), ('A 73', 'L')]
[DEBUG] Output file: /scratch4/jgray21/zhuggan1/projects/orthosystems/tryingggg/pos_neg_design/OrthoMPNN/Rosetta/output_pdbs/pmpnn_ortho/neg0.6/0.6_relaxed_ortho_3_A27K_B54F_A73L_rep1.pdb
[DEBUG] Output file: /scratch4/jgray21/zhuggan1/projects/orthosystems/tryingggg/pos_neg_design/OrthoMPNN/Rosetta/output_pdbs/pmpnn_ortho/neg0.6/0.6_relaxed_ortho_3_A27K_B54F_A73L_rep2.pdb
[DEBUG] Output file: /scratch4/jgray21/zhuggan1/projects/orthosystems/tryingggg/pos_neg_design/OrthoMPNN/Rosetta/output_pdbs/pmpnn_ortho/neg0.6/0.6_relaxed_ortho_3_A27K_B54F_A73L_rep3.pdb
[DEBUG] Output file: /scratch4/jgray21/zhuggan1/projects/orthosystems/tryingggg/pos_neg_design/OrthoMPNN/Rosetta/output_pdbs/pmpnn_ortho/neg0.6/0.6_relaxed_ortho_3_A27K_B54F_A73L_rep4.pdb
[DEBUG] Output file: /scratch4/jgray21/zhuggan1/projects/orthosystems/tryingggg/pos_neg_design/OrthoMPNN/Rosetta/output_pdbs/pmpnn_ortho/neg0.6/0.6_relaxed_ortho_3_A27K_B54F_A73L_rep5.pdb
[DEBUG] Creating jobs for bundle: [('A 36', 'D'), ('A 73', 'D')]
[DEBUG] Output file: /scratch4/jgray21/zhuggan1/projects/orthosystems/tryingggg/pos_neg_design/OrthoMPNN/Rosetta/output_pdbs/pmpnn_ortho/neg0.6/0.6_relaxed_ortho_3_A36D_A73D_rep1.pdb
[DEBUG] Output file: /scratch4/jgray21/zhuggan1/projects/orthosystems/tryingggg/pos_neg_design/OrthoMPNN/Rosetta/output_pdbs/pmpnn_ortho/neg0.6/0.6_relaxed_ortho_3_A36D_A73D_rep2.pdb
[DEBUG] Output file: /scratch4/jgray21/zhuggan1/projects/orthosystems/tryingggg/pos_neg_design/OrthoMPNN/Rosetta/output_pdbs/pmpnn_ortho/neg0.6/0.6_relaxed_ortho_3_A36D_A73D_rep3.pdb
[DEBUG] Output file: /scratch4/jgray21/zhuggan1/projects/orthosystems/tryingggg/pos_neg_design/OrthoMPNN/Rosetta/output_pdbs/pmpnn_ortho/neg0.6/0.6_relaxed_ortho_3_A36D_A73D_rep4.pdb
[DEBUG] Output file: /scratch4/jgray21/zhuggan1/projects/orthosystems/tryingggg/pos_neg_design/OrthoMPNN/Rosetta/output_pdbs/pmpnn_ortho/neg0.6/0.6_relaxed_ortho_3_A36D_A73D_rep5.pdb
[DEBUG] Creating jobs for bundle: [('B 57', 'R'), ('A 73', 'E')]
[DEBUG] Output file: /scratch4/jgray21/zhuggan1/projects/orthosystems/tryingggg/pos_neg_design/OrthoMPNN/Rosetta/output_pdbs/pmpnn_ortho/neg0.6/0.6_relaxed_ortho_3_B57R_A73E_rep1.pdb
[DEBUG] Output file: /scratch4/jgray21/zhuggan1/projects/orthosystems/tryingggg/pos_neg_design/OrthoMPNN/Rosetta/output_pdbs/pmpnn_ortho/neg0.6/0.6_relaxed_ortho_3_B57R_A73E_rep2.pdb
[DEBUG] Output file: /scratch4/jgray21/zhuggan1/projects/orthosystems/tryingggg/pos_neg_design/OrthoMPNN/Rosetta/output_pdbs/pmpnn_ortho/neg0.6/0.6_relaxed_ortho_3_B57R_A73E_rep3.pdb
[DEBUG] Output file: /scratch4/jgray21/zhuggan1/projects/orthosystems/tryingggg/pos_neg_design/OrthoMPNN/Rosetta/output_pdbs/pmpnn_ortho/neg0.6/0.6_relaxed_ortho_3_B57R_A73E_rep4.pdb
[DEBUG] Output file: /scratch4/jgray21/zhuggan1/projects/orthosystems/tryingggg/pos_neg_design/OrthoMPNN/Rosetta/output_pdbs/pmpnn_ortho/neg0.6/0.6_relaxed_ortho_3_B57R_A73E_rep5.pdb
[DEBUG] Creating jobs for bundle: [('A 27', 'S'), ('A 73', 'L')]
[DEBUG] Output file: /scratch4/jgray21/zhuggan1/projects/orthosystems/tryingggg/pos_neg_design/OrthoMPNN/Rosetta/output_pdbs/pmpnn_ortho/neg0.6/0.6_relaxed_ortho_3_A27S_A73L_rep1.pdb
[DEBUG] Output file: /scratch4/jgray21/zhuggan1/projects/orthosystems/tryingggg/pos_neg_design/OrthoMPNN/Rosetta/output_pdbs/pmpnn_ortho/neg0.6/0.6_relaxed_ortho_3_A27S_A73L_rep2.pdb
[DEBUG] Output file: /scratch4/jgray21/zhuggan1/projects/orthosystems/tryingggg/pos_neg_design/OrthoMPNN/Rosetta/output_pdbs/pmpnn_ortho/neg0.6/0.6_relaxed_ortho_3_A27S_A73L_rep3.pdb
[DEBUG] Output file: /scratch4/jgray21/zhuggan1/projects/orthosystems/tryingggg/pos_neg_design/OrthoMPNN/Rosetta/output_pdbs/pmpnn_ortho/neg0.6/0.6_relaxed_ortho_3_A27S_A73L_rep4.pdb
[DEBUG] Output file: /scratch4/jgray21/zhuggan1/projects/orthosystems/tryingggg/pos_neg_design/OrthoMPNN/Rosetta/output_pdbs/pmpnn_ortho/neg0.6/0.6_relaxed_ortho_3_A27S_A73L_rep5.pdb
[DEBUG] Creating jobs for bundle: [('A 27', 'K'), ('B 54', 'L'), ('A 73', 'E')]
[DEBUG] Output file: /scratch4/jgray21/zhuggan1/projects/orthosystems/tryingggg/pos_neg_design/OrthoMPNN/Rosetta/output_pdbs/pmpnn_ortho/neg0.6/0.6_relaxed_ortho_3_A27K_B54L_A73E_rep1.pdb
[DEBUG] Output file: /scratch4/jgray21/zhuggan1/projects/orthosystems/tryingggg/pos_neg_design/OrthoMPNN/Rosetta/output_pdbs/pmpnn_ortho/neg0.6/0.6_relaxed_ortho_3_A27K_B54L_A73E_rep2.pdb
[DEBUG] Output file: /scratch4/jgray21/zhuggan1/projects/orthosystems/tryingggg/pos_neg_design/OrthoMPNN/Rosetta/output_pdbs/pmpnn_ortho/neg0.6/0.6_relaxed_ortho_3_A27K_B54L_A73E_rep3.pdb
[DEBUG] Output file: /scratch4/jgray21/zhuggan1/projects/orthosystems/tryingggg/pos_neg_design/OrthoMPNN/Rosetta/output_pdbs/pmpnn_ortho/neg0.6/0.6_relaxed_ortho_3_A27K_B54L_A73E_rep4.pdb
[DEBUG] Output file: /scratch4/jgray21/zhuggan1/projects/orthosystems/tryingggg/pos_neg_design/OrthoMPNN/Rosetta/output_pdbs/pmpnn_ortho/neg0.6/0.6_relaxed_ortho_3_A27K_B54L_A73E_rep5.pdb
[DEBUG] Creating jobs for bundle: [('A 27', 'S'), ('A 73', 'T')]
[DEBUG] Output file: /scratch4/jgray21/zhuggan1/projects/orthosystems/tryingggg/pos_neg_design/OrthoMPNN/Rosetta/output_pdbs/pmpnn_ortho/neg0.6/0.6_relaxed_ortho_3_A27S_A73T_rep1.pdb
[DEBUG] Output file: /scratch4/jgray21/zhuggan1/projects/orthosystems/tryingggg/pos_neg_design/OrthoMPNN/Rosetta/output_pdbs/pmpnn_ortho/neg0.6/0.6_relaxed_ortho_3_A27S_A73T_rep2.pdb
[DEBUG] Output file: /scratch4/jgray21/zhuggan1/projects/orthosystems/tryingggg/pos_neg_design/OrthoMPNN/Rosetta/output_pdbs/pmpnn_ortho/neg0.6/0.6_relaxed_ortho_3_A27S_A73T_rep3.pdb
[DEBUG] Output file: /scratch4/jgray21/zhuggan1/projects/orthosystems/tryingggg/pos_neg_design/OrthoMPNN/Rosetta/output_pdbs/pmpnn_ortho/neg0.6/0.6_relaxed_ortho_3_A27S_A73T_rep4.pdb
[DEBUG] Output file: /scratch4/jgray21/zhuggan1/projects/orthosystems/tryingggg/pos_neg_design/OrthoMPNN/Rosetta/output_pdbs/pmpnn_ortho/neg0.6/0.6_relaxed_ortho_3_A27S_A73T_rep5.pdb
[DEBUG] Creating jobs for bundle: [('A 27', 'K'), ('B 57', 'T'), ('A 73', 'L')]
[DEBUG] Output file: /scratch4/jgray21/zhuggan1/projects/orthosystems/tryingggg/pos_neg_design/OrthoMPNN/Rosetta/output_pdbs/pmpnn_ortho/neg0.6/0.6_relaxed_ortho_3_A27K_B57T_A73L_rep1.pdb
[DEBUG] Output file: /scratch4/jgray21/zhuggan1/projects/orthosystems/tryingggg/pos_neg_design/OrthoMPNN/Rosetta/output_pdbs/pmpnn_ortho/neg0.6/0.6_relaxed_ortho_3_A27K_B57T_A73L_rep2.pdb
[DEBUG] Output file: /scratch4/jgray21/zhuggan1/projects/orthosystems/tryingggg/pos_neg_design/OrthoMPNN/Rosetta/output_pdbs/pmpnn_ortho/neg0.6/0.6_relaxed_ortho_3_A27K_B57T_A73L_rep3.pdb
[DEBUG] Output file: /scratch4/jgray21/zhuggan1/projects/orthosystems/tryingggg/pos_neg_design/OrthoMPNN/Rosetta/output_pdbs/pmpnn_ortho/neg0.6/0.6_relaxed_ortho_3_A27K_B57T_A73L_rep4.pdb
[DEBUG] Output file: /scratch4/jgray21/zhuggan1/projects/orthosystems/tryingggg/pos_neg_design/OrthoMPNN/Rosetta/output_pdbs/pmpnn_ortho/neg0.6/0.6_relaxed_ortho_3_A27K_B57T_A73L_rep5.pdb
[DEBUG] Creating jobs for bundle: [('A 34', 'T'), ('B 54', 'L'), ('B 57', 'R'), ('A 73', 'T')]
[DEBUG] Output file: /scratch4/jgray21/zhuggan1/projects/orthosystems/tryingggg/pos_neg_design/OrthoMPNN/Rosetta/output_pdbs/pmpnn_ortho/neg0.6/0.6_relaxed_ortho_3_A34T_B54L_B57R_A73T_rep1.pdb
[DEBUG] Output file: /scratch4/jgray21/zhuggan1/projects/orthosystems/tryingggg/pos_neg_design/OrthoMPNN/Rosetta/output_pdbs/pmpnn_ortho/neg0.6/0.6_relaxed_ortho_3_A34T_B54L_B57R_A73T_rep2.pdb
[DEBUG] Output file: /scratch4/jgray21/zhuggan1/projects/orthosystems/tryingggg/pos_neg_design/OrthoMPNN/Rosetta/output_pdbs/pmpnn_ortho/neg0.6/0.6_relaxed_ortho_3_A34T_B54L_B57R_A73T_rep3.pdb
[DEBUG] Output file: /scratch4/jgray21/zhuggan1/projects/orthosystems/tryingggg/pos_neg_design/OrthoMPNN/Rosetta/output_pdbs/pmpnn_ortho/neg0.6/0.6_relaxed_ortho_3_A34T_B54L_B57R_A73T_rep4.pdb
[DEBUG] Output file: /scratch4/jgray21/zhuggan1/projects/orthosystems/tryingggg/pos_neg_design/OrthoMPNN/Rosetta/output_pdbs/pmpnn_ortho/neg0.6/0.6_relaxed_ortho_3_A34T_B54L_B57R_A73T_rep5.pdb
[DEBUG] Creating jobs for bundle: [('A 27', 'P'), ('B 54', 'L'), ('B 57', 'T'), ('A 73', 'L')]
[DEBUG] Output file: /scratch4/jgray21/zhuggan1/projects/orthosystems/tryingggg/pos_neg_design/OrthoMPNN/Rosetta/output_pdbs/pmpnn_ortho/neg0.6/0.6_relaxed_ortho_3_A27P_B54L_B57T_A73L_rep1.pdb
[DEBUG] Output file: /scratch4/jgray21/zhuggan1/projects/orthosystems/tryingggg/pos_neg_design/OrthoMPNN/Rosetta/output_pdbs/pmpnn_ortho/neg0.6/0.6_relaxed_ortho_3_A27P_B54L_B57T_A73L_rep2.pdb
[DEBUG] Output file: /scratch4/jgray21/zhuggan1/projects/orthosystems/tryingggg/pos_neg_design/OrthoMPNN/Rosetta/output_pdbs/pmpnn_ortho/neg0.6/0.6_relaxed_ortho_3_A27P_B54L_B57T_A73L_rep3.pdb
[DEBUG] Output file: /scratch4/jgray21/zhuggan1/projects/orthosystems/tryingggg/pos_neg_design/OrthoMPNN/Rosetta/output_pdbs/pmpnn_ortho/neg0.6/0.6_relaxed_ortho_3_A27P_B54L_B57T_A73L_rep4.pdb
[DEBUG] Output file: /scratch4/jgray21/zhuggan1/projects/orthosystems/tryingggg/pos_neg_design/OrthoMPNN/Rosetta/output_pdbs/pmpnn_ortho/neg0.6/0.6_relaxed_ortho_3_A27P_B54L_B57T_A73L_rep5.pdb
[DEBUG] Creating jobs for bundle: [('A 34', 'T'), ('B 57', 'R'), ('A 73', 'Y')]
[DEBUG] Output file: /scratch4/jgray21/zhuggan1/projects/orthosystems/tryingggg/pos_neg_design/OrthoMPNN/Rosetta/output_pdbs/pmpnn_ortho/neg0.6/0.6_relaxed_ortho_3_A34T_B57R_A73Y_rep1.pdb
[DEBUG] Output file: /scratch4/jgray21/zhuggan1/projects/orthosystems/tryingggg/pos_neg_design/OrthoMPNN/Rosetta/output_pdbs/pmpnn_ortho/neg0.6/0.6_relaxed_ortho_3_A34T_B57R_A73Y_rep2.pdb
[DEBUG] Output file: /scratch4/jgray21/zhuggan1/projects/orthosystems/tryingggg/pos_neg_design/OrthoMPNN/Rosetta/output_pdbs/pmpnn_ortho/neg0.6/0.6_relaxed_ortho_3_A34T_B57R_A73Y_rep3.pdb
[DEBUG] Output file: /scratch4/jgray21/zhuggan1/projects/orthosystems/tryingggg/pos_neg_design/OrthoMPNN/Rosetta/output_pdbs/pmpnn_ortho/neg0.6/0.6_relaxed_ortho_3_A34T_B57R_A73Y_rep4.pdb
[DEBUG] Output file: /scratch4/jgray21/zhuggan1/projects/orthosystems/tryingggg/pos_neg_design/OrthoMPNN/Rosetta/output_pdbs/pmpnn_ortho/neg0.6/0.6_relaxed_ortho_3_A34T_B57R_A73Y_rep5.pdb
[DEBUG] Creating jobs for bundle: [('A 73', 'Y')]
[DEBUG] Output file: /scratch4/jgray21/zhuggan1/projects/orthosystems/tryingggg/pos_neg_design/OrthoMPNN/Rosetta/output_pdbs/pmpnn_ortho/neg0.6/0.6_relaxed_ortho_3_A73Y_rep1.pdb
[DEBUG] Output file: /scratch4/jgray21/zhuggan1/projects/orthosystems/tryingggg/pos_neg_design/OrthoMPNN/Rosetta/output_pdbs/pmpnn_ortho/neg0.6/0.6_relaxed_ortho_3_A73Y_rep2.pdb
[DEBUG] Output file: /scratch4/jgray21/zhuggan1/projects/orthosystems/tryingggg/pos_neg_design/OrthoMPNN/Rosetta/output_pdbs/pmpnn_ortho/neg0.6/0.6_relaxed_ortho_3_A73Y_rep3.pdb
[DEBUG] Output file: /scratch4/jgray21/zhuggan1/projects/orthosystems/tryingggg/pos_neg_design/OrthoMPNN/Rosetta/output_pdbs/pmpnn_ortho/neg0.6/0.6_relaxed_ortho_3_A73Y_rep4.pdb
[DEBUG] Output file: /scratch4/jgray21/zhuggan1/projects/orthosystems/tryingggg/pos_neg_design/OrthoMPNN/Rosetta/output_pdbs/pmpnn_ortho/neg0.6/0.6_relaxed_ortho_3_A73Y_rep5.pdb
[DEBUG] Creating jobs for bundle: [('A 27', 'K'), ('B 57', 'R'), ('A 73', 'Y')]
[DEBUG] Output file: /scratch4/jgray21/zhuggan1/projects/orthosystems/tryingggg/pos_neg_design/OrthoMPNN/Rosetta/output_pdbs/pmpnn_ortho/neg0.6/0.6_relaxed_ortho_3_A27K_B57R_A73Y_rep1.pdb
[DEBUG] Output file: /scratch4/jgray21/zhuggan1/projects/orthosystems/tryingggg/pos_neg_design/OrthoMPNN/Rosetta/output_pdbs/pmpnn_ortho/neg0.6/0.6_relaxed_ortho_3_A27K_B57R_A73Y_rep2.pdb
[DEBUG] Output file: /scratch4/jgray21/zhuggan1/projects/orthosystems/tryingggg/pos_neg_design/OrthoMPNN/Rosetta/output_pdbs/pmpnn_ortho/neg0.6/0.6_relaxed_ortho_3_A27K_B57R_A73Y_rep3.pdb
[DEBUG] Output file: /scratch4/jgray21/zhuggan1/projects/orthosystems/tryingggg/pos_neg_design/OrthoMPNN/Rosetta/output_pdbs/pmpnn_ortho/neg0.6/0.6_relaxed_ortho_3_A27K_B57R_A73Y_rep4.pdb
[DEBUG] Output file: /scratch4/jgray21/zhuggan1/projects/orthosystems/tryingggg/pos_neg_design/OrthoMPNN/Rosetta/output_pdbs/pmpnn_ortho/neg0.6/0.6_relaxed_ortho_3_A27K_B57R_A73Y_rep5.pdb
2026-02-26 17:05:11 EST MainProcess INFO [__main__] Processing a total of 215 jobs
2026-02-26 17:05:11 EST MainProcess INFO [__main__] Starting pool with 48 worker(s)
2026-02-26 18:17:12 EST ForkPoolWorker-30 INFO [__main__] Output: 0.6_relaxed_ortho_3_A27A_A73E_rep5.pdb
2026-02-26 18:17:21 EST ForkPoolWorker-3 INFO [__main__] Output: 0.6_relaxed_ortho_3_A27K_A34T_B54I_A73L_rep3.pdb
2026-02-26 18:17:50 EST ForkPoolWorker-35 INFO [__main__] Output: 0.6_relaxed_ortho_3_A27P_B54I_A73Y_rep3.pdb
2026-02-26 18:18:43 EST ForkPoolWorker-29 INFO [__main__] Output: 0.6_relaxed_ortho_3_A27A_A73E_rep1.pdb
2026-02-26 18:18:43 EST ForkPoolWorker-38 INFO [__main__] Output: 0.6_relaxed_ortho_3_A27Q_B54V_A73Q_rep5.pdb
2026-02-26 18:18:50 EST ForkPoolWorker-11 INFO [__main__] Output: 0.6_relaxed_ortho_3_A27T_A73Q_rep1.pdb
2026-02-26 18:18:59 EST ForkPoolWorker-32 INFO [__main__] Output: 0.6_relaxed_ortho_3_A27P_B54V_A73L_rep5.pdb
2026-02-26 18:19:08 EST ForkPoolWorker-47 INFO [__main__] Output: 0.6_relaxed_ortho_3_A34G_B57R_A73D_rep3.pdb
2026-02-26 18:19:09 EST ForkPoolWorker-8 INFO [__main__] Output: 0.6_relaxed_ortho_3_B54I_B57R_A73L_rep4.pdb
2026-02-26 18:19:18 EST ForkPoolWorker-43 INFO [__main__] Output: 0.6_relaxed_ortho_3_A27D_A73E_rep2.pdb
2026-02-26 18:19:41 EST ForkPoolWorker-12 INFO [__main__] Output: 0.6_relaxed_ortho_3_A27P_B54I_A73Y_rep1.pdb
2026-02-26 18:19:48 EST ForkPoolWorker-46 INFO [__main__] Output: 0.6_relaxed_ortho_3_A27K_A73K_rep2.pdb
2026-02-26 18:19:53 EST ForkPoolWorker-14 INFO [__main__] Output: 0.6_relaxed_ortho_3_B54L_B57T_A73T_rep5.pdb
2026-02-26 18:19:55 EST ForkPoolWorker-45 INFO [__main__] Output: 0.6_relaxed_ortho_3_A27P_B54V_A73L_rep1.pdb
2026-02-26 18:19:56 EST ForkPoolWorker-26 INFO [__main__] Output: 0.6_relaxed_ortho_3_A27Q_B54V_A73Q_rep3.pdb
2026-02-26 18:19:57 EST ForkPoolWorker-20 INFO [__main__] Output: 0.6_relaxed_ortho_3_A27A_A73E_rep3.pdb
2026-02-26 18:20:01 EST ForkPoolWorker-17 INFO [__main__] Output: 0.6_relaxed_ortho_3_A27P_B54I_A73Y_rep5.pdb
2026-02-26 18:20:06 EST ForkPoolWorker-7 INFO [__main__] Output: 0.6_relaxed_ortho_3_A27D_A73E_rep4.pdb
2026-02-26 18:20:10 EST ForkPoolWorker-36 INFO [__main__] Output: 0.6_relaxed_ortho_3_A34T_B57R_A73L_rep4.pdb
2026-02-26 18:20:22 EST ForkPoolWorker-1 INFO [__main__] Output: 0.6_relaxed_ortho_3_B54V_A73T_rep3.pdb
2026-02-26 18:20:28 EST ForkPoolWorker-44 INFO [__main__] Output: 0.6_relaxed_ortho_3_A34G_B57R_A73D_rep5.pdb
2026-02-26 18:20:29 EST ForkPoolWorker-15 INFO [__main__] Output: 0.6_relaxed_ortho_3_A27K_B54V_A73L_rep4.pdb
2026-02-26 18:20:47 EST ForkPoolWorker-4 INFO [__main__] Output: 0.6_relaxed_ortho_3_A27P_B54V_A73L_rep3.pdb
2026-02-26 18:20:49 EST ForkPoolWorker-23 INFO [__main__] Output: 0.6_relaxed_ortho_3_B54T_B57R_A73E_rep4.pdb
2026-02-26 18:20:54 EST ForkPoolWorker-34 INFO [__main__] Output: 0.6_relaxed_ortho_3_A27K_A73Y_rep2.pdb
2026-02-26 18:21:07 EST ForkPoolWorker-33 INFO [__main__] Output: 0.6_relaxed_ortho_3_A27Q_B54V_A73Q_rep1.pdb
2026-02-26 18:21:10 EST ForkPoolWorker-13 INFO [__main__] Output: 0.6_relaxed_ortho_3_B54T_B57R_A73E_rep2.pdb
2026-02-26 18:21:11 EST ForkPoolWorker-42 INFO [__main__] Output: 0.6_relaxed_ortho_3_A27K_A34T_B54I_A73L_rep1.pdb
2026-02-26 18:21:19 EST ForkPoolWorker-16 INFO [__main__] Output: 0.6_relaxed_ortho_3_B54L_B57T_A73T_rep1.pdb
2026-02-26 18:21:20 EST ForkPoolWorker-10 INFO [__main__] Output: 0.6_relaxed_ortho_3_A34G_B57R_A73D_rep1.pdb
2026-02-26 18:21:25 EST ForkPoolWorker-2 INFO [__main__] Output: 0.6_relaxed_ortho_3_A27K_A31N_A34T_A73T_rep4.pdb
2026-02-26 18:21:26 EST ForkPoolWorker-9 INFO [__main__] Output: 0.6_relaxed_ortho_3_B54L_B57T_A73T_rep3.pdb
2026-02-26 18:21:28 EST ForkPoolWorker-48 INFO [__main__] Output: 0.6_relaxed_ortho_3_A27K_A73K_rep4.pdb
2026-02-26 18:21:38 EST ForkPoolWorker-31 INFO [__main__] Output: 0.6_relaxed_ortho_3_B54V_A73T_rep1.pdb
2026-02-26 18:21:57 EST ForkPoolWorker-25 INFO [__main__] Output: 0.6_relaxed_ortho_3_A27K_A73Y_rep4.pdb
2026-02-26 18:21:57 EST ForkPoolWorker-27 INFO [__main__] Output: 0.6_relaxed_ortho_3_A27T_A73Q_rep5.pdb
2026-02-26 18:22:18 EST ForkPoolWorker-37 INFO [__main__] Output: 0.6_relaxed_ortho_3_B54V_A73T_rep5.pdb
2026-02-26 18:22:21 EST ForkPoolWorker-5 INFO [__main__] Output: 0.6_relaxed_ortho_3_B54I_B57R_A73L_rep2.pdb
2026-02-26 18:22:53 EST ForkPoolWorker-19 INFO [__main__] Output: 0.6_relaxed_ortho_3_A27T_A73Q_rep3.pdb
2026-02-26 18:22:55 EST ForkPoolWorker-28 INFO [__main__] Output: 0.6_relaxed_ortho_3_A27K_A31N_B57R_A73K_rep2.pdb
2026-02-26 18:23:04 EST ForkPoolWorker-40 INFO [__main__] Output: 0.6_relaxed_ortho_3_A34T_B57R_A73L_rep2.pdb
2026-02-26 18:23:23 EST ForkPoolWorker-24 INFO [__main__] Output: 0.6_relaxed_ortho_3_A34T_B54V_B57R_A73L_rep1.pdb
2026-02-26 18:23:24 EST ForkPoolWorker-39 INFO [__main__] Output: 0.6_relaxed_ortho_3_A34T_B54V_B57R_A73L_rep3.pdb
2026-02-26 18:23:29 EST ForkPoolWorker-18 INFO [__main__] Output: 0.6_relaxed_ortho_3_A27K_A34T_B54I_A73L_rep5.pdb
2026-02-26 18:23:29 EST ForkPoolWorker-6 INFO [__main__] Output: 0.6_relaxed_ortho_3_A34T_B54V_B57R_A73L_rep5.pdb
2026-02-26 18:23:31 EST ForkPoolWorker-22 INFO [__main__] Output: 0.6_relaxed_ortho_3_A27K_B54V_A73L_rep2.pdb
2026-02-26 18:23:50 EST ForkPoolWorker-21 INFO [__main__] Output: 0.6_relaxed_ortho_3_A27K_A31N_A34T_A73T_rep2.pdb
2026-02-26 18:24:01 EST ForkPoolWorker-41 INFO [__main__] Output: 0.6_relaxed_ortho_3_A27K_A31N_B57R_A73K_rep4.pdb
2026-02-26 19:29:09 EST ForkPoolWorker-20 INFO [__main__] Output: 0.6_relaxed_ortho_3_A27A_A73E_rep4.pdb
2026-02-26 19:30:12 EST ForkPoolWorker-35 INFO [__main__] Output: 0.6_relaxed_ortho_3_A27P_B54I_A73Y_rep4.pdb
2026-02-26 19:30:36 EST ForkPoolWorker-29 INFO [__main__] Output: 0.6_relaxed_ortho_3_A27A_A73E_rep2.pdb
2026-02-26 19:30:37 EST ForkPoolWorker-38 INFO [__main__] Output: 0.6_relaxed_ortho_3_A27K_B54V_A73L_rep1.pdb
2026-02-26 19:30:53 EST ForkPoolWorker-32 INFO [__main__] Output: 0.6_relaxed_ortho_3_A27D_A73E_rep1.pdb
2026-02-26 19:31:10 EST ForkPoolWorker-12 INFO [__main__] Output: 0.6_relaxed_ortho_3_A27P_B54I_A73Y_rep2.pdb
2026-02-26 19:31:34 EST ForkPoolWorker-11 INFO [__main__] Output: 0.6_relaxed_ortho_3_A27T_A73Q_rep2.pdb
2026-02-26 19:31:41 EST ForkPoolWorker-7 INFO [__main__] Output: 0.6_relaxed_ortho_3_A27D_A73E_rep5.pdb
2026-02-26 19:31:46 EST ForkPoolWorker-3 INFO [__main__] Output: 0.6_relaxed_ortho_3_A27K_A34T_B54I_A73L_rep4.pdb
2026-02-26 19:31:59 EST ForkPoolWorker-23 INFO [__main__] Output: 0.6_relaxed_ortho_3_B54T_B57R_A73E_rep5.pdb
2026-02-26 19:32:12 EST ForkPoolWorker-45 INFO [__main__] Output: 0.6_relaxed_ortho_3_A27P_B54V_A73L_rep2.pdb
2026-02-26 19:32:36 EST ForkPoolWorker-47 INFO [__main__] Output: 0.6_relaxed_ortho_3_A34G_B57R_A73D_rep4.pdb
2026-02-26 19:32:37 EST ForkPoolWorker-26 INFO [__main__] Output: 0.6_relaxed_ortho_3_A27Q_B54V_A73Q_rep4.pdb
2026-02-26 19:33:07 EST ForkPoolWorker-43 INFO [__main__] Output: 0.6_relaxed_ortho_3_A27D_A73E_rep3.pdb
2026-02-26 19:33:09 EST ForkPoolWorker-44 INFO [__main__] Output: 0.6_relaxed_ortho_3_B54T_B57R_A73E_rep1.pdb
2026-02-26 19:33:40 EST ForkPoolWorker-34 INFO [__main__] Output: 0.6_relaxed_ortho_3_A27K_A73Y_rep3.pdb
2026-02-26 19:33:49 EST ForkPoolWorker-13 INFO [__main__] Output: 0.6_relaxed_ortho_3_B54T_B57R_A73E_rep3.pdb
2026-02-26 19:34:19 EST ForkPoolWorker-30 INFO [__main__] Output: 0.6_relaxed_ortho_3_A27K_B54L_A73T_rep1.pdb
2026-02-26 19:35:00 EST ForkPoolWorker-17 INFO [__main__] Output: 0.6_relaxed_ortho_3_A27K_A31N_A34T_A73T_rep1.pdb
2026-02-26 19:35:07 EST ForkPoolWorker-33 INFO [__main__] Output: 0.6_relaxed_ortho_3_A27Q_B54V_A73Q_rep2.pdb
2026-02-26 19:35:16 EST ForkPoolWorker-14 INFO [__main__] Output: 0.6_relaxed_ortho_3_A34T_B57R_A73L_rep1.pdb
2026-02-26 19:35:35 EST ForkPoolWorker-25 INFO [__main__] Output: 0.6_relaxed_ortho_3_A27K_A73Y_rep5.pdb
2026-02-26 19:35:37 EST ForkPoolWorker-15 INFO [__main__] Output: 0.6_relaxed_ortho_3_A27K_B54V_A73L_rep5.pdb
2026-02-26 19:35:38 EST ForkPoolWorker-10 INFO [__main__] Output: 0.6_relaxed_ortho_3_A34G_B57R_A73D_rep2.pdb
2026-02-26 19:35:44 EST ForkPoolWorker-4 INFO [__main__] Output: 0.6_relaxed_ortho_3_A27P_B54V_A73L_rep4.pdb
2026-02-26 19:36:05 EST ForkPoolWorker-36 INFO [__main__] Output: 0.6_relaxed_ortho_3_A34T_B57R_A73L_rep5.pdb
2026-02-26 19:36:06 EST ForkPoolWorker-1 INFO [__main__] Output: 0.6_relaxed_ortho_3_B54V_A73T_rep4.pdb
2026-02-26 19:36:11 EST ForkPoolWorker-5 INFO [__main__] Output: 0.6_relaxed_ortho_3_B54I_B57R_A73L_rep3.pdb
2026-02-26 19:36:20 EST ForkPoolWorker-8 INFO [__main__] Output: 0.6_relaxed_ortho_3_B54I_B57R_A73L_rep5.pdb
2026-02-26 19:36:35 EST ForkPoolWorker-9 INFO [__main__] Output: 0.6_relaxed_ortho_3_B54L_B57T_A73T_rep4.pdb
2026-02-26 19:36:38 EST ForkPoolWorker-46 INFO [__main__] Output: 0.6_relaxed_ortho_3_A27K_A73K_rep3.pdb
2026-02-26 19:37:13 EST ForkPoolWorker-16 INFO [__main__] Output: 0.6_relaxed_ortho_3_B54L_B57T_A73T_rep2.pdb
2026-02-26 19:37:37 EST ForkPoolWorker-31 INFO [__main__] Output: 0.6_relaxed_ortho_3_B54V_A73T_rep2.pdb
2026-02-26 19:37:41 EST ForkPoolWorker-27 INFO [__main__] Output: 0.6_relaxed_ortho_3_A27K_A31N_B57R_A73K_rep1.pdb
2026-02-26 19:37:48 EST ForkPoolWorker-2 INFO [__main__] Output: 0.6_relaxed_ortho_3_A27K_A31N_A34T_A73T_rep5.pdb
2026-02-26 19:37:50 EST ForkPoolWorker-18 INFO [__main__] Output: 0.6_relaxed_ortho_3_B54I_B57R_A73L_rep1.pdb
2026-02-26 19:38:26 EST ForkPoolWorker-48 INFO [__main__] Output: 0.6_relaxed_ortho_3_A27K_A73K_rep5.pdb
2026-02-26 19:38:42 EST ForkPoolWorker-37 INFO [__main__] Output: 0.6_relaxed_ortho_3_A27K_A73Y_rep1.pdb
2026-02-26 19:38:51 EST ForkPoolWorker-19 INFO [__main__] Output: 0.6_relaxed_ortho_3_A27T_A73Q_rep4.pdb
2026-02-26 19:38:56 EST ForkPoolWorker-40 INFO [__main__] Output: 0.6_relaxed_ortho_3_A34T_B57R_A73L_rep3.pdb
2026-02-26 19:39:23 EST ForkPoolWorker-22 INFO [__main__] Output: 0.6_relaxed_ortho_3_A27K_B54V_A73L_rep3.pdb
2026-02-26 19:39:58 EST ForkPoolWorker-21 INFO [__main__] Output: 0.6_relaxed_ortho_3_A27K_A31N_A34T_A73T_rep3.pdb
2026-02-26 19:40:11 EST ForkPoolWorker-42 INFO [__main__] Output: 0.6_relaxed_ortho_3_A27K_A34T_B54I_A73L_rep2.pdb
2026-02-26 19:40:18 EST ForkPoolWorker-24 INFO [__main__] Output: 0.6_relaxed_ortho_3_A34T_B54V_B57R_A73L_rep2.pdb
2026-02-26 19:40:29 EST ForkPoolWorker-6 INFO [__main__] Output: 0.6_relaxed_ortho_3_A27K_A73K_rep1.pdb
2026-02-26 19:40:44 EST ForkPoolWorker-28 INFO [__main__] Output: 0.6_relaxed_ortho_3_A27K_A31N_B57R_A73K_rep3.pdb
2026-02-26 19:41:18 EST ForkPoolWorker-41 INFO [__main__] Output: 0.6_relaxed_ortho_3_A27K_A31N_B57R_A73K_rep5.pdb
2026-02-26 19:41:30 EST ForkPoolWorker-39 INFO [__main__] Output: 0.6_relaxed_ortho_3_A34T_B54V_B57R_A73L_rep4.pdb
2026-02-26 20:42:36 EST ForkPoolWorker-29 INFO [__main__] Output: 0.6_relaxed_ortho_3_A27T_A34T_B57R_A73A_rep1.pdb
2026-02-26 20:44:23 EST ForkPoolWorker-20 INFO [__main__] Output: 0.6_relaxed_ortho_3_A27K_B54L_A73T_rep2.pdb
2026-02-26 20:44:43 EST ForkPoolWorker-3 INFO [__main__] Output: 0.6_relaxed_ortho_3_A73M_rep3.pdb
2026-02-26 20:44:48 EST ForkPoolWorker-12 INFO [__main__] Output: 0.6_relaxed_ortho_3_A27T_A73T_rep2.pdb
2026-02-26 20:45:45 EST ForkPoolWorker-32 INFO [__main__] Output: 0.6_relaxed_ortho_3_A27T_A34T_B57R_A73A_rep5.pdb
2026-02-26 20:45:51 EST ForkPoolWorker-47 INFO [__main__] Output: 0.6_relaxed_ortho_3_A27P_A73L_rep4.pdb
2026-02-26 20:45:52 EST ForkPoolWorker-35 INFO [__main__] Output: 0.6_relaxed_ortho_3_A27K_B54L_A73T_rep4.pdb
2026-02-26 20:46:19 EST ForkPoolWorker-38 INFO [__main__] Output: 0.6_relaxed_ortho_3_A27T_A34T_B57R_A73A_rep3.pdb
2026-02-26 20:46:24 EST ForkPoolWorker-1 INFO [__main__] Output: 0.6_relaxed_ortho_3_B57T_A73L_rep4.pdb
2026-02-26 20:46:51 EST ForkPoolWorker-7 INFO [__main__] Output: 0.6_relaxed_ortho_3_A73M_rep1.pdb
2026-02-26 20:46:53 EST ForkPoolWorker-17 INFO [__main__] Output: 0.6_relaxed_ortho_3_B54I_A73L_rep3.pdb
2026-02-26 20:46:54 EST ForkPoolWorker-34 INFO [__main__] Output: 0.6_relaxed_ortho_3_A27K_B54L_B57T_A73D_rep2.pdb
2026-02-26 20:47:14 EST ForkPoolWorker-45 INFO [__main__] Output: 0.6_relaxed_ortho_3_A27P_A73L_rep2.pdb
2026-02-26 20:47:22 EST ForkPoolWorker-10 INFO [__main__] Output: 0.6_relaxed_ortho_3_A27E_A34G_A73T_rep3.pdb
2026-02-26 20:47:30 EST ForkPoolWorker-11 INFO [__main__] Output: 0.6_relaxed_ortho_3_A27T_A73T_rep4.pdb
2026-02-26 20:47:38 EST ForkPoolWorker-43 INFO [__main__] Output: 0.6_relaxed_ortho_3_A27Q_B54I_B57R_A73T_rep3.pdb
2026-02-26 20:47:38 EST ForkPoolWorker-14 INFO [__main__] Output: 0.6_relaxed_ortho_3_B57R_A73T_rep2.pdb
2026-02-26 20:48:07 EST ForkPoolWorker-26 INFO [__main__] Output: 0.6_relaxed_ortho_3_A27Q_B54I_B57R_A73T_rep1.pdb
2026-02-26 20:48:09 EST ForkPoolWorker-4 INFO [__main__] Output: 0.6_relaxed_ortho_3_A27E_A34G_A73T_rep5.pdb
2026-02-26 20:48:15 EST ForkPoolWorker-15 INFO [__main__] Output: 0.6_relaxed_ortho_3_A27E_A34G_A73T_rep1.pdb
2026-02-26 20:48:23 EST ForkPoolWorker-23 INFO [__main__] Output: 0.6_relaxed_ortho_3_A73M_rep5.pdb
2026-02-26 20:48:56 EST ForkPoolWorker-25 INFO [__main__] Output: 0.6_relaxed_ortho_3_B57R_A73T_rep4.pdb
2026-02-26 20:48:57 EST ForkPoolWorker-13 INFO [__main__] Output: 0.6_relaxed_ortho_3_A27K_B54L_B57T_A73D_rep4.pdb
2026-02-26 20:49:35 EST ForkPoolWorker-8 INFO [__main__] Output: 0.6_relaxed_ortho_3_A73Q_rep3.pdb
2026-02-26 20:49:38 EST ForkPoolWorker-5 INFO [__main__] Output: 0.6_relaxed_ortho_3_A73Q_rep1.pdb
2026-02-26 20:49:48 EST ForkPoolWorker-44 INFO [__main__] Output: 0.6_relaxed_ortho_3_A27Q_B54I_B57R_A73T_rep5.pdb
2026-02-26 20:49:54 EST ForkPoolWorker-9 INFO [__main__] Output: 0.6_relaxed_ortho_3_A73Q_rep5.pdb
2026-02-26 20:50:14 EST ForkPoolWorker-2 INFO [__main__] Output: 0.6_relaxed_ortho_3_A36D_A73D_rep5.pdb
2026-02-26 20:51:01 EST ForkPoolWorker-37 INFO [__main__] Output: 0.6_relaxed_ortho_3_A27S_A73L_rep1.pdb
2026-02-26 20:51:19 EST ForkPoolWorker-36 INFO [__main__] Output: 0.6_relaxed_ortho_3_B57T_A73L_rep2.pdb
2026-02-26 20:51:30 EST ForkPoolWorker-30 INFO [__main__] Output: 0.6_relaxed_ortho_3_B54I_A73L_rep1.pdb
2026-02-26 20:51:42 EST ForkPoolWorker-16 INFO [__main__] Output: 0.6_relaxed_ortho_3_A27K_B54F_A73L_rep4.pdb
2026-02-26 20:51:51 EST ForkPoolWorker-46 INFO [__main__] Output: 0.6_relaxed_ortho_3_A27K_B54F_A73L_rep2.pdb
2026-02-26 20:52:03 EST ForkPoolWorker-6 INFO [__main__] Output: 0.6_relaxed_ortho_3_A27S_A73T_rep5.pdb
2026-02-26 20:52:09 EST ForkPoolWorker-33 INFO [__main__] Output: 0.6_relaxed_ortho_3_B54I_A73L_rep5.pdb
2026-02-26 20:52:25 EST ForkPoolWorker-18 INFO [__main__] Output: 0.6_relaxed_ortho_3_B57R_A73E_rep2.pdb
2026-02-26 20:52:40 EST ForkPoolWorker-21 INFO [__main__] Output: 0.6_relaxed_ortho_3_A27K_B54L_A73E_rep4.pdb
2026-02-26 20:52:45 EST ForkPoolWorker-31 INFO [__main__] Output: 0.6_relaxed_ortho_3_A36D_A73D_rep1.pdb
2026-02-26 20:52:52 EST ForkPoolWorker-27 INFO [__main__] Output: 0.6_relaxed_ortho_3_A36D_A73D_rep3.pdb
2026-02-26 20:53:14 EST ForkPoolWorker-40 INFO [__main__] Output: 0.6_relaxed_ortho_3_A27S_A73L_rep5.pdb
2026-02-26 20:53:23 EST ForkPoolWorker-42 INFO [__main__] Output: 0.6_relaxed_ortho_3_A27S_A73T_rep1.pdb
2026-02-26 20:53:41 EST ForkPoolWorker-19 INFO [__main__] Output: 0.6_relaxed_ortho_3_A27S_A73L_rep3.pdb
2026-02-26 20:54:19 EST ForkPoolWorker-24 INFO [__main__] Output: 0.6_relaxed_ortho_3_A27S_A73T_rep3.pdb
2026-02-26 20:54:39 EST ForkPoolWorker-48 INFO [__main__] Output: 0.6_relaxed_ortho_3_B57R_A73E_rep4.pdb
2026-02-26 20:55:05 EST ForkPoolWorker-22 INFO [__main__] Output: 0.6_relaxed_ortho_3_A27K_B54L_A73E_rep2.pdb
2026-02-26 20:55:11 EST ForkPoolWorker-28 INFO [__main__] Output: 0.6_relaxed_ortho_3_A27K_B57T_A73L_rep2.pdb
2026-02-26 20:56:19 EST ForkPoolWorker-41 INFO [__main__] Output: 0.6_relaxed_ortho_3_A27K_B57T_A73L_rep4.pdb
2026-02-26 20:56:34 EST ForkPoolWorker-39 INFO [__main__] Output: 0.6_relaxed_ortho_3_A34T_B54L_B57R_A73T_rep1.pdb
2026-02-26 21:54:03 EST ForkPoolWorker-29 INFO [__main__] Output: 0.6_relaxed_ortho_3_A27T_A34T_B57R_A73A_rep2.pdb
2026-02-26 21:57:06 EST ForkPoolWorker-15 INFO [__main__] Output: 0.6_relaxed_ortho_3_A27E_A34G_A73T_rep2.pdb
2026-02-26 21:57:51 EST ForkPoolWorker-32 INFO [__main__] Output: 0.6_relaxed_ortho_3_A27T_A73T_rep1.pdb
2026-02-26 21:58:03 EST ForkPoolWorker-12 INFO [__main__] Output: 0.6_relaxed_ortho_3_A27T_A73T_rep3.pdb
2026-02-26 21:58:06 EST ForkPoolWorker-20 INFO [__main__] Output: 0.6_relaxed_ortho_3_A27K_B54L_A73T_rep3.pdb
2026-02-26 21:58:43 EST ForkPoolWorker-38 INFO [__main__] Output: 0.6_relaxed_ortho_3_A27T_A34T_B57R_A73A_rep4.pdb
2026-02-26 21:59:03 EST ForkPoolWorker-3 INFO [__main__] Output: 0.6_relaxed_ortho_3_A73M_rep4.pdb
2026-02-26 21:59:13 EST ForkPoolWorker-10 INFO [__main__] Output: 0.6_relaxed_ortho_3_A27E_A34G_A73T_rep4.pdb
2026-02-26 21:59:52 EST ForkPoolWorker-1 INFO [__main__] Output: 0.6_relaxed_ortho_3_B57T_A73L_rep5.pdb
2026-02-26 22:00:14 EST ForkPoolWorker-45 INFO [__main__] Output: 0.6_relaxed_ortho_3_A27P_A73L_rep3.pdb
2026-02-26 22:00:46 EST ForkPoolWorker-2 INFO [__main__] Output: 0.6_relaxed_ortho_3_B57R_A73E_rep1.pdb
2026-02-26 22:01:02 EST ForkPoolWorker-7 INFO [__main__] Output: 0.6_relaxed_ortho_3_A73M_rep2.pdb
2026-02-26 22:01:03 EST ForkPoolWorker-11 INFO [__main__] Output: 0.6_relaxed_ortho_3_A27T_A73T_rep5.pdb
2026-02-26 22:01:20 EST ForkPoolWorker-23 INFO [__main__] Output: 0.6_relaxed_ortho_3_A27P_A73L_rep1.pdb
2026-02-26 22:01:30 EST ForkPoolWorker-43 INFO [__main__] Output: 0.6_relaxed_ortho_3_A27Q_B54I_B57R_A73T_rep4.pdb
2026-02-26 22:01:36 EST ForkPoolWorker-34 INFO [__main__] Output: 0.6_relaxed_ortho_3_A27K_B54L_B57T_A73D_rep3.pdb
2026-02-26 22:01:48 EST ForkPoolWorker-47 INFO [__main__] Output: 0.6_relaxed_ortho_3_A27P_A73L_rep5.pdb
2026-02-26 22:01:52 EST ForkPoolWorker-35 INFO [__main__] Output: 0.6_relaxed_ortho_3_A27K_B54L_A73T_rep5.pdb
2026-02-26 22:01:54 EST ForkPoolWorker-14 INFO [__main__] Output: 0.6_relaxed_ortho_3_B57R_A73T_rep3.pdb
2026-02-26 22:02:00 EST ForkPoolWorker-26 INFO [__main__] Output: 0.6_relaxed_ortho_3_A27Q_B54I_B57R_A73T_rep2.pdb
2026-02-26 22:02:18 EST ForkPoolWorker-5 INFO [__main__] Output: 0.6_relaxed_ortho_3_A73Q_rep2.pdb
2026-02-26 22:02:24 EST ForkPoolWorker-4 INFO [__main__] Output: 0.6_relaxed_ortho_3_B57T_A73L_rep1.pdb
2026-02-26 22:02:57 EST ForkPoolWorker-17 INFO [__main__] Output: 0.6_relaxed_ortho_3_B54I_A73L_rep4.pdb
2026-02-26 22:03:17 EST ForkPoolWorker-8 INFO [__main__] Output: 0.6_relaxed_ortho_3_A73Q_rep4.pdb
2026-02-26 22:03:18 EST ForkPoolWorker-33 INFO [__main__] Output: 0.6_relaxed_ortho_3_B57R_A73T_rep1.pdb
2026-02-26 22:04:06 EST ForkPoolWorker-18 INFO [__main__] Output: 0.6_relaxed_ortho_3_B57R_A73E_rep3.pdb
2026-02-26 22:04:06 EST ForkPoolWorker-13 INFO [__main__] Output: 0.6_relaxed_ortho_3_A27K_B54L_B57T_A73D_rep5.pdb
2026-02-26 22:04:25 EST ForkPoolWorker-44 INFO [__main__] Output: 0.6_relaxed_ortho_3_A27K_B54L_B57T_A73D_rep1.pdb
2026-02-26 22:04:27 EST ForkPoolWorker-9 INFO [__main__] Output: 0.6_relaxed_ortho_3_A27K_B54F_A73L_rep1.pdb
2026-02-26 22:04:46 EST ForkPoolWorker-37 INFO [__main__] Output: 0.6_relaxed_ortho_3_A27S_A73L_rep2.pdb
2026-02-26 22:04:59 EST ForkPoolWorker-19 INFO [__main__] Output: 0.6_relaxed_ortho_3_A27S_A73L_rep4.pdb
2026-02-26 22:05:28 EST ForkPoolWorker-25 INFO [__main__] Output: 0.6_relaxed_ortho_3_B57R_A73T_rep5.pdb
2026-02-26 22:05:32 EST ForkPoolWorker-31 INFO [__main__] Output: 0.6_relaxed_ortho_3_A36D_A73D_rep2.pdb
2026-02-26 22:05:38 EST ForkPoolWorker-27 INFO [__main__] Output: 0.6_relaxed_ortho_3_A36D_A73D_rep4.pdb
2026-02-26 22:05:47 EST ForkPoolWorker-22 INFO [__main__] Output: 0.6_relaxed_ortho_3_A27K_B54L_A73E_rep3.pdb
2026-02-26 22:05:49 EST ForkPoolWorker-42 INFO [__main__] Output: 0.6_relaxed_ortho_3_A27S_A73T_rep2.pdb
2026-02-26 22:06:12 EST ForkPoolWorker-6 INFO [__main__] Output: 0.6_relaxed_ortho_3_A27K_B57T_A73L_rep1.pdb
2026-02-26 22:06:28 EST ForkPoolWorker-16 INFO [__main__] Output: 0.6_relaxed_ortho_3_A27K_B54F_A73L_rep5.pdb
2026-02-26 22:07:09 EST ForkPoolWorker-36 INFO [__main__] Output: 0.6_relaxed_ortho_3_B57T_A73L_rep3.pdb
2026-02-26 22:07:17 EST ForkPoolWorker-30 INFO [__main__] Output: 0.6_relaxed_ortho_3_B54I_A73L_rep2.pdb
2026-02-26 22:07:31 EST ForkPoolWorker-46 INFO [__main__] Output: 0.6_relaxed_ortho_3_A27K_B54F_A73L_rep3.pdb
2026-02-26 22:07:33 EST ForkPoolWorker-24 INFO [__main__] Output: 0.6_relaxed_ortho_3_A27S_A73T_rep4.pdb
2026-02-26 22:07:35 EST ForkPoolWorker-48 INFO [__main__] Output: 0.6_relaxed_ortho_3_B57R_A73E_rep5.pdb
2026-02-26 22:07:35 EST ForkPoolWorker-40 INFO [__main__] Output: 0.6_relaxed_ortho_3_A27K_B54L_A73E_rep1.pdb
2026-02-26 22:07:42 EST ForkPoolWorker-21 INFO [__main__] Output: 0.6_relaxed_ortho_3_A27K_B54L_A73E_rep5.pdb
2026-02-26 22:09:14 EST ForkPoolWorker-28 INFO [__main__] Output: 0.6_relaxed_ortho_3_A27K_B57T_A73L_rep3.pdb
2026-02-26 22:09:19 EST ForkPoolWorker-41 INFO [__main__] Output: 0.6_relaxed_ortho_3_A27K_B57T_A73L_rep5.pdb
2026-02-26 22:12:33 EST ForkPoolWorker-39 INFO [__main__] Output: 0.6_relaxed_ortho_3_A34T_B54L_B57R_A73T_rep2.pdb
2026-02-26 23:04:02 EST ForkPoolWorker-29 INFO [__main__] Output: 0.6_relaxed_ortho_3_A34T_B54L_B57R_A73T_rep3.pdb
2026-02-26 23:04:32 EST ForkPoolWorker-15 INFO [__main__] Output: 0.6_relaxed_ortho_3_A34T_B54L_B57R_A73T_rep5.pdb
2026-02-26 23:05:02 EST ForkPoolWorker-12 INFO [__main__] Output: 0.6_relaxed_ortho_3_A27P_B54L_B57T_A73L_rep4.pdb
2026-02-26 23:06:34 EST ForkPoolWorker-32 INFO [__main__] Output: 0.6_relaxed_ortho_3_A27P_B54L_B57T_A73L_rep2.pdb
2026-02-26 23:07:27 EST ForkPoolWorker-10 INFO [__main__] Output: 0.6_relaxed_ortho_3_A73Y_rep2.pdb
2026-02-26 23:08:11 EST ForkPoolWorker-38 INFO [__main__] Output: 0.6_relaxed_ortho_3_A34T_B57R_A73Y_rep3.pdb
2026-02-26 23:08:35 EST ForkPoolWorker-1 INFO [__main__] Output: 0.6_relaxed_ortho_3_A73Y_rep4.pdb
2026-02-26 23:09:41 EST ForkPoolWorker-3 INFO [__main__] Output: 0.6_relaxed_ortho_3_A34T_B57R_A73Y_rep5.pdb
2026-02-26 23:09:44 EST ForkPoolWorker-20 INFO [__main__] Output: 0.6_relaxed_ortho_3_A34T_B57R_A73Y_rep1.pdb
2026-02-26 23:10:31 EST ForkPoolWorker-45 INFO [__main__] Output: 0.6_relaxed_ortho_3_A27K_B57R_A73Y_rep1.pdb
2026-02-26 23:10:42 EST ForkPoolWorker-2 INFO [__main__] Output: 0.6_relaxed_ortho_3_A27K_B57R_A73Y_rep3.pdb
2026-02-26 23:11:41 EST ForkPoolWorker-7 INFO [__main__] Output: 0.6_relaxed_ortho_3_A27K_B57R_A73Y_rep5.pdb
2026-02-27 00:10:31 EST ForkPoolWorker-15 INFO [__main__] Output: 0.6_relaxed_ortho_3_A27P_B54L_B57T_A73L_rep1.pdb
2026-02-27 00:11:15 EST ForkPoolWorker-12 INFO [__main__] Output: 0.6_relaxed_ortho_3_A27P_B54L_B57T_A73L_rep5.pdb
2026-02-27 00:13:06 EST ForkPoolWorker-29 INFO [__main__] Output: 0.6_relaxed_ortho_3_A34T_B54L_B57R_A73T_rep4.pdb
2026-02-27 00:15:07 EST ForkPoolWorker-32 INFO [__main__] Output: 0.6_relaxed_ortho_3_A27P_B54L_B57T_A73L_rep3.pdb
2026-02-27 00:17:33 EST ForkPoolWorker-10 INFO [__main__] Output: 0.6_relaxed_ortho_3_A73Y_rep3.pdb
2026-02-27 00:18:49 EST ForkPoolWorker-1 INFO [__main__] Output: 0.6_relaxed_ortho_3_A73Y_rep5.pdb
2026-02-27 00:18:58 EST ForkPoolWorker-38 INFO [__main__] Output: 0.6_relaxed_ortho_3_A34T_B57R_A73Y_rep4.pdb
2026-02-27 00:19:40 EST ForkPoolWorker-20 INFO [__main__] Output: 0.6_relaxed_ortho_3_A34T_B57R_A73Y_rep2.pdb
2026-02-27 00:20:02 EST ForkPoolWorker-3 INFO [__main__] Output: 0.6_relaxed_ortho_3_A73Y_rep1.pdb
2026-02-27 00:20:17 EST ForkPoolWorker-2 INFO [__main__] Output: 0.6_relaxed_ortho_3_A27K_B57R_A73Y_rep4.pdb
2026-02-27 00:21:15 EST ForkPoolWorker-45 INFO [__main__] Output: 0.6_relaxed_ortho_3_A27K_B57R_A73Y_rep2.pdb
2026-02-27 00:21:15 EST MainProcess INFO [__main__] Script execution completed
