Using existing logs directory.
2026-02-23 10:48:21 EST MainProcess INFO [numexpr.utils] Note: NumExpr detected 48 cores but "NUMEXPR_MAX_THREADS" not set, so enforcing safe limit of 8.
2026-02-23 10:48:21 EST MainProcess INFO [numexpr.utils] NumExpr defaulting to 8 threads.
[DEBUG] Parsed R68M -> [('A 68', 'M')]
[DEBUG] Parsed R68T -> [('A 68', 'T')]
[DEBUG] Parsed R22K, R68L -> [('A 22', 'K'), ('A 68', 'L')]
[DEBUG] Parsed R22P, N49L, R68L -> [('A 22', 'P'), ('A 49', 'L'), ('A 68', 'L')]
[DEBUG] Parsed R22K, R68D -> [('A 22', 'K'), ('A 68', 'D')]
[DEBUG] Parsed R22K, R68T -> [('A 22', 'K'), ('A 68', 'T')]
[DEBUG] Parsed R68L -> [('A 68', 'L')]
[DEBUG] Parsed N49I -> [('A 49', 'I')]
[DEBUG] Parsed R22K, N49L, R68K -> [('A 22', 'K'), ('A 49', 'L'), ('A 68', 'K')]
[DEBUG] Parsed R22K, N49V, R68T -> [('A 22', 'K'), ('A 49', 'V'), ('A 68', 'T')]
[DEBUG] Parsed N31D, R68L -> [('A 31', 'D'), ('A 68', 'L')]
[DEBUG] Parsed R22K, N52R, R68I -> [('A 22', 'K'), ('A 52', 'R'), ('A 68', 'I')]
[DEBUG] Parsed R22K, R68Y -> [('A 22', 'K'), ('A 68', 'Y')]
[DEBUG] Parsed R22K, N49I, R68T -> [('A 22', 'K'), ('A 49', 'I'), ('A 68', 'T')]
[DEBUG] Parsed R22K, N52T, R68Q -> [('A 22', 'K'), ('A 52', 'T'), ('A 68', 'Q')]
[DEBUG] Parsed R22K, R68M -> [('A 22', 'K'), ('A 68', 'M')]
[DEBUG] Parsed R22K, N52R, R68L -> [('A 22', 'K'), ('A 52', 'R'), ('A 68', 'L')]
[DEBUG] Parsed R22K, N49L, R68L -> [('A 22', 'K'), ('A 49', 'L'), ('A 68', 'L')]
[DEBUG] Parsed R22P, N49I, R68L -> [('A 22', 'P'), ('A 49', 'I'), ('A 68', 'L')]
[DEBUG] Parsed R22P, R68Y -> [('A 22', 'P'), ('A 68', 'Y')]
[DEBUG] Parsed R22Q, R68L -> [('A 22', 'Q'), ('A 68', 'L')]
[DEBUG] Parsed R68Q -> [('A 68', 'Q')]
[DEBUG] Parsed N49L, R68L -> [('A 49', 'L'), ('A 68', 'L')]
[DEBUG] Creating jobs for bundle: [('A 68', 'M')]
[DEBUG] Output file: /scratch4/jgray21/zhuggan1/projects/orthosystems/tryingggg/pos_neg_design/OrthoMPNN/Rosetta/output_pdbs/pmpnn_wt/neg0.4/0.4_relaxed_ortho_3_A68M_rep1.pdb
[DEBUG] Output file: /scratch4/jgray21/zhuggan1/projects/orthosystems/tryingggg/pos_neg_design/OrthoMPNN/Rosetta/output_pdbs/pmpnn_wt/neg0.4/0.4_relaxed_ortho_3_A68M_rep2.pdb
[DEBUG] Output file: /scratch4/jgray21/zhuggan1/projects/orthosystems/tryingggg/pos_neg_design/OrthoMPNN/Rosetta/output_pdbs/pmpnn_wt/neg0.4/0.4_relaxed_ortho_3_A68M_rep3.pdb
[DEBUG] Output file: /scratch4/jgray21/zhuggan1/projects/orthosystems/tryingggg/pos_neg_design/OrthoMPNN/Rosetta/output_pdbs/pmpnn_wt/neg0.4/0.4_relaxed_ortho_3_A68M_rep4.pdb
[DEBUG] Output file: /scratch4/jgray21/zhuggan1/projects/orthosystems/tryingggg/pos_neg_design/OrthoMPNN/Rosetta/output_pdbs/pmpnn_wt/neg0.4/0.4_relaxed_ortho_3_A68M_rep5.pdb
[DEBUG] Creating jobs for bundle: [('A 68', 'T')]
[DEBUG] Output file: /scratch4/jgray21/zhuggan1/projects/orthosystems/tryingggg/pos_neg_design/OrthoMPNN/Rosetta/output_pdbs/pmpnn_wt/neg0.4/0.4_relaxed_ortho_3_A68T_rep1.pdb
[DEBUG] Output file: /scratch4/jgray21/zhuggan1/projects/orthosystems/tryingggg/pos_neg_design/OrthoMPNN/Rosetta/output_pdbs/pmpnn_wt/neg0.4/0.4_relaxed_ortho_3_A68T_rep2.pdb
[DEBUG] Output file: /scratch4/jgray21/zhuggan1/projects/orthosystems/tryingggg/pos_neg_design/OrthoMPNN/Rosetta/output_pdbs/pmpnn_wt/neg0.4/0.4_relaxed_ortho_3_A68T_rep3.pdb
[DEBUG] Output file: /scratch4/jgray21/zhuggan1/projects/orthosystems/tryingggg/pos_neg_design/OrthoMPNN/Rosetta/output_pdbs/pmpnn_wt/neg0.4/0.4_relaxed_ortho_3_A68T_rep4.pdb
[DEBUG] Output file: /scratch4/jgray21/zhuggan1/projects/orthosystems/tryingggg/pos_neg_design/OrthoMPNN/Rosetta/output_pdbs/pmpnn_wt/neg0.4/0.4_relaxed_ortho_3_A68T_rep5.pdb
[DEBUG] Creating jobs for bundle: [('A 22', 'K'), ('A 68', 'L')]
[DEBUG] Output file: /scratch4/jgray21/zhuggan1/projects/orthosystems/tryingggg/pos_neg_design/OrthoMPNN/Rosetta/output_pdbs/pmpnn_wt/neg0.4/0.4_relaxed_ortho_3_A22K_A68L_rep1.pdb
[DEBUG] Output file: /scratch4/jgray21/zhuggan1/projects/orthosystems/tryingggg/pos_neg_design/OrthoMPNN/Rosetta/output_pdbs/pmpnn_wt/neg0.4/0.4_relaxed_ortho_3_A22K_A68L_rep2.pdb
[DEBUG] Output file: /scratch4/jgray21/zhuggan1/projects/orthosystems/tryingggg/pos_neg_design/OrthoMPNN/Rosetta/output_pdbs/pmpnn_wt/neg0.4/0.4_relaxed_ortho_3_A22K_A68L_rep3.pdb
[DEBUG] Output file: /scratch4/jgray21/zhuggan1/projects/orthosystems/tryingggg/pos_neg_design/OrthoMPNN/Rosetta/output_pdbs/pmpnn_wt/neg0.4/0.4_relaxed_ortho_3_A22K_A68L_rep4.pdb
[DEBUG] Output file: /scratch4/jgray21/zhuggan1/projects/orthosystems/tryingggg/pos_neg_design/OrthoMPNN/Rosetta/output_pdbs/pmpnn_wt/neg0.4/0.4_relaxed_ortho_3_A22K_A68L_rep5.pdb
[DEBUG] Creating jobs for bundle: [('A 22', 'P'), ('A 49', 'L'), ('A 68', 'L')]
[DEBUG] Output file: /scratch4/jgray21/zhuggan1/projects/orthosystems/tryingggg/pos_neg_design/OrthoMPNN/Rosetta/output_pdbs/pmpnn_wt/neg0.4/0.4_relaxed_ortho_3_A22P_A49L_A68L_rep1.pdb
[DEBUG] Output file: /scratch4/jgray21/zhuggan1/projects/orthosystems/tryingggg/pos_neg_design/OrthoMPNN/Rosetta/output_pdbs/pmpnn_wt/neg0.4/0.4_relaxed_ortho_3_A22P_A49L_A68L_rep2.pdb
[DEBUG] Output file: /scratch4/jgray21/zhuggan1/projects/orthosystems/tryingggg/pos_neg_design/OrthoMPNN/Rosetta/output_pdbs/pmpnn_wt/neg0.4/0.4_relaxed_ortho_3_A22P_A49L_A68L_rep3.pdb
[DEBUG] Output file: /scratch4/jgray21/zhuggan1/projects/orthosystems/tryingggg/pos_neg_design/OrthoMPNN/Rosetta/output_pdbs/pmpnn_wt/neg0.4/0.4_relaxed_ortho_3_A22P_A49L_A68L_rep4.pdb
[DEBUG] Output file: /scratch4/jgray21/zhuggan1/projects/orthosystems/tryingggg/pos_neg_design/OrthoMPNN/Rosetta/output_pdbs/pmpnn_wt/neg0.4/0.4_relaxed_ortho_3_A22P_A49L_A68L_rep5.pdb
[DEBUG] Creating jobs for bundle: [('A 22', 'K'), ('A 68', 'D')]
[DEBUG] Output file: /scratch4/jgray21/zhuggan1/projects/orthosystems/tryingggg/pos_neg_design/OrthoMPNN/Rosetta/output_pdbs/pmpnn_wt/neg0.4/0.4_relaxed_ortho_3_A22K_A68D_rep1.pdb
[DEBUG] Output file: /scratch4/jgray21/zhuggan1/projects/orthosystems/tryingggg/pos_neg_design/OrthoMPNN/Rosetta/output_pdbs/pmpnn_wt/neg0.4/0.4_relaxed_ortho_3_A22K_A68D_rep2.pdb
[DEBUG] Output file: /scratch4/jgray21/zhuggan1/projects/orthosystems/tryingggg/pos_neg_design/OrthoMPNN/Rosetta/output_pdbs/pmpnn_wt/neg0.4/0.4_relaxed_ortho_3_A22K_A68D_rep3.pdb
[DEBUG] Output file: /scratch4/jgray21/zhuggan1/projects/orthosystems/tryingggg/pos_neg_design/OrthoMPNN/Rosetta/output_pdbs/pmpnn_wt/neg0.4/0.4_relaxed_ortho_3_A22K_A68D_rep4.pdb
[DEBUG] Output file: /scratch4/jgray21/zhuggan1/projects/orthosystems/tryingggg/pos_neg_design/OrthoMPNN/Rosetta/output_pdbs/pmpnn_wt/neg0.4/0.4_relaxed_ortho_3_A22K_A68D_rep5.pdb
[DEBUG] Creating jobs for bundle: [('A 22', 'K'), ('A 68', 'T')]
[DEBUG] Output file: /scratch4/jgray21/zhuggan1/projects/orthosystems/tryingggg/pos_neg_design/OrthoMPNN/Rosetta/output_pdbs/pmpnn_wt/neg0.4/0.4_relaxed_ortho_3_A22K_A68T_rep1.pdb
[DEBUG] Output file: /scratch4/jgray21/zhuggan1/projects/orthosystems/tryingggg/pos_neg_design/OrthoMPNN/Rosetta/output_pdbs/pmpnn_wt/neg0.4/0.4_relaxed_ortho_3_A22K_A68T_rep2.pdb
[DEBUG] Output file: /scratch4/jgray21/zhuggan1/projects/orthosystems/tryingggg/pos_neg_design/OrthoMPNN/Rosetta/output_pdbs/pmpnn_wt/neg0.4/0.4_relaxed_ortho_3_A22K_A68T_rep3.pdb
[DEBUG] Output file: /scratch4/jgray21/zhuggan1/projects/orthosystems/tryingggg/pos_neg_design/OrthoMPNN/Rosetta/output_pdbs/pmpnn_wt/neg0.4/0.4_relaxed_ortho_3_A22K_A68T_rep4.pdb
[DEBUG] Output file: /scratch4/jgray21/zhuggan1/projects/orthosystems/tryingggg/pos_neg_design/OrthoMPNN/Rosetta/output_pdbs/pmpnn_wt/neg0.4/0.4_relaxed_ortho_3_A22K_A68T_rep5.pdb
[DEBUG] Creating jobs for bundle: [('A 68', 'L')]
[DEBUG] Output file: /scratch4/jgray21/zhuggan1/projects/orthosystems/tryingggg/pos_neg_design/OrthoMPNN/Rosetta/output_pdbs/pmpnn_wt/neg0.4/0.4_relaxed_ortho_3_A68L_rep1.pdb
[DEBUG] Output file: /scratch4/jgray21/zhuggan1/projects/orthosystems/tryingggg/pos_neg_design/OrthoMPNN/Rosetta/output_pdbs/pmpnn_wt/neg0.4/0.4_relaxed_ortho_3_A68L_rep2.pdb
[DEBUG] Output file: /scratch4/jgray21/zhuggan1/projects/orthosystems/tryingggg/pos_neg_design/OrthoMPNN/Rosetta/output_pdbs/pmpnn_wt/neg0.4/0.4_relaxed_ortho_3_A68L_rep3.pdb
[DEBUG] Output file: /scratch4/jgray21/zhuggan1/projects/orthosystems/tryingggg/pos_neg_design/OrthoMPNN/Rosetta/output_pdbs/pmpnn_wt/neg0.4/0.4_relaxed_ortho_3_A68L_rep4.pdb
[DEBUG] Output file: /scratch4/jgray21/zhuggan1/projects/orthosystems/tryingggg/pos_neg_design/OrthoMPNN/Rosetta/output_pdbs/pmpnn_wt/neg0.4/0.4_relaxed_ortho_3_A68L_rep5.pdb
[DEBUG] Creating jobs for bundle: [('A 49', 'I')]
[DEBUG] Output file: /scratch4/jgray21/zhuggan1/projects/orthosystems/tryingggg/pos_neg_design/OrthoMPNN/Rosetta/output_pdbs/pmpnn_wt/neg0.4/0.4_relaxed_ortho_3_A49I_rep1.pdb
[DEBUG] Output file: /scratch4/jgray21/zhuggan1/projects/orthosystems/tryingggg/pos_neg_design/OrthoMPNN/Rosetta/output_pdbs/pmpnn_wt/neg0.4/0.4_relaxed_ortho_3_A49I_rep2.pdb
[DEBUG] Output file: /scratch4/jgray21/zhuggan1/projects/orthosystems/tryingggg/pos_neg_design/OrthoMPNN/Rosetta/output_pdbs/pmpnn_wt/neg0.4/0.4_relaxed_ortho_3_A49I_rep3.pdb
[DEBUG] Output file: /scratch4/jgray21/zhuggan1/projects/orthosystems/tryingggg/pos_neg_design/OrthoMPNN/Rosetta/output_pdbs/pmpnn_wt/neg0.4/0.4_relaxed_ortho_3_A49I_rep4.pdb
[DEBUG] Output file: /scratch4/jgray21/zhuggan1/projects/orthosystems/tryingggg/pos_neg_design/OrthoMPNN/Rosetta/output_pdbs/pmpnn_wt/neg0.4/0.4_relaxed_ortho_3_A49I_rep5.pdb
[DEBUG] Creating jobs for bundle: [('A 22', 'K'), ('A 49', 'L'), ('A 68', 'K')]
[DEBUG] Output file: /scratch4/jgray21/zhuggan1/projects/orthosystems/tryingggg/pos_neg_design/OrthoMPNN/Rosetta/output_pdbs/pmpnn_wt/neg0.4/0.4_relaxed_ortho_3_A22K_A49L_A68K_rep1.pdb
[DEBUG] Output file: /scratch4/jgray21/zhuggan1/projects/orthosystems/tryingggg/pos_neg_design/OrthoMPNN/Rosetta/output_pdbs/pmpnn_wt/neg0.4/0.4_relaxed_ortho_3_A22K_A49L_A68K_rep2.pdb
[DEBUG] Output file: /scratch4/jgray21/zhuggan1/projects/orthosystems/tryingggg/pos_neg_design/OrthoMPNN/Rosetta/output_pdbs/pmpnn_wt/neg0.4/0.4_relaxed_ortho_3_A22K_A49L_A68K_rep3.pdb
[DEBUG] Output file: /scratch4/jgray21/zhuggan1/projects/orthosystems/tryingggg/pos_neg_design/OrthoMPNN/Rosetta/output_pdbs/pmpnn_wt/neg0.4/0.4_relaxed_ortho_3_A22K_A49L_A68K_rep4.pdb
[DEBUG] Output file: /scratch4/jgray21/zhuggan1/projects/orthosystems/tryingggg/pos_neg_design/OrthoMPNN/Rosetta/output_pdbs/pmpnn_wt/neg0.4/0.4_relaxed_ortho_3_A22K_A49L_A68K_rep5.pdb
[DEBUG] Creating jobs for bundle: [('A 22', 'K'), ('A 49', 'V'), ('A 68', 'T')]
[DEBUG] Output file: /scratch4/jgray21/zhuggan1/projects/orthosystems/tryingggg/pos_neg_design/OrthoMPNN/Rosetta/output_pdbs/pmpnn_wt/neg0.4/0.4_relaxed_ortho_3_A22K_A49V_A68T_rep1.pdb
[DEBUG] Output file: /scratch4/jgray21/zhuggan1/projects/orthosystems/tryingggg/pos_neg_design/OrthoMPNN/Rosetta/output_pdbs/pmpnn_wt/neg0.4/0.4_relaxed_ortho_3_A22K_A49V_A68T_rep2.pdb
[DEBUG] Output file: /scratch4/jgray21/zhuggan1/projects/orthosystems/tryingggg/pos_neg_design/OrthoMPNN/Rosetta/output_pdbs/pmpnn_wt/neg0.4/0.4_relaxed_ortho_3_A22K_A49V_A68T_rep3.pdb
[DEBUG] Output file: /scratch4/jgray21/zhuggan1/projects/orthosystems/tryingggg/pos_neg_design/OrthoMPNN/Rosetta/output_pdbs/pmpnn_wt/neg0.4/0.4_relaxed_ortho_3_A22K_A49V_A68T_rep4.pdb
[DEBUG] Output file: /scratch4/jgray21/zhuggan1/projects/orthosystems/tryingggg/pos_neg_design/OrthoMPNN/Rosetta/output_pdbs/pmpnn_wt/neg0.4/0.4_relaxed_ortho_3_A22K_A49V_A68T_rep5.pdb
[DEBUG] Creating jobs for bundle: [('A 31', 'D'), ('A 68', 'L')]
[DEBUG] Output file: /scratch4/jgray21/zhuggan1/projects/orthosystems/tryingggg/pos_neg_design/OrthoMPNN/Rosetta/output_pdbs/pmpnn_wt/neg0.4/0.4_relaxed_ortho_3_A31D_A68L_rep1.pdb
[DEBUG] Output file: /scratch4/jgray21/zhuggan1/projects/orthosystems/tryingggg/pos_neg_design/OrthoMPNN/Rosetta/output_pdbs/pmpnn_wt/neg0.4/0.4_relaxed_ortho_3_A31D_A68L_rep2.pdb
[DEBUG] Output file: /scratch4/jgray21/zhuggan1/projects/orthosystems/tryingggg/pos_neg_design/OrthoMPNN/Rosetta/output_pdbs/pmpnn_wt/neg0.4/0.4_relaxed_ortho_3_A31D_A68L_rep3.pdb
[DEBUG] Output file: /scratch4/jgray21/zhuggan1/projects/orthosystems/tryingggg/pos_neg_design/OrthoMPNN/Rosetta/output_pdbs/pmpnn_wt/neg0.4/0.4_relaxed_ortho_3_A31D_A68L_rep4.pdb
[DEBUG] Output file: /scratch4/jgray21/zhuggan1/projects/orthosystems/tryingggg/pos_neg_design/OrthoMPNN/Rosetta/output_pdbs/pmpnn_wt/neg0.4/0.4_relaxed_ortho_3_A31D_A68L_rep5.pdb
[DEBUG] Creating jobs for bundle: [('A 22', 'K'), ('A 52', 'R'), ('A 68', 'I')]
[DEBUG] Output file: /scratch4/jgray21/zhuggan1/projects/orthosystems/tryingggg/pos_neg_design/OrthoMPNN/Rosetta/output_pdbs/pmpnn_wt/neg0.4/0.4_relaxed_ortho_3_A22K_A52R_A68I_rep1.pdb
[DEBUG] Output file: /scratch4/jgray21/zhuggan1/projects/orthosystems/tryingggg/pos_neg_design/OrthoMPNN/Rosetta/output_pdbs/pmpnn_wt/neg0.4/0.4_relaxed_ortho_3_A22K_A52R_A68I_rep2.pdb
[DEBUG] Output file: /scratch4/jgray21/zhuggan1/projects/orthosystems/tryingggg/pos_neg_design/OrthoMPNN/Rosetta/output_pdbs/pmpnn_wt/neg0.4/0.4_relaxed_ortho_3_A22K_A52R_A68I_rep3.pdb
[DEBUG] Output file: /scratch4/jgray21/zhuggan1/projects/orthosystems/tryingggg/pos_neg_design/OrthoMPNN/Rosetta/output_pdbs/pmpnn_wt/neg0.4/0.4_relaxed_ortho_3_A22K_A52R_A68I_rep4.pdb
[DEBUG] Output file: /scratch4/jgray21/zhuggan1/projects/orthosystems/tryingggg/pos_neg_design/OrthoMPNN/Rosetta/output_pdbs/pmpnn_wt/neg0.4/0.4_relaxed_ortho_3_A22K_A52R_A68I_rep5.pdb
[DEBUG] Creating jobs for bundle: [('A 22', 'K'), ('A 68', 'Y')]
[DEBUG] Output file: /scratch4/jgray21/zhuggan1/projects/orthosystems/tryingggg/pos_neg_design/OrthoMPNN/Rosetta/output_pdbs/pmpnn_wt/neg0.4/0.4_relaxed_ortho_3_A22K_A68Y_rep1.pdb
[DEBUG] Output file: /scratch4/jgray21/zhuggan1/projects/orthosystems/tryingggg/pos_neg_design/OrthoMPNN/Rosetta/output_pdbs/pmpnn_wt/neg0.4/0.4_relaxed_ortho_3_A22K_A68Y_rep2.pdb
[DEBUG] Output file: /scratch4/jgray21/zhuggan1/projects/orthosystems/tryingggg/pos_neg_design/OrthoMPNN/Rosetta/output_pdbs/pmpnn_wt/neg0.4/0.4_relaxed_ortho_3_A22K_A68Y_rep3.pdb
[DEBUG] Output file: /scratch4/jgray21/zhuggan1/projects/orthosystems/tryingggg/pos_neg_design/OrthoMPNN/Rosetta/output_pdbs/pmpnn_wt/neg0.4/0.4_relaxed_ortho_3_A22K_A68Y_rep4.pdb
[DEBUG] Output file: /scratch4/jgray21/zhuggan1/projects/orthosystems/tryingggg/pos_neg_design/OrthoMPNN/Rosetta/output_pdbs/pmpnn_wt/neg0.4/0.4_relaxed_ortho_3_A22K_A68Y_rep5.pdb
[DEBUG] Creating jobs for bundle: [('A 22', 'K'), ('A 49', 'I'), ('A 68', 'T')]
[DEBUG] Output file: /scratch4/jgray21/zhuggan1/projects/orthosystems/tryingggg/pos_neg_design/OrthoMPNN/Rosetta/output_pdbs/pmpnn_wt/neg0.4/0.4_relaxed_ortho_3_A22K_A49I_A68T_rep1.pdb
[DEBUG] Output file: /scratch4/jgray21/zhuggan1/projects/orthosystems/tryingggg/pos_neg_design/OrthoMPNN/Rosetta/output_pdbs/pmpnn_wt/neg0.4/0.4_relaxed_ortho_3_A22K_A49I_A68T_rep2.pdb
[DEBUG] Output file: /scratch4/jgray21/zhuggan1/projects/orthosystems/tryingggg/pos_neg_design/OrthoMPNN/Rosetta/output_pdbs/pmpnn_wt/neg0.4/0.4_relaxed_ortho_3_A22K_A49I_A68T_rep3.pdb
[DEBUG] Output file: /scratch4/jgray21/zhuggan1/projects/orthosystems/tryingggg/pos_neg_design/OrthoMPNN/Rosetta/output_pdbs/pmpnn_wt/neg0.4/0.4_relaxed_ortho_3_A22K_A49I_A68T_rep4.pdb
[DEBUG] Output file: /scratch4/jgray21/zhuggan1/projects/orthosystems/tryingggg/pos_neg_design/OrthoMPNN/Rosetta/output_pdbs/pmpnn_wt/neg0.4/0.4_relaxed_ortho_3_A22K_A49I_A68T_rep5.pdb
[DEBUG] Creating jobs for bundle: [('A 22', 'K'), ('A 52', 'T'), ('A 68', 'Q')]
[DEBUG] Output file: /scratch4/jgray21/zhuggan1/projects/orthosystems/tryingggg/pos_neg_design/OrthoMPNN/Rosetta/output_pdbs/pmpnn_wt/neg0.4/0.4_relaxed_ortho_3_A22K_A52T_A68Q_rep1.pdb
[DEBUG] Output file: /scratch4/jgray21/zhuggan1/projects/orthosystems/tryingggg/pos_neg_design/OrthoMPNN/Rosetta/output_pdbs/pmpnn_wt/neg0.4/0.4_relaxed_ortho_3_A22K_A52T_A68Q_rep2.pdb
[DEBUG] Output file: /scratch4/jgray21/zhuggan1/projects/orthosystems/tryingggg/pos_neg_design/OrthoMPNN/Rosetta/output_pdbs/pmpnn_wt/neg0.4/0.4_relaxed_ortho_3_A22K_A52T_A68Q_rep3.pdb
[DEBUG] Output file: /scratch4/jgray21/zhuggan1/projects/orthosystems/tryingggg/pos_neg_design/OrthoMPNN/Rosetta/output_pdbs/pmpnn_wt/neg0.4/0.4_relaxed_ortho_3_A22K_A52T_A68Q_rep4.pdb
[DEBUG] Output file: /scratch4/jgray21/zhuggan1/projects/orthosystems/tryingggg/pos_neg_design/OrthoMPNN/Rosetta/output_pdbs/pmpnn_wt/neg0.4/0.4_relaxed_ortho_3_A22K_A52T_A68Q_rep5.pdb
[DEBUG] Creating jobs for bundle: [('A 22', 'K'), ('A 68', 'M')]
[DEBUG] Output file: /scratch4/jgray21/zhuggan1/projects/orthosystems/tryingggg/pos_neg_design/OrthoMPNN/Rosetta/output_pdbs/pmpnn_wt/neg0.4/0.4_relaxed_ortho_3_A22K_A68M_rep1.pdb
[DEBUG] Output file: /scratch4/jgray21/zhuggan1/projects/orthosystems/tryingggg/pos_neg_design/OrthoMPNN/Rosetta/output_pdbs/pmpnn_wt/neg0.4/0.4_relaxed_ortho_3_A22K_A68M_rep2.pdb
[DEBUG] Output file: /scratch4/jgray21/zhuggan1/projects/orthosystems/tryingggg/pos_neg_design/OrthoMPNN/Rosetta/output_pdbs/pmpnn_wt/neg0.4/0.4_relaxed_ortho_3_A22K_A68M_rep3.pdb
[DEBUG] Output file: /scratch4/jgray21/zhuggan1/projects/orthosystems/tryingggg/pos_neg_design/OrthoMPNN/Rosetta/output_pdbs/pmpnn_wt/neg0.4/0.4_relaxed_ortho_3_A22K_A68M_rep4.pdb
[DEBUG] Output file: /scratch4/jgray21/zhuggan1/projects/orthosystems/tryingggg/pos_neg_design/OrthoMPNN/Rosetta/output_pdbs/pmpnn_wt/neg0.4/0.4_relaxed_ortho_3_A22K_A68M_rep5.pdb
[DEBUG] Creating jobs for bundle: [('A 22', 'K'), ('A 52', 'R'), ('A 68', 'L')]
[DEBUG] Output file: /scratch4/jgray21/zhuggan1/projects/orthosystems/tryingggg/pos_neg_design/OrthoMPNN/Rosetta/output_pdbs/pmpnn_wt/neg0.4/0.4_relaxed_ortho_3_A22K_A52R_A68L_rep1.pdb
[DEBUG] Output file: /scratch4/jgray21/zhuggan1/projects/orthosystems/tryingggg/pos_neg_design/OrthoMPNN/Rosetta/output_pdbs/pmpnn_wt/neg0.4/0.4_relaxed_ortho_3_A22K_A52R_A68L_rep2.pdb
[DEBUG] Output file: /scratch4/jgray21/zhuggan1/projects/orthosystems/tryingggg/pos_neg_design/OrthoMPNN/Rosetta/output_pdbs/pmpnn_wt/neg0.4/0.4_relaxed_ortho_3_A22K_A52R_A68L_rep3.pdb
[DEBUG] Output file: /scratch4/jgray21/zhuggan1/projects/orthosystems/tryingggg/pos_neg_design/OrthoMPNN/Rosetta/output_pdbs/pmpnn_wt/neg0.4/0.4_relaxed_ortho_3_A22K_A52R_A68L_rep4.pdb
[DEBUG] Output file: /scratch4/jgray21/zhuggan1/projects/orthosystems/tryingggg/pos_neg_design/OrthoMPNN/Rosetta/output_pdbs/pmpnn_wt/neg0.4/0.4_relaxed_ortho_3_A22K_A52R_A68L_rep5.pdb
[DEBUG] Creating jobs for bundle: [('A 22', 'K'), ('A 49', 'L'), ('A 68', 'L')]
[DEBUG] Output file: /scratch4/jgray21/zhuggan1/projects/orthosystems/tryingggg/pos_neg_design/OrthoMPNN/Rosetta/output_pdbs/pmpnn_wt/neg0.4/0.4_relaxed_ortho_3_A22K_A49L_A68L_rep1.pdb
[DEBUG] Output file: /scratch4/jgray21/zhuggan1/projects/orthosystems/tryingggg/pos_neg_design/OrthoMPNN/Rosetta/output_pdbs/pmpnn_wt/neg0.4/0.4_relaxed_ortho_3_A22K_A49L_A68L_rep2.pdb
[DEBUG] Output file: /scratch4/jgray21/zhuggan1/projects/orthosystems/tryingggg/pos_neg_design/OrthoMPNN/Rosetta/output_pdbs/pmpnn_wt/neg0.4/0.4_relaxed_ortho_3_A22K_A49L_A68L_rep3.pdb
[DEBUG] Output file: /scratch4/jgray21/zhuggan1/projects/orthosystems/tryingggg/pos_neg_design/OrthoMPNN/Rosetta/output_pdbs/pmpnn_wt/neg0.4/0.4_relaxed_ortho_3_A22K_A49L_A68L_rep4.pdb
[DEBUG] Output file: /scratch4/jgray21/zhuggan1/projects/orthosystems/tryingggg/pos_neg_design/OrthoMPNN/Rosetta/output_pdbs/pmpnn_wt/neg0.4/0.4_relaxed_ortho_3_A22K_A49L_A68L_rep5.pdb
[DEBUG] Creating jobs for bundle: [('A 22', 'P'), ('A 49', 'I'), ('A 68', 'L')]
[DEBUG] Output file: /scratch4/jgray21/zhuggan1/projects/orthosystems/tryingggg/pos_neg_design/OrthoMPNN/Rosetta/output_pdbs/pmpnn_wt/neg0.4/0.4_relaxed_ortho_3_A22P_A49I_A68L_rep1.pdb
[DEBUG] Output file: /scratch4/jgray21/zhuggan1/projects/orthosystems/tryingggg/pos_neg_design/OrthoMPNN/Rosetta/output_pdbs/pmpnn_wt/neg0.4/0.4_relaxed_ortho_3_A22P_A49I_A68L_rep2.pdb
[DEBUG] Output file: /scratch4/jgray21/zhuggan1/projects/orthosystems/tryingggg/pos_neg_design/OrthoMPNN/Rosetta/output_pdbs/pmpnn_wt/neg0.4/0.4_relaxed_ortho_3_A22P_A49I_A68L_rep3.pdb
[DEBUG] Output file: /scratch4/jgray21/zhuggan1/projects/orthosystems/tryingggg/pos_neg_design/OrthoMPNN/Rosetta/output_pdbs/pmpnn_wt/neg0.4/0.4_relaxed_ortho_3_A22P_A49I_A68L_rep4.pdb
[DEBUG] Output file: /scratch4/jgray21/zhuggan1/projects/orthosystems/tryingggg/pos_neg_design/OrthoMPNN/Rosetta/output_pdbs/pmpnn_wt/neg0.4/0.4_relaxed_ortho_3_A22P_A49I_A68L_rep5.pdb
[DEBUG] Creating jobs for bundle: [('A 22', 'P'), ('A 68', 'Y')]
[DEBUG] Output file: /scratch4/jgray21/zhuggan1/projects/orthosystems/tryingggg/pos_neg_design/OrthoMPNN/Rosetta/output_pdbs/pmpnn_wt/neg0.4/0.4_relaxed_ortho_3_A22P_A68Y_rep1.pdb
[DEBUG] Output file: /scratch4/jgray21/zhuggan1/projects/orthosystems/tryingggg/pos_neg_design/OrthoMPNN/Rosetta/output_pdbs/pmpnn_wt/neg0.4/0.4_relaxed_ortho_3_A22P_A68Y_rep2.pdb
[DEBUG] Output file: /scratch4/jgray21/zhuggan1/projects/orthosystems/tryingggg/pos_neg_design/OrthoMPNN/Rosetta/output_pdbs/pmpnn_wt/neg0.4/0.4_relaxed_ortho_3_A22P_A68Y_rep3.pdb
[DEBUG] Output file: /scratch4/jgray21/zhuggan1/projects/orthosystems/tryingggg/pos_neg_design/OrthoMPNN/Rosetta/output_pdbs/pmpnn_wt/neg0.4/0.4_relaxed_ortho_3_A22P_A68Y_rep4.pdb
[DEBUG] Output file: /scratch4/jgray21/zhuggan1/projects/orthosystems/tryingggg/pos_neg_design/OrthoMPNN/Rosetta/output_pdbs/pmpnn_wt/neg0.4/0.4_relaxed_ortho_3_A22P_A68Y_rep5.pdb
[DEBUG] Creating jobs for bundle: [('A 22', 'Q'), ('A 68', 'L')]
[DEBUG] Output file: /scratch4/jgray21/zhuggan1/projects/orthosystems/tryingggg/pos_neg_design/OrthoMPNN/Rosetta/output_pdbs/pmpnn_wt/neg0.4/0.4_relaxed_ortho_3_A22Q_A68L_rep1.pdb
[DEBUG] Output file: /scratch4/jgray21/zhuggan1/projects/orthosystems/tryingggg/pos_neg_design/OrthoMPNN/Rosetta/output_pdbs/pmpnn_wt/neg0.4/0.4_relaxed_ortho_3_A22Q_A68L_rep2.pdb
[DEBUG] Output file: /scratch4/jgray21/zhuggan1/projects/orthosystems/tryingggg/pos_neg_design/OrthoMPNN/Rosetta/output_pdbs/pmpnn_wt/neg0.4/0.4_relaxed_ortho_3_A22Q_A68L_rep3.pdb
[DEBUG] Output file: /scratch4/jgray21/zhuggan1/projects/orthosystems/tryingggg/pos_neg_design/OrthoMPNN/Rosetta/output_pdbs/pmpnn_wt/neg0.4/0.4_relaxed_ortho_3_A22Q_A68L_rep4.pdb
[DEBUG] Output file: /scratch4/jgray21/zhuggan1/projects/orthosystems/tryingggg/pos_neg_design/OrthoMPNN/Rosetta/output_pdbs/pmpnn_wt/neg0.4/0.4_relaxed_ortho_3_A22Q_A68L_rep5.pdb
[DEBUG] Creating jobs for bundle: [('A 68', 'Q')]
[DEBUG] Output file: /scratch4/jgray21/zhuggan1/projects/orthosystems/tryingggg/pos_neg_design/OrthoMPNN/Rosetta/output_pdbs/pmpnn_wt/neg0.4/0.4_relaxed_ortho_3_A68Q_rep1.pdb
[DEBUG] Output file: /scratch4/jgray21/zhuggan1/projects/orthosystems/tryingggg/pos_neg_design/OrthoMPNN/Rosetta/output_pdbs/pmpnn_wt/neg0.4/0.4_relaxed_ortho_3_A68Q_rep2.pdb
[DEBUG] Output file: /scratch4/jgray21/zhuggan1/projects/orthosystems/tryingggg/pos_neg_design/OrthoMPNN/Rosetta/output_pdbs/pmpnn_wt/neg0.4/0.4_relaxed_ortho_3_A68Q_rep3.pdb
[DEBUG] Output file: /scratch4/jgray21/zhuggan1/projects/orthosystems/tryingggg/pos_neg_design/OrthoMPNN/Rosetta/output_pdbs/pmpnn_wt/neg0.4/0.4_relaxed_ortho_3_A68Q_rep4.pdb
[DEBUG] Output file: /scratch4/jgray21/zhuggan1/projects/orthosystems/tryingggg/pos_neg_design/OrthoMPNN/Rosetta/output_pdbs/pmpnn_wt/neg0.4/0.4_relaxed_ortho_3_A68Q_rep5.pdb
[DEBUG] Creating jobs for bundle: [('A 49', 'L'), ('A 68', 'L')]
[DEBUG] Output file: /scratch4/jgray21/zhuggan1/projects/orthosystems/tryingggg/pos_neg_design/OrthoMPNN/Rosetta/output_pdbs/pmpnn_wt/neg0.4/0.4_relaxed_ortho_3_A49L_A68L_rep1.pdb
[DEBUG] Output file: /scratch4/jgray21/zhuggan1/projects/orthosystems/tryingggg/pos_neg_design/OrthoMPNN/Rosetta/output_pdbs/pmpnn_wt/neg0.4/0.4_relaxed_ortho_3_A49L_A68L_rep2.pdb
[DEBUG] Output file: /scratch4/jgray21/zhuggan1/projects/orthosystems/tryingggg/pos_neg_design/OrthoMPNN/Rosetta/output_pdbs/pmpnn_wt/neg0.4/0.4_relaxed_ortho_3_A49L_A68L_rep3.pdb
[DEBUG] Output file: /scratch4/jgray21/zhuggan1/projects/orthosystems/tryingggg/pos_neg_design/OrthoMPNN/Rosetta/output_pdbs/pmpnn_wt/neg0.4/0.4_relaxed_ortho_3_A49L_A68L_rep4.pdb
[DEBUG] Output file: /scratch4/jgray21/zhuggan1/projects/orthosystems/tryingggg/pos_neg_design/OrthoMPNN/Rosetta/output_pdbs/pmpnn_wt/neg0.4/0.4_relaxed_ortho_3_A49L_A68L_rep5.pdb
2026-02-23 10:48:25 EST MainProcess INFO [__main__] Processing a total of 115 jobs
2026-02-23 10:48:25 EST MainProcess INFO [__main__] Starting pool with 48 worker(s)
2026-02-23 12:03:20 EST ForkPoolWorker-37 INFO [__main__] Output: 0.4_relaxed_ortho_3_A68T_rep1.pdb
2026-02-23 12:03:30 EST ForkPoolWorker-15 INFO [__main__] Output: 0.4_relaxed_ortho_3_A68T_rep2.pdb
2026-02-23 12:03:37 EST ForkPoolWorker-45 INFO [__main__] Output: 0.4_relaxed_ortho_3_A22K_A68L_rep2.pdb
2026-02-23 12:03:51 EST ForkPoolWorker-44 INFO [__main__] Output: 0.4_relaxed_ortho_3_A22K_A68L_rep3.pdb
2026-02-23 12:04:11 EST ForkPoolWorker-23 INFO [__main__] Output: 0.4_relaxed_ortho_3_A22K_A68L_rep1.pdb
2026-02-23 12:04:12 EST ForkPoolWorker-42 INFO [__main__] Output: 0.4_relaxed_ortho_3_A49I_rep3.pdb
2026-02-23 12:04:17 EST ForkPoolWorker-29 INFO [__main__] Output: 0.4_relaxed_ortho_3_A68M_rep4.pdb
2026-02-23 12:04:33 EST ForkPoolWorker-41 INFO [__main__] Output: 0.4_relaxed_ortho_3_A68M_rep3.pdb
2026-02-23 12:04:50 EST ForkPoolWorker-36 INFO [__main__] Output: 0.4_relaxed_ortho_3_A22K_A68T_rep2.pdb
2026-02-23 12:05:10 EST ForkPoolWorker-13 INFO [__main__] Output: 0.4_relaxed_ortho_3_A22P_A49L_A68L_rep4.pdb
2026-02-23 12:05:13 EST ForkPoolWorker-38 INFO [__main__] Output: 0.4_relaxed_ortho_3_A68T_rep4.pdb
2026-02-23 12:05:27 EST ForkPoolWorker-31 INFO [__main__] Output: 0.4_relaxed_ortho_3_A68M_rep5.pdb
2026-02-23 12:05:35 EST ForkPoolWorker-2 INFO [__main__] Output: 0.4_relaxed_ortho_3_A49I_rep5.pdb
2026-02-23 12:05:44 EST ForkPoolWorker-16 INFO [__main__] Output: 0.4_relaxed_ortho_3_A22K_A68D_rep1.pdb
2026-02-23 12:05:59 EST ForkPoolWorker-11 INFO [__main__] Output: 0.4_relaxed_ortho_3_A22P_A49L_A68L_rep5.pdb
2026-02-23 12:05:59 EST ForkPoolWorker-20 INFO [__main__] Output: 0.4_relaxed_ortho_3_A22K_A68L_rep4.pdb
2026-02-23 12:06:03 EST ForkPoolWorker-22 INFO [__main__] Output: 0.4_relaxed_ortho_3_A22K_A68T_rep4.pdb
2026-02-23 12:06:11 EST ForkPoolWorker-19 INFO [__main__] Output: 0.4_relaxed_ortho_3_A22P_A49L_A68L_rep1.pdb
2026-02-23 12:06:12 EST ForkPoolWorker-3 INFO [__main__] Output: 0.4_relaxed_ortho_3_A49I_rep2.pdb
2026-02-23 12:06:16 EST ForkPoolWorker-30 INFO [__main__] Output: 0.4_relaxed_ortho_3_A68T_rep3.pdb
2026-02-23 12:06:20 EST ForkPoolWorker-47 INFO [__main__] Output: 0.4_relaxed_ortho_3_A22K_A68T_rep5.pdb
2026-02-23 12:06:20 EST ForkPoolWorker-25 INFO [__main__] Output: 0.4_relaxed_ortho_3_A22K_A68L_rep5.pdb
2026-02-23 12:07:03 EST ForkPoolWorker-4 INFO [__main__] Output: 0.4_relaxed_ortho_3_A68L_rep2.pdb
2026-02-23 12:07:06 EST ForkPoolWorker-9 INFO [__main__] Output: 0.4_relaxed_ortho_3_A68L_rep5.pdb
2026-02-23 12:07:11 EST ForkPoolWorker-34 INFO [__main__] Output: 0.4_relaxed_ortho_3_A68M_rep1.pdb
2026-02-23 12:07:12 EST ForkPoolWorker-33 INFO [__main__] Output: 0.4_relaxed_ortho_3_A22K_A49L_A68K_rep4.pdb
2026-02-23 12:07:16 EST ForkPoolWorker-43 INFO [__main__] Output: 0.4_relaxed_ortho_3_A68M_rep2.pdb
2026-02-23 12:07:24 EST ForkPoolWorker-40 INFO [__main__] Output: 0.4_relaxed_ortho_3_A22K_A49L_A68K_rep5.pdb
2026-02-23 12:07:25 EST ForkPoolWorker-39 INFO [__main__] Output: 0.4_relaxed_ortho_3_A22K_A49L_A68K_rep1.pdb
2026-02-23 12:07:29 EST ForkPoolWorker-17 INFO [__main__] Output: 0.4_relaxed_ortho_3_A22K_A49V_A68T_rep1.pdb
2026-02-23 12:07:30 EST ForkPoolWorker-18 INFO [__main__] Output: 0.4_relaxed_ortho_3_A49I_rep4.pdb
2026-02-23 12:07:31 EST ForkPoolWorker-21 INFO [__main__] Output: 0.4_relaxed_ortho_3_A22P_A49L_A68L_rep3.pdb
2026-02-23 12:07:34 EST ForkPoolWorker-1 INFO [__main__] Output: 0.4_relaxed_ortho_3_A68T_rep5.pdb
2026-02-23 12:07:35 EST ForkPoolWorker-35 INFO [__main__] Output: 0.4_relaxed_ortho_3_A22K_A49L_A68K_rep2.pdb
2026-02-23 12:07:38 EST ForkPoolWorker-14 INFO [__main__] Output: 0.4_relaxed_ortho_3_A22K_A68T_rep3.pdb
2026-02-23 12:07:43 EST ForkPoolWorker-46 INFO [__main__] Output: 0.4_relaxed_ortho_3_A22K_A68D_rep4.pdb
2026-02-23 12:07:43 EST ForkPoolWorker-26 INFO [__main__] Output: 0.4_relaxed_ortho_3_A22P_A49L_A68L_rep2.pdb
2026-02-23 12:07:51 EST ForkPoolWorker-8 INFO [__main__] Output: 0.4_relaxed_ortho_3_A22K_A49L_A68K_rep3.pdb
2026-02-23 12:08:00 EST ForkPoolWorker-32 INFO [__main__] Output: 0.4_relaxed_ortho_3_A68L_rep1.pdb
2026-02-23 12:08:17 EST ForkPoolWorker-28 INFO [__main__] Output: 0.4_relaxed_ortho_3_A22K_A68T_rep1.pdb
2026-02-23 12:08:24 EST ForkPoolWorker-10 INFO [__main__] Output: 0.4_relaxed_ortho_3_A68L_rep4.pdb
2026-02-23 12:08:24 EST ForkPoolWorker-7 INFO [__main__] Output: 0.4_relaxed_ortho_3_A68L_rep3.pdb
2026-02-23 12:08:27 EST ForkPoolWorker-27 INFO [__main__] Output: 0.4_relaxed_ortho_3_A22K_A49V_A68T_rep3.pdb
2026-02-23 12:08:31 EST ForkPoolWorker-48 INFO [__main__] Output: 0.4_relaxed_ortho_3_A22K_A49V_A68T_rep2.pdb
2026-02-23 12:08:40 EST ForkPoolWorker-12 INFO [__main__] Output: 0.4_relaxed_ortho_3_A22K_A68D_rep2.pdb
2026-02-23 12:08:55 EST ForkPoolWorker-6 INFO [__main__] Output: 0.4_relaxed_ortho_3_A22K_A68D_rep3.pdb
2026-02-23 12:09:04 EST ForkPoolWorker-24 INFO [__main__] Output: 0.4_relaxed_ortho_3_A22K_A68D_rep5.pdb
2026-02-23 12:09:21 EST ForkPoolWorker-5 INFO [__main__] Output: 0.4_relaxed_ortho_3_A49I_rep1.pdb
2026-02-23 13:17:19 EST ForkPoolWorker-37 INFO [__main__] Output: 0.4_relaxed_ortho_3_A22K_A49V_A68T_rep4.pdb
2026-02-23 13:17:37 EST ForkPoolWorker-41 INFO [__main__] Output: 0.4_relaxed_ortho_3_A22K_A52R_A68I_rep1.pdb
2026-02-23 13:18:53 EST ForkPoolWorker-31 INFO [__main__] Output: 0.4_relaxed_ortho_3_A22K_A52R_A68I_rep5.pdb
2026-02-23 13:18:55 EST ForkPoolWorker-15 INFO [__main__] Output: 0.4_relaxed_ortho_3_A22K_A49V_A68T_rep5.pdb
2026-02-23 13:19:24 EST ForkPoolWorker-45 INFO [__main__] Output: 0.4_relaxed_ortho_3_A31D_A68L_rep1.pdb
2026-02-23 13:20:26 EST ForkPoolWorker-13 INFO [__main__] Output: 0.4_relaxed_ortho_3_A22K_A52R_A68I_rep3.pdb
2026-02-23 13:21:00 EST ForkPoolWorker-20 INFO [__main__] Output: 0.4_relaxed_ortho_3_A22K_A68Y_rep4.pdb
2026-02-23 13:21:01 EST ForkPoolWorker-44 INFO [__main__] Output: 0.4_relaxed_ortho_3_A31D_A68L_rep2.pdb
2026-02-23 13:21:02 EST ForkPoolWorker-23 INFO [__main__] Output: 0.4_relaxed_ortho_3_A31D_A68L_rep3.pdb
2026-02-23 13:21:25 EST ForkPoolWorker-38 INFO [__main__] Output: 0.4_relaxed_ortho_3_A22K_A52R_A68I_rep4.pdb
2026-02-23 13:21:52 EST ForkPoolWorker-29 INFO [__main__] Output: 0.4_relaxed_ortho_3_A31D_A68L_rep5.pdb
2026-02-23 13:21:52 EST ForkPoolWorker-36 INFO [__main__] Output: 0.4_relaxed_ortho_3_A22K_A52R_A68I_rep2.pdb
2026-02-23 13:21:55 EST ForkPoolWorker-42 INFO [__main__] Output: 0.4_relaxed_ortho_3_A31D_A68L_rep4.pdb
2026-02-23 13:22:08 EST ForkPoolWorker-11 INFO [__main__] Output: 0.4_relaxed_ortho_3_A22K_A68Y_rep3.pdb
2026-02-23 13:22:16 EST ForkPoolWorker-16 INFO [__main__] Output: 0.4_relaxed_ortho_3_A22K_A68Y_rep2.pdb
2026-02-23 13:22:25 EST ForkPoolWorker-27 INFO [__main__] Output: 0.4_relaxed_ortho_3_A22P_A49I_A68L_rep1.pdb
2026-02-23 13:22:33 EST ForkPoolWorker-30 INFO [__main__] Output: 0.4_relaxed_ortho_3_A22K_A49I_A68T_rep3.pdb
2026-02-23 13:23:02 EST ForkPoolWorker-40 INFO [__main__] Output: 0.4_relaxed_ortho_3_A22K_A68M_rep1.pdb
2026-02-23 13:23:08 EST ForkPoolWorker-25 INFO [__main__] Output: 0.4_relaxed_ortho_3_A22K_A49I_A68T_rep5.pdb
2026-02-23 13:23:36 EST ForkPoolWorker-28 INFO [__main__] Output: 0.4_relaxed_ortho_3_A22K_A49L_A68L_rep3.pdb
2026-02-23 13:23:39 EST ForkPoolWorker-19 INFO [__main__] Output: 0.4_relaxed_ortho_3_A22K_A49I_A68T_rep1.pdb
2026-02-23 13:23:40 EST ForkPoolWorker-7 INFO [__main__] Output: 0.4_relaxed_ortho_3_A22K_A49L_A68L_rep5.pdb
2026-02-23 13:23:49 EST ForkPoolWorker-43 INFO [__main__] Output: 0.4_relaxed_ortho_3_A22K_A52T_A68Q_rep5.pdb
2026-02-23 13:23:56 EST ForkPoolWorker-14 INFO [__main__] Output: 0.4_relaxed_ortho_3_A22K_A52R_A68L_rep3.pdb
2026-02-23 13:24:04 EST ForkPoolWorker-17 INFO [__main__] Output: 0.4_relaxed_ortho_3_A22K_A68M_rep3.pdb
2026-02-23 13:24:05 EST ForkPoolWorker-21 INFO [__main__] Output: 0.4_relaxed_ortho_3_A22K_A68M_rep5.pdb
2026-02-23 13:24:20 EST ForkPoolWorker-24 INFO [__main__] Output: 0.4_relaxed_ortho_3_A22P_A49I_A68L_rep5.pdb
2026-02-23 13:24:24 EST ForkPoolWorker-46 INFO [__main__] Output: 0.4_relaxed_ortho_3_A22K_A52R_A68L_rep4.pdb
2026-02-23 13:24:26 EST ForkPoolWorker-26 INFO [__main__] Output: 0.4_relaxed_ortho_3_A22K_A52R_A68L_rep5.pdb
2026-02-23 13:24:27 EST ForkPoolWorker-10 INFO [__main__] Output: 0.4_relaxed_ortho_3_A22K_A49L_A68L_rep4.pdb
2026-02-23 13:24:30 EST ForkPoolWorker-32 INFO [__main__] Output: 0.4_relaxed_ortho_3_A22K_A49L_A68L_rep2.pdb
2026-02-23 13:24:46 EST ForkPoolWorker-3 INFO [__main__] Output: 0.4_relaxed_ortho_3_A22K_A49I_A68T_rep2.pdb
2026-02-23 13:24:56 EST ForkPoolWorker-39 INFO [__main__] Output: 0.4_relaxed_ortho_3_A22K_A68M_rep2.pdb
2026-02-23 13:24:56 EST ForkPoolWorker-2 INFO [__main__] Output: 0.4_relaxed_ortho_3_A22K_A68Y_rep1.pdb
2026-02-23 13:24:58 EST ForkPoolWorker-47 INFO [__main__] Output: 0.4_relaxed_ortho_3_A22K_A49I_A68T_rep4.pdb
2026-02-23 13:25:04 EST ForkPoolWorker-18 INFO [__main__] Output: 0.4_relaxed_ortho_3_A22K_A68M_rep4.pdb
2026-02-23 13:25:14 EST ForkPoolWorker-34 INFO [__main__] Output: 0.4_relaxed_ortho_3_A22K_A52T_A68Q_rep3.pdb
2026-02-23 13:25:25 EST ForkPoolWorker-6 INFO [__main__] Output: 0.4_relaxed_ortho_3_A22P_A49I_A68L_rep4.pdb
2026-02-23 13:25:29 EST ForkPoolWorker-22 INFO [__main__] Output: 0.4_relaxed_ortho_3_A22K_A68Y_rep5.pdb
2026-02-23 13:25:35 EST ForkPoolWorker-1 INFO [__main__] Output: 0.4_relaxed_ortho_3_A22K_A52R_A68L_rep1.pdb
2026-02-23 13:25:43 EST ForkPoolWorker-8 INFO [__main__] Output: 0.4_relaxed_ortho_3_A22K_A49L_A68L_rep1.pdb
2026-02-23 13:25:52 EST ForkPoolWorker-9 INFO [__main__] Output: 0.4_relaxed_ortho_3_A22K_A52T_A68Q_rep2.pdb
2026-02-23 13:26:01 EST ForkPoolWorker-4 INFO [__main__] Output: 0.4_relaxed_ortho_3_A22K_A52T_A68Q_rep1.pdb
2026-02-23 13:26:17 EST ForkPoolWorker-33 INFO [__main__] Output: 0.4_relaxed_ortho_3_A22K_A52T_A68Q_rep4.pdb
2026-02-23 13:26:22 EST ForkPoolWorker-35 INFO [__main__] Output: 0.4_relaxed_ortho_3_A22K_A52R_A68L_rep2.pdb
2026-02-23 13:27:14 EST ForkPoolWorker-48 INFO [__main__] Output: 0.4_relaxed_ortho_3_A22P_A49I_A68L_rep2.pdb
2026-02-23 13:28:32 EST ForkPoolWorker-12 INFO [__main__] Output: 0.4_relaxed_ortho_3_A22P_A49I_A68L_rep3.pdb
2026-02-23 13:29:55 EST ForkPoolWorker-5 INFO [__main__] Output: 0.4_relaxed_ortho_3_A22P_A68Y_rep1.pdb
2026-02-23 14:28:39 EST ForkPoolWorker-41 INFO [__main__] Output: 0.4_relaxed_ortho_3_A22P_A68Y_rep3.pdb
2026-02-23 14:29:13 EST ForkPoolWorker-37 INFO [__main__] Output: 0.4_relaxed_ortho_3_A22P_A68Y_rep2.pdb
2026-02-23 14:29:31 EST ForkPoolWorker-29 INFO [__main__] Output: 0.4_relaxed_ortho_3_A68Q_rep2.pdb
2026-02-23 14:30:30 EST ForkPoolWorker-45 INFO [__main__] Output: 0.4_relaxed_ortho_3_A22Q_A68L_rep1.pdb
2026-02-23 14:30:40 EST ForkPoolWorker-13 INFO [__main__] Output: 0.4_relaxed_ortho_3_A22Q_A68L_rep2.pdb
2026-02-23 14:30:54 EST ForkPoolWorker-23 INFO [__main__] Output: 0.4_relaxed_ortho_3_A22Q_A68L_rep5.pdb
2026-02-23 14:31:14 EST ForkPoolWorker-44 INFO [__main__] Output: 0.4_relaxed_ortho_3_A22Q_A68L_rep4.pdb
2026-02-23 14:31:15 EST ForkPoolWorker-15 INFO [__main__] Output: 0.4_relaxed_ortho_3_A22P_A68Y_rep5.pdb
2026-02-23 14:31:57 EST ForkPoolWorker-20 INFO [__main__] Output: 0.4_relaxed_ortho_3_A22Q_A68L_rep3.pdb
2026-02-23 14:32:10 EST ForkPoolWorker-31 INFO [__main__] Output: 0.4_relaxed_ortho_3_A22P_A68Y_rep4.pdb
2026-02-23 14:32:25 EST ForkPoolWorker-36 INFO [__main__] Output: 0.4_relaxed_ortho_3_A68Q_rep3.pdb
2026-02-23 14:32:45 EST ForkPoolWorker-42 INFO [__main__] Output: 0.4_relaxed_ortho_3_A68Q_rep4.pdb
2026-02-23 14:32:57 EST ForkPoolWorker-30 INFO [__main__] Output: 0.4_relaxed_ortho_3_A49L_A68L_rep3.pdb
2026-02-23 14:33:10 EST ForkPoolWorker-25 INFO [__main__] Output: 0.4_relaxed_ortho_3_A49L_A68L_rep5.pdb
2026-02-23 14:33:29 EST ForkPoolWorker-38 INFO [__main__] Output: 0.4_relaxed_ortho_3_A68Q_rep1.pdb
2026-02-23 14:33:44 EST ForkPoolWorker-27 INFO [__main__] Output: 0.4_relaxed_ortho_3_A49L_A68L_rep2.pdb
2026-02-23 14:33:54 EST ForkPoolWorker-40 INFO [__main__] Output: 0.4_relaxed_ortho_3_A49L_A68L_rep4.pdb
2026-02-23 14:34:08 EST ForkPoolWorker-16 INFO [__main__] Output: 0.4_relaxed_ortho_3_A49L_A68L_rep1.pdb
2026-02-23 14:34:22 EST ForkPoolWorker-11 INFO [__main__] Output: 0.4_relaxed_ortho_3_A68Q_rep5.pdb
2026-02-23 14:34:23 EST MainProcess INFO [__main__] Script execution completed
