Using existing logs directory.
2026-02-26 17:06:05 EST MainProcess INFO [numexpr.utils] Note: NumExpr detected 48 cores but "NUMEXPR_MAX_THREADS" not set, so enforcing safe limit of 8.
2026-02-26 17:06:05 EST MainProcess INFO [numexpr.utils] NumExpr defaulting to 8 threads.
[DEBUG] Parsed R73M -> [('A 73', 'M')]
[DEBUG] Parsed R73T -> [('A 73', 'T')]
[DEBUG] Parsed R27K, R73L -> [('A 27', 'K'), ('A 73', 'L')]
[DEBUG] Parsed R27P, N54L, R73L -> [('A 27', 'P'), ('B 54', 'L'), ('A 73', 'L')]
[DEBUG] Parsed R27K, R73D -> [('A 27', 'K'), ('A 73', 'D')]
[DEBUG] Parsed R27K, R73T -> [('A 27', 'K'), ('A 73', 'T')]
[DEBUG] Parsed R73L -> [('A 73', 'L')]
[DEBUG] Parsed N54I -> [('B 54', 'I')]
[DEBUG] Parsed R27K, N54L, R73K -> [('A 27', 'K'), ('B 54', 'L'), ('A 73', 'K')]
[DEBUG] Parsed R27K, N54V, R73T -> [('A 27', 'K'), ('B 54', 'V'), ('A 73', 'T')]
[DEBUG] Parsed N36D, R73L -> [('A 36', 'D'), ('A 73', 'L')]
[DEBUG] Parsed R27K, N57R, R73I -> [('A 27', 'K'), ('B 57', 'R'), ('A 73', 'I')]
[DEBUG] Parsed R27K, R73Y -> [('A 27', 'K'), ('A 73', 'Y')]
[DEBUG] Parsed R27K, N54I, R73T -> [('A 27', 'K'), ('B 54', 'I'), ('A 73', 'T')]
[DEBUG] Parsed R27K, N57T, R73Q -> [('A 27', 'K'), ('B 57', 'T'), ('A 73', 'Q')]
[DEBUG] Parsed R27K, R73M -> [('A 27', 'K'), ('A 73', 'M')]
[DEBUG] Parsed R27K, N57R, R73L -> [('A 27', 'K'), ('B 57', 'R'), ('A 73', 'L')]
[DEBUG] Parsed R27K, N54L, R73L -> [('A 27', 'K'), ('B 54', 'L'), ('A 73', 'L')]
[DEBUG] Parsed R27P, N54I, R73L -> [('A 27', 'P'), ('B 54', 'I'), ('A 73', 'L')]
[DEBUG] Parsed R27P, R73Y -> [('A 27', 'P'), ('A 73', 'Y')]
[DEBUG] Parsed R27Q, R73L -> [('A 27', 'Q'), ('A 73', 'L')]
[DEBUG] Parsed R73Q -> [('A 73', 'Q')]
[DEBUG] Parsed N54L, R73L -> [('B 54', 'L'), ('A 73', 'L')]
[DEBUG] Creating jobs for bundle: [('A 73', 'M')]
[DEBUG] Output file: /scratch4/jgray21/zhuggan1/projects/orthosystems/tryingggg/pos_neg_design/OrthoMPNN/Rosetta/output_pdbs/pmpnn_ortho/neg0.4/0.4_relaxed_ortho_3_A73M_rep1.pdb
[DEBUG] Output file: /scratch4/jgray21/zhuggan1/projects/orthosystems/tryingggg/pos_neg_design/OrthoMPNN/Rosetta/output_pdbs/pmpnn_ortho/neg0.4/0.4_relaxed_ortho_3_A73M_rep2.pdb
[DEBUG] Output file: /scratch4/jgray21/zhuggan1/projects/orthosystems/tryingggg/pos_neg_design/OrthoMPNN/Rosetta/output_pdbs/pmpnn_ortho/neg0.4/0.4_relaxed_ortho_3_A73M_rep3.pdb
[DEBUG] Output file: /scratch4/jgray21/zhuggan1/projects/orthosystems/tryingggg/pos_neg_design/OrthoMPNN/Rosetta/output_pdbs/pmpnn_ortho/neg0.4/0.4_relaxed_ortho_3_A73M_rep4.pdb
[DEBUG] Output file: /scratch4/jgray21/zhuggan1/projects/orthosystems/tryingggg/pos_neg_design/OrthoMPNN/Rosetta/output_pdbs/pmpnn_ortho/neg0.4/0.4_relaxed_ortho_3_A73M_rep5.pdb
[DEBUG] Creating jobs for bundle: [('A 73', 'T')]
[DEBUG] Output file: /scratch4/jgray21/zhuggan1/projects/orthosystems/tryingggg/pos_neg_design/OrthoMPNN/Rosetta/output_pdbs/pmpnn_ortho/neg0.4/0.4_relaxed_ortho_3_A73T_rep1.pdb
[DEBUG] Output file: /scratch4/jgray21/zhuggan1/projects/orthosystems/tryingggg/pos_neg_design/OrthoMPNN/Rosetta/output_pdbs/pmpnn_ortho/neg0.4/0.4_relaxed_ortho_3_A73T_rep2.pdb
[DEBUG] Output file: /scratch4/jgray21/zhuggan1/projects/orthosystems/tryingggg/pos_neg_design/OrthoMPNN/Rosetta/output_pdbs/pmpnn_ortho/neg0.4/0.4_relaxed_ortho_3_A73T_rep3.pdb
[DEBUG] Output file: /scratch4/jgray21/zhuggan1/projects/orthosystems/tryingggg/pos_neg_design/OrthoMPNN/Rosetta/output_pdbs/pmpnn_ortho/neg0.4/0.4_relaxed_ortho_3_A73T_rep4.pdb
[DEBUG] Output file: /scratch4/jgray21/zhuggan1/projects/orthosystems/tryingggg/pos_neg_design/OrthoMPNN/Rosetta/output_pdbs/pmpnn_ortho/neg0.4/0.4_relaxed_ortho_3_A73T_rep5.pdb
[DEBUG] Creating jobs for bundle: [('A 27', 'K'), ('A 73', 'L')]
[DEBUG] Output file: /scratch4/jgray21/zhuggan1/projects/orthosystems/tryingggg/pos_neg_design/OrthoMPNN/Rosetta/output_pdbs/pmpnn_ortho/neg0.4/0.4_relaxed_ortho_3_A27K_A73L_rep1.pdb
[DEBUG] Output file: /scratch4/jgray21/zhuggan1/projects/orthosystems/tryingggg/pos_neg_design/OrthoMPNN/Rosetta/output_pdbs/pmpnn_ortho/neg0.4/0.4_relaxed_ortho_3_A27K_A73L_rep2.pdb
[DEBUG] Output file: /scratch4/jgray21/zhuggan1/projects/orthosystems/tryingggg/pos_neg_design/OrthoMPNN/Rosetta/output_pdbs/pmpnn_ortho/neg0.4/0.4_relaxed_ortho_3_A27K_A73L_rep3.pdb
[DEBUG] Output file: /scratch4/jgray21/zhuggan1/projects/orthosystems/tryingggg/pos_neg_design/OrthoMPNN/Rosetta/output_pdbs/pmpnn_ortho/neg0.4/0.4_relaxed_ortho_3_A27K_A73L_rep4.pdb
[DEBUG] Output file: /scratch4/jgray21/zhuggan1/projects/orthosystems/tryingggg/pos_neg_design/OrthoMPNN/Rosetta/output_pdbs/pmpnn_ortho/neg0.4/0.4_relaxed_ortho_3_A27K_A73L_rep5.pdb
[DEBUG] Creating jobs for bundle: [('A 27', 'P'), ('B 54', 'L'), ('A 73', 'L')]
[DEBUG] Output file: /scratch4/jgray21/zhuggan1/projects/orthosystems/tryingggg/pos_neg_design/OrthoMPNN/Rosetta/output_pdbs/pmpnn_ortho/neg0.4/0.4_relaxed_ortho_3_A27P_B54L_A73L_rep1.pdb
[DEBUG] Output file: /scratch4/jgray21/zhuggan1/projects/orthosystems/tryingggg/pos_neg_design/OrthoMPNN/Rosetta/output_pdbs/pmpnn_ortho/neg0.4/0.4_relaxed_ortho_3_A27P_B54L_A73L_rep2.pdb
[DEBUG] Output file: /scratch4/jgray21/zhuggan1/projects/orthosystems/tryingggg/pos_neg_design/OrthoMPNN/Rosetta/output_pdbs/pmpnn_ortho/neg0.4/0.4_relaxed_ortho_3_A27P_B54L_A73L_rep3.pdb
[DEBUG] Output file: /scratch4/jgray21/zhuggan1/projects/orthosystems/tryingggg/pos_neg_design/OrthoMPNN/Rosetta/output_pdbs/pmpnn_ortho/neg0.4/0.4_relaxed_ortho_3_A27P_B54L_A73L_rep4.pdb
[DEBUG] Output file: /scratch4/jgray21/zhuggan1/projects/orthosystems/tryingggg/pos_neg_design/OrthoMPNN/Rosetta/output_pdbs/pmpnn_ortho/neg0.4/0.4_relaxed_ortho_3_A27P_B54L_A73L_rep5.pdb
[DEBUG] Creating jobs for bundle: [('A 27', 'K'), ('A 73', 'D')]
[DEBUG] Output file: /scratch4/jgray21/zhuggan1/projects/orthosystems/tryingggg/pos_neg_design/OrthoMPNN/Rosetta/output_pdbs/pmpnn_ortho/neg0.4/0.4_relaxed_ortho_3_A27K_A73D_rep1.pdb
[DEBUG] Output file: /scratch4/jgray21/zhuggan1/projects/orthosystems/tryingggg/pos_neg_design/OrthoMPNN/Rosetta/output_pdbs/pmpnn_ortho/neg0.4/0.4_relaxed_ortho_3_A27K_A73D_rep2.pdb
[DEBUG] Output file: /scratch4/jgray21/zhuggan1/projects/orthosystems/tryingggg/pos_neg_design/OrthoMPNN/Rosetta/output_pdbs/pmpnn_ortho/neg0.4/0.4_relaxed_ortho_3_A27K_A73D_rep3.pdb
[DEBUG] Output file: /scratch4/jgray21/zhuggan1/projects/orthosystems/tryingggg/pos_neg_design/OrthoMPNN/Rosetta/output_pdbs/pmpnn_ortho/neg0.4/0.4_relaxed_ortho_3_A27K_A73D_rep4.pdb
[DEBUG] Output file: /scratch4/jgray21/zhuggan1/projects/orthosystems/tryingggg/pos_neg_design/OrthoMPNN/Rosetta/output_pdbs/pmpnn_ortho/neg0.4/0.4_relaxed_ortho_3_A27K_A73D_rep5.pdb
[DEBUG] Creating jobs for bundle: [('A 27', 'K'), ('A 73', 'T')]
[DEBUG] Output file: /scratch4/jgray21/zhuggan1/projects/orthosystems/tryingggg/pos_neg_design/OrthoMPNN/Rosetta/output_pdbs/pmpnn_ortho/neg0.4/0.4_relaxed_ortho_3_A27K_A73T_rep1.pdb
[DEBUG] Output file: /scratch4/jgray21/zhuggan1/projects/orthosystems/tryingggg/pos_neg_design/OrthoMPNN/Rosetta/output_pdbs/pmpnn_ortho/neg0.4/0.4_relaxed_ortho_3_A27K_A73T_rep2.pdb
[DEBUG] Output file: /scratch4/jgray21/zhuggan1/projects/orthosystems/tryingggg/pos_neg_design/OrthoMPNN/Rosetta/output_pdbs/pmpnn_ortho/neg0.4/0.4_relaxed_ortho_3_A27K_A73T_rep3.pdb
[DEBUG] Output file: /scratch4/jgray21/zhuggan1/projects/orthosystems/tryingggg/pos_neg_design/OrthoMPNN/Rosetta/output_pdbs/pmpnn_ortho/neg0.4/0.4_relaxed_ortho_3_A27K_A73T_rep4.pdb
[DEBUG] Output file: /scratch4/jgray21/zhuggan1/projects/orthosystems/tryingggg/pos_neg_design/OrthoMPNN/Rosetta/output_pdbs/pmpnn_ortho/neg0.4/0.4_relaxed_ortho_3_A27K_A73T_rep5.pdb
[DEBUG] Creating jobs for bundle: [('A 73', 'L')]
[DEBUG] Output file: /scratch4/jgray21/zhuggan1/projects/orthosystems/tryingggg/pos_neg_design/OrthoMPNN/Rosetta/output_pdbs/pmpnn_ortho/neg0.4/0.4_relaxed_ortho_3_A73L_rep1.pdb
[DEBUG] Output file: /scratch4/jgray21/zhuggan1/projects/orthosystems/tryingggg/pos_neg_design/OrthoMPNN/Rosetta/output_pdbs/pmpnn_ortho/neg0.4/0.4_relaxed_ortho_3_A73L_rep2.pdb
[DEBUG] Output file: /scratch4/jgray21/zhuggan1/projects/orthosystems/tryingggg/pos_neg_design/OrthoMPNN/Rosetta/output_pdbs/pmpnn_ortho/neg0.4/0.4_relaxed_ortho_3_A73L_rep3.pdb
[DEBUG] Output file: /scratch4/jgray21/zhuggan1/projects/orthosystems/tryingggg/pos_neg_design/OrthoMPNN/Rosetta/output_pdbs/pmpnn_ortho/neg0.4/0.4_relaxed_ortho_3_A73L_rep4.pdb
[DEBUG] Output file: /scratch4/jgray21/zhuggan1/projects/orthosystems/tryingggg/pos_neg_design/OrthoMPNN/Rosetta/output_pdbs/pmpnn_ortho/neg0.4/0.4_relaxed_ortho_3_A73L_rep5.pdb
[DEBUG] Creating jobs for bundle: [('B 54', 'I')]
[DEBUG] Output file: /scratch4/jgray21/zhuggan1/projects/orthosystems/tryingggg/pos_neg_design/OrthoMPNN/Rosetta/output_pdbs/pmpnn_ortho/neg0.4/0.4_relaxed_ortho_3_B54I_rep1.pdb
[DEBUG] Output file: /scratch4/jgray21/zhuggan1/projects/orthosystems/tryingggg/pos_neg_design/OrthoMPNN/Rosetta/output_pdbs/pmpnn_ortho/neg0.4/0.4_relaxed_ortho_3_B54I_rep2.pdb
[DEBUG] Output file: /scratch4/jgray21/zhuggan1/projects/orthosystems/tryingggg/pos_neg_design/OrthoMPNN/Rosetta/output_pdbs/pmpnn_ortho/neg0.4/0.4_relaxed_ortho_3_B54I_rep3.pdb
[DEBUG] Output file: /scratch4/jgray21/zhuggan1/projects/orthosystems/tryingggg/pos_neg_design/OrthoMPNN/Rosetta/output_pdbs/pmpnn_ortho/neg0.4/0.4_relaxed_ortho_3_B54I_rep4.pdb
[DEBUG] Output file: /scratch4/jgray21/zhuggan1/projects/orthosystems/tryingggg/pos_neg_design/OrthoMPNN/Rosetta/output_pdbs/pmpnn_ortho/neg0.4/0.4_relaxed_ortho_3_B54I_rep5.pdb
[DEBUG] Creating jobs for bundle: [('A 27', 'K'), ('B 54', 'L'), ('A 73', 'K')]
[DEBUG] Output file: /scratch4/jgray21/zhuggan1/projects/orthosystems/tryingggg/pos_neg_design/OrthoMPNN/Rosetta/output_pdbs/pmpnn_ortho/neg0.4/0.4_relaxed_ortho_3_A27K_B54L_A73K_rep1.pdb
[DEBUG] Output file: /scratch4/jgray21/zhuggan1/projects/orthosystems/tryingggg/pos_neg_design/OrthoMPNN/Rosetta/output_pdbs/pmpnn_ortho/neg0.4/0.4_relaxed_ortho_3_A27K_B54L_A73K_rep2.pdb
[DEBUG] Output file: /scratch4/jgray21/zhuggan1/projects/orthosystems/tryingggg/pos_neg_design/OrthoMPNN/Rosetta/output_pdbs/pmpnn_ortho/neg0.4/0.4_relaxed_ortho_3_A27K_B54L_A73K_rep3.pdb
[DEBUG] Output file: /scratch4/jgray21/zhuggan1/projects/orthosystems/tryingggg/pos_neg_design/OrthoMPNN/Rosetta/output_pdbs/pmpnn_ortho/neg0.4/0.4_relaxed_ortho_3_A27K_B54L_A73K_rep4.pdb
[DEBUG] Output file: /scratch4/jgray21/zhuggan1/projects/orthosystems/tryingggg/pos_neg_design/OrthoMPNN/Rosetta/output_pdbs/pmpnn_ortho/neg0.4/0.4_relaxed_ortho_3_A27K_B54L_A73K_rep5.pdb
[DEBUG] Creating jobs for bundle: [('A 27', 'K'), ('B 54', 'V'), ('A 73', 'T')]
[DEBUG] Output file: /scratch4/jgray21/zhuggan1/projects/orthosystems/tryingggg/pos_neg_design/OrthoMPNN/Rosetta/output_pdbs/pmpnn_ortho/neg0.4/0.4_relaxed_ortho_3_A27K_B54V_A73T_rep1.pdb
[DEBUG] Output file: /scratch4/jgray21/zhuggan1/projects/orthosystems/tryingggg/pos_neg_design/OrthoMPNN/Rosetta/output_pdbs/pmpnn_ortho/neg0.4/0.4_relaxed_ortho_3_A27K_B54V_A73T_rep2.pdb
[DEBUG] Output file: /scratch4/jgray21/zhuggan1/projects/orthosystems/tryingggg/pos_neg_design/OrthoMPNN/Rosetta/output_pdbs/pmpnn_ortho/neg0.4/0.4_relaxed_ortho_3_A27K_B54V_A73T_rep3.pdb
[DEBUG] Output file: /scratch4/jgray21/zhuggan1/projects/orthosystems/tryingggg/pos_neg_design/OrthoMPNN/Rosetta/output_pdbs/pmpnn_ortho/neg0.4/0.4_relaxed_ortho_3_A27K_B54V_A73T_rep4.pdb
[DEBUG] Output file: /scratch4/jgray21/zhuggan1/projects/orthosystems/tryingggg/pos_neg_design/OrthoMPNN/Rosetta/output_pdbs/pmpnn_ortho/neg0.4/0.4_relaxed_ortho_3_A27K_B54V_A73T_rep5.pdb
[DEBUG] Creating jobs for bundle: [('A 36', 'D'), ('A 73', 'L')]
[DEBUG] Output file: /scratch4/jgray21/zhuggan1/projects/orthosystems/tryingggg/pos_neg_design/OrthoMPNN/Rosetta/output_pdbs/pmpnn_ortho/neg0.4/0.4_relaxed_ortho_3_A36D_A73L_rep1.pdb
[DEBUG] Output file: /scratch4/jgray21/zhuggan1/projects/orthosystems/tryingggg/pos_neg_design/OrthoMPNN/Rosetta/output_pdbs/pmpnn_ortho/neg0.4/0.4_relaxed_ortho_3_A36D_A73L_rep2.pdb
[DEBUG] Output file: /scratch4/jgray21/zhuggan1/projects/orthosystems/tryingggg/pos_neg_design/OrthoMPNN/Rosetta/output_pdbs/pmpnn_ortho/neg0.4/0.4_relaxed_ortho_3_A36D_A73L_rep3.pdb
[DEBUG] Output file: /scratch4/jgray21/zhuggan1/projects/orthosystems/tryingggg/pos_neg_design/OrthoMPNN/Rosetta/output_pdbs/pmpnn_ortho/neg0.4/0.4_relaxed_ortho_3_A36D_A73L_rep4.pdb
[DEBUG] Output file: /scratch4/jgray21/zhuggan1/projects/orthosystems/tryingggg/pos_neg_design/OrthoMPNN/Rosetta/output_pdbs/pmpnn_ortho/neg0.4/0.4_relaxed_ortho_3_A36D_A73L_rep5.pdb
[DEBUG] Creating jobs for bundle: [('A 27', 'K'), ('B 57', 'R'), ('A 73', 'I')]
[DEBUG] Output file: /scratch4/jgray21/zhuggan1/projects/orthosystems/tryingggg/pos_neg_design/OrthoMPNN/Rosetta/output_pdbs/pmpnn_ortho/neg0.4/0.4_relaxed_ortho_3_A27K_B57R_A73I_rep1.pdb
[DEBUG] Output file: /scratch4/jgray21/zhuggan1/projects/orthosystems/tryingggg/pos_neg_design/OrthoMPNN/Rosetta/output_pdbs/pmpnn_ortho/neg0.4/0.4_relaxed_ortho_3_A27K_B57R_A73I_rep2.pdb
[DEBUG] Output file: /scratch4/jgray21/zhuggan1/projects/orthosystems/tryingggg/pos_neg_design/OrthoMPNN/Rosetta/output_pdbs/pmpnn_ortho/neg0.4/0.4_relaxed_ortho_3_A27K_B57R_A73I_rep3.pdb
[DEBUG] Output file: /scratch4/jgray21/zhuggan1/projects/orthosystems/tryingggg/pos_neg_design/OrthoMPNN/Rosetta/output_pdbs/pmpnn_ortho/neg0.4/0.4_relaxed_ortho_3_A27K_B57R_A73I_rep4.pdb
[DEBUG] Output file: /scratch4/jgray21/zhuggan1/projects/orthosystems/tryingggg/pos_neg_design/OrthoMPNN/Rosetta/output_pdbs/pmpnn_ortho/neg0.4/0.4_relaxed_ortho_3_A27K_B57R_A73I_rep5.pdb
[DEBUG] Creating jobs for bundle: [('A 27', 'K'), ('A 73', 'Y')]
[DEBUG] Output file: /scratch4/jgray21/zhuggan1/projects/orthosystems/tryingggg/pos_neg_design/OrthoMPNN/Rosetta/output_pdbs/pmpnn_ortho/neg0.4/0.4_relaxed_ortho_3_A27K_A73Y_rep1.pdb
[DEBUG] Output file: /scratch4/jgray21/zhuggan1/projects/orthosystems/tryingggg/pos_neg_design/OrthoMPNN/Rosetta/output_pdbs/pmpnn_ortho/neg0.4/0.4_relaxed_ortho_3_A27K_A73Y_rep2.pdb
[DEBUG] Output file: /scratch4/jgray21/zhuggan1/projects/orthosystems/tryingggg/pos_neg_design/OrthoMPNN/Rosetta/output_pdbs/pmpnn_ortho/neg0.4/0.4_relaxed_ortho_3_A27K_A73Y_rep3.pdb
[DEBUG] Output file: /scratch4/jgray21/zhuggan1/projects/orthosystems/tryingggg/pos_neg_design/OrthoMPNN/Rosetta/output_pdbs/pmpnn_ortho/neg0.4/0.4_relaxed_ortho_3_A27K_A73Y_rep4.pdb
[DEBUG] Output file: /scratch4/jgray21/zhuggan1/projects/orthosystems/tryingggg/pos_neg_design/OrthoMPNN/Rosetta/output_pdbs/pmpnn_ortho/neg0.4/0.4_relaxed_ortho_3_A27K_A73Y_rep5.pdb
[DEBUG] Creating jobs for bundle: [('A 27', 'K'), ('B 54', 'I'), ('A 73', 'T')]
[DEBUG] Output file: /scratch4/jgray21/zhuggan1/projects/orthosystems/tryingggg/pos_neg_design/OrthoMPNN/Rosetta/output_pdbs/pmpnn_ortho/neg0.4/0.4_relaxed_ortho_3_A27K_B54I_A73T_rep1.pdb
[DEBUG] Output file: /scratch4/jgray21/zhuggan1/projects/orthosystems/tryingggg/pos_neg_design/OrthoMPNN/Rosetta/output_pdbs/pmpnn_ortho/neg0.4/0.4_relaxed_ortho_3_A27K_B54I_A73T_rep2.pdb
[DEBUG] Output file: /scratch4/jgray21/zhuggan1/projects/orthosystems/tryingggg/pos_neg_design/OrthoMPNN/Rosetta/output_pdbs/pmpnn_ortho/neg0.4/0.4_relaxed_ortho_3_A27K_B54I_A73T_rep3.pdb
[DEBUG] Output file: /scratch4/jgray21/zhuggan1/projects/orthosystems/tryingggg/pos_neg_design/OrthoMPNN/Rosetta/output_pdbs/pmpnn_ortho/neg0.4/0.4_relaxed_ortho_3_A27K_B54I_A73T_rep4.pdb
[DEBUG] Output file: /scratch4/jgray21/zhuggan1/projects/orthosystems/tryingggg/pos_neg_design/OrthoMPNN/Rosetta/output_pdbs/pmpnn_ortho/neg0.4/0.4_relaxed_ortho_3_A27K_B54I_A73T_rep5.pdb
[DEBUG] Creating jobs for bundle: [('A 27', 'K'), ('B 57', 'T'), ('A 73', 'Q')]
[DEBUG] Output file: /scratch4/jgray21/zhuggan1/projects/orthosystems/tryingggg/pos_neg_design/OrthoMPNN/Rosetta/output_pdbs/pmpnn_ortho/neg0.4/0.4_relaxed_ortho_3_A27K_B57T_A73Q_rep1.pdb
[DEBUG] Output file: /scratch4/jgray21/zhuggan1/projects/orthosystems/tryingggg/pos_neg_design/OrthoMPNN/Rosetta/output_pdbs/pmpnn_ortho/neg0.4/0.4_relaxed_ortho_3_A27K_B57T_A73Q_rep2.pdb
[DEBUG] Output file: /scratch4/jgray21/zhuggan1/projects/orthosystems/tryingggg/pos_neg_design/OrthoMPNN/Rosetta/output_pdbs/pmpnn_ortho/neg0.4/0.4_relaxed_ortho_3_A27K_B57T_A73Q_rep3.pdb
[DEBUG] Output file: /scratch4/jgray21/zhuggan1/projects/orthosystems/tryingggg/pos_neg_design/OrthoMPNN/Rosetta/output_pdbs/pmpnn_ortho/neg0.4/0.4_relaxed_ortho_3_A27K_B57T_A73Q_rep4.pdb
[DEBUG] Output file: /scratch4/jgray21/zhuggan1/projects/orthosystems/tryingggg/pos_neg_design/OrthoMPNN/Rosetta/output_pdbs/pmpnn_ortho/neg0.4/0.4_relaxed_ortho_3_A27K_B57T_A73Q_rep5.pdb
[DEBUG] Creating jobs for bundle: [('A 27', 'K'), ('A 73', 'M')]
[DEBUG] Output file: /scratch4/jgray21/zhuggan1/projects/orthosystems/tryingggg/pos_neg_design/OrthoMPNN/Rosetta/output_pdbs/pmpnn_ortho/neg0.4/0.4_relaxed_ortho_3_A27K_A73M_rep1.pdb
[DEBUG] Output file: /scratch4/jgray21/zhuggan1/projects/orthosystems/tryingggg/pos_neg_design/OrthoMPNN/Rosetta/output_pdbs/pmpnn_ortho/neg0.4/0.4_relaxed_ortho_3_A27K_A73M_rep2.pdb
[DEBUG] Output file: /scratch4/jgray21/zhuggan1/projects/orthosystems/tryingggg/pos_neg_design/OrthoMPNN/Rosetta/output_pdbs/pmpnn_ortho/neg0.4/0.4_relaxed_ortho_3_A27K_A73M_rep3.pdb
[DEBUG] Output file: /scratch4/jgray21/zhuggan1/projects/orthosystems/tryingggg/pos_neg_design/OrthoMPNN/Rosetta/output_pdbs/pmpnn_ortho/neg0.4/0.4_relaxed_ortho_3_A27K_A73M_rep4.pdb
[DEBUG] Output file: /scratch4/jgray21/zhuggan1/projects/orthosystems/tryingggg/pos_neg_design/OrthoMPNN/Rosetta/output_pdbs/pmpnn_ortho/neg0.4/0.4_relaxed_ortho_3_A27K_A73M_rep5.pdb
[DEBUG] Creating jobs for bundle: [('A 27', 'K'), ('B 57', 'R'), ('A 73', 'L')]
[DEBUG] Output file: /scratch4/jgray21/zhuggan1/projects/orthosystems/tryingggg/pos_neg_design/OrthoMPNN/Rosetta/output_pdbs/pmpnn_ortho/neg0.4/0.4_relaxed_ortho_3_A27K_B57R_A73L_rep1.pdb
[DEBUG] Output file: /scratch4/jgray21/zhuggan1/projects/orthosystems/tryingggg/pos_neg_design/OrthoMPNN/Rosetta/output_pdbs/pmpnn_ortho/neg0.4/0.4_relaxed_ortho_3_A27K_B57R_A73L_rep2.pdb
[DEBUG] Output file: /scratch4/jgray21/zhuggan1/projects/orthosystems/tryingggg/pos_neg_design/OrthoMPNN/Rosetta/output_pdbs/pmpnn_ortho/neg0.4/0.4_relaxed_ortho_3_A27K_B57R_A73L_rep3.pdb
[DEBUG] Output file: /scratch4/jgray21/zhuggan1/projects/orthosystems/tryingggg/pos_neg_design/OrthoMPNN/Rosetta/output_pdbs/pmpnn_ortho/neg0.4/0.4_relaxed_ortho_3_A27K_B57R_A73L_rep4.pdb
[DEBUG] Output file: /scratch4/jgray21/zhuggan1/projects/orthosystems/tryingggg/pos_neg_design/OrthoMPNN/Rosetta/output_pdbs/pmpnn_ortho/neg0.4/0.4_relaxed_ortho_3_A27K_B57R_A73L_rep5.pdb
[DEBUG] Creating jobs for bundle: [('A 27', 'K'), ('B 54', 'L'), ('A 73', 'L')]
[DEBUG] Output file: /scratch4/jgray21/zhuggan1/projects/orthosystems/tryingggg/pos_neg_design/OrthoMPNN/Rosetta/output_pdbs/pmpnn_ortho/neg0.4/0.4_relaxed_ortho_3_A27K_B54L_A73L_rep1.pdb
[DEBUG] Output file: /scratch4/jgray21/zhuggan1/projects/orthosystems/tryingggg/pos_neg_design/OrthoMPNN/Rosetta/output_pdbs/pmpnn_ortho/neg0.4/0.4_relaxed_ortho_3_A27K_B54L_A73L_rep2.pdb
[DEBUG] Output file: /scratch4/jgray21/zhuggan1/projects/orthosystems/tryingggg/pos_neg_design/OrthoMPNN/Rosetta/output_pdbs/pmpnn_ortho/neg0.4/0.4_relaxed_ortho_3_A27K_B54L_A73L_rep3.pdb
[DEBUG] Output file: /scratch4/jgray21/zhuggan1/projects/orthosystems/tryingggg/pos_neg_design/OrthoMPNN/Rosetta/output_pdbs/pmpnn_ortho/neg0.4/0.4_relaxed_ortho_3_A27K_B54L_A73L_rep4.pdb
[DEBUG] Output file: /scratch4/jgray21/zhuggan1/projects/orthosystems/tryingggg/pos_neg_design/OrthoMPNN/Rosetta/output_pdbs/pmpnn_ortho/neg0.4/0.4_relaxed_ortho_3_A27K_B54L_A73L_rep5.pdb
[DEBUG] Creating jobs for bundle: [('A 27', 'P'), ('B 54', 'I'), ('A 73', 'L')]
[DEBUG] Output file: /scratch4/jgray21/zhuggan1/projects/orthosystems/tryingggg/pos_neg_design/OrthoMPNN/Rosetta/output_pdbs/pmpnn_ortho/neg0.4/0.4_relaxed_ortho_3_A27P_B54I_A73L_rep1.pdb
[DEBUG] Output file: /scratch4/jgray21/zhuggan1/projects/orthosystems/tryingggg/pos_neg_design/OrthoMPNN/Rosetta/output_pdbs/pmpnn_ortho/neg0.4/0.4_relaxed_ortho_3_A27P_B54I_A73L_rep2.pdb
[DEBUG] Output file: /scratch4/jgray21/zhuggan1/projects/orthosystems/tryingggg/pos_neg_design/OrthoMPNN/Rosetta/output_pdbs/pmpnn_ortho/neg0.4/0.4_relaxed_ortho_3_A27P_B54I_A73L_rep3.pdb
[DEBUG] Output file: /scratch4/jgray21/zhuggan1/projects/orthosystems/tryingggg/pos_neg_design/OrthoMPNN/Rosetta/output_pdbs/pmpnn_ortho/neg0.4/0.4_relaxed_ortho_3_A27P_B54I_A73L_rep4.pdb
[DEBUG] Output file: /scratch4/jgray21/zhuggan1/projects/orthosystems/tryingggg/pos_neg_design/OrthoMPNN/Rosetta/output_pdbs/pmpnn_ortho/neg0.4/0.4_relaxed_ortho_3_A27P_B54I_A73L_rep5.pdb
[DEBUG] Creating jobs for bundle: [('A 27', 'P'), ('A 73', 'Y')]
[DEBUG] Output file: /scratch4/jgray21/zhuggan1/projects/orthosystems/tryingggg/pos_neg_design/OrthoMPNN/Rosetta/output_pdbs/pmpnn_ortho/neg0.4/0.4_relaxed_ortho_3_A27P_A73Y_rep1.pdb
[DEBUG] Output file: /scratch4/jgray21/zhuggan1/projects/orthosystems/tryingggg/pos_neg_design/OrthoMPNN/Rosetta/output_pdbs/pmpnn_ortho/neg0.4/0.4_relaxed_ortho_3_A27P_A73Y_rep2.pdb
[DEBUG] Output file: /scratch4/jgray21/zhuggan1/projects/orthosystems/tryingggg/pos_neg_design/OrthoMPNN/Rosetta/output_pdbs/pmpnn_ortho/neg0.4/0.4_relaxed_ortho_3_A27P_A73Y_rep3.pdb
[DEBUG] Output file: /scratch4/jgray21/zhuggan1/projects/orthosystems/tryingggg/pos_neg_design/OrthoMPNN/Rosetta/output_pdbs/pmpnn_ortho/neg0.4/0.4_relaxed_ortho_3_A27P_A73Y_rep4.pdb
[DEBUG] Output file: /scratch4/jgray21/zhuggan1/projects/orthosystems/tryingggg/pos_neg_design/OrthoMPNN/Rosetta/output_pdbs/pmpnn_ortho/neg0.4/0.4_relaxed_ortho_3_A27P_A73Y_rep5.pdb
[DEBUG] Creating jobs for bundle: [('A 27', 'Q'), ('A 73', 'L')]
[DEBUG] Output file: /scratch4/jgray21/zhuggan1/projects/orthosystems/tryingggg/pos_neg_design/OrthoMPNN/Rosetta/output_pdbs/pmpnn_ortho/neg0.4/0.4_relaxed_ortho_3_A27Q_A73L_rep1.pdb
[DEBUG] Output file: /scratch4/jgray21/zhuggan1/projects/orthosystems/tryingggg/pos_neg_design/OrthoMPNN/Rosetta/output_pdbs/pmpnn_ortho/neg0.4/0.4_relaxed_ortho_3_A27Q_A73L_rep2.pdb
[DEBUG] Output file: /scratch4/jgray21/zhuggan1/projects/orthosystems/tryingggg/pos_neg_design/OrthoMPNN/Rosetta/output_pdbs/pmpnn_ortho/neg0.4/0.4_relaxed_ortho_3_A27Q_A73L_rep3.pdb
[DEBUG] Output file: /scratch4/jgray21/zhuggan1/projects/orthosystems/tryingggg/pos_neg_design/OrthoMPNN/Rosetta/output_pdbs/pmpnn_ortho/neg0.4/0.4_relaxed_ortho_3_A27Q_A73L_rep4.pdb
[DEBUG] Output file: /scratch4/jgray21/zhuggan1/projects/orthosystems/tryingggg/pos_neg_design/OrthoMPNN/Rosetta/output_pdbs/pmpnn_ortho/neg0.4/0.4_relaxed_ortho_3_A27Q_A73L_rep5.pdb
[DEBUG] Creating jobs for bundle: [('A 73', 'Q')]
[DEBUG] Output file: /scratch4/jgray21/zhuggan1/projects/orthosystems/tryingggg/pos_neg_design/OrthoMPNN/Rosetta/output_pdbs/pmpnn_ortho/neg0.4/0.4_relaxed_ortho_3_A73Q_rep1.pdb
[DEBUG] Output file: /scratch4/jgray21/zhuggan1/projects/orthosystems/tryingggg/pos_neg_design/OrthoMPNN/Rosetta/output_pdbs/pmpnn_ortho/neg0.4/0.4_relaxed_ortho_3_A73Q_rep2.pdb
[DEBUG] Output file: /scratch4/jgray21/zhuggan1/projects/orthosystems/tryingggg/pos_neg_design/OrthoMPNN/Rosetta/output_pdbs/pmpnn_ortho/neg0.4/0.4_relaxed_ortho_3_A73Q_rep3.pdb
[DEBUG] Output file: /scratch4/jgray21/zhuggan1/projects/orthosystems/tryingggg/pos_neg_design/OrthoMPNN/Rosetta/output_pdbs/pmpnn_ortho/neg0.4/0.4_relaxed_ortho_3_A73Q_rep4.pdb
[DEBUG] Output file: /scratch4/jgray21/zhuggan1/projects/orthosystems/tryingggg/pos_neg_design/OrthoMPNN/Rosetta/output_pdbs/pmpnn_ortho/neg0.4/0.4_relaxed_ortho_3_A73Q_rep5.pdb
[DEBUG] Creating jobs for bundle: [('B 54', 'L'), ('A 73', 'L')]
[DEBUG] Output file: /scratch4/jgray21/zhuggan1/projects/orthosystems/tryingggg/pos_neg_design/OrthoMPNN/Rosetta/output_pdbs/pmpnn_ortho/neg0.4/0.4_relaxed_ortho_3_B54L_A73L_rep1.pdb
[DEBUG] Output file: /scratch4/jgray21/zhuggan1/projects/orthosystems/tryingggg/pos_neg_design/OrthoMPNN/Rosetta/output_pdbs/pmpnn_ortho/neg0.4/0.4_relaxed_ortho_3_B54L_A73L_rep2.pdb
[DEBUG] Output file: /scratch4/jgray21/zhuggan1/projects/orthosystems/tryingggg/pos_neg_design/OrthoMPNN/Rosetta/output_pdbs/pmpnn_ortho/neg0.4/0.4_relaxed_ortho_3_B54L_A73L_rep3.pdb
[DEBUG] Output file: /scratch4/jgray21/zhuggan1/projects/orthosystems/tryingggg/pos_neg_design/OrthoMPNN/Rosetta/output_pdbs/pmpnn_ortho/neg0.4/0.4_relaxed_ortho_3_B54L_A73L_rep4.pdb
[DEBUG] Output file: /scratch4/jgray21/zhuggan1/projects/orthosystems/tryingggg/pos_neg_design/OrthoMPNN/Rosetta/output_pdbs/pmpnn_ortho/neg0.4/0.4_relaxed_ortho_3_B54L_A73L_rep5.pdb
2026-02-26 17:06:07 EST MainProcess INFO [__main__] Processing a total of 115 jobs
2026-02-26 17:06:07 EST MainProcess INFO [__main__] Starting pool with 48 worker(s)
2026-02-26 18:16:29 EST ForkPoolWorker-41 INFO [__main__] Output: 0.4_relaxed_ortho_3_A27P_B54L_A73L_rep4.pdb
2026-02-26 18:17:00 EST ForkPoolWorker-20 INFO [__main__] Output: 0.4_relaxed_ortho_3_A27K_A73D_rep3.pdb
2026-02-26 18:18:03 EST ForkPoolWorker-8 INFO [__main__] Output: 0.4_relaxed_ortho_3_A73T_rep3.pdb
2026-02-26 18:18:06 EST ForkPoolWorker-3 INFO [__main__] Output: 0.4_relaxed_ortho_3_A27P_B54L_A73L_rep2.pdb
2026-02-26 18:18:18 EST ForkPoolWorker-6 INFO [__main__] Output: 0.4_relaxed_ortho_3_A27K_A73T_rep5.pdb
2026-02-26 18:18:57 EST ForkPoolWorker-43 INFO [__main__] Output: 0.4_relaxed_ortho_3_A27K_B54V_A73T_rep2.pdb
2026-02-26 18:19:23 EST ForkPoolWorker-45 INFO [__main__] Output: 0.4_relaxed_ortho_3_A73T_rep4.pdb
2026-02-26 18:19:33 EST ForkPoolWorker-47 INFO [__main__] Output: 0.4_relaxed_ortho_3_A27P_B54L_A73L_rep3.pdb
2026-02-26 18:19:40 EST ForkPoolWorker-31 INFO [__main__] Output: 0.4_relaxed_ortho_3_A27K_A73L_rep4.pdb
2026-02-26 18:19:43 EST ForkPoolWorker-19 INFO [__main__] Output: 0.4_relaxed_ortho_3_A73T_rep1.pdb
2026-02-26 18:19:55 EST ForkPoolWorker-2 INFO [__main__] Output: 0.4_relaxed_ortho_3_A27K_A73T_rep2.pdb
2026-02-26 18:19:55 EST ForkPoolWorker-35 INFO [__main__] Output: 0.4_relaxed_ortho_3_A27P_B54L_A73L_rep1.pdb
2026-02-26 18:20:09 EST ForkPoolWorker-22 INFO [__main__] Output: 0.4_relaxed_ortho_3_A27K_B54V_A73T_rep3.pdb
2026-02-26 18:20:24 EST ForkPoolWorker-12 INFO [__main__] Output: 0.4_relaxed_ortho_3_A27K_A73T_rep4.pdb
2026-02-26 18:20:28 EST ForkPoolWorker-46 INFO [__main__] Output: 0.4_relaxed_ortho_3_A73M_rep5.pdb
2026-02-26 18:20:32 EST ForkPoolWorker-30 INFO [__main__] Output: 0.4_relaxed_ortho_3_A27K_A73D_rep4.pdb
2026-02-26 18:20:39 EST ForkPoolWorker-7 INFO [__main__] Output: 0.4_relaxed_ortho_3_A27P_B54L_A73L_rep5.pdb
2026-02-26 18:20:46 EST ForkPoolWorker-36 INFO [__main__] Output: 0.4_relaxed_ortho_3_A27K_A73D_rep5.pdb
2026-02-26 18:20:48 EST ForkPoolWorker-39 INFO [__main__] Output: 0.4_relaxed_ortho_3_B54I_rep5.pdb
2026-02-26 18:20:48 EST ForkPoolWorker-4 INFO [__main__] Output: 0.4_relaxed_ortho_3_A73L_rep2.pdb
2026-02-26 18:20:51 EST ForkPoolWorker-13 INFO [__main__] Output: 0.4_relaxed_ortho_3_A27K_A73D_rep1.pdb
2026-02-26 18:20:53 EST ForkPoolWorker-24 INFO [__main__] Output: 0.4_relaxed_ortho_3_A27K_A73L_rep5.pdb
2026-02-26 18:21:00 EST ForkPoolWorker-28 INFO [__main__] Output: 0.4_relaxed_ortho_3_A27K_A73L_rep1.pdb
2026-02-26 18:21:04 EST ForkPoolWorker-5 INFO [__main__] Output: 0.4_relaxed_ortho_3_A27K_B54V_A73T_rep1.pdb
2026-02-26 18:21:08 EST ForkPoolWorker-11 INFO [__main__] Output: 0.4_relaxed_ortho_3_A27K_A73D_rep2.pdb
2026-02-26 18:21:11 EST ForkPoolWorker-27 INFO [__main__] Output: 0.4_relaxed_ortho_3_B54I_rep4.pdb
2026-02-26 18:21:26 EST ForkPoolWorker-26 INFO [__main__] Output: 0.4_relaxed_ortho_3_A73L_rep4.pdb
2026-02-26 18:21:26 EST ForkPoolWorker-9 INFO [__main__] Output: 0.4_relaxed_ortho_3_A27K_B54L_A73K_rep2.pdb
2026-02-26 18:21:27 EST ForkPoolWorker-14 INFO [__main__] Output: 0.4_relaxed_ortho_3_A27K_A73T_rep1.pdb
2026-02-26 18:21:31 EST ForkPoolWorker-34 INFO [__main__] Output: 0.4_relaxed_ortho_3_A27K_B54L_A73K_rep1.pdb
2026-02-26 18:21:31 EST ForkPoolWorker-10 INFO [__main__] Output: 0.4_relaxed_ortho_3_A73M_rep2.pdb
2026-02-26 18:21:33 EST ForkPoolWorker-1 INFO [__main__] Output: 0.4_relaxed_ortho_3_A73L_rep5.pdb
2026-02-26 18:21:37 EST ForkPoolWorker-38 INFO [__main__] Output: 0.4_relaxed_ortho_3_A27K_A73L_rep2.pdb
2026-02-26 18:21:52 EST ForkPoolWorker-48 INFO [__main__] Output: 0.4_relaxed_ortho_3_A27K_B54L_A73K_rep4.pdb
2026-02-26 18:21:53 EST ForkPoolWorker-33 INFO [__main__] Output: 0.4_relaxed_ortho_3_A73L_rep3.pdb
2026-02-26 18:22:02 EST ForkPoolWorker-40 INFO [__main__] Output: 0.4_relaxed_ortho_3_A73T_rep5.pdb
2026-02-26 18:22:04 EST ForkPoolWorker-44 INFO [__main__] Output: 0.4_relaxed_ortho_3_A27K_A73T_rep3.pdb
2026-02-26 18:22:05 EST ForkPoolWorker-18 INFO [__main__] Output: 0.4_relaxed_ortho_3_A73M_rep3.pdb
2026-02-26 18:22:11 EST ForkPoolWorker-23 INFO [__main__] Output: 0.4_relaxed_ortho_3_A73M_rep4.pdb
2026-02-26 18:22:13 EST ForkPoolWorker-29 INFO [__main__] Output: 0.4_relaxed_ortho_3_A73T_rep2.pdb
2026-02-26 18:22:21 EST ForkPoolWorker-42 INFO [__main__] Output: 0.4_relaxed_ortho_3_A27K_A73L_rep3.pdb
2026-02-26 18:22:32 EST ForkPoolWorker-17 INFO [__main__] Output: 0.4_relaxed_ortho_3_A27K_B54L_A73K_rep3.pdb
2026-02-26 18:22:49 EST ForkPoolWorker-25 INFO [__main__] Output: 0.4_relaxed_ortho_3_A73M_rep1.pdb
2026-02-26 18:22:58 EST ForkPoolWorker-32 INFO [__main__] Output: 0.4_relaxed_ortho_3_A73L_rep1.pdb
2026-02-26 18:23:15 EST ForkPoolWorker-37 INFO [__main__] Output: 0.4_relaxed_ortho_3_B54I_rep1.pdb
2026-02-26 18:23:30 EST ForkPoolWorker-15 INFO [__main__] Output: 0.4_relaxed_ortho_3_A27K_B54L_A73K_rep5.pdb
2026-02-26 18:23:47 EST ForkPoolWorker-16 INFO [__main__] Output: 0.4_relaxed_ortho_3_B54I_rep3.pdb
2026-02-26 18:24:19 EST ForkPoolWorker-21 INFO [__main__] Output: 0.4_relaxed_ortho_3_B54I_rep2.pdb
2026-02-26 19:28:19 EST ForkPoolWorker-43 INFO [__main__] Output: 0.4_relaxed_ortho_3_A36D_A73L_rep4.pdb
2026-02-26 19:28:40 EST ForkPoolWorker-45 INFO [__main__] Output: 0.4_relaxed_ortho_3_A36D_A73L_rep5.pdb
2026-02-26 19:29:05 EST ForkPoolWorker-8 INFO [__main__] Output: 0.4_relaxed_ortho_3_A36D_A73L_rep1.pdb
2026-02-26 19:29:29 EST ForkPoolWorker-6 INFO [__main__] Output: 0.4_relaxed_ortho_3_A36D_A73L_rep3.pdb
2026-02-26 19:29:30 EST ForkPoolWorker-41 INFO [__main__] Output: 0.4_relaxed_ortho_3_A27K_B54V_A73T_rep4.pdb
2026-02-26 19:29:47 EST ForkPoolWorker-20 INFO [__main__] Output: 0.4_relaxed_ortho_3_A27K_B54V_A73T_rep5.pdb
2026-02-26 19:30:32 EST ForkPoolWorker-36 INFO [__main__] Output: 0.4_relaxed_ortho_3_A27K_B54I_A73T_rep1.pdb
2026-02-26 19:32:17 EST ForkPoolWorker-19 INFO [__main__] Output: 0.4_relaxed_ortho_3_A27K_B57R_A73I_rep3.pdb
2026-02-26 19:32:27 EST ForkPoolWorker-25 INFO [__main__] Output: 0.4_relaxed_ortho_3_A27P_B54I_A73L_rep1.pdb
2026-02-26 19:32:28 EST ForkPoolWorker-3 INFO [__main__] Output: 0.4_relaxed_ortho_3_A36D_A73L_rep2.pdb
2026-02-26 19:32:48 EST ForkPoolWorker-24 INFO [__main__] Output: 0.4_relaxed_ortho_3_A27K_B54I_A73T_rep5.pdb
2026-02-26 19:33:03 EST ForkPoolWorker-32 INFO [__main__] Output: 0.4_relaxed_ortho_3_A27P_B54I_A73L_rep2.pdb
2026-02-26 19:33:06 EST ForkPoolWorker-2 INFO [__main__] Output: 0.4_relaxed_ortho_3_A27K_B57R_A73I_rep4.pdb
2026-02-26 19:33:12 EST ForkPoolWorker-47 INFO [__main__] Output: 0.4_relaxed_ortho_3_A27K_B57R_A73I_rep1.pdb
2026-02-26 19:33:19 EST ForkPoolWorker-1 INFO [__main__] Output: 0.4_relaxed_ortho_3_A27K_A73M_rep5.pdb
2026-02-26 19:33:25 EST ForkPoolWorker-22 INFO [__main__] Output: 0.4_relaxed_ortho_3_A27K_A73Y_rep1.pdb
2026-02-26 19:33:26 EST ForkPoolWorker-35 INFO [__main__] Output: 0.4_relaxed_ortho_3_A27K_B57R_A73I_rep5.pdb
2026-02-26 19:33:29 EST ForkPoolWorker-11 INFO [__main__] Output: 0.4_relaxed_ortho_3_A27K_B57T_A73Q_rep3.pdb
2026-02-26 19:33:29 EST ForkPoolWorker-4 INFO [__main__] Output: 0.4_relaxed_ortho_3_A27K_B54I_A73T_rep3.pdb
2026-02-26 19:33:33 EST ForkPoolWorker-39 INFO [__main__] Output: 0.4_relaxed_ortho_3_A27K_B54I_A73T_rep2.pdb
2026-02-26 19:34:00 EST ForkPoolWorker-38 INFO [__main__] Output: 0.4_relaxed_ortho_3_A27K_B57R_A73L_rep1.pdb
2026-02-26 19:34:03 EST ForkPoolWorker-31 INFO [__main__] Output: 0.4_relaxed_ortho_3_A27K_B57R_A73I_rep2.pdb
2026-02-26 19:34:09 EST ForkPoolWorker-17 INFO [__main__] Output: 0.4_relaxed_ortho_3_A27K_B54L_A73L_rep5.pdb
2026-02-26 19:34:11 EST ForkPoolWorker-23 INFO [__main__] Output: 0.4_relaxed_ortho_3_A27K_B54L_A73L_rep2.pdb
2026-02-26 19:34:34 EST ForkPoolWorker-7 INFO [__main__] Output: 0.4_relaxed_ortho_3_A27K_A73Y_rep5.pdb
2026-02-26 19:34:49 EST ForkPoolWorker-30 INFO [__main__] Output: 0.4_relaxed_ortho_3_A27K_A73Y_rep4.pdb
2026-02-26 19:34:49 EST ForkPoolWorker-10 INFO [__main__] Output: 0.4_relaxed_ortho_3_A27K_A73M_rep4.pdb
2026-02-26 19:34:51 EST ForkPoolWorker-5 INFO [__main__] Output: 0.4_relaxed_ortho_3_A27K_B57T_A73Q_rep2.pdb
2026-02-26 19:34:58 EST ForkPoolWorker-29 INFO [__main__] Output: 0.4_relaxed_ortho_3_A27K_B54L_A73L_rep3.pdb
2026-02-26 19:34:59 EST ForkPoolWorker-13 INFO [__main__] Output: 0.4_relaxed_ortho_3_A27K_B54I_A73T_rep4.pdb
2026-02-26 19:35:02 EST ForkPoolWorker-18 INFO [__main__] Output: 0.4_relaxed_ortho_3_A27K_B54L_A73L_rep1.pdb
2026-02-26 19:35:08 EST ForkPoolWorker-28 INFO [__main__] Output: 0.4_relaxed_ortho_3_A27K_B57T_A73Q_rep1.pdb
2026-02-26 19:35:08 EST ForkPoolWorker-12 INFO [__main__] Output: 0.4_relaxed_ortho_3_A27K_A73Y_rep2.pdb
2026-02-26 19:35:14 EST ForkPoolWorker-15 INFO [__main__] Output: 0.4_relaxed_ortho_3_A27P_B54I_A73L_rep4.pdb
2026-02-26 19:35:17 EST ForkPoolWorker-37 INFO [__main__] Output: 0.4_relaxed_ortho_3_A27P_B54I_A73L_rep3.pdb
2026-02-26 19:35:20 EST ForkPoolWorker-27 INFO [__main__] Output: 0.4_relaxed_ortho_3_A27K_B57T_A73Q_rep4.pdb
2026-02-26 19:35:25 EST ForkPoolWorker-48 INFO [__main__] Output: 0.4_relaxed_ortho_3_A27K_B57R_A73L_rep2.pdb
2026-02-26 19:35:28 EST ForkPoolWorker-46 INFO [__main__] Output: 0.4_relaxed_ortho_3_A27K_A73Y_rep3.pdb
2026-02-26 19:35:44 EST ForkPoolWorker-21 INFO [__main__] Output: 0.4_relaxed_ortho_3_A27P_A73Y_rep1.pdb
2026-02-26 19:35:44 EST ForkPoolWorker-26 INFO [__main__] Output: 0.4_relaxed_ortho_3_A27K_B57T_A73Q_rep5.pdb
2026-02-26 19:35:52 EST ForkPoolWorker-9 INFO [__main__] Output: 0.4_relaxed_ortho_3_A27K_A73M_rep1.pdb
2026-02-26 19:35:57 EST ForkPoolWorker-14 INFO [__main__] Output: 0.4_relaxed_ortho_3_A27K_A73M_rep2.pdb
2026-02-26 19:36:02 EST ForkPoolWorker-34 INFO [__main__] Output: 0.4_relaxed_ortho_3_A27K_A73M_rep3.pdb
2026-02-26 19:36:35 EST ForkPoolWorker-33 INFO [__main__] Output: 0.4_relaxed_ortho_3_A27K_B57R_A73L_rep3.pdb
2026-02-26 19:36:35 EST ForkPoolWorker-42 INFO [__main__] Output: 0.4_relaxed_ortho_3_A27K_B54L_A73L_rep4.pdb
2026-02-26 19:36:38 EST ForkPoolWorker-40 INFO [__main__] Output: 0.4_relaxed_ortho_3_A27K_B57R_A73L_rep4.pdb
2026-02-26 19:36:56 EST ForkPoolWorker-44 INFO [__main__] Output: 0.4_relaxed_ortho_3_A27K_B57R_A73L_rep5.pdb
2026-02-26 19:37:00 EST ForkPoolWorker-16 INFO [__main__] Output: 0.4_relaxed_ortho_3_A27P_B54I_A73L_rep5.pdb
2026-02-26 20:37:08 EST ForkPoolWorker-8 INFO [__main__] Output: 0.4_relaxed_ortho_3_A27P_A73Y_rep4.pdb
2026-02-26 20:37:10 EST ForkPoolWorker-43 INFO [__main__] Output: 0.4_relaxed_ortho_3_A27P_A73Y_rep2.pdb
2026-02-26 20:37:22 EST ForkPoolWorker-45 INFO [__main__] Output: 0.4_relaxed_ortho_3_A27P_A73Y_rep3.pdb
2026-02-26 20:37:29 EST ForkPoolWorker-6 INFO [__main__] Output: 0.4_relaxed_ortho_3_A27P_A73Y_rep5.pdb
2026-02-26 20:39:17 EST ForkPoolWorker-1 INFO [__main__] Output: 0.4_relaxed_ortho_3_B54L_A73L_rep1.pdb
2026-02-26 20:39:38 EST ForkPoolWorker-36 INFO [__main__] Output: 0.4_relaxed_ortho_3_A27Q_A73L_rep3.pdb
2026-02-26 20:39:42 EST ForkPoolWorker-3 INFO [__main__] Output: 0.4_relaxed_ortho_3_A73Q_rep1.pdb
2026-02-26 20:41:14 EST ForkPoolWorker-41 INFO [__main__] Output: 0.4_relaxed_ortho_3_A27Q_A73L_rep1.pdb
2026-02-26 20:41:21 EST ForkPoolWorker-4 INFO [__main__] Output: 0.4_relaxed_ortho_3_B54L_A73L_rep5.pdb
2026-02-26 20:41:29 EST ForkPoolWorker-47 INFO [__main__] Output: 0.4_relaxed_ortho_3_A73Q_rep5.pdb
2026-02-26 20:41:37 EST ForkPoolWorker-19 INFO [__main__] Output: 0.4_relaxed_ortho_3_A27Q_A73L_rep4.pdb
2026-02-26 20:41:39 EST ForkPoolWorker-20 INFO [__main__] Output: 0.4_relaxed_ortho_3_A27Q_A73L_rep2.pdb
2026-02-26 20:42:26 EST ForkPoolWorker-24 INFO [__main__] Output: 0.4_relaxed_ortho_3_A73Q_rep2.pdb
2026-02-26 20:42:46 EST ForkPoolWorker-11 INFO [__main__] Output: 0.4_relaxed_ortho_3_B54L_A73L_rep4.pdb
2026-02-26 20:42:46 EST ForkPoolWorker-22 INFO [__main__] Output: 0.4_relaxed_ortho_3_B54L_A73L_rep2.pdb
2026-02-26 20:43:18 EST ForkPoolWorker-32 INFO [__main__] Output: 0.4_relaxed_ortho_3_A73Q_rep3.pdb
2026-02-26 20:43:59 EST ForkPoolWorker-35 INFO [__main__] Output: 0.4_relaxed_ortho_3_B54L_A73L_rep3.pdb
2026-02-26 20:44:11 EST ForkPoolWorker-25 INFO [__main__] Output: 0.4_relaxed_ortho_3_A27Q_A73L_rep5.pdb
2026-02-26 20:51:05 EST ForkPoolWorker-2 INFO [__main__] Output: 0.4_relaxed_ortho_3_A73Q_rep4.pdb
2026-02-26 20:51:05 EST MainProcess INFO [__main__] Script execution completed
