Using existing logs directory.
2026-02-24 23:07:19 EST MainProcess INFO [numexpr.utils] Note: NumExpr detected 48 cores but "NUMEXPR_MAX_THREADS" not set, so enforcing safe limit of 8.
2026-02-24 23:07:19 EST MainProcess INFO [numexpr.utils] NumExpr defaulting to 8 threads.
[DEBUG] Parsed N49L, N52T, R68T -> [('A 49', 'L'), ('A 52', 'T'), ('A 68', 'T')]
[DEBUG] Parsed N29T, N52R, R68L -> [('A 29', 'T'), ('A 52', 'R'), ('A 68', 'L')]
[DEBUG] Parsed R22K, N29T, N49I, R68L -> [('A 22', 'K'), ('A 29', 'T'), ('A 49', 'I'), ('A 68', 'L')]
[DEBUG] Parsed N49I, N52R, R68L -> [('A 49', 'I'), ('A 52', 'R'), ('A 68', 'L')]
[DEBUG] Parsed R22Q, N49V, R68Q -> [('A 22', 'Q'), ('A 49', 'V'), ('A 68', 'Q')]
[DEBUG] Parsed R22K, N49V, R68L -> [('A 22', 'K'), ('A 49', 'V'), ('A 68', 'L')]
[DEBUG] Parsed N29G, N52R, R68D -> [('A 29', 'G'), ('A 52', 'R'), ('A 68', 'D')]
[DEBUG] Parsed N49T, N52R, R68E -> [('A 49', 'T'), ('A 52', 'R'), ('A 68', 'E')]
[DEBUG] Parsed R22P, N49V, R68L -> [('A 22', 'P'), ('A 49', 'V'), ('A 68', 'L')]
[DEBUG] Parsed R22D, R68E -> [('A 22', 'D'), ('A 68', 'E')]
[DEBUG] Parsed R22P, N49I, R68Y -> [('A 22', 'P'), ('A 49', 'I'), ('A 68', 'Y')]
[DEBUG] Parsed R22K, D26N, N29T, R68T -> [('A 22', 'K'), ('A 26', 'N'), ('A 29', 'T'), ('A 68', 'T')]
[DEBUG] Parsed N49V, R68T -> [('A 49', 'V'), ('A 68', 'T')]
[DEBUG] Parsed R22K, R68Y -> [('A 22', 'K'), ('A 68', 'Y')]
[DEBUG] Parsed R22T, R68Q -> [('A 22', 'T'), ('A 68', 'Q')]
[DEBUG] Parsed R22K, D26N, N52R, R68K -> [('A 22', 'K'), ('A 26', 'N'), ('A 52', 'R'), ('A 68', 'K')]
[DEBUG] Parsed N29T, N49V, N52R, R68L -> [('A 29', 'T'), ('A 49', 'V'), ('A 52', 'R'), ('A 68', 'L')]
[DEBUG] Parsed R22K, R68K -> [('A 22', 'K'), ('A 68', 'K')]
[DEBUG] Parsed R22A, R68E -> [('A 22', 'A'), ('A 68', 'E')]
[DEBUG] Parsed R22K, N49L, R68T -> [('A 22', 'K'), ('A 49', 'L'), ('A 68', 'T')]
[DEBUG] Parsed R22T, N29T, N52R, R68A -> [('A 22', 'T'), ('A 29', 'T'), ('A 52', 'R'), ('A 68', 'A')]
[DEBUG] Parsed R22T, R68T -> [('A 22', 'T'), ('A 68', 'T')]
[DEBUG] Parsed R68M -> [('A 68', 'M')]
[DEBUG] Parsed R22P, R68L -> [('A 22', 'P'), ('A 68', 'L')]
[DEBUG] Parsed R22Q, N49I, N52R, R68T -> [('A 22', 'Q'), ('A 49', 'I'), ('A 52', 'R'), ('A 68', 'T')]
[DEBUG] Parsed R22K, N49L, N52T, R68D -> [('A 22', 'K'), ('A 49', 'L'), ('A 52', 'T'), ('A 68', 'D')]
[DEBUG] Parsed N49I, R68L -> [('A 49', 'I'), ('A 68', 'L')]
[DEBUG] Parsed N52R, R68T -> [('A 52', 'R'), ('A 68', 'T')]
[DEBUG] Parsed R22E, N29G, R68T -> [('A 22', 'E'), ('A 29', 'G'), ('A 68', 'T')]
[DEBUG] Parsed N52T, R68L -> [('A 52', 'T'), ('A 68', 'L')]
[DEBUG] Parsed R68Q -> [('A 68', 'Q')]
[DEBUG] Parsed R22K, N49F, R68L -> [('A 22', 'K'), ('A 49', 'F'), ('A 68', 'L')]
[DEBUG] Parsed N31D, R68D -> [('A 31', 'D'), ('A 68', 'D')]
[DEBUG] Parsed N52R, R68E -> [('A 52', 'R'), ('A 68', 'E')]
[DEBUG] Parsed R22S, R68L -> [('A 22', 'S'), ('A 68', 'L')]
[DEBUG] Parsed R22K, N49L, R68E -> [('A 22', 'K'), ('A 49', 'L'), ('A 68', 'E')]
[DEBUG] Parsed R22S, R68T -> [('A 22', 'S'), ('A 68', 'T')]
[DEBUG] Parsed R22K, N52T, R68L -> [('A 22', 'K'), ('A 52', 'T'), ('A 68', 'L')]
[DEBUG] Parsed N29T, N49L, N52R, R68T -> [('A 29', 'T'), ('A 49', 'L'), ('A 52', 'R'), ('A 68', 'T')]
[DEBUG] Parsed R22P, N49L, N52T, R68L -> [('A 22', 'P'), ('A 49', 'L'), ('A 52', 'T'), ('A 68', 'L')]
[DEBUG] Parsed N29T, N52R, R68Y -> [('A 29', 'T'), ('A 52', 'R'), ('A 68', 'Y')]
[DEBUG] Parsed R68Y -> [('A 68', 'Y')]
[DEBUG] Parsed R22K, N52R, R68Y -> [('A 22', 'K'), ('A 52', 'R'), ('A 68', 'Y')]
[DEBUG] Creating jobs for bundle: [('A 49', 'L'), ('A 52', 'T'), ('A 68', 'T')]
[DEBUG] Output file: /scratch4/jgray21/zhuggan1/projects/orthosystems/tryingggg/pos_neg_design/OrthoMPNN/Rosetta/output_pdbs/pmpnn_ortho/neg0.6/0.6_relaxed_ortho_3_A49L_A52T_A68T_rep1.pdb
[DEBUG] Output file: /scratch4/jgray21/zhuggan1/projects/orthosystems/tryingggg/pos_neg_design/OrthoMPNN/Rosetta/output_pdbs/pmpnn_ortho/neg0.6/0.6_relaxed_ortho_3_A49L_A52T_A68T_rep2.pdb
[DEBUG] Output file: /scratch4/jgray21/zhuggan1/projects/orthosystems/tryingggg/pos_neg_design/OrthoMPNN/Rosetta/output_pdbs/pmpnn_ortho/neg0.6/0.6_relaxed_ortho_3_A49L_A52T_A68T_rep3.pdb
[DEBUG] Output file: /scratch4/jgray21/zhuggan1/projects/orthosystems/tryingggg/pos_neg_design/OrthoMPNN/Rosetta/output_pdbs/pmpnn_ortho/neg0.6/0.6_relaxed_ortho_3_A49L_A52T_A68T_rep4.pdb
[DEBUG] Output file: /scratch4/jgray21/zhuggan1/projects/orthosystems/tryingggg/pos_neg_design/OrthoMPNN/Rosetta/output_pdbs/pmpnn_ortho/neg0.6/0.6_relaxed_ortho_3_A49L_A52T_A68T_rep5.pdb
[DEBUG] Creating jobs for bundle: [('A 29', 'T'), ('A 52', 'R'), ('A 68', 'L')]
[DEBUG] Output file: /scratch4/jgray21/zhuggan1/projects/orthosystems/tryingggg/pos_neg_design/OrthoMPNN/Rosetta/output_pdbs/pmpnn_ortho/neg0.6/0.6_relaxed_ortho_3_A29T_A52R_A68L_rep1.pdb
[DEBUG] Output file: /scratch4/jgray21/zhuggan1/projects/orthosystems/tryingggg/pos_neg_design/OrthoMPNN/Rosetta/output_pdbs/pmpnn_ortho/neg0.6/0.6_relaxed_ortho_3_A29T_A52R_A68L_rep2.pdb
[DEBUG] Output file: /scratch4/jgray21/zhuggan1/projects/orthosystems/tryingggg/pos_neg_design/OrthoMPNN/Rosetta/output_pdbs/pmpnn_ortho/neg0.6/0.6_relaxed_ortho_3_A29T_A52R_A68L_rep3.pdb
[DEBUG] Output file: /scratch4/jgray21/zhuggan1/projects/orthosystems/tryingggg/pos_neg_design/OrthoMPNN/Rosetta/output_pdbs/pmpnn_ortho/neg0.6/0.6_relaxed_ortho_3_A29T_A52R_A68L_rep4.pdb
[DEBUG] Output file: /scratch4/jgray21/zhuggan1/projects/orthosystems/tryingggg/pos_neg_design/OrthoMPNN/Rosetta/output_pdbs/pmpnn_ortho/neg0.6/0.6_relaxed_ortho_3_A29T_A52R_A68L_rep5.pdb
[DEBUG] Creating jobs for bundle: [('A 22', 'K'), ('A 29', 'T'), ('A 49', 'I'), ('A 68', 'L')]
[DEBUG] Output file: /scratch4/jgray21/zhuggan1/projects/orthosystems/tryingggg/pos_neg_design/OrthoMPNN/Rosetta/output_pdbs/pmpnn_ortho/neg0.6/0.6_relaxed_ortho_3_A22K_A29T_A49I_A68L_rep1.pdb
[DEBUG] Output file: /scratch4/jgray21/zhuggan1/projects/orthosystems/tryingggg/pos_neg_design/OrthoMPNN/Rosetta/output_pdbs/pmpnn_ortho/neg0.6/0.6_relaxed_ortho_3_A22K_A29T_A49I_A68L_rep2.pdb
[DEBUG] Output file: /scratch4/jgray21/zhuggan1/projects/orthosystems/tryingggg/pos_neg_design/OrthoMPNN/Rosetta/output_pdbs/pmpnn_ortho/neg0.6/0.6_relaxed_ortho_3_A22K_A29T_A49I_A68L_rep3.pdb
[DEBUG] Output file: /scratch4/jgray21/zhuggan1/projects/orthosystems/tryingggg/pos_neg_design/OrthoMPNN/Rosetta/output_pdbs/pmpnn_ortho/neg0.6/0.6_relaxed_ortho_3_A22K_A29T_A49I_A68L_rep4.pdb
[DEBUG] Output file: /scratch4/jgray21/zhuggan1/projects/orthosystems/tryingggg/pos_neg_design/OrthoMPNN/Rosetta/output_pdbs/pmpnn_ortho/neg0.6/0.6_relaxed_ortho_3_A22K_A29T_A49I_A68L_rep5.pdb
[DEBUG] Creating jobs for bundle: [('A 49', 'I'), ('A 52', 'R'), ('A 68', 'L')]
[DEBUG] Output file: /scratch4/jgray21/zhuggan1/projects/orthosystems/tryingggg/pos_neg_design/OrthoMPNN/Rosetta/output_pdbs/pmpnn_ortho/neg0.6/0.6_relaxed_ortho_3_A49I_A52R_A68L_rep1.pdb
[DEBUG] Output file: /scratch4/jgray21/zhuggan1/projects/orthosystems/tryingggg/pos_neg_design/OrthoMPNN/Rosetta/output_pdbs/pmpnn_ortho/neg0.6/0.6_relaxed_ortho_3_A49I_A52R_A68L_rep2.pdb
[DEBUG] Output file: /scratch4/jgray21/zhuggan1/projects/orthosystems/tryingggg/pos_neg_design/OrthoMPNN/Rosetta/output_pdbs/pmpnn_ortho/neg0.6/0.6_relaxed_ortho_3_A49I_A52R_A68L_rep3.pdb
[DEBUG] Output file: /scratch4/jgray21/zhuggan1/projects/orthosystems/tryingggg/pos_neg_design/OrthoMPNN/Rosetta/output_pdbs/pmpnn_ortho/neg0.6/0.6_relaxed_ortho_3_A49I_A52R_A68L_rep4.pdb
[DEBUG] Output file: /scratch4/jgray21/zhuggan1/projects/orthosystems/tryingggg/pos_neg_design/OrthoMPNN/Rosetta/output_pdbs/pmpnn_ortho/neg0.6/0.6_relaxed_ortho_3_A49I_A52R_A68L_rep5.pdb
[DEBUG] Creating jobs for bundle: [('A 22', 'Q'), ('A 49', 'V'), ('A 68', 'Q')]
[DEBUG] Output file: /scratch4/jgray21/zhuggan1/projects/orthosystems/tryingggg/pos_neg_design/OrthoMPNN/Rosetta/output_pdbs/pmpnn_ortho/neg0.6/0.6_relaxed_ortho_3_A22Q_A49V_A68Q_rep1.pdb
[DEBUG] Output file: /scratch4/jgray21/zhuggan1/projects/orthosystems/tryingggg/pos_neg_design/OrthoMPNN/Rosetta/output_pdbs/pmpnn_ortho/neg0.6/0.6_relaxed_ortho_3_A22Q_A49V_A68Q_rep2.pdb
[DEBUG] Output file: /scratch4/jgray21/zhuggan1/projects/orthosystems/tryingggg/pos_neg_design/OrthoMPNN/Rosetta/output_pdbs/pmpnn_ortho/neg0.6/0.6_relaxed_ortho_3_A22Q_A49V_A68Q_rep3.pdb
[DEBUG] Output file: /scratch4/jgray21/zhuggan1/projects/orthosystems/tryingggg/pos_neg_design/OrthoMPNN/Rosetta/output_pdbs/pmpnn_ortho/neg0.6/0.6_relaxed_ortho_3_A22Q_A49V_A68Q_rep4.pdb
[DEBUG] Output file: /scratch4/jgray21/zhuggan1/projects/orthosystems/tryingggg/pos_neg_design/OrthoMPNN/Rosetta/output_pdbs/pmpnn_ortho/neg0.6/0.6_relaxed_ortho_3_A22Q_A49V_A68Q_rep5.pdb
[DEBUG] Creating jobs for bundle: [('A 22', 'K'), ('A 49', 'V'), ('A 68', 'L')]
[DEBUG] Output file: /scratch4/jgray21/zhuggan1/projects/orthosystems/tryingggg/pos_neg_design/OrthoMPNN/Rosetta/output_pdbs/pmpnn_ortho/neg0.6/0.6_relaxed_ortho_3_A22K_A49V_A68L_rep1.pdb
[DEBUG] Output file: /scratch4/jgray21/zhuggan1/projects/orthosystems/tryingggg/pos_neg_design/OrthoMPNN/Rosetta/output_pdbs/pmpnn_ortho/neg0.6/0.6_relaxed_ortho_3_A22K_A49V_A68L_rep2.pdb
[DEBUG] Output file: /scratch4/jgray21/zhuggan1/projects/orthosystems/tryingggg/pos_neg_design/OrthoMPNN/Rosetta/output_pdbs/pmpnn_ortho/neg0.6/0.6_relaxed_ortho_3_A22K_A49V_A68L_rep3.pdb
[DEBUG] Output file: /scratch4/jgray21/zhuggan1/projects/orthosystems/tryingggg/pos_neg_design/OrthoMPNN/Rosetta/output_pdbs/pmpnn_ortho/neg0.6/0.6_relaxed_ortho_3_A22K_A49V_A68L_rep4.pdb
[DEBUG] Output file: /scratch4/jgray21/zhuggan1/projects/orthosystems/tryingggg/pos_neg_design/OrthoMPNN/Rosetta/output_pdbs/pmpnn_ortho/neg0.6/0.6_relaxed_ortho_3_A22K_A49V_A68L_rep5.pdb
[DEBUG] Creating jobs for bundle: [('A 29', 'G'), ('A 52', 'R'), ('A 68', 'D')]
[DEBUG] Output file: /scratch4/jgray21/zhuggan1/projects/orthosystems/tryingggg/pos_neg_design/OrthoMPNN/Rosetta/output_pdbs/pmpnn_ortho/neg0.6/0.6_relaxed_ortho_3_A29G_A52R_A68D_rep1.pdb
[DEBUG] Output file: /scratch4/jgray21/zhuggan1/projects/orthosystems/tryingggg/pos_neg_design/OrthoMPNN/Rosetta/output_pdbs/pmpnn_ortho/neg0.6/0.6_relaxed_ortho_3_A29G_A52R_A68D_rep2.pdb
[DEBUG] Output file: /scratch4/jgray21/zhuggan1/projects/orthosystems/tryingggg/pos_neg_design/OrthoMPNN/Rosetta/output_pdbs/pmpnn_ortho/neg0.6/0.6_relaxed_ortho_3_A29G_A52R_A68D_rep3.pdb
[DEBUG] Output file: /scratch4/jgray21/zhuggan1/projects/orthosystems/tryingggg/pos_neg_design/OrthoMPNN/Rosetta/output_pdbs/pmpnn_ortho/neg0.6/0.6_relaxed_ortho_3_A29G_A52R_A68D_rep4.pdb
[DEBUG] Output file: /scratch4/jgray21/zhuggan1/projects/orthosystems/tryingggg/pos_neg_design/OrthoMPNN/Rosetta/output_pdbs/pmpnn_ortho/neg0.6/0.6_relaxed_ortho_3_A29G_A52R_A68D_rep5.pdb
[DEBUG] Creating jobs for bundle: [('A 49', 'T'), ('A 52', 'R'), ('A 68', 'E')]
[DEBUG] Output file: /scratch4/jgray21/zhuggan1/projects/orthosystems/tryingggg/pos_neg_design/OrthoMPNN/Rosetta/output_pdbs/pmpnn_ortho/neg0.6/0.6_relaxed_ortho_3_A49T_A52R_A68E_rep1.pdb
[DEBUG] Output file: /scratch4/jgray21/zhuggan1/projects/orthosystems/tryingggg/pos_neg_design/OrthoMPNN/Rosetta/output_pdbs/pmpnn_ortho/neg0.6/0.6_relaxed_ortho_3_A49T_A52R_A68E_rep2.pdb
[DEBUG] Output file: /scratch4/jgray21/zhuggan1/projects/orthosystems/tryingggg/pos_neg_design/OrthoMPNN/Rosetta/output_pdbs/pmpnn_ortho/neg0.6/0.6_relaxed_ortho_3_A49T_A52R_A68E_rep3.pdb
[DEBUG] Output file: /scratch4/jgray21/zhuggan1/projects/orthosystems/tryingggg/pos_neg_design/OrthoMPNN/Rosetta/output_pdbs/pmpnn_ortho/neg0.6/0.6_relaxed_ortho_3_A49T_A52R_A68E_rep4.pdb
[DEBUG] Output file: /scratch4/jgray21/zhuggan1/projects/orthosystems/tryingggg/pos_neg_design/OrthoMPNN/Rosetta/output_pdbs/pmpnn_ortho/neg0.6/0.6_relaxed_ortho_3_A49T_A52R_A68E_rep5.pdb
[DEBUG] Creating jobs for bundle: [('A 22', 'P'), ('A 49', 'V'), ('A 68', 'L')]
[DEBUG] Output file: /scratch4/jgray21/zhuggan1/projects/orthosystems/tryingggg/pos_neg_design/OrthoMPNN/Rosetta/output_pdbs/pmpnn_ortho/neg0.6/0.6_relaxed_ortho_3_A22P_A49V_A68L_rep1.pdb
[DEBUG] Output file: /scratch4/jgray21/zhuggan1/projects/orthosystems/tryingggg/pos_neg_design/OrthoMPNN/Rosetta/output_pdbs/pmpnn_ortho/neg0.6/0.6_relaxed_ortho_3_A22P_A49V_A68L_rep2.pdb
[DEBUG] Output file: /scratch4/jgray21/zhuggan1/projects/orthosystems/tryingggg/pos_neg_design/OrthoMPNN/Rosetta/output_pdbs/pmpnn_ortho/neg0.6/0.6_relaxed_ortho_3_A22P_A49V_A68L_rep3.pdb
[DEBUG] Output file: /scratch4/jgray21/zhuggan1/projects/orthosystems/tryingggg/pos_neg_design/OrthoMPNN/Rosetta/output_pdbs/pmpnn_ortho/neg0.6/0.6_relaxed_ortho_3_A22P_A49V_A68L_rep4.pdb
[DEBUG] Output file: /scratch4/jgray21/zhuggan1/projects/orthosystems/tryingggg/pos_neg_design/OrthoMPNN/Rosetta/output_pdbs/pmpnn_ortho/neg0.6/0.6_relaxed_ortho_3_A22P_A49V_A68L_rep5.pdb
[DEBUG] Creating jobs for bundle: [('A 22', 'D'), ('A 68', 'E')]
[DEBUG] Output file: /scratch4/jgray21/zhuggan1/projects/orthosystems/tryingggg/pos_neg_design/OrthoMPNN/Rosetta/output_pdbs/pmpnn_ortho/neg0.6/0.6_relaxed_ortho_3_A22D_A68E_rep1.pdb
[DEBUG] Output file: /scratch4/jgray21/zhuggan1/projects/orthosystems/tryingggg/pos_neg_design/OrthoMPNN/Rosetta/output_pdbs/pmpnn_ortho/neg0.6/0.6_relaxed_ortho_3_A22D_A68E_rep2.pdb
[DEBUG] Output file: /scratch4/jgray21/zhuggan1/projects/orthosystems/tryingggg/pos_neg_design/OrthoMPNN/Rosetta/output_pdbs/pmpnn_ortho/neg0.6/0.6_relaxed_ortho_3_A22D_A68E_rep3.pdb
[DEBUG] Output file: /scratch4/jgray21/zhuggan1/projects/orthosystems/tryingggg/pos_neg_design/OrthoMPNN/Rosetta/output_pdbs/pmpnn_ortho/neg0.6/0.6_relaxed_ortho_3_A22D_A68E_rep4.pdb
[DEBUG] Output file: /scratch4/jgray21/zhuggan1/projects/orthosystems/tryingggg/pos_neg_design/OrthoMPNN/Rosetta/output_pdbs/pmpnn_ortho/neg0.6/0.6_relaxed_ortho_3_A22D_A68E_rep5.pdb
[DEBUG] Creating jobs for bundle: [('A 22', 'P'), ('A 49', 'I'), ('A 68', 'Y')]
[DEBUG] Output file: /scratch4/jgray21/zhuggan1/projects/orthosystems/tryingggg/pos_neg_design/OrthoMPNN/Rosetta/output_pdbs/pmpnn_ortho/neg0.6/0.6_relaxed_ortho_3_A22P_A49I_A68Y_rep1.pdb
[DEBUG] Output file: /scratch4/jgray21/zhuggan1/projects/orthosystems/tryingggg/pos_neg_design/OrthoMPNN/Rosetta/output_pdbs/pmpnn_ortho/neg0.6/0.6_relaxed_ortho_3_A22P_A49I_A68Y_rep2.pdb
[DEBUG] Output file: /scratch4/jgray21/zhuggan1/projects/orthosystems/tryingggg/pos_neg_design/OrthoMPNN/Rosetta/output_pdbs/pmpnn_ortho/neg0.6/0.6_relaxed_ortho_3_A22P_A49I_A68Y_rep3.pdb
[DEBUG] Output file: /scratch4/jgray21/zhuggan1/projects/orthosystems/tryingggg/pos_neg_design/OrthoMPNN/Rosetta/output_pdbs/pmpnn_ortho/neg0.6/0.6_relaxed_ortho_3_A22P_A49I_A68Y_rep4.pdb
[DEBUG] Output file: /scratch4/jgray21/zhuggan1/projects/orthosystems/tryingggg/pos_neg_design/OrthoMPNN/Rosetta/output_pdbs/pmpnn_ortho/neg0.6/0.6_relaxed_ortho_3_A22P_A49I_A68Y_rep5.pdb
[DEBUG] Creating jobs for bundle: [('A 22', 'K'), ('A 26', 'N'), ('A 29', 'T'), ('A 68', 'T')]
[DEBUG] Output file: /scratch4/jgray21/zhuggan1/projects/orthosystems/tryingggg/pos_neg_design/OrthoMPNN/Rosetta/output_pdbs/pmpnn_ortho/neg0.6/0.6_relaxed_ortho_3_A22K_A26N_A29T_A68T_rep1.pdb
[DEBUG] Output file: /scratch4/jgray21/zhuggan1/projects/orthosystems/tryingggg/pos_neg_design/OrthoMPNN/Rosetta/output_pdbs/pmpnn_ortho/neg0.6/0.6_relaxed_ortho_3_A22K_A26N_A29T_A68T_rep2.pdb
[DEBUG] Output file: /scratch4/jgray21/zhuggan1/projects/orthosystems/tryingggg/pos_neg_design/OrthoMPNN/Rosetta/output_pdbs/pmpnn_ortho/neg0.6/0.6_relaxed_ortho_3_A22K_A26N_A29T_A68T_rep3.pdb
[DEBUG] Output file: /scratch4/jgray21/zhuggan1/projects/orthosystems/tryingggg/pos_neg_design/OrthoMPNN/Rosetta/output_pdbs/pmpnn_ortho/neg0.6/0.6_relaxed_ortho_3_A22K_A26N_A29T_A68T_rep4.pdb
[DEBUG] Output file: /scratch4/jgray21/zhuggan1/projects/orthosystems/tryingggg/pos_neg_design/OrthoMPNN/Rosetta/output_pdbs/pmpnn_ortho/neg0.6/0.6_relaxed_ortho_3_A22K_A26N_A29T_A68T_rep5.pdb
[DEBUG] Creating jobs for bundle: [('A 49', 'V'), ('A 68', 'T')]
[DEBUG] Output file: /scratch4/jgray21/zhuggan1/projects/orthosystems/tryingggg/pos_neg_design/OrthoMPNN/Rosetta/output_pdbs/pmpnn_ortho/neg0.6/0.6_relaxed_ortho_3_A49V_A68T_rep1.pdb
[DEBUG] Output file: /scratch4/jgray21/zhuggan1/projects/orthosystems/tryingggg/pos_neg_design/OrthoMPNN/Rosetta/output_pdbs/pmpnn_ortho/neg0.6/0.6_relaxed_ortho_3_A49V_A68T_rep2.pdb
[DEBUG] Output file: /scratch4/jgray21/zhuggan1/projects/orthosystems/tryingggg/pos_neg_design/OrthoMPNN/Rosetta/output_pdbs/pmpnn_ortho/neg0.6/0.6_relaxed_ortho_3_A49V_A68T_rep3.pdb
[DEBUG] Output file: /scratch4/jgray21/zhuggan1/projects/orthosystems/tryingggg/pos_neg_design/OrthoMPNN/Rosetta/output_pdbs/pmpnn_ortho/neg0.6/0.6_relaxed_ortho_3_A49V_A68T_rep4.pdb
[DEBUG] Output file: /scratch4/jgray21/zhuggan1/projects/orthosystems/tryingggg/pos_neg_design/OrthoMPNN/Rosetta/output_pdbs/pmpnn_ortho/neg0.6/0.6_relaxed_ortho_3_A49V_A68T_rep5.pdb
[DEBUG] Creating jobs for bundle: [('A 22', 'K'), ('A 68', 'Y')]
[DEBUG] Output file: /scratch4/jgray21/zhuggan1/projects/orthosystems/tryingggg/pos_neg_design/OrthoMPNN/Rosetta/output_pdbs/pmpnn_ortho/neg0.6/0.6_relaxed_ortho_3_A22K_A68Y_rep1.pdb
[DEBUG] Output file: /scratch4/jgray21/zhuggan1/projects/orthosystems/tryingggg/pos_neg_design/OrthoMPNN/Rosetta/output_pdbs/pmpnn_ortho/neg0.6/0.6_relaxed_ortho_3_A22K_A68Y_rep2.pdb
[DEBUG] Output file: /scratch4/jgray21/zhuggan1/projects/orthosystems/tryingggg/pos_neg_design/OrthoMPNN/Rosetta/output_pdbs/pmpnn_ortho/neg0.6/0.6_relaxed_ortho_3_A22K_A68Y_rep3.pdb
[DEBUG] Output file: /scratch4/jgray21/zhuggan1/projects/orthosystems/tryingggg/pos_neg_design/OrthoMPNN/Rosetta/output_pdbs/pmpnn_ortho/neg0.6/0.6_relaxed_ortho_3_A22K_A68Y_rep4.pdb
[DEBUG] Output file: /scratch4/jgray21/zhuggan1/projects/orthosystems/tryingggg/pos_neg_design/OrthoMPNN/Rosetta/output_pdbs/pmpnn_ortho/neg0.6/0.6_relaxed_ortho_3_A22K_A68Y_rep5.pdb
[DEBUG] Creating jobs for bundle: [('A 22', 'T'), ('A 68', 'Q')]
[DEBUG] Output file: /scratch4/jgray21/zhuggan1/projects/orthosystems/tryingggg/pos_neg_design/OrthoMPNN/Rosetta/output_pdbs/pmpnn_ortho/neg0.6/0.6_relaxed_ortho_3_A22T_A68Q_rep1.pdb
[DEBUG] Output file: /scratch4/jgray21/zhuggan1/projects/orthosystems/tryingggg/pos_neg_design/OrthoMPNN/Rosetta/output_pdbs/pmpnn_ortho/neg0.6/0.6_relaxed_ortho_3_A22T_A68Q_rep2.pdb
[DEBUG] Output file: /scratch4/jgray21/zhuggan1/projects/orthosystems/tryingggg/pos_neg_design/OrthoMPNN/Rosetta/output_pdbs/pmpnn_ortho/neg0.6/0.6_relaxed_ortho_3_A22T_A68Q_rep3.pdb
[DEBUG] Output file: /scratch4/jgray21/zhuggan1/projects/orthosystems/tryingggg/pos_neg_design/OrthoMPNN/Rosetta/output_pdbs/pmpnn_ortho/neg0.6/0.6_relaxed_ortho_3_A22T_A68Q_rep4.pdb
[DEBUG] Output file: /scratch4/jgray21/zhuggan1/projects/orthosystems/tryingggg/pos_neg_design/OrthoMPNN/Rosetta/output_pdbs/pmpnn_ortho/neg0.6/0.6_relaxed_ortho_3_A22T_A68Q_rep5.pdb
[DEBUG] Creating jobs for bundle: [('A 22', 'K'), ('A 26', 'N'), ('A 52', 'R'), ('A 68', 'K')]
[DEBUG] Output file: /scratch4/jgray21/zhuggan1/projects/orthosystems/tryingggg/pos_neg_design/OrthoMPNN/Rosetta/output_pdbs/pmpnn_ortho/neg0.6/0.6_relaxed_ortho_3_A22K_A26N_A52R_A68K_rep1.pdb
[DEBUG] Output file: /scratch4/jgray21/zhuggan1/projects/orthosystems/tryingggg/pos_neg_design/OrthoMPNN/Rosetta/output_pdbs/pmpnn_ortho/neg0.6/0.6_relaxed_ortho_3_A22K_A26N_A52R_A68K_rep2.pdb
[DEBUG] Output file: /scratch4/jgray21/zhuggan1/projects/orthosystems/tryingggg/pos_neg_design/OrthoMPNN/Rosetta/output_pdbs/pmpnn_ortho/neg0.6/0.6_relaxed_ortho_3_A22K_A26N_A52R_A68K_rep3.pdb
[DEBUG] Output file: /scratch4/jgray21/zhuggan1/projects/orthosystems/tryingggg/pos_neg_design/OrthoMPNN/Rosetta/output_pdbs/pmpnn_ortho/neg0.6/0.6_relaxed_ortho_3_A22K_A26N_A52R_A68K_rep4.pdb
[DEBUG] Output file: /scratch4/jgray21/zhuggan1/projects/orthosystems/tryingggg/pos_neg_design/OrthoMPNN/Rosetta/output_pdbs/pmpnn_ortho/neg0.6/0.6_relaxed_ortho_3_A22K_A26N_A52R_A68K_rep5.pdb
[DEBUG] Creating jobs for bundle: [('A 29', 'T'), ('A 49', 'V'), ('A 52', 'R'), ('A 68', 'L')]
[DEBUG] Output file: /scratch4/jgray21/zhuggan1/projects/orthosystems/tryingggg/pos_neg_design/OrthoMPNN/Rosetta/output_pdbs/pmpnn_ortho/neg0.6/0.6_relaxed_ortho_3_A29T_A49V_A52R_A68L_rep1.pdb
[DEBUG] Output file: /scratch4/jgray21/zhuggan1/projects/orthosystems/tryingggg/pos_neg_design/OrthoMPNN/Rosetta/output_pdbs/pmpnn_ortho/neg0.6/0.6_relaxed_ortho_3_A29T_A49V_A52R_A68L_rep2.pdb
[DEBUG] Output file: /scratch4/jgray21/zhuggan1/projects/orthosystems/tryingggg/pos_neg_design/OrthoMPNN/Rosetta/output_pdbs/pmpnn_ortho/neg0.6/0.6_relaxed_ortho_3_A29T_A49V_A52R_A68L_rep3.pdb
[DEBUG] Output file: /scratch4/jgray21/zhuggan1/projects/orthosystems/tryingggg/pos_neg_design/OrthoMPNN/Rosetta/output_pdbs/pmpnn_ortho/neg0.6/0.6_relaxed_ortho_3_A29T_A49V_A52R_A68L_rep4.pdb
[DEBUG] Output file: /scratch4/jgray21/zhuggan1/projects/orthosystems/tryingggg/pos_neg_design/OrthoMPNN/Rosetta/output_pdbs/pmpnn_ortho/neg0.6/0.6_relaxed_ortho_3_A29T_A49V_A52R_A68L_rep5.pdb
[DEBUG] Creating jobs for bundle: [('A 22', 'K'), ('A 68', 'K')]
[DEBUG] Output file: /scratch4/jgray21/zhuggan1/projects/orthosystems/tryingggg/pos_neg_design/OrthoMPNN/Rosetta/output_pdbs/pmpnn_ortho/neg0.6/0.6_relaxed_ortho_3_A22K_A68K_rep1.pdb
[DEBUG] Output file: /scratch4/jgray21/zhuggan1/projects/orthosystems/tryingggg/pos_neg_design/OrthoMPNN/Rosetta/output_pdbs/pmpnn_ortho/neg0.6/0.6_relaxed_ortho_3_A22K_A68K_rep2.pdb
[DEBUG] Output file: /scratch4/jgray21/zhuggan1/projects/orthosystems/tryingggg/pos_neg_design/OrthoMPNN/Rosetta/output_pdbs/pmpnn_ortho/neg0.6/0.6_relaxed_ortho_3_A22K_A68K_rep3.pdb
[DEBUG] Output file: /scratch4/jgray21/zhuggan1/projects/orthosystems/tryingggg/pos_neg_design/OrthoMPNN/Rosetta/output_pdbs/pmpnn_ortho/neg0.6/0.6_relaxed_ortho_3_A22K_A68K_rep4.pdb
[DEBUG] Output file: /scratch4/jgray21/zhuggan1/projects/orthosystems/tryingggg/pos_neg_design/OrthoMPNN/Rosetta/output_pdbs/pmpnn_ortho/neg0.6/0.6_relaxed_ortho_3_A22K_A68K_rep5.pdb
[DEBUG] Creating jobs for bundle: [('A 22', 'A'), ('A 68', 'E')]
[DEBUG] Output file: /scratch4/jgray21/zhuggan1/projects/orthosystems/tryingggg/pos_neg_design/OrthoMPNN/Rosetta/output_pdbs/pmpnn_ortho/neg0.6/0.6_relaxed_ortho_3_A22A_A68E_rep1.pdb
[DEBUG] Output file: /scratch4/jgray21/zhuggan1/projects/orthosystems/tryingggg/pos_neg_design/OrthoMPNN/Rosetta/output_pdbs/pmpnn_ortho/neg0.6/0.6_relaxed_ortho_3_A22A_A68E_rep2.pdb
[DEBUG] Output file: /scratch4/jgray21/zhuggan1/projects/orthosystems/tryingggg/pos_neg_design/OrthoMPNN/Rosetta/output_pdbs/pmpnn_ortho/neg0.6/0.6_relaxed_ortho_3_A22A_A68E_rep3.pdb
[DEBUG] Output file: /scratch4/jgray21/zhuggan1/projects/orthosystems/tryingggg/pos_neg_design/OrthoMPNN/Rosetta/output_pdbs/pmpnn_ortho/neg0.6/0.6_relaxed_ortho_3_A22A_A68E_rep4.pdb
[DEBUG] Output file: /scratch4/jgray21/zhuggan1/projects/orthosystems/tryingggg/pos_neg_design/OrthoMPNN/Rosetta/output_pdbs/pmpnn_ortho/neg0.6/0.6_relaxed_ortho_3_A22A_A68E_rep5.pdb
[DEBUG] Creating jobs for bundle: [('A 22', 'K'), ('A 49', 'L'), ('A 68', 'T')]
[DEBUG] Output file: /scratch4/jgray21/zhuggan1/projects/orthosystems/tryingggg/pos_neg_design/OrthoMPNN/Rosetta/output_pdbs/pmpnn_ortho/neg0.6/0.6_relaxed_ortho_3_A22K_A49L_A68T_rep1.pdb
[DEBUG] Output file: /scratch4/jgray21/zhuggan1/projects/orthosystems/tryingggg/pos_neg_design/OrthoMPNN/Rosetta/output_pdbs/pmpnn_ortho/neg0.6/0.6_relaxed_ortho_3_A22K_A49L_A68T_rep2.pdb
[DEBUG] Output file: /scratch4/jgray21/zhuggan1/projects/orthosystems/tryingggg/pos_neg_design/OrthoMPNN/Rosetta/output_pdbs/pmpnn_ortho/neg0.6/0.6_relaxed_ortho_3_A22K_A49L_A68T_rep3.pdb
[DEBUG] Output file: /scratch4/jgray21/zhuggan1/projects/orthosystems/tryingggg/pos_neg_design/OrthoMPNN/Rosetta/output_pdbs/pmpnn_ortho/neg0.6/0.6_relaxed_ortho_3_A22K_A49L_A68T_rep4.pdb
[DEBUG] Output file: /scratch4/jgray21/zhuggan1/projects/orthosystems/tryingggg/pos_neg_design/OrthoMPNN/Rosetta/output_pdbs/pmpnn_ortho/neg0.6/0.6_relaxed_ortho_3_A22K_A49L_A68T_rep5.pdb
[DEBUG] Creating jobs for bundle: [('A 22', 'T'), ('A 29', 'T'), ('A 52', 'R'), ('A 68', 'A')]
[DEBUG] Output file: /scratch4/jgray21/zhuggan1/projects/orthosystems/tryingggg/pos_neg_design/OrthoMPNN/Rosetta/output_pdbs/pmpnn_ortho/neg0.6/0.6_relaxed_ortho_3_A22T_A29T_A52R_A68A_rep1.pdb
[DEBUG] Output file: /scratch4/jgray21/zhuggan1/projects/orthosystems/tryingggg/pos_neg_design/OrthoMPNN/Rosetta/output_pdbs/pmpnn_ortho/neg0.6/0.6_relaxed_ortho_3_A22T_A29T_A52R_A68A_rep2.pdb
[DEBUG] Output file: /scratch4/jgray21/zhuggan1/projects/orthosystems/tryingggg/pos_neg_design/OrthoMPNN/Rosetta/output_pdbs/pmpnn_ortho/neg0.6/0.6_relaxed_ortho_3_A22T_A29T_A52R_A68A_rep3.pdb
[DEBUG] Output file: /scratch4/jgray21/zhuggan1/projects/orthosystems/tryingggg/pos_neg_design/OrthoMPNN/Rosetta/output_pdbs/pmpnn_ortho/neg0.6/0.6_relaxed_ortho_3_A22T_A29T_A52R_A68A_rep4.pdb
[DEBUG] Output file: /scratch4/jgray21/zhuggan1/projects/orthosystems/tryingggg/pos_neg_design/OrthoMPNN/Rosetta/output_pdbs/pmpnn_ortho/neg0.6/0.6_relaxed_ortho_3_A22T_A29T_A52R_A68A_rep5.pdb
[DEBUG] Creating jobs for bundle: [('A 22', 'T'), ('A 68', 'T')]
[DEBUG] Output file: /scratch4/jgray21/zhuggan1/projects/orthosystems/tryingggg/pos_neg_design/OrthoMPNN/Rosetta/output_pdbs/pmpnn_ortho/neg0.6/0.6_relaxed_ortho_3_A22T_A68T_rep1.pdb
[DEBUG] Output file: /scratch4/jgray21/zhuggan1/projects/orthosystems/tryingggg/pos_neg_design/OrthoMPNN/Rosetta/output_pdbs/pmpnn_ortho/neg0.6/0.6_relaxed_ortho_3_A22T_A68T_rep2.pdb
[DEBUG] Output file: /scratch4/jgray21/zhuggan1/projects/orthosystems/tryingggg/pos_neg_design/OrthoMPNN/Rosetta/output_pdbs/pmpnn_ortho/neg0.6/0.6_relaxed_ortho_3_A22T_A68T_rep3.pdb
[DEBUG] Output file: /scratch4/jgray21/zhuggan1/projects/orthosystems/tryingggg/pos_neg_design/OrthoMPNN/Rosetta/output_pdbs/pmpnn_ortho/neg0.6/0.6_relaxed_ortho_3_A22T_A68T_rep4.pdb
[DEBUG] Output file: /scratch4/jgray21/zhuggan1/projects/orthosystems/tryingggg/pos_neg_design/OrthoMPNN/Rosetta/output_pdbs/pmpnn_ortho/neg0.6/0.6_relaxed_ortho_3_A22T_A68T_rep5.pdb
[DEBUG] Creating jobs for bundle: [('A 68', 'M')]
[DEBUG] Output file: /scratch4/jgray21/zhuggan1/projects/orthosystems/tryingggg/pos_neg_design/OrthoMPNN/Rosetta/output_pdbs/pmpnn_ortho/neg0.6/0.6_relaxed_ortho_3_A68M_rep1.pdb
[DEBUG] Output file: /scratch4/jgray21/zhuggan1/projects/orthosystems/tryingggg/pos_neg_design/OrthoMPNN/Rosetta/output_pdbs/pmpnn_ortho/neg0.6/0.6_relaxed_ortho_3_A68M_rep2.pdb
[DEBUG] Output file: /scratch4/jgray21/zhuggan1/projects/orthosystems/tryingggg/pos_neg_design/OrthoMPNN/Rosetta/output_pdbs/pmpnn_ortho/neg0.6/0.6_relaxed_ortho_3_A68M_rep3.pdb
[DEBUG] Output file: /scratch4/jgray21/zhuggan1/projects/orthosystems/tryingggg/pos_neg_design/OrthoMPNN/Rosetta/output_pdbs/pmpnn_ortho/neg0.6/0.6_relaxed_ortho_3_A68M_rep4.pdb
[DEBUG] Output file: /scratch4/jgray21/zhuggan1/projects/orthosystems/tryingggg/pos_neg_design/OrthoMPNN/Rosetta/output_pdbs/pmpnn_ortho/neg0.6/0.6_relaxed_ortho_3_A68M_rep5.pdb
[DEBUG] Creating jobs for bundle: [('A 22', 'P'), ('A 68', 'L')]
[DEBUG] Output file: /scratch4/jgray21/zhuggan1/projects/orthosystems/tryingggg/pos_neg_design/OrthoMPNN/Rosetta/output_pdbs/pmpnn_ortho/neg0.6/0.6_relaxed_ortho_3_A22P_A68L_rep1.pdb
[DEBUG] Output file: /scratch4/jgray21/zhuggan1/projects/orthosystems/tryingggg/pos_neg_design/OrthoMPNN/Rosetta/output_pdbs/pmpnn_ortho/neg0.6/0.6_relaxed_ortho_3_A22P_A68L_rep2.pdb
[DEBUG] Output file: /scratch4/jgray21/zhuggan1/projects/orthosystems/tryingggg/pos_neg_design/OrthoMPNN/Rosetta/output_pdbs/pmpnn_ortho/neg0.6/0.6_relaxed_ortho_3_A22P_A68L_rep3.pdb
[DEBUG] Output file: /scratch4/jgray21/zhuggan1/projects/orthosystems/tryingggg/pos_neg_design/OrthoMPNN/Rosetta/output_pdbs/pmpnn_ortho/neg0.6/0.6_relaxed_ortho_3_A22P_A68L_rep4.pdb
[DEBUG] Output file: /scratch4/jgray21/zhuggan1/projects/orthosystems/tryingggg/pos_neg_design/OrthoMPNN/Rosetta/output_pdbs/pmpnn_ortho/neg0.6/0.6_relaxed_ortho_3_A22P_A68L_rep5.pdb
[DEBUG] Creating jobs for bundle: [('A 22', 'Q'), ('A 49', 'I'), ('A 52', 'R'), ('A 68', 'T')]
[DEBUG] Output file: /scratch4/jgray21/zhuggan1/projects/orthosystems/tryingggg/pos_neg_design/OrthoMPNN/Rosetta/output_pdbs/pmpnn_ortho/neg0.6/0.6_relaxed_ortho_3_A22Q_A49I_A52R_A68T_rep1.pdb
[DEBUG] Output file: /scratch4/jgray21/zhuggan1/projects/orthosystems/tryingggg/pos_neg_design/OrthoMPNN/Rosetta/output_pdbs/pmpnn_ortho/neg0.6/0.6_relaxed_ortho_3_A22Q_A49I_A52R_A68T_rep2.pdb
[DEBUG] Output file: /scratch4/jgray21/zhuggan1/projects/orthosystems/tryingggg/pos_neg_design/OrthoMPNN/Rosetta/output_pdbs/pmpnn_ortho/neg0.6/0.6_relaxed_ortho_3_A22Q_A49I_A52R_A68T_rep3.pdb
[DEBUG] Output file: /scratch4/jgray21/zhuggan1/projects/orthosystems/tryingggg/pos_neg_design/OrthoMPNN/Rosetta/output_pdbs/pmpnn_ortho/neg0.6/0.6_relaxed_ortho_3_A22Q_A49I_A52R_A68T_rep4.pdb
[DEBUG] Output file: /scratch4/jgray21/zhuggan1/projects/orthosystems/tryingggg/pos_neg_design/OrthoMPNN/Rosetta/output_pdbs/pmpnn_ortho/neg0.6/0.6_relaxed_ortho_3_A22Q_A49I_A52R_A68T_rep5.pdb
[DEBUG] Creating jobs for bundle: [('A 22', 'K'), ('A 49', 'L'), ('A 52', 'T'), ('A 68', 'D')]
[DEBUG] Output file: /scratch4/jgray21/zhuggan1/projects/orthosystems/tryingggg/pos_neg_design/OrthoMPNN/Rosetta/output_pdbs/pmpnn_ortho/neg0.6/0.6_relaxed_ortho_3_A22K_A49L_A52T_A68D_rep1.pdb
[DEBUG] Output file: /scratch4/jgray21/zhuggan1/projects/orthosystems/tryingggg/pos_neg_design/OrthoMPNN/Rosetta/output_pdbs/pmpnn_ortho/neg0.6/0.6_relaxed_ortho_3_A22K_A49L_A52T_A68D_rep2.pdb
[DEBUG] Output file: /scratch4/jgray21/zhuggan1/projects/orthosystems/tryingggg/pos_neg_design/OrthoMPNN/Rosetta/output_pdbs/pmpnn_ortho/neg0.6/0.6_relaxed_ortho_3_A22K_A49L_A52T_A68D_rep3.pdb
[DEBUG] Output file: /scratch4/jgray21/zhuggan1/projects/orthosystems/tryingggg/pos_neg_design/OrthoMPNN/Rosetta/output_pdbs/pmpnn_ortho/neg0.6/0.6_relaxed_ortho_3_A22K_A49L_A52T_A68D_rep4.pdb
[DEBUG] Output file: /scratch4/jgray21/zhuggan1/projects/orthosystems/tryingggg/pos_neg_design/OrthoMPNN/Rosetta/output_pdbs/pmpnn_ortho/neg0.6/0.6_relaxed_ortho_3_A22K_A49L_A52T_A68D_rep5.pdb
[DEBUG] Creating jobs for bundle: [('A 49', 'I'), ('A 68', 'L')]
[DEBUG] Output file: /scratch4/jgray21/zhuggan1/projects/orthosystems/tryingggg/pos_neg_design/OrthoMPNN/Rosetta/output_pdbs/pmpnn_ortho/neg0.6/0.6_relaxed_ortho_3_A49I_A68L_rep1.pdb
[DEBUG] Output file: /scratch4/jgray21/zhuggan1/projects/orthosystems/tryingggg/pos_neg_design/OrthoMPNN/Rosetta/output_pdbs/pmpnn_ortho/neg0.6/0.6_relaxed_ortho_3_A49I_A68L_rep2.pdb
[DEBUG] Output file: /scratch4/jgray21/zhuggan1/projects/orthosystems/tryingggg/pos_neg_design/OrthoMPNN/Rosetta/output_pdbs/pmpnn_ortho/neg0.6/0.6_relaxed_ortho_3_A49I_A68L_rep3.pdb
[DEBUG] Output file: /scratch4/jgray21/zhuggan1/projects/orthosystems/tryingggg/pos_neg_design/OrthoMPNN/Rosetta/output_pdbs/pmpnn_ortho/neg0.6/0.6_relaxed_ortho_3_A49I_A68L_rep4.pdb
[DEBUG] Output file: /scratch4/jgray21/zhuggan1/projects/orthosystems/tryingggg/pos_neg_design/OrthoMPNN/Rosetta/output_pdbs/pmpnn_ortho/neg0.6/0.6_relaxed_ortho_3_A49I_A68L_rep5.pdb
[DEBUG] Creating jobs for bundle: [('A 52', 'R'), ('A 68', 'T')]
[DEBUG] Output file: /scratch4/jgray21/zhuggan1/projects/orthosystems/tryingggg/pos_neg_design/OrthoMPNN/Rosetta/output_pdbs/pmpnn_ortho/neg0.6/0.6_relaxed_ortho_3_A52R_A68T_rep1.pdb
[DEBUG] Output file: /scratch4/jgray21/zhuggan1/projects/orthosystems/tryingggg/pos_neg_design/OrthoMPNN/Rosetta/output_pdbs/pmpnn_ortho/neg0.6/0.6_relaxed_ortho_3_A52R_A68T_rep2.pdb
[DEBUG] Output file: /scratch4/jgray21/zhuggan1/projects/orthosystems/tryingggg/pos_neg_design/OrthoMPNN/Rosetta/output_pdbs/pmpnn_ortho/neg0.6/0.6_relaxed_ortho_3_A52R_A68T_rep3.pdb
[DEBUG] Output file: /scratch4/jgray21/zhuggan1/projects/orthosystems/tryingggg/pos_neg_design/OrthoMPNN/Rosetta/output_pdbs/pmpnn_ortho/neg0.6/0.6_relaxed_ortho_3_A52R_A68T_rep4.pdb
[DEBUG] Output file: /scratch4/jgray21/zhuggan1/projects/orthosystems/tryingggg/pos_neg_design/OrthoMPNN/Rosetta/output_pdbs/pmpnn_ortho/neg0.6/0.6_relaxed_ortho_3_A52R_A68T_rep5.pdb
[DEBUG] Creating jobs for bundle: [('A 22', 'E'), ('A 29', 'G'), ('A 68', 'T')]
[DEBUG] Output file: /scratch4/jgray21/zhuggan1/projects/orthosystems/tryingggg/pos_neg_design/OrthoMPNN/Rosetta/output_pdbs/pmpnn_ortho/neg0.6/0.6_relaxed_ortho_3_A22E_A29G_A68T_rep1.pdb
[DEBUG] Output file: /scratch4/jgray21/zhuggan1/projects/orthosystems/tryingggg/pos_neg_design/OrthoMPNN/Rosetta/output_pdbs/pmpnn_ortho/neg0.6/0.6_relaxed_ortho_3_A22E_A29G_A68T_rep2.pdb
[DEBUG] Output file: /scratch4/jgray21/zhuggan1/projects/orthosystems/tryingggg/pos_neg_design/OrthoMPNN/Rosetta/output_pdbs/pmpnn_ortho/neg0.6/0.6_relaxed_ortho_3_A22E_A29G_A68T_rep3.pdb
[DEBUG] Output file: /scratch4/jgray21/zhuggan1/projects/orthosystems/tryingggg/pos_neg_design/OrthoMPNN/Rosetta/output_pdbs/pmpnn_ortho/neg0.6/0.6_relaxed_ortho_3_A22E_A29G_A68T_rep4.pdb
[DEBUG] Output file: /scratch4/jgray21/zhuggan1/projects/orthosystems/tryingggg/pos_neg_design/OrthoMPNN/Rosetta/output_pdbs/pmpnn_ortho/neg0.6/0.6_relaxed_ortho_3_A22E_A29G_A68T_rep5.pdb
[DEBUG] Creating jobs for bundle: [('A 52', 'T'), ('A 68', 'L')]
[DEBUG] Output file: /scratch4/jgray21/zhuggan1/projects/orthosystems/tryingggg/pos_neg_design/OrthoMPNN/Rosetta/output_pdbs/pmpnn_ortho/neg0.6/0.6_relaxed_ortho_3_A52T_A68L_rep1.pdb
[DEBUG] Output file: /scratch4/jgray21/zhuggan1/projects/orthosystems/tryingggg/pos_neg_design/OrthoMPNN/Rosetta/output_pdbs/pmpnn_ortho/neg0.6/0.6_relaxed_ortho_3_A52T_A68L_rep2.pdb
[DEBUG] Output file: /scratch4/jgray21/zhuggan1/projects/orthosystems/tryingggg/pos_neg_design/OrthoMPNN/Rosetta/output_pdbs/pmpnn_ortho/neg0.6/0.6_relaxed_ortho_3_A52T_A68L_rep3.pdb
[DEBUG] Output file: /scratch4/jgray21/zhuggan1/projects/orthosystems/tryingggg/pos_neg_design/OrthoMPNN/Rosetta/output_pdbs/pmpnn_ortho/neg0.6/0.6_relaxed_ortho_3_A52T_A68L_rep4.pdb
[DEBUG] Output file: /scratch4/jgray21/zhuggan1/projects/orthosystems/tryingggg/pos_neg_design/OrthoMPNN/Rosetta/output_pdbs/pmpnn_ortho/neg0.6/0.6_relaxed_ortho_3_A52T_A68L_rep5.pdb
[DEBUG] Creating jobs for bundle: [('A 68', 'Q')]
[DEBUG] Output file: /scratch4/jgray21/zhuggan1/projects/orthosystems/tryingggg/pos_neg_design/OrthoMPNN/Rosetta/output_pdbs/pmpnn_ortho/neg0.6/0.6_relaxed_ortho_3_A68Q_rep1.pdb
[DEBUG] Output file: /scratch4/jgray21/zhuggan1/projects/orthosystems/tryingggg/pos_neg_design/OrthoMPNN/Rosetta/output_pdbs/pmpnn_ortho/neg0.6/0.6_relaxed_ortho_3_A68Q_rep2.pdb
[DEBUG] Output file: /scratch4/jgray21/zhuggan1/projects/orthosystems/tryingggg/pos_neg_design/OrthoMPNN/Rosetta/output_pdbs/pmpnn_ortho/neg0.6/0.6_relaxed_ortho_3_A68Q_rep3.pdb
[DEBUG] Output file: /scratch4/jgray21/zhuggan1/projects/orthosystems/tryingggg/pos_neg_design/OrthoMPNN/Rosetta/output_pdbs/pmpnn_ortho/neg0.6/0.6_relaxed_ortho_3_A68Q_rep4.pdb
[DEBUG] Output file: /scratch4/jgray21/zhuggan1/projects/orthosystems/tryingggg/pos_neg_design/OrthoMPNN/Rosetta/output_pdbs/pmpnn_ortho/neg0.6/0.6_relaxed_ortho_3_A68Q_rep5.pdb
[DEBUG] Creating jobs for bundle: [('A 22', 'K'), ('A 49', 'F'), ('A 68', 'L')]
[DEBUG] Output file: /scratch4/jgray21/zhuggan1/projects/orthosystems/tryingggg/pos_neg_design/OrthoMPNN/Rosetta/output_pdbs/pmpnn_ortho/neg0.6/0.6_relaxed_ortho_3_A22K_A49F_A68L_rep1.pdb
[DEBUG] Output file: /scratch4/jgray21/zhuggan1/projects/orthosystems/tryingggg/pos_neg_design/OrthoMPNN/Rosetta/output_pdbs/pmpnn_ortho/neg0.6/0.6_relaxed_ortho_3_A22K_A49F_A68L_rep2.pdb
[DEBUG] Output file: /scratch4/jgray21/zhuggan1/projects/orthosystems/tryingggg/pos_neg_design/OrthoMPNN/Rosetta/output_pdbs/pmpnn_ortho/neg0.6/0.6_relaxed_ortho_3_A22K_A49F_A68L_rep3.pdb
[DEBUG] Output file: /scratch4/jgray21/zhuggan1/projects/orthosystems/tryingggg/pos_neg_design/OrthoMPNN/Rosetta/output_pdbs/pmpnn_ortho/neg0.6/0.6_relaxed_ortho_3_A22K_A49F_A68L_rep4.pdb
[DEBUG] Output file: /scratch4/jgray21/zhuggan1/projects/orthosystems/tryingggg/pos_neg_design/OrthoMPNN/Rosetta/output_pdbs/pmpnn_ortho/neg0.6/0.6_relaxed_ortho_3_A22K_A49F_A68L_rep5.pdb
[DEBUG] Creating jobs for bundle: [('A 31', 'D'), ('A 68', 'D')]
[DEBUG] Output file: /scratch4/jgray21/zhuggan1/projects/orthosystems/tryingggg/pos_neg_design/OrthoMPNN/Rosetta/output_pdbs/pmpnn_ortho/neg0.6/0.6_relaxed_ortho_3_A31D_A68D_rep1.pdb
[DEBUG] Output file: /scratch4/jgray21/zhuggan1/projects/orthosystems/tryingggg/pos_neg_design/OrthoMPNN/Rosetta/output_pdbs/pmpnn_ortho/neg0.6/0.6_relaxed_ortho_3_A31D_A68D_rep2.pdb
[DEBUG] Output file: /scratch4/jgray21/zhuggan1/projects/orthosystems/tryingggg/pos_neg_design/OrthoMPNN/Rosetta/output_pdbs/pmpnn_ortho/neg0.6/0.6_relaxed_ortho_3_A31D_A68D_rep3.pdb
[DEBUG] Output file: /scratch4/jgray21/zhuggan1/projects/orthosystems/tryingggg/pos_neg_design/OrthoMPNN/Rosetta/output_pdbs/pmpnn_ortho/neg0.6/0.6_relaxed_ortho_3_A31D_A68D_rep4.pdb
[DEBUG] Output file: /scratch4/jgray21/zhuggan1/projects/orthosystems/tryingggg/pos_neg_design/OrthoMPNN/Rosetta/output_pdbs/pmpnn_ortho/neg0.6/0.6_relaxed_ortho_3_A31D_A68D_rep5.pdb
[DEBUG] Creating jobs for bundle: [('A 52', 'R'), ('A 68', 'E')]
[DEBUG] Output file: /scratch4/jgray21/zhuggan1/projects/orthosystems/tryingggg/pos_neg_design/OrthoMPNN/Rosetta/output_pdbs/pmpnn_ortho/neg0.6/0.6_relaxed_ortho_3_A52R_A68E_rep1.pdb
[DEBUG] Output file: /scratch4/jgray21/zhuggan1/projects/orthosystems/tryingggg/pos_neg_design/OrthoMPNN/Rosetta/output_pdbs/pmpnn_ortho/neg0.6/0.6_relaxed_ortho_3_A52R_A68E_rep2.pdb
[DEBUG] Output file: /scratch4/jgray21/zhuggan1/projects/orthosystems/tryingggg/pos_neg_design/OrthoMPNN/Rosetta/output_pdbs/pmpnn_ortho/neg0.6/0.6_relaxed_ortho_3_A52R_A68E_rep3.pdb
[DEBUG] Output file: /scratch4/jgray21/zhuggan1/projects/orthosystems/tryingggg/pos_neg_design/OrthoMPNN/Rosetta/output_pdbs/pmpnn_ortho/neg0.6/0.6_relaxed_ortho_3_A52R_A68E_rep4.pdb
[DEBUG] Output file: /scratch4/jgray21/zhuggan1/projects/orthosystems/tryingggg/pos_neg_design/OrthoMPNN/Rosetta/output_pdbs/pmpnn_ortho/neg0.6/0.6_relaxed_ortho_3_A52R_A68E_rep5.pdb
[DEBUG] Creating jobs for bundle: [('A 22', 'S'), ('A 68', 'L')]
[DEBUG] Output file: /scratch4/jgray21/zhuggan1/projects/orthosystems/tryingggg/pos_neg_design/OrthoMPNN/Rosetta/output_pdbs/pmpnn_ortho/neg0.6/0.6_relaxed_ortho_3_A22S_A68L_rep1.pdb
[DEBUG] Output file: /scratch4/jgray21/zhuggan1/projects/orthosystems/tryingggg/pos_neg_design/OrthoMPNN/Rosetta/output_pdbs/pmpnn_ortho/neg0.6/0.6_relaxed_ortho_3_A22S_A68L_rep2.pdb
[DEBUG] Output file: /scratch4/jgray21/zhuggan1/projects/orthosystems/tryingggg/pos_neg_design/OrthoMPNN/Rosetta/output_pdbs/pmpnn_ortho/neg0.6/0.6_relaxed_ortho_3_A22S_A68L_rep3.pdb
[DEBUG] Output file: /scratch4/jgray21/zhuggan1/projects/orthosystems/tryingggg/pos_neg_design/OrthoMPNN/Rosetta/output_pdbs/pmpnn_ortho/neg0.6/0.6_relaxed_ortho_3_A22S_A68L_rep4.pdb
[DEBUG] Output file: /scratch4/jgray21/zhuggan1/projects/orthosystems/tryingggg/pos_neg_design/OrthoMPNN/Rosetta/output_pdbs/pmpnn_ortho/neg0.6/0.6_relaxed_ortho_3_A22S_A68L_rep5.pdb
[DEBUG] Creating jobs for bundle: [('A 22', 'K'), ('A 49', 'L'), ('A 68', 'E')]
[DEBUG] Output file: /scratch4/jgray21/zhuggan1/projects/orthosystems/tryingggg/pos_neg_design/OrthoMPNN/Rosetta/output_pdbs/pmpnn_ortho/neg0.6/0.6_relaxed_ortho_3_A22K_A49L_A68E_rep1.pdb
[DEBUG] Output file: /scratch4/jgray21/zhuggan1/projects/orthosystems/tryingggg/pos_neg_design/OrthoMPNN/Rosetta/output_pdbs/pmpnn_ortho/neg0.6/0.6_relaxed_ortho_3_A22K_A49L_A68E_rep2.pdb
[DEBUG] Output file: /scratch4/jgray21/zhuggan1/projects/orthosystems/tryingggg/pos_neg_design/OrthoMPNN/Rosetta/output_pdbs/pmpnn_ortho/neg0.6/0.6_relaxed_ortho_3_A22K_A49L_A68E_rep3.pdb
[DEBUG] Output file: /scratch4/jgray21/zhuggan1/projects/orthosystems/tryingggg/pos_neg_design/OrthoMPNN/Rosetta/output_pdbs/pmpnn_ortho/neg0.6/0.6_relaxed_ortho_3_A22K_A49L_A68E_rep4.pdb
[DEBUG] Output file: /scratch4/jgray21/zhuggan1/projects/orthosystems/tryingggg/pos_neg_design/OrthoMPNN/Rosetta/output_pdbs/pmpnn_ortho/neg0.6/0.6_relaxed_ortho_3_A22K_A49L_A68E_rep5.pdb
[DEBUG] Creating jobs for bundle: [('A 22', 'S'), ('A 68', 'T')]
[DEBUG] Output file: /scratch4/jgray21/zhuggan1/projects/orthosystems/tryingggg/pos_neg_design/OrthoMPNN/Rosetta/output_pdbs/pmpnn_ortho/neg0.6/0.6_relaxed_ortho_3_A22S_A68T_rep1.pdb
[DEBUG] Output file: /scratch4/jgray21/zhuggan1/projects/orthosystems/tryingggg/pos_neg_design/OrthoMPNN/Rosetta/output_pdbs/pmpnn_ortho/neg0.6/0.6_relaxed_ortho_3_A22S_A68T_rep2.pdb
[DEBUG] Output file: /scratch4/jgray21/zhuggan1/projects/orthosystems/tryingggg/pos_neg_design/OrthoMPNN/Rosetta/output_pdbs/pmpnn_ortho/neg0.6/0.6_relaxed_ortho_3_A22S_A68T_rep3.pdb
[DEBUG] Output file: /scratch4/jgray21/zhuggan1/projects/orthosystems/tryingggg/pos_neg_design/OrthoMPNN/Rosetta/output_pdbs/pmpnn_ortho/neg0.6/0.6_relaxed_ortho_3_A22S_A68T_rep4.pdb
[DEBUG] Output file: /scratch4/jgray21/zhuggan1/projects/orthosystems/tryingggg/pos_neg_design/OrthoMPNN/Rosetta/output_pdbs/pmpnn_ortho/neg0.6/0.6_relaxed_ortho_3_A22S_A68T_rep5.pdb
[DEBUG] Creating jobs for bundle: [('A 22', 'K'), ('A 52', 'T'), ('A 68', 'L')]
[DEBUG] Output file: /scratch4/jgray21/zhuggan1/projects/orthosystems/tryingggg/pos_neg_design/OrthoMPNN/Rosetta/output_pdbs/pmpnn_ortho/neg0.6/0.6_relaxed_ortho_3_A22K_A52T_A68L_rep1.pdb
[DEBUG] Output file: /scratch4/jgray21/zhuggan1/projects/orthosystems/tryingggg/pos_neg_design/OrthoMPNN/Rosetta/output_pdbs/pmpnn_ortho/neg0.6/0.6_relaxed_ortho_3_A22K_A52T_A68L_rep2.pdb
[DEBUG] Output file: /scratch4/jgray21/zhuggan1/projects/orthosystems/tryingggg/pos_neg_design/OrthoMPNN/Rosetta/output_pdbs/pmpnn_ortho/neg0.6/0.6_relaxed_ortho_3_A22K_A52T_A68L_rep3.pdb
[DEBUG] Output file: /scratch4/jgray21/zhuggan1/projects/orthosystems/tryingggg/pos_neg_design/OrthoMPNN/Rosetta/output_pdbs/pmpnn_ortho/neg0.6/0.6_relaxed_ortho_3_A22K_A52T_A68L_rep4.pdb
[DEBUG] Output file: /scratch4/jgray21/zhuggan1/projects/orthosystems/tryingggg/pos_neg_design/OrthoMPNN/Rosetta/output_pdbs/pmpnn_ortho/neg0.6/0.6_relaxed_ortho_3_A22K_A52T_A68L_rep5.pdb
[DEBUG] Creating jobs for bundle: [('A 29', 'T'), ('A 49', 'L'), ('A 52', 'R'), ('A 68', 'T')]
[DEBUG] Output file: /scratch4/jgray21/zhuggan1/projects/orthosystems/tryingggg/pos_neg_design/OrthoMPNN/Rosetta/output_pdbs/pmpnn_ortho/neg0.6/0.6_relaxed_ortho_3_A29T_A49L_A52R_A68T_rep1.pdb
[DEBUG] Output file: /scratch4/jgray21/zhuggan1/projects/orthosystems/tryingggg/pos_neg_design/OrthoMPNN/Rosetta/output_pdbs/pmpnn_ortho/neg0.6/0.6_relaxed_ortho_3_A29T_A49L_A52R_A68T_rep2.pdb
[DEBUG] Output file: /scratch4/jgray21/zhuggan1/projects/orthosystems/tryingggg/pos_neg_design/OrthoMPNN/Rosetta/output_pdbs/pmpnn_ortho/neg0.6/0.6_relaxed_ortho_3_A29T_A49L_A52R_A68T_rep3.pdb
[DEBUG] Output file: /scratch4/jgray21/zhuggan1/projects/orthosystems/tryingggg/pos_neg_design/OrthoMPNN/Rosetta/output_pdbs/pmpnn_ortho/neg0.6/0.6_relaxed_ortho_3_A29T_A49L_A52R_A68T_rep4.pdb
[DEBUG] Output file: /scratch4/jgray21/zhuggan1/projects/orthosystems/tryingggg/pos_neg_design/OrthoMPNN/Rosetta/output_pdbs/pmpnn_ortho/neg0.6/0.6_relaxed_ortho_3_A29T_A49L_A52R_A68T_rep5.pdb
[DEBUG] Creating jobs for bundle: [('A 22', 'P'), ('A 49', 'L'), ('A 52', 'T'), ('A 68', 'L')]
[DEBUG] Output file: /scratch4/jgray21/zhuggan1/projects/orthosystems/tryingggg/pos_neg_design/OrthoMPNN/Rosetta/output_pdbs/pmpnn_ortho/neg0.6/0.6_relaxed_ortho_3_A22P_A49L_A52T_A68L_rep1.pdb
[DEBUG] Output file: /scratch4/jgray21/zhuggan1/projects/orthosystems/tryingggg/pos_neg_design/OrthoMPNN/Rosetta/output_pdbs/pmpnn_ortho/neg0.6/0.6_relaxed_ortho_3_A22P_A49L_A52T_A68L_rep2.pdb
[DEBUG] Output file: /scratch4/jgray21/zhuggan1/projects/orthosystems/tryingggg/pos_neg_design/OrthoMPNN/Rosetta/output_pdbs/pmpnn_ortho/neg0.6/0.6_relaxed_ortho_3_A22P_A49L_A52T_A68L_rep3.pdb
[DEBUG] Output file: /scratch4/jgray21/zhuggan1/projects/orthosystems/tryingggg/pos_neg_design/OrthoMPNN/Rosetta/output_pdbs/pmpnn_ortho/neg0.6/0.6_relaxed_ortho_3_A22P_A49L_A52T_A68L_rep4.pdb
[DEBUG] Output file: /scratch4/jgray21/zhuggan1/projects/orthosystems/tryingggg/pos_neg_design/OrthoMPNN/Rosetta/output_pdbs/pmpnn_ortho/neg0.6/0.6_relaxed_ortho_3_A22P_A49L_A52T_A68L_rep5.pdb
[DEBUG] Creating jobs for bundle: [('A 29', 'T'), ('A 52', 'R'), ('A 68', 'Y')]
[DEBUG] Output file: /scratch4/jgray21/zhuggan1/projects/orthosystems/tryingggg/pos_neg_design/OrthoMPNN/Rosetta/output_pdbs/pmpnn_ortho/neg0.6/0.6_relaxed_ortho_3_A29T_A52R_A68Y_rep1.pdb
[DEBUG] Output file: /scratch4/jgray21/zhuggan1/projects/orthosystems/tryingggg/pos_neg_design/OrthoMPNN/Rosetta/output_pdbs/pmpnn_ortho/neg0.6/0.6_relaxed_ortho_3_A29T_A52R_A68Y_rep2.pdb
[DEBUG] Output file: /scratch4/jgray21/zhuggan1/projects/orthosystems/tryingggg/pos_neg_design/OrthoMPNN/Rosetta/output_pdbs/pmpnn_ortho/neg0.6/0.6_relaxed_ortho_3_A29T_A52R_A68Y_rep3.pdb
[DEBUG] Output file: /scratch4/jgray21/zhuggan1/projects/orthosystems/tryingggg/pos_neg_design/OrthoMPNN/Rosetta/output_pdbs/pmpnn_ortho/neg0.6/0.6_relaxed_ortho_3_A29T_A52R_A68Y_rep4.pdb
[DEBUG] Output file: /scratch4/jgray21/zhuggan1/projects/orthosystems/tryingggg/pos_neg_design/OrthoMPNN/Rosetta/output_pdbs/pmpnn_ortho/neg0.6/0.6_relaxed_ortho_3_A29T_A52R_A68Y_rep5.pdb
[DEBUG] Creating jobs for bundle: [('A 68', 'Y')]
[DEBUG] Output file: /scratch4/jgray21/zhuggan1/projects/orthosystems/tryingggg/pos_neg_design/OrthoMPNN/Rosetta/output_pdbs/pmpnn_ortho/neg0.6/0.6_relaxed_ortho_3_A68Y_rep1.pdb
[DEBUG] Output file: /scratch4/jgray21/zhuggan1/projects/orthosystems/tryingggg/pos_neg_design/OrthoMPNN/Rosetta/output_pdbs/pmpnn_ortho/neg0.6/0.6_relaxed_ortho_3_A68Y_rep2.pdb
[DEBUG] Output file: /scratch4/jgray21/zhuggan1/projects/orthosystems/tryingggg/pos_neg_design/OrthoMPNN/Rosetta/output_pdbs/pmpnn_ortho/neg0.6/0.6_relaxed_ortho_3_A68Y_rep3.pdb
[DEBUG] Output file: /scratch4/jgray21/zhuggan1/projects/orthosystems/tryingggg/pos_neg_design/OrthoMPNN/Rosetta/output_pdbs/pmpnn_ortho/neg0.6/0.6_relaxed_ortho_3_A68Y_rep4.pdb
[DEBUG] Output file: /scratch4/jgray21/zhuggan1/projects/orthosystems/tryingggg/pos_neg_design/OrthoMPNN/Rosetta/output_pdbs/pmpnn_ortho/neg0.6/0.6_relaxed_ortho_3_A68Y_rep5.pdb
[DEBUG] Creating jobs for bundle: [('A 22', 'K'), ('A 52', 'R'), ('A 68', 'Y')]
[DEBUG] Output file: /scratch4/jgray21/zhuggan1/projects/orthosystems/tryingggg/pos_neg_design/OrthoMPNN/Rosetta/output_pdbs/pmpnn_ortho/neg0.6/0.6_relaxed_ortho_3_A22K_A52R_A68Y_rep1.pdb
[DEBUG] Output file: /scratch4/jgray21/zhuggan1/projects/orthosystems/tryingggg/pos_neg_design/OrthoMPNN/Rosetta/output_pdbs/pmpnn_ortho/neg0.6/0.6_relaxed_ortho_3_A22K_A52R_A68Y_rep2.pdb
[DEBUG] Output file: /scratch4/jgray21/zhuggan1/projects/orthosystems/tryingggg/pos_neg_design/OrthoMPNN/Rosetta/output_pdbs/pmpnn_ortho/neg0.6/0.6_relaxed_ortho_3_A22K_A52R_A68Y_rep3.pdb
[DEBUG] Output file: /scratch4/jgray21/zhuggan1/projects/orthosystems/tryingggg/pos_neg_design/OrthoMPNN/Rosetta/output_pdbs/pmpnn_ortho/neg0.6/0.6_relaxed_ortho_3_A22K_A52R_A68Y_rep4.pdb
[DEBUG] Output file: /scratch4/jgray21/zhuggan1/projects/orthosystems/tryingggg/pos_neg_design/OrthoMPNN/Rosetta/output_pdbs/pmpnn_ortho/neg0.6/0.6_relaxed_ortho_3_A22K_A52R_A68Y_rep5.pdb
2026-02-24 23:07:20 EST MainProcess INFO [__main__] Processing a total of 215 jobs
2026-02-24 23:07:20 EST MainProcess INFO [__main__] Starting pool with 48 worker(s)
2026-02-25 00:19:54 EST ForkPoolWorker-36 INFO [__main__] Output: 0.6_relaxed_ortho_3_A49L_A52T_A68T_rep1.pdb
2026-02-25 00:20:54 EST ForkPoolWorker-17 INFO [__main__] Output: 0.6_relaxed_ortho_3_A29G_A52R_A68D_rep5.pdb
2026-02-25 00:21:11 EST ForkPoolWorker-42 INFO [__main__] Output: 0.6_relaxed_ortho_3_A22K_A49V_A68L_rep4.pdb
2026-02-25 00:21:13 EST ForkPoolWorker-5 INFO [__main__] Output: 0.6_relaxed_ortho_3_A22Q_A49V_A68Q_rep3.pdb
2026-02-25 00:21:17 EST ForkPoolWorker-9 INFO [__main__] Output: 0.6_relaxed_ortho_3_A49I_A52R_A68L_rep2.pdb
2026-02-25 00:21:21 EST ForkPoolWorker-11 INFO [__main__] Output: 0.6_relaxed_ortho_3_A22Q_A49V_A68Q_rep5.pdb
2026-02-25 00:21:37 EST ForkPoolWorker-25 INFO [__main__] Output: 0.6_relaxed_ortho_3_A29T_A49V_A52R_A68L_rep3.pdb
2026-02-25 00:21:51 EST ForkPoolWorker-45 INFO [__main__] Output: 0.6_relaxed_ortho_3_A22K_A29T_A49I_A68L_rep1.pdb
2026-02-25 00:22:03 EST ForkPoolWorker-27 INFO [__main__] Output: 0.6_relaxed_ortho_3_A22K_A29T_A49I_A68L_rep3.pdb
2026-02-25 00:22:06 EST ForkPoolWorker-6 INFO [__main__] Output: 0.6_relaxed_ortho_3_A22K_A26N_A52R_A68K_rep2.pdb
2026-02-25 00:22:13 EST ForkPoolWorker-20 INFO [__main__] Output: 0.6_relaxed_ortho_3_A22K_A49V_A68L_rep2.pdb
2026-02-25 00:22:24 EST ForkPoolWorker-40 INFO [__main__] Output: 0.6_relaxed_ortho_3_A49L_A52T_A68T_rep3.pdb
2026-02-25 00:22:24 EST ForkPoolWorker-2 INFO [__main__] Output: 0.6_relaxed_ortho_3_A29T_A52R_A68L_rep4.pdb
2026-02-25 00:22:44 EST ForkPoolWorker-34 INFO [__main__] Output: 0.6_relaxed_ortho_3_A49I_A52R_A68L_rep4.pdb
2026-02-25 00:22:57 EST ForkPoolWorker-28 INFO [__main__] Output: 0.6_relaxed_ortho_3_A49L_A52T_A68T_rep5.pdb
2026-02-25 00:23:32 EST ForkPoolWorker-7 INFO [__main__] Output: 0.6_relaxed_ortho_3_A22Q_A49V_A68Q_rep1.pdb
2026-02-25 00:23:33 EST ForkPoolWorker-24 INFO [__main__] Output: 0.6_relaxed_ortho_3_A22P_A49I_A68Y_rep1.pdb
2026-02-25 00:23:34 EST ForkPoolWorker-32 INFO [__main__] Output: 0.6_relaxed_ortho_3_A49T_A52R_A68E_rep4.pdb
2026-02-25 00:23:39 EST ForkPoolWorker-23 INFO [__main__] Output: 0.6_relaxed_ortho_3_A22T_A68Q_rep5.pdb
2026-02-25 00:23:49 EST ForkPoolWorker-1 INFO [__main__] Output: 0.6_relaxed_ortho_3_A49T_A52R_A68E_rep2.pdb
2026-02-25 00:23:57 EST ForkPoolWorker-38 INFO [__main__] Output: 0.6_relaxed_ortho_3_A22T_A68Q_rep1.pdb
2026-02-25 00:24:01 EST ForkPoolWorker-26 INFO [__main__] Output: 0.6_relaxed_ortho_3_A49V_A68T_rep5.pdb
2026-02-25 00:24:02 EST ForkPoolWorker-37 INFO [__main__] Output: 0.6_relaxed_ortho_3_A22D_A68E_rep2.pdb
2026-02-25 00:24:07 EST ForkPoolWorker-22 INFO [__main__] Output: 0.6_relaxed_ortho_3_A22K_A29T_A49I_A68L_rep5.pdb
2026-02-25 00:24:11 EST ForkPoolWorker-15 INFO [__main__] Output: 0.6_relaxed_ortho_3_A22K_A68K_rep2.pdb
2026-02-25 00:24:17 EST ForkPoolWorker-3 INFO [__main__] Output: 0.6_relaxed_ortho_3_A49V_A68T_rep3.pdb
2026-02-25 00:24:17 EST ForkPoolWorker-16 INFO [__main__] Output: 0.6_relaxed_ortho_3_A29T_A52R_A68L_rep2.pdb
2026-02-25 00:24:24 EST ForkPoolWorker-48 INFO [__main__] Output: 0.6_relaxed_ortho_3_A22K_A68Y_rep4.pdb
2026-02-25 00:24:25 EST ForkPoolWorker-47 INFO [__main__] Output: 0.6_relaxed_ortho_3_A22P_A49V_A68L_rep1.pdb
2026-02-25 00:24:48 EST ForkPoolWorker-39 INFO [__main__] Output: 0.6_relaxed_ortho_3_A29G_A52R_A68D_rep3.pdb
2026-02-25 00:24:55 EST ForkPoolWorker-21 INFO [__main__] Output: 0.6_relaxed_ortho_3_A49V_A68T_rep1.pdb
2026-02-25 00:24:58 EST ForkPoolWorker-10 INFO [__main__] Output: 0.6_relaxed_ortho_3_A29G_A52R_A68D_rep1.pdb
2026-02-25 00:25:08 EST ForkPoolWorker-31 INFO [__main__] Output: 0.6_relaxed_ortho_3_A22A_A68E_rep5.pdb
2026-02-25 00:25:09 EST ForkPoolWorker-29 INFO [__main__] Output: 0.6_relaxed_ortho_3_A22A_A68E_rep3.pdb
2026-02-25 00:25:12 EST ForkPoolWorker-41 INFO [__main__] Output: 0.6_relaxed_ortho_3_A29T_A49V_A52R_A68L_rep5.pdb
2026-02-25 00:25:13 EST ForkPoolWorker-4 INFO [__main__] Output: 0.6_relaxed_ortho_3_A22P_A49V_A68L_rep5.pdb
2026-02-25 00:25:13 EST ForkPoolWorker-13 INFO [__main__] Output: 0.6_relaxed_ortho_3_A22K_A68K_rep4.pdb
2026-02-25 00:25:19 EST ForkPoolWorker-18 INFO [__main__] Output: 0.6_relaxed_ortho_3_A22K_A26N_A29T_A68T_rep4.pdb
2026-02-25 00:25:22 EST ForkPoolWorker-19 INFO [__main__] Output: 0.6_relaxed_ortho_3_A22K_A26N_A52R_A68K_rep4.pdb
2026-02-25 00:25:31 EST ForkPoolWorker-46 INFO [__main__] Output: 0.6_relaxed_ortho_3_A22T_A68Q_rep3.pdb
2026-02-25 00:25:34 EST ForkPoolWorker-8 INFO [__main__] Output: 0.6_relaxed_ortho_3_A29T_A49V_A52R_A68L_rep1.pdb
2026-02-25 00:25:43 EST ForkPoolWorker-30 INFO [__main__] Output: 0.6_relaxed_ortho_3_A22P_A49V_A68L_rep3.pdb
2026-02-25 00:26:29 EST ForkPoolWorker-35 INFO [__main__] Output: 0.6_relaxed_ortho_3_A22D_A68E_rep4.pdb
2026-02-25 00:27:01 EST ForkPoolWorker-14 INFO [__main__] Output: 0.6_relaxed_ortho_3_A22A_A68E_rep1.pdb
2026-02-25 00:27:13 EST ForkPoolWorker-33 INFO [__main__] Output: 0.6_relaxed_ortho_3_A22P_A49I_A68Y_rep3.pdb
2026-02-25 00:27:25 EST ForkPoolWorker-43 INFO [__main__] Output: 0.6_relaxed_ortho_3_A22K_A68Y_rep2.pdb
2026-02-25 00:27:38 EST ForkPoolWorker-12 INFO [__main__] Output: 0.6_relaxed_ortho_3_A22K_A26N_A29T_A68T_rep2.pdb
2026-02-25 00:29:30 EST ForkPoolWorker-44 INFO [__main__] Output: 0.6_relaxed_ortho_3_A22P_A49I_A68Y_rep5.pdb
2026-02-25 01:32:41 EST ForkPoolWorker-36 INFO [__main__] Output: 0.6_relaxed_ortho_3_A49L_A52T_A68T_rep2.pdb
2026-02-25 01:34:34 EST ForkPoolWorker-9 INFO [__main__] Output: 0.6_relaxed_ortho_3_A49I_A52R_A68L_rep3.pdb
2026-02-25 01:34:36 EST ForkPoolWorker-40 INFO [__main__] Output: 0.6_relaxed_ortho_3_A49L_A52T_A68T_rep4.pdb
2026-02-25 01:34:41 EST ForkPoolWorker-17 INFO [__main__] Output: 0.6_relaxed_ortho_3_A49T_A52R_A68E_rep1.pdb
2026-02-25 01:34:54 EST ForkPoolWorker-45 INFO [__main__] Output: 0.6_relaxed_ortho_3_A22K_A29T_A49I_A68L_rep2.pdb
2026-02-25 01:35:00 EST ForkPoolWorker-11 INFO [__main__] Output: 0.6_relaxed_ortho_3_A22K_A49V_A68L_rep1.pdb
2026-02-25 01:35:07 EST ForkPoolWorker-5 INFO [__main__] Output: 0.6_relaxed_ortho_3_A22Q_A49V_A68Q_rep4.pdb
2026-02-25 01:35:52 EST ForkPoolWorker-20 INFO [__main__] Output: 0.6_relaxed_ortho_3_A22K_A49V_A68L_rep3.pdb
2026-02-25 01:36:32 EST ForkPoolWorker-42 INFO [__main__] Output: 0.6_relaxed_ortho_3_A22K_A49V_A68L_rep5.pdb
2026-02-25 01:36:40 EST ForkPoolWorker-27 INFO [__main__] Output: 0.6_relaxed_ortho_3_A22K_A29T_A49I_A68L_rep4.pdb
2026-02-25 01:36:47 EST ForkPoolWorker-34 INFO [__main__] Output: 0.6_relaxed_ortho_3_A49I_A52R_A68L_rep5.pdb
2026-02-25 01:37:10 EST ForkPoolWorker-2 INFO [__main__] Output: 0.6_relaxed_ortho_3_A29T_A52R_A68L_rep5.pdb
2026-02-25 01:37:21 EST ForkPoolWorker-1 INFO [__main__] Output: 0.6_relaxed_ortho_3_A49T_A52R_A68E_rep3.pdb
2026-02-25 01:37:34 EST ForkPoolWorker-7 INFO [__main__] Output: 0.6_relaxed_ortho_3_A22Q_A49V_A68Q_rep2.pdb
2026-02-25 01:37:55 EST ForkPoolWorker-28 INFO [__main__] Output: 0.6_relaxed_ortho_3_A29T_A52R_A68L_rep1.pdb
2026-02-25 01:38:04 EST ForkPoolWorker-15 INFO [__main__] Output: 0.6_relaxed_ortho_3_A22K_A68K_rep3.pdb
2026-02-25 01:38:21 EST ForkPoolWorker-47 INFO [__main__] Output: 0.6_relaxed_ortho_3_A22P_A49V_A68L_rep2.pdb
2026-02-25 01:38:46 EST ForkPoolWorker-32 INFO [__main__] Output: 0.6_relaxed_ortho_3_A49T_A52R_A68E_rep5.pdb
2026-02-25 01:38:59 EST ForkPoolWorker-10 INFO [__main__] Output: 0.6_relaxed_ortho_3_A29G_A52R_A68D_rep2.pdb
2026-02-25 01:39:21 EST ForkPoolWorker-39 INFO [__main__] Output: 0.6_relaxed_ortho_3_A29G_A52R_A68D_rep4.pdb
2026-02-25 01:39:26 EST ForkPoolWorker-25 INFO [__main__] Output: 0.6_relaxed_ortho_3_A29T_A49V_A52R_A68L_rep4.pdb
2026-02-25 01:39:29 EST ForkPoolWorker-22 INFO [__main__] Output: 0.6_relaxed_ortho_3_A49I_A52R_A68L_rep1.pdb
2026-02-25 01:39:32 EST ForkPoolWorker-16 INFO [__main__] Output: 0.6_relaxed_ortho_3_A29T_A52R_A68L_rep3.pdb
2026-02-25 01:39:32 EST ForkPoolWorker-38 INFO [__main__] Output: 0.6_relaxed_ortho_3_A22T_A68Q_rep2.pdb
2026-02-25 01:39:38 EST ForkPoolWorker-24 INFO [__main__] Output: 0.6_relaxed_ortho_3_A22P_A49I_A68Y_rep2.pdb
2026-02-25 01:39:38 EST ForkPoolWorker-6 INFO [__main__] Output: 0.6_relaxed_ortho_3_A22K_A26N_A52R_A68K_rep3.pdb
2026-02-25 01:40:04 EST ForkPoolWorker-31 INFO [__main__] Output: 0.6_relaxed_ortho_3_A22K_A49L_A68T_rep1.pdb
2026-02-25 01:40:15 EST ForkPoolWorker-30 INFO [__main__] Output: 0.6_relaxed_ortho_3_A22P_A49V_A68L_rep4.pdb
2026-02-25 01:40:57 EST ForkPoolWorker-23 INFO [__main__] Output: 0.6_relaxed_ortho_3_A22K_A26N_A52R_A68K_rep1.pdb
2026-02-25 01:41:23 EST ForkPoolWorker-37 INFO [__main__] Output: 0.6_relaxed_ortho_3_A22D_A68E_rep3.pdb
2026-02-25 01:41:25 EST ForkPoolWorker-46 INFO [__main__] Output: 0.6_relaxed_ortho_3_A22T_A68Q_rep4.pdb
2026-02-25 01:41:31 EST ForkPoolWorker-26 INFO [__main__] Output: 0.6_relaxed_ortho_3_A22K_A68Y_rep1.pdb
2026-02-25 01:41:40 EST ForkPoolWorker-41 INFO [__main__] Output: 0.6_relaxed_ortho_3_A22K_A68K_rep1.pdb
2026-02-25 01:41:42 EST ForkPoolWorker-4 INFO [__main__] Output: 0.6_relaxed_ortho_3_A22D_A68E_rep1.pdb
2026-02-25 01:41:42 EST ForkPoolWorker-19 INFO [__main__] Output: 0.6_relaxed_ortho_3_A22K_A26N_A52R_A68K_rep5.pdb
2026-02-25 01:41:49 EST ForkPoolWorker-13 INFO [__main__] Output: 0.6_relaxed_ortho_3_A22K_A68K_rep5.pdb
2026-02-25 01:41:54 EST ForkPoolWorker-8 INFO [__main__] Output: 0.6_relaxed_ortho_3_A29T_A49V_A52R_A68L_rep2.pdb
2026-02-25 01:41:56 EST ForkPoolWorker-18 INFO [__main__] Output: 0.6_relaxed_ortho_3_A22K_A26N_A29T_A68T_rep5.pdb
2026-02-25 01:42:11 EST ForkPoolWorker-48 INFO [__main__] Output: 0.6_relaxed_ortho_3_A22K_A68Y_rep5.pdb
2026-02-25 01:42:36 EST ForkPoolWorker-3 INFO [__main__] Output: 0.6_relaxed_ortho_3_A49V_A68T_rep4.pdb
2026-02-25 01:43:08 EST ForkPoolWorker-21 INFO [__main__] Output: 0.6_relaxed_ortho_3_A49V_A68T_rep2.pdb
2026-02-25 01:43:26 EST ForkPoolWorker-29 INFO [__main__] Output: 0.6_relaxed_ortho_3_A22A_A68E_rep4.pdb
2026-02-25 01:44:05 EST ForkPoolWorker-14 INFO [__main__] Output: 0.6_relaxed_ortho_3_A22A_A68E_rep2.pdb
2026-02-25 01:44:31 EST ForkPoolWorker-33 INFO [__main__] Output: 0.6_relaxed_ortho_3_A22P_A49I_A68Y_rep4.pdb
2026-02-25 01:46:21 EST ForkPoolWorker-43 INFO [__main__] Output: 0.6_relaxed_ortho_3_A22K_A68Y_rep3.pdb
2026-02-25 01:46:36 EST ForkPoolWorker-35 INFO [__main__] Output: 0.6_relaxed_ortho_3_A22D_A68E_rep5.pdb
2026-02-25 01:46:40 EST ForkPoolWorker-12 INFO [__main__] Output: 0.6_relaxed_ortho_3_A22K_A26N_A29T_A68T_rep3.pdb
2026-02-25 01:47:19 EST ForkPoolWorker-44 INFO [__main__] Output: 0.6_relaxed_ortho_3_A22K_A26N_A29T_A68T_rep1.pdb
2026-02-25 02:46:49 EST ForkPoolWorker-36 INFO [__main__] Output: 0.6_relaxed_ortho_3_A22K_A49L_A68T_rep2.pdb
2026-02-25 02:47:36 EST ForkPoolWorker-1 INFO [__main__] Output: 0.6_relaxed_ortho_3_A22Q_A49I_A52R_A68T_rep1.pdb
2026-02-25 02:48:08 EST ForkPoolWorker-9 INFO [__main__] Output: 0.6_relaxed_ortho_3_A22K_A49L_A68T_rep4.pdb
2026-02-25 02:48:46 EST ForkPoolWorker-5 INFO [__main__] Output: 0.6_relaxed_ortho_3_A22T_A68T_rep4.pdb
2026-02-25 02:48:58 EST ForkPoolWorker-40 INFO [__main__] Output: 0.6_relaxed_ortho_3_A22T_A29T_A52R_A68A_rep1.pdb
2026-02-25 02:50:14 EST ForkPoolWorker-11 INFO [__main__] Output: 0.6_relaxed_ortho_3_A22T_A68T_rep2.pdb
2026-02-25 02:50:19 EST ForkPoolWorker-42 INFO [__main__] Output: 0.6_relaxed_ortho_3_A68M_rep3.pdb
2026-02-25 02:50:32 EST ForkPoolWorker-27 INFO [__main__] Output: 0.6_relaxed_ortho_3_A68M_rep5.pdb
2026-02-25 02:50:49 EST ForkPoolWorker-24 INFO [__main__] Output: 0.6_relaxed_ortho_3_A22E_A29G_A68T_rep5.pdb
2026-02-25 02:51:19 EST ForkPoolWorker-47 INFO [__main__] Output: 0.6_relaxed_ortho_3_A22K_A49L_A52T_A68D_rep4.pdb
2026-02-25 02:51:37 EST ForkPoolWorker-17 INFO [__main__] Output: 0.6_relaxed_ortho_3_A22T_A29T_A52R_A68A_rep3.pdb
2026-02-25 02:52:00 EST ForkPoolWorker-45 INFO [__main__] Output: 0.6_relaxed_ortho_3_A22T_A29T_A52R_A68A_rep5.pdb
2026-02-25 02:52:07 EST ForkPoolWorker-20 INFO [__main__] Output: 0.6_relaxed_ortho_3_A68M_rep1.pdb
2026-02-25 02:52:26 EST ForkPoolWorker-2 INFO [__main__] Output: 0.6_relaxed_ortho_3_A22P_A68L_rep4.pdb
2026-02-25 02:52:32 EST ForkPoolWorker-7 INFO [__main__] Output: 0.6_relaxed_ortho_3_A22Q_A49I_A52R_A68T_rep3.pdb
2026-02-25 02:52:45 EST ForkPoolWorker-34 INFO [__main__] Output: 0.6_relaxed_ortho_3_A22P_A68L_rep2.pdb
2026-02-25 02:53:05 EST ForkPoolWorker-28 INFO [__main__] Output: 0.6_relaxed_ortho_3_A22Q_A49I_A52R_A68T_rep5.pdb
2026-02-25 02:53:42 EST ForkPoolWorker-16 INFO [__main__] Output: 0.6_relaxed_ortho_3_A22E_A29G_A68T_rep1.pdb
2026-02-25 02:53:50 EST ForkPoolWorker-32 INFO [__main__] Output: 0.6_relaxed_ortho_3_A49I_A68L_rep1.pdb
2026-02-25 02:53:59 EST ForkPoolWorker-10 INFO [__main__] Output: 0.6_relaxed_ortho_3_A49I_A68L_rep3.pdb
2026-02-25 02:54:12 EST ForkPoolWorker-15 INFO [__main__] Output: 0.6_relaxed_ortho_3_A22K_A49L_A52T_A68D_rep2.pdb
2026-02-25 02:54:20 EST ForkPoolWorker-38 INFO [__main__] Output: 0.6_relaxed_ortho_3_A22E_A29G_A68T_rep3.pdb
2026-02-25 02:54:22 EST ForkPoolWorker-39 INFO [__main__] Output: 0.6_relaxed_ortho_3_A49I_A68L_rep5.pdb
2026-02-25 02:55:33 EST ForkPoolWorker-22 INFO [__main__] Output: 0.6_relaxed_ortho_3_A52R_A68T_rep4.pdb
2026-02-25 02:55:40 EST ForkPoolWorker-4 INFO [__main__] Output: 0.6_relaxed_ortho_3_A31D_A68D_rep3.pdb
2026-02-25 02:55:58 EST ForkPoolWorker-37 INFO [__main__] Output: 0.6_relaxed_ortho_3_A68Q_rep5.pdb
2026-02-25 02:56:18 EST ForkPoolWorker-30 INFO [__main__] Output: 0.6_relaxed_ortho_3_A68Q_rep1.pdb
2026-02-25 02:56:28 EST ForkPoolWorker-6 INFO [__main__] Output: 0.6_relaxed_ortho_3_A52T_A68L_rep2.pdb
2026-02-25 02:56:57 EST ForkPoolWorker-23 INFO [__main__] Output: 0.6_relaxed_ortho_3_A68Q_rep3.pdb
2026-02-25 02:57:22 EST ForkPoolWorker-46 INFO [__main__] Output: 0.6_relaxed_ortho_3_A22K_A49F_A68L_rep2.pdb
2026-02-25 02:57:51 EST ForkPoolWorker-25 INFO [__main__] Output: 0.6_relaxed_ortho_3_A52R_A68T_rep2.pdb
2026-02-25 02:58:15 EST ForkPoolWorker-31 INFO [__main__] Output: 0.6_relaxed_ortho_3_A52T_A68L_rep4.pdb
2026-02-25 02:58:30 EST ForkPoolWorker-8 INFO [__main__] Output: 0.6_relaxed_ortho_3_A52R_A68E_rep4.pdb
2026-02-25 02:58:35 EST ForkPoolWorker-26 INFO [__main__] Output: 0.6_relaxed_ortho_3_A22K_A49F_A68L_rep4.pdb
2026-02-25 02:59:27 EST ForkPoolWorker-41 INFO [__main__] Output: 0.6_relaxed_ortho_3_A31D_A68D_rep1.pdb
2026-02-25 03:00:01 EST ForkPoolWorker-19 INFO [__main__] Output: 0.6_relaxed_ortho_3_A31D_A68D_rep5.pdb
2026-02-25 03:00:06 EST ForkPoolWorker-3 INFO [__main__] Output: 0.6_relaxed_ortho_3_A22S_A68L_rep5.pdb
2026-02-25 03:00:28 EST ForkPoolWorker-48 INFO [__main__] Output: 0.6_relaxed_ortho_3_A22S_A68L_rep3.pdb
2026-02-25 03:00:54 EST ForkPoolWorker-13 INFO [__main__] Output: 0.6_relaxed_ortho_3_A52R_A68E_rep2.pdb
2026-02-25 03:01:04 EST ForkPoolWorker-33 INFO [__main__] Output: 0.6_relaxed_ortho_3_A22S_A68T_rep3.pdb
2026-02-25 03:01:08 EST ForkPoolWorker-18 INFO [__main__] Output: 0.6_relaxed_ortho_3_A22S_A68L_rep1.pdb
2026-02-25 03:02:09 EST ForkPoolWorker-21 INFO [__main__] Output: 0.6_relaxed_ortho_3_A22K_A49L_A68E_rep2.pdb
2026-02-25 03:02:23 EST ForkPoolWorker-43 INFO [__main__] Output: 0.6_relaxed_ortho_3_A22S_A68T_rep5.pdb
2026-02-25 03:02:28 EST ForkPoolWorker-35 INFO [__main__] Output: 0.6_relaxed_ortho_3_A22K_A52T_A68L_rep2.pdb
2026-02-25 03:03:05 EST ForkPoolWorker-29 INFO [__main__] Output: 0.6_relaxed_ortho_3_A22K_A49L_A68E_rep4.pdb
2026-02-25 03:03:32 EST ForkPoolWorker-14 INFO [__main__] Output: 0.6_relaxed_ortho_3_A22S_A68T_rep1.pdb
2026-02-25 03:04:42 EST ForkPoolWorker-12 INFO [__main__] Output: 0.6_relaxed_ortho_3_A22K_A52T_A68L_rep4.pdb
2026-02-25 03:05:07 EST ForkPoolWorker-44 INFO [__main__] Output: 0.6_relaxed_ortho_3_A29T_A49L_A52R_A68T_rep1.pdb
2026-02-25 04:01:14 EST ForkPoolWorker-36 INFO [__main__] Output: 0.6_relaxed_ortho_3_A22K_A49L_A68T_rep3.pdb
2026-02-25 04:02:34 EST ForkPoolWorker-1 INFO [__main__] Output: 0.6_relaxed_ortho_3_A22Q_A49I_A52R_A68T_rep2.pdb
2026-02-25 04:02:54 EST ForkPoolWorker-9 INFO [__main__] Output: 0.6_relaxed_ortho_3_A22K_A49L_A68T_rep5.pdb
2026-02-25 04:04:03 EST ForkPoolWorker-11 INFO [__main__] Output: 0.6_relaxed_ortho_3_A22T_A68T_rep3.pdb
2026-02-25 04:04:48 EST ForkPoolWorker-5 INFO [__main__] Output: 0.6_relaxed_ortho_3_A22T_A68T_rep5.pdb
2026-02-25 04:05:12 EST ForkPoolWorker-20 INFO [__main__] Output: 0.6_relaxed_ortho_3_A68M_rep2.pdb
2026-02-25 04:05:40 EST ForkPoolWorker-45 INFO [__main__] Output: 0.6_relaxed_ortho_3_A22T_A68T_rep1.pdb
2026-02-25 04:05:43 EST ForkPoolWorker-17 INFO [__main__] Output: 0.6_relaxed_ortho_3_A22T_A29T_A52R_A68A_rep4.pdb
2026-02-25 04:05:55 EST ForkPoolWorker-47 INFO [__main__] Output: 0.6_relaxed_ortho_3_A22K_A49L_A52T_A68D_rep5.pdb
2026-02-25 04:06:18 EST ForkPoolWorker-40 INFO [__main__] Output: 0.6_relaxed_ortho_3_A22T_A29T_A52R_A68A_rep2.pdb
2026-02-25 04:06:21 EST ForkPoolWorker-42 INFO [__main__] Output: 0.6_relaxed_ortho_3_A68M_rep4.pdb
2026-02-25 04:06:39 EST ForkPoolWorker-2 INFO [__main__] Output: 0.6_relaxed_ortho_3_A22P_A68L_rep5.pdb
2026-02-25 04:07:07 EST ForkPoolWorker-24 INFO [__main__] Output: 0.6_relaxed_ortho_3_A52T_A68L_rep1.pdb
2026-02-25 04:07:18 EST ForkPoolWorker-28 INFO [__main__] Output: 0.6_relaxed_ortho_3_A22K_A49L_A52T_A68D_rep1.pdb
2026-02-25 04:07:21 EST ForkPoolWorker-27 INFO [__main__] Output: 0.6_relaxed_ortho_3_A22P_A68L_rep1.pdb
2026-02-25 04:07:28 EST ForkPoolWorker-7 INFO [__main__] Output: 0.6_relaxed_ortho_3_A22Q_A49I_A52R_A68T_rep4.pdb
2026-02-25 04:08:05 EST ForkPoolWorker-30 INFO [__main__] Output: 0.6_relaxed_ortho_3_A68Q_rep2.pdb
2026-02-25 04:08:08 EST ForkPoolWorker-16 INFO [__main__] Output: 0.6_relaxed_ortho_3_A22E_A29G_A68T_rep2.pdb
2026-02-25 04:08:43 EST ForkPoolWorker-10 INFO [__main__] Output: 0.6_relaxed_ortho_3_A49I_A68L_rep4.pdb
2026-02-25 04:09:12 EST ForkPoolWorker-32 INFO [__main__] Output: 0.6_relaxed_ortho_3_A49I_A68L_rep2.pdb
2026-02-25 04:09:28 EST ForkPoolWorker-4 INFO [__main__] Output: 0.6_relaxed_ortho_3_A31D_A68D_rep4.pdb
2026-02-25 04:09:33 EST ForkPoolWorker-37 INFO [__main__] Output: 0.6_relaxed_ortho_3_A22K_A49F_A68L_rep1.pdb
2026-02-25 04:09:56 EST ForkPoolWorker-34 INFO [__main__] Output: 0.6_relaxed_ortho_3_A22P_A68L_rep3.pdb
2026-02-25 04:10:15 EST ForkPoolWorker-39 INFO [__main__] Output: 0.6_relaxed_ortho_3_A52R_A68T_rep1.pdb
2026-02-25 04:10:19 EST ForkPoolWorker-38 INFO [__main__] Output: 0.6_relaxed_ortho_3_A22E_A29G_A68T_rep4.pdb
2026-02-25 04:11:03 EST ForkPoolWorker-22 INFO [__main__] Output: 0.6_relaxed_ortho_3_A52R_A68T_rep5.pdb
2026-02-25 04:11:28 EST ForkPoolWorker-6 INFO [__main__] Output: 0.6_relaxed_ortho_3_A52T_A68L_rep3.pdb
2026-02-25 04:11:54 EST ForkPoolWorker-15 INFO [__main__] Output: 0.6_relaxed_ortho_3_A22K_A49L_A52T_A68D_rep3.pdb
2026-02-25 04:13:08 EST ForkPoolWorker-26 INFO [__main__] Output: 0.6_relaxed_ortho_3_A22K_A49F_A68L_rep5.pdb
2026-02-25 04:14:29 EST ForkPoolWorker-23 INFO [__main__] Output: 0.6_relaxed_ortho_3_A68Q_rep4.pdb
2026-02-25 04:15:05 EST ForkPoolWorker-46 INFO [__main__] Output: 0.6_relaxed_ortho_3_A22K_A49F_A68L_rep3.pdb
2026-02-25 04:15:13 EST ForkPoolWorker-31 INFO [__main__] Output: 0.6_relaxed_ortho_3_A52T_A68L_rep5.pdb
2026-02-25 04:15:29 EST ForkPoolWorker-25 INFO [__main__] Output: 0.6_relaxed_ortho_3_A52R_A68T_rep3.pdb
2026-02-25 04:16:14 EST ForkPoolWorker-8 INFO [__main__] Output: 0.6_relaxed_ortho_3_A52R_A68E_rep5.pdb
2026-02-25 04:17:00 EST ForkPoolWorker-19 INFO [__main__] Output: 0.6_relaxed_ortho_3_A52R_A68E_rep1.pdb
2026-02-25 04:17:09 EST ForkPoolWorker-41 INFO [__main__] Output: 0.6_relaxed_ortho_3_A31D_A68D_rep2.pdb
2026-02-25 04:17:46 EST ForkPoolWorker-13 INFO [__main__] Output: 0.6_relaxed_ortho_3_A52R_A68E_rep3.pdb
2026-02-25 04:18:04 EST ForkPoolWorker-33 INFO [__main__] Output: 0.6_relaxed_ortho_3_A22S_A68T_rep4.pdb
2026-02-25 04:18:11 EST ForkPoolWorker-35 INFO [__main__] Output: 0.6_relaxed_ortho_3_A22K_A52T_A68L_rep3.pdb
2026-02-25 04:18:22 EST ForkPoolWorker-21 INFO [__main__] Output: 0.6_relaxed_ortho_3_A22K_A49L_A68E_rep3.pdb
2026-02-25 04:18:33 EST ForkPoolWorker-18 INFO [__main__] Output: 0.6_relaxed_ortho_3_A22S_A68L_rep2.pdb
2026-02-25 04:18:46 EST ForkPoolWorker-12 INFO [__main__] Output: 0.6_relaxed_ortho_3_A22K_A52T_A68L_rep5.pdb
2026-02-25 04:18:54 EST ForkPoolWorker-3 INFO [__main__] Output: 0.6_relaxed_ortho_3_A22K_A49L_A68E_rep1.pdb
2026-02-25 04:20:00 EST ForkPoolWorker-14 INFO [__main__] Output: 0.6_relaxed_ortho_3_A22S_A68T_rep2.pdb
2026-02-25 04:20:06 EST ForkPoolWorker-43 INFO [__main__] Output: 0.6_relaxed_ortho_3_A22K_A52T_A68L_rep1.pdb
2026-02-25 04:20:13 EST ForkPoolWorker-48 INFO [__main__] Output: 0.6_relaxed_ortho_3_A22S_A68L_rep4.pdb
2026-02-25 04:20:28 EST ForkPoolWorker-44 INFO [__main__] Output: 0.6_relaxed_ortho_3_A29T_A49L_A52R_A68T_rep2.pdb
2026-02-25 04:21:14 EST ForkPoolWorker-29 INFO [__main__] Output: 0.6_relaxed_ortho_3_A22K_A49L_A68E_rep5.pdb
2026-02-25 05:11:01 EST ForkPoolWorker-9 INFO [__main__] Output: 0.6_relaxed_ortho_3_A22P_A49L_A52T_A68L_rep2.pdb
2026-02-25 05:11:43 EST ForkPoolWorker-36 INFO [__main__] Output: 0.6_relaxed_ortho_3_A29T_A49L_A52R_A68T_rep3.pdb
2026-02-25 05:12:06 EST ForkPoolWorker-1 INFO [__main__] Output: 0.6_relaxed_ortho_3_A29T_A49L_A52R_A68T_rep5.pdb
2026-02-25 05:14:12 EST ForkPoolWorker-45 INFO [__main__] Output: 0.6_relaxed_ortho_3_A29T_A52R_A68Y_rep5.pdb
2026-02-25 05:14:30 EST ForkPoolWorker-5 INFO [__main__] Output: 0.6_relaxed_ortho_3_A29T_A52R_A68Y_rep1.pdb
2026-02-25 05:15:07 EST ForkPoolWorker-20 INFO [__main__] Output: 0.6_relaxed_ortho_3_A29T_A52R_A68Y_rep3.pdb
2026-02-25 05:15:56 EST ForkPoolWorker-11 INFO [__main__] Output: 0.6_relaxed_ortho_3_A22P_A49L_A52T_A68L_rep4.pdb
2026-02-25 05:17:12 EST ForkPoolWorker-42 INFO [__main__] Output: 0.6_relaxed_ortho_3_A22K_A52R_A68Y_rep3.pdb
2026-02-25 05:17:12 EST ForkPoolWorker-2 INFO [__main__] Output: 0.6_relaxed_ortho_3_A22K_A52R_A68Y_rep5.pdb
2026-02-25 05:17:37 EST ForkPoolWorker-17 INFO [__main__] Output: 0.6_relaxed_ortho_3_A68Y_rep2.pdb
2026-02-25 05:18:11 EST ForkPoolWorker-40 INFO [__main__] Output: 0.6_relaxed_ortho_3_A22K_A52R_A68Y_rep1.pdb
2026-02-25 05:23:57 EST ForkPoolWorker-47 INFO [__main__] Output: 0.6_relaxed_ortho_3_A68Y_rep4.pdb
2026-02-25 06:21:37 EST ForkPoolWorker-20 INFO [__main__] Output: 0.6_relaxed_ortho_3_A29T_A52R_A68Y_rep4.pdb
2026-02-25 06:21:53 EST ForkPoolWorker-9 INFO [__main__] Output: 0.6_relaxed_ortho_3_A22P_A49L_A52T_A68L_rep3.pdb
2026-02-25 06:23:08 EST ForkPoolWorker-5 INFO [__main__] Output: 0.6_relaxed_ortho_3_A29T_A52R_A68Y_rep2.pdb
2026-02-25 06:23:15 EST ForkPoolWorker-36 INFO [__main__] Output: 0.6_relaxed_ortho_3_A29T_A49L_A52R_A68T_rep4.pdb
2026-02-25 06:23:34 EST ForkPoolWorker-1 INFO [__main__] Output: 0.6_relaxed_ortho_3_A22P_A49L_A52T_A68L_rep1.pdb
2026-02-25 06:24:31 EST ForkPoolWorker-45 INFO [__main__] Output: 0.6_relaxed_ortho_3_A68Y_rep1.pdb
2026-02-25 06:27:23 EST ForkPoolWorker-42 INFO [__main__] Output: 0.6_relaxed_ortho_3_A22K_A52R_A68Y_rep4.pdb
2026-02-25 06:27:23 EST ForkPoolWorker-11 INFO [__main__] Output: 0.6_relaxed_ortho_3_A22P_A49L_A52T_A68L_rep5.pdb
2026-02-25 06:28:41 EST ForkPoolWorker-40 INFO [__main__] Output: 0.6_relaxed_ortho_3_A22K_A52R_A68Y_rep2.pdb
2026-02-25 06:28:42 EST ForkPoolWorker-17 INFO [__main__] Output: 0.6_relaxed_ortho_3_A68Y_rep3.pdb
2026-02-25 06:45:32 EST ForkPoolWorker-47 INFO [__main__] Output: 0.6_relaxed_ortho_3_A68Y_rep5.pdb
2026-02-25 06:45:32 EST MainProcess INFO [__main__] Script execution completed
