Using existing logs directory.
2026-02-24 10:29:17 EST MainProcess INFO [numexpr.utils] Note: NumExpr detected 48 cores but "NUMEXPR_MAX_THREADS" not set, so enforcing safe limit of 8.
2026-02-24 10:29:17 EST MainProcess INFO [numexpr.utils] NumExpr defaulting to 8 threads.
[DEBUG] Parsed R68M -> [('A 68', 'M')]
[DEBUG] Parsed R68T -> [('A 68', 'T')]
[DEBUG] Parsed R22K, R68L -> [('A 22', 'K'), ('A 68', 'L')]
[DEBUG] Parsed R22P, N49L, R68L -> [('A 22', 'P'), ('A 49', 'L'), ('A 68', 'L')]
[DEBUG] Parsed R22K, R68D -> [('A 22', 'K'), ('A 68', 'D')]
[DEBUG] Parsed R22K, R68T -> [('A 22', 'K'), ('A 68', 'T')]
[DEBUG] Parsed R68L -> [('A 68', 'L')]
[DEBUG] Parsed N49I -> [('A 49', 'I')]
[DEBUG] Parsed R22K, N49L, R68K -> [('A 22', 'K'), ('A 49', 'L'), ('A 68', 'K')]
[DEBUG] Parsed R22K, N49V, R68T -> [('A 22', 'K'), ('A 49', 'V'), ('A 68', 'T')]
[DEBUG] Parsed N31D, R68L -> [('A 31', 'D'), ('A 68', 'L')]
[DEBUG] Parsed R22K, N52R, R68I -> [('A 22', 'K'), ('A 52', 'R'), ('A 68', 'I')]
[DEBUG] Parsed R22K, R68Y -> [('A 22', 'K'), ('A 68', 'Y')]
[DEBUG] Parsed R22K, N49I, R68T -> [('A 22', 'K'), ('A 49', 'I'), ('A 68', 'T')]
[DEBUG] Parsed R22K, N52T, R68Q -> [('A 22', 'K'), ('A 52', 'T'), ('A 68', 'Q')]
[DEBUG] Parsed R22K, R68M -> [('A 22', 'K'), ('A 68', 'M')]
[DEBUG] Parsed R22K, N52R, R68L -> [('A 22', 'K'), ('A 52', 'R'), ('A 68', 'L')]
[DEBUG] Parsed R22K, N49L, R68L -> [('A 22', 'K'), ('A 49', 'L'), ('A 68', 'L')]
[DEBUG] Parsed R22P, N49I, R68L -> [('A 22', 'P'), ('A 49', 'I'), ('A 68', 'L')]
[DEBUG] Parsed R22P, R68Y -> [('A 22', 'P'), ('A 68', 'Y')]
[DEBUG] Parsed R22Q, R68L -> [('A 22', 'Q'), ('A 68', 'L')]
[DEBUG] Parsed R68Q -> [('A 68', 'Q')]
[DEBUG] Parsed N49L, R68L -> [('A 49', 'L'), ('A 68', 'L')]
[DEBUG] Creating jobs for bundle: [('A 68', 'M')]
[DEBUG] Output file: /scratch4/jgray21/zhuggan1/projects/orthosystems/tryingggg/pos_neg_design/OrthoMPNN/Rosetta/output_pdbs/pmpnn_wt/neg0.4/0.6_relaxed_wt_1_A68M_rep1.pdb
[DEBUG] Output file: /scratch4/jgray21/zhuggan1/projects/orthosystems/tryingggg/pos_neg_design/OrthoMPNN/Rosetta/output_pdbs/pmpnn_wt/neg0.4/0.6_relaxed_wt_1_A68M_rep2.pdb
[DEBUG] Output file: /scratch4/jgray21/zhuggan1/projects/orthosystems/tryingggg/pos_neg_design/OrthoMPNN/Rosetta/output_pdbs/pmpnn_wt/neg0.4/0.6_relaxed_wt_1_A68M_rep3.pdb
[DEBUG] Output file: /scratch4/jgray21/zhuggan1/projects/orthosystems/tryingggg/pos_neg_design/OrthoMPNN/Rosetta/output_pdbs/pmpnn_wt/neg0.4/0.6_relaxed_wt_1_A68M_rep4.pdb
[DEBUG] Output file: /scratch4/jgray21/zhuggan1/projects/orthosystems/tryingggg/pos_neg_design/OrthoMPNN/Rosetta/output_pdbs/pmpnn_wt/neg0.4/0.6_relaxed_wt_1_A68M_rep5.pdb
[DEBUG] Creating jobs for bundle: [('A 68', 'T')]
[DEBUG] Output file: /scratch4/jgray21/zhuggan1/projects/orthosystems/tryingggg/pos_neg_design/OrthoMPNN/Rosetta/output_pdbs/pmpnn_wt/neg0.4/0.6_relaxed_wt_1_A68T_rep1.pdb
[DEBUG] Output file: /scratch4/jgray21/zhuggan1/projects/orthosystems/tryingggg/pos_neg_design/OrthoMPNN/Rosetta/output_pdbs/pmpnn_wt/neg0.4/0.6_relaxed_wt_1_A68T_rep2.pdb
[DEBUG] Output file: /scratch4/jgray21/zhuggan1/projects/orthosystems/tryingggg/pos_neg_design/OrthoMPNN/Rosetta/output_pdbs/pmpnn_wt/neg0.4/0.6_relaxed_wt_1_A68T_rep3.pdb
[DEBUG] Output file: /scratch4/jgray21/zhuggan1/projects/orthosystems/tryingggg/pos_neg_design/OrthoMPNN/Rosetta/output_pdbs/pmpnn_wt/neg0.4/0.6_relaxed_wt_1_A68T_rep4.pdb
[DEBUG] Output file: /scratch4/jgray21/zhuggan1/projects/orthosystems/tryingggg/pos_neg_design/OrthoMPNN/Rosetta/output_pdbs/pmpnn_wt/neg0.4/0.6_relaxed_wt_1_A68T_rep5.pdb
[DEBUG] Creating jobs for bundle: [('A 22', 'K'), ('A 68', 'L')]
[DEBUG] Output file: /scratch4/jgray21/zhuggan1/projects/orthosystems/tryingggg/pos_neg_design/OrthoMPNN/Rosetta/output_pdbs/pmpnn_wt/neg0.4/0.6_relaxed_wt_1_A22K_A68L_rep1.pdb
[DEBUG] Output file: /scratch4/jgray21/zhuggan1/projects/orthosystems/tryingggg/pos_neg_design/OrthoMPNN/Rosetta/output_pdbs/pmpnn_wt/neg0.4/0.6_relaxed_wt_1_A22K_A68L_rep2.pdb
[DEBUG] Output file: /scratch4/jgray21/zhuggan1/projects/orthosystems/tryingggg/pos_neg_design/OrthoMPNN/Rosetta/output_pdbs/pmpnn_wt/neg0.4/0.6_relaxed_wt_1_A22K_A68L_rep3.pdb
[DEBUG] Output file: /scratch4/jgray21/zhuggan1/projects/orthosystems/tryingggg/pos_neg_design/OrthoMPNN/Rosetta/output_pdbs/pmpnn_wt/neg0.4/0.6_relaxed_wt_1_A22K_A68L_rep4.pdb
[DEBUG] Output file: /scratch4/jgray21/zhuggan1/projects/orthosystems/tryingggg/pos_neg_design/OrthoMPNN/Rosetta/output_pdbs/pmpnn_wt/neg0.4/0.6_relaxed_wt_1_A22K_A68L_rep5.pdb
[DEBUG] Creating jobs for bundle: [('A 22', 'P'), ('A 49', 'L'), ('A 68', 'L')]
[DEBUG] Output file: /scratch4/jgray21/zhuggan1/projects/orthosystems/tryingggg/pos_neg_design/OrthoMPNN/Rosetta/output_pdbs/pmpnn_wt/neg0.4/0.6_relaxed_wt_1_A22P_A49L_A68L_rep1.pdb
[DEBUG] Output file: /scratch4/jgray21/zhuggan1/projects/orthosystems/tryingggg/pos_neg_design/OrthoMPNN/Rosetta/output_pdbs/pmpnn_wt/neg0.4/0.6_relaxed_wt_1_A22P_A49L_A68L_rep2.pdb
[DEBUG] Output file: /scratch4/jgray21/zhuggan1/projects/orthosystems/tryingggg/pos_neg_design/OrthoMPNN/Rosetta/output_pdbs/pmpnn_wt/neg0.4/0.6_relaxed_wt_1_A22P_A49L_A68L_rep3.pdb
[DEBUG] Output file: /scratch4/jgray21/zhuggan1/projects/orthosystems/tryingggg/pos_neg_design/OrthoMPNN/Rosetta/output_pdbs/pmpnn_wt/neg0.4/0.6_relaxed_wt_1_A22P_A49L_A68L_rep4.pdb
[DEBUG] Output file: /scratch4/jgray21/zhuggan1/projects/orthosystems/tryingggg/pos_neg_design/OrthoMPNN/Rosetta/output_pdbs/pmpnn_wt/neg0.4/0.6_relaxed_wt_1_A22P_A49L_A68L_rep5.pdb
[DEBUG] Creating jobs for bundle: [('A 22', 'K'), ('A 68', 'D')]
[DEBUG] Output file: /scratch4/jgray21/zhuggan1/projects/orthosystems/tryingggg/pos_neg_design/OrthoMPNN/Rosetta/output_pdbs/pmpnn_wt/neg0.4/0.6_relaxed_wt_1_A22K_A68D_rep1.pdb
[DEBUG] Output file: /scratch4/jgray21/zhuggan1/projects/orthosystems/tryingggg/pos_neg_design/OrthoMPNN/Rosetta/output_pdbs/pmpnn_wt/neg0.4/0.6_relaxed_wt_1_A22K_A68D_rep2.pdb
[DEBUG] Output file: /scratch4/jgray21/zhuggan1/projects/orthosystems/tryingggg/pos_neg_design/OrthoMPNN/Rosetta/output_pdbs/pmpnn_wt/neg0.4/0.6_relaxed_wt_1_A22K_A68D_rep3.pdb
[DEBUG] Output file: /scratch4/jgray21/zhuggan1/projects/orthosystems/tryingggg/pos_neg_design/OrthoMPNN/Rosetta/output_pdbs/pmpnn_wt/neg0.4/0.6_relaxed_wt_1_A22K_A68D_rep4.pdb
[DEBUG] Output file: /scratch4/jgray21/zhuggan1/projects/orthosystems/tryingggg/pos_neg_design/OrthoMPNN/Rosetta/output_pdbs/pmpnn_wt/neg0.4/0.6_relaxed_wt_1_A22K_A68D_rep5.pdb
[DEBUG] Creating jobs for bundle: [('A 22', 'K'), ('A 68', 'T')]
[DEBUG] Output file: /scratch4/jgray21/zhuggan1/projects/orthosystems/tryingggg/pos_neg_design/OrthoMPNN/Rosetta/output_pdbs/pmpnn_wt/neg0.4/0.6_relaxed_wt_1_A22K_A68T_rep1.pdb
[DEBUG] Output file: /scratch4/jgray21/zhuggan1/projects/orthosystems/tryingggg/pos_neg_design/OrthoMPNN/Rosetta/output_pdbs/pmpnn_wt/neg0.4/0.6_relaxed_wt_1_A22K_A68T_rep2.pdb
[DEBUG] Output file: /scratch4/jgray21/zhuggan1/projects/orthosystems/tryingggg/pos_neg_design/OrthoMPNN/Rosetta/output_pdbs/pmpnn_wt/neg0.4/0.6_relaxed_wt_1_A22K_A68T_rep3.pdb
[DEBUG] Output file: /scratch4/jgray21/zhuggan1/projects/orthosystems/tryingggg/pos_neg_design/OrthoMPNN/Rosetta/output_pdbs/pmpnn_wt/neg0.4/0.6_relaxed_wt_1_A22K_A68T_rep4.pdb
[DEBUG] Output file: /scratch4/jgray21/zhuggan1/projects/orthosystems/tryingggg/pos_neg_design/OrthoMPNN/Rosetta/output_pdbs/pmpnn_wt/neg0.4/0.6_relaxed_wt_1_A22K_A68T_rep5.pdb
[DEBUG] Creating jobs for bundle: [('A 68', 'L')]
[DEBUG] Output file: /scratch4/jgray21/zhuggan1/projects/orthosystems/tryingggg/pos_neg_design/OrthoMPNN/Rosetta/output_pdbs/pmpnn_wt/neg0.4/0.6_relaxed_wt_1_A68L_rep1.pdb
[DEBUG] Output file: /scratch4/jgray21/zhuggan1/projects/orthosystems/tryingggg/pos_neg_design/OrthoMPNN/Rosetta/output_pdbs/pmpnn_wt/neg0.4/0.6_relaxed_wt_1_A68L_rep2.pdb
[DEBUG] Output file: /scratch4/jgray21/zhuggan1/projects/orthosystems/tryingggg/pos_neg_design/OrthoMPNN/Rosetta/output_pdbs/pmpnn_wt/neg0.4/0.6_relaxed_wt_1_A68L_rep3.pdb
[DEBUG] Output file: /scratch4/jgray21/zhuggan1/projects/orthosystems/tryingggg/pos_neg_design/OrthoMPNN/Rosetta/output_pdbs/pmpnn_wt/neg0.4/0.6_relaxed_wt_1_A68L_rep4.pdb
[DEBUG] Output file: /scratch4/jgray21/zhuggan1/projects/orthosystems/tryingggg/pos_neg_design/OrthoMPNN/Rosetta/output_pdbs/pmpnn_wt/neg0.4/0.6_relaxed_wt_1_A68L_rep5.pdb
[DEBUG] Creating jobs for bundle: [('A 49', 'I')]
[DEBUG] Output file: /scratch4/jgray21/zhuggan1/projects/orthosystems/tryingggg/pos_neg_design/OrthoMPNN/Rosetta/output_pdbs/pmpnn_wt/neg0.4/0.6_relaxed_wt_1_A49I_rep1.pdb
[DEBUG] Output file: /scratch4/jgray21/zhuggan1/projects/orthosystems/tryingggg/pos_neg_design/OrthoMPNN/Rosetta/output_pdbs/pmpnn_wt/neg0.4/0.6_relaxed_wt_1_A49I_rep2.pdb
[DEBUG] Output file: /scratch4/jgray21/zhuggan1/projects/orthosystems/tryingggg/pos_neg_design/OrthoMPNN/Rosetta/output_pdbs/pmpnn_wt/neg0.4/0.6_relaxed_wt_1_A49I_rep3.pdb
[DEBUG] Output file: /scratch4/jgray21/zhuggan1/projects/orthosystems/tryingggg/pos_neg_design/OrthoMPNN/Rosetta/output_pdbs/pmpnn_wt/neg0.4/0.6_relaxed_wt_1_A49I_rep4.pdb
[DEBUG] Output file: /scratch4/jgray21/zhuggan1/projects/orthosystems/tryingggg/pos_neg_design/OrthoMPNN/Rosetta/output_pdbs/pmpnn_wt/neg0.4/0.6_relaxed_wt_1_A49I_rep5.pdb
[DEBUG] Creating jobs for bundle: [('A 22', 'K'), ('A 49', 'L'), ('A 68', 'K')]
[DEBUG] Output file: /scratch4/jgray21/zhuggan1/projects/orthosystems/tryingggg/pos_neg_design/OrthoMPNN/Rosetta/output_pdbs/pmpnn_wt/neg0.4/0.6_relaxed_wt_1_A22K_A49L_A68K_rep1.pdb
[DEBUG] Output file: /scratch4/jgray21/zhuggan1/projects/orthosystems/tryingggg/pos_neg_design/OrthoMPNN/Rosetta/output_pdbs/pmpnn_wt/neg0.4/0.6_relaxed_wt_1_A22K_A49L_A68K_rep2.pdb
[DEBUG] Output file: /scratch4/jgray21/zhuggan1/projects/orthosystems/tryingggg/pos_neg_design/OrthoMPNN/Rosetta/output_pdbs/pmpnn_wt/neg0.4/0.6_relaxed_wt_1_A22K_A49L_A68K_rep3.pdb
[DEBUG] Output file: /scratch4/jgray21/zhuggan1/projects/orthosystems/tryingggg/pos_neg_design/OrthoMPNN/Rosetta/output_pdbs/pmpnn_wt/neg0.4/0.6_relaxed_wt_1_A22K_A49L_A68K_rep4.pdb
[DEBUG] Output file: /scratch4/jgray21/zhuggan1/projects/orthosystems/tryingggg/pos_neg_design/OrthoMPNN/Rosetta/output_pdbs/pmpnn_wt/neg0.4/0.6_relaxed_wt_1_A22K_A49L_A68K_rep5.pdb
[DEBUG] Creating jobs for bundle: [('A 22', 'K'), ('A 49', 'V'), ('A 68', 'T')]
[DEBUG] Output file: /scratch4/jgray21/zhuggan1/projects/orthosystems/tryingggg/pos_neg_design/OrthoMPNN/Rosetta/output_pdbs/pmpnn_wt/neg0.4/0.6_relaxed_wt_1_A22K_A49V_A68T_rep1.pdb
[DEBUG] Output file: /scratch4/jgray21/zhuggan1/projects/orthosystems/tryingggg/pos_neg_design/OrthoMPNN/Rosetta/output_pdbs/pmpnn_wt/neg0.4/0.6_relaxed_wt_1_A22K_A49V_A68T_rep2.pdb
[DEBUG] Output file: /scratch4/jgray21/zhuggan1/projects/orthosystems/tryingggg/pos_neg_design/OrthoMPNN/Rosetta/output_pdbs/pmpnn_wt/neg0.4/0.6_relaxed_wt_1_A22K_A49V_A68T_rep3.pdb
[DEBUG] Output file: /scratch4/jgray21/zhuggan1/projects/orthosystems/tryingggg/pos_neg_design/OrthoMPNN/Rosetta/output_pdbs/pmpnn_wt/neg0.4/0.6_relaxed_wt_1_A22K_A49V_A68T_rep4.pdb
[DEBUG] Output file: /scratch4/jgray21/zhuggan1/projects/orthosystems/tryingggg/pos_neg_design/OrthoMPNN/Rosetta/output_pdbs/pmpnn_wt/neg0.4/0.6_relaxed_wt_1_A22K_A49V_A68T_rep5.pdb
[DEBUG] Creating jobs for bundle: [('A 31', 'D'), ('A 68', 'L')]
[DEBUG] Output file: /scratch4/jgray21/zhuggan1/projects/orthosystems/tryingggg/pos_neg_design/OrthoMPNN/Rosetta/output_pdbs/pmpnn_wt/neg0.4/0.6_relaxed_wt_1_A31D_A68L_rep1.pdb
[DEBUG] Output file: /scratch4/jgray21/zhuggan1/projects/orthosystems/tryingggg/pos_neg_design/OrthoMPNN/Rosetta/output_pdbs/pmpnn_wt/neg0.4/0.6_relaxed_wt_1_A31D_A68L_rep2.pdb
[DEBUG] Output file: /scratch4/jgray21/zhuggan1/projects/orthosystems/tryingggg/pos_neg_design/OrthoMPNN/Rosetta/output_pdbs/pmpnn_wt/neg0.4/0.6_relaxed_wt_1_A31D_A68L_rep3.pdb
[DEBUG] Output file: /scratch4/jgray21/zhuggan1/projects/orthosystems/tryingggg/pos_neg_design/OrthoMPNN/Rosetta/output_pdbs/pmpnn_wt/neg0.4/0.6_relaxed_wt_1_A31D_A68L_rep4.pdb
[DEBUG] Output file: /scratch4/jgray21/zhuggan1/projects/orthosystems/tryingggg/pos_neg_design/OrthoMPNN/Rosetta/output_pdbs/pmpnn_wt/neg0.4/0.6_relaxed_wt_1_A31D_A68L_rep5.pdb
[DEBUG] Creating jobs for bundle: [('A 22', 'K'), ('A 52', 'R'), ('A 68', 'I')]
[DEBUG] Output file: /scratch4/jgray21/zhuggan1/projects/orthosystems/tryingggg/pos_neg_design/OrthoMPNN/Rosetta/output_pdbs/pmpnn_wt/neg0.4/0.6_relaxed_wt_1_A22K_A52R_A68I_rep1.pdb
[DEBUG] Output file: /scratch4/jgray21/zhuggan1/projects/orthosystems/tryingggg/pos_neg_design/OrthoMPNN/Rosetta/output_pdbs/pmpnn_wt/neg0.4/0.6_relaxed_wt_1_A22K_A52R_A68I_rep2.pdb
[DEBUG] Output file: /scratch4/jgray21/zhuggan1/projects/orthosystems/tryingggg/pos_neg_design/OrthoMPNN/Rosetta/output_pdbs/pmpnn_wt/neg0.4/0.6_relaxed_wt_1_A22K_A52R_A68I_rep3.pdb
[DEBUG] Output file: /scratch4/jgray21/zhuggan1/projects/orthosystems/tryingggg/pos_neg_design/OrthoMPNN/Rosetta/output_pdbs/pmpnn_wt/neg0.4/0.6_relaxed_wt_1_A22K_A52R_A68I_rep4.pdb
[DEBUG] Output file: /scratch4/jgray21/zhuggan1/projects/orthosystems/tryingggg/pos_neg_design/OrthoMPNN/Rosetta/output_pdbs/pmpnn_wt/neg0.4/0.6_relaxed_wt_1_A22K_A52R_A68I_rep5.pdb
[DEBUG] Creating jobs for bundle: [('A 22', 'K'), ('A 68', 'Y')]
[DEBUG] Output file: /scratch4/jgray21/zhuggan1/projects/orthosystems/tryingggg/pos_neg_design/OrthoMPNN/Rosetta/output_pdbs/pmpnn_wt/neg0.4/0.6_relaxed_wt_1_A22K_A68Y_rep1.pdb
[DEBUG] Output file: /scratch4/jgray21/zhuggan1/projects/orthosystems/tryingggg/pos_neg_design/OrthoMPNN/Rosetta/output_pdbs/pmpnn_wt/neg0.4/0.6_relaxed_wt_1_A22K_A68Y_rep2.pdb
[DEBUG] Output file: /scratch4/jgray21/zhuggan1/projects/orthosystems/tryingggg/pos_neg_design/OrthoMPNN/Rosetta/output_pdbs/pmpnn_wt/neg0.4/0.6_relaxed_wt_1_A22K_A68Y_rep3.pdb
[DEBUG] Output file: /scratch4/jgray21/zhuggan1/projects/orthosystems/tryingggg/pos_neg_design/OrthoMPNN/Rosetta/output_pdbs/pmpnn_wt/neg0.4/0.6_relaxed_wt_1_A22K_A68Y_rep4.pdb
[DEBUG] Output file: /scratch4/jgray21/zhuggan1/projects/orthosystems/tryingggg/pos_neg_design/OrthoMPNN/Rosetta/output_pdbs/pmpnn_wt/neg0.4/0.6_relaxed_wt_1_A22K_A68Y_rep5.pdb
[DEBUG] Creating jobs for bundle: [('A 22', 'K'), ('A 49', 'I'), ('A 68', 'T')]
[DEBUG] Output file: /scratch4/jgray21/zhuggan1/projects/orthosystems/tryingggg/pos_neg_design/OrthoMPNN/Rosetta/output_pdbs/pmpnn_wt/neg0.4/0.6_relaxed_wt_1_A22K_A49I_A68T_rep1.pdb
[DEBUG] Output file: /scratch4/jgray21/zhuggan1/projects/orthosystems/tryingggg/pos_neg_design/OrthoMPNN/Rosetta/output_pdbs/pmpnn_wt/neg0.4/0.6_relaxed_wt_1_A22K_A49I_A68T_rep2.pdb
[DEBUG] Output file: /scratch4/jgray21/zhuggan1/projects/orthosystems/tryingggg/pos_neg_design/OrthoMPNN/Rosetta/output_pdbs/pmpnn_wt/neg0.4/0.6_relaxed_wt_1_A22K_A49I_A68T_rep3.pdb
[DEBUG] Output file: /scratch4/jgray21/zhuggan1/projects/orthosystems/tryingggg/pos_neg_design/OrthoMPNN/Rosetta/output_pdbs/pmpnn_wt/neg0.4/0.6_relaxed_wt_1_A22K_A49I_A68T_rep4.pdb
[DEBUG] Output file: /scratch4/jgray21/zhuggan1/projects/orthosystems/tryingggg/pos_neg_design/OrthoMPNN/Rosetta/output_pdbs/pmpnn_wt/neg0.4/0.6_relaxed_wt_1_A22K_A49I_A68T_rep5.pdb
[DEBUG] Creating jobs for bundle: [('A 22', 'K'), ('A 52', 'T'), ('A 68', 'Q')]
[DEBUG] Output file: /scratch4/jgray21/zhuggan1/projects/orthosystems/tryingggg/pos_neg_design/OrthoMPNN/Rosetta/output_pdbs/pmpnn_wt/neg0.4/0.6_relaxed_wt_1_A22K_A52T_A68Q_rep1.pdb
[DEBUG] Output file: /scratch4/jgray21/zhuggan1/projects/orthosystems/tryingggg/pos_neg_design/OrthoMPNN/Rosetta/output_pdbs/pmpnn_wt/neg0.4/0.6_relaxed_wt_1_A22K_A52T_A68Q_rep2.pdb
[DEBUG] Output file: /scratch4/jgray21/zhuggan1/projects/orthosystems/tryingggg/pos_neg_design/OrthoMPNN/Rosetta/output_pdbs/pmpnn_wt/neg0.4/0.6_relaxed_wt_1_A22K_A52T_A68Q_rep3.pdb
[DEBUG] Output file: /scratch4/jgray21/zhuggan1/projects/orthosystems/tryingggg/pos_neg_design/OrthoMPNN/Rosetta/output_pdbs/pmpnn_wt/neg0.4/0.6_relaxed_wt_1_A22K_A52T_A68Q_rep4.pdb
[DEBUG] Output file: /scratch4/jgray21/zhuggan1/projects/orthosystems/tryingggg/pos_neg_design/OrthoMPNN/Rosetta/output_pdbs/pmpnn_wt/neg0.4/0.6_relaxed_wt_1_A22K_A52T_A68Q_rep5.pdb
[DEBUG] Creating jobs for bundle: [('A 22', 'K'), ('A 68', 'M')]
[DEBUG] Output file: /scratch4/jgray21/zhuggan1/projects/orthosystems/tryingggg/pos_neg_design/OrthoMPNN/Rosetta/output_pdbs/pmpnn_wt/neg0.4/0.6_relaxed_wt_1_A22K_A68M_rep1.pdb
[DEBUG] Output file: /scratch4/jgray21/zhuggan1/projects/orthosystems/tryingggg/pos_neg_design/OrthoMPNN/Rosetta/output_pdbs/pmpnn_wt/neg0.4/0.6_relaxed_wt_1_A22K_A68M_rep2.pdb
[DEBUG] Output file: /scratch4/jgray21/zhuggan1/projects/orthosystems/tryingggg/pos_neg_design/OrthoMPNN/Rosetta/output_pdbs/pmpnn_wt/neg0.4/0.6_relaxed_wt_1_A22K_A68M_rep3.pdb
[DEBUG] Output file: /scratch4/jgray21/zhuggan1/projects/orthosystems/tryingggg/pos_neg_design/OrthoMPNN/Rosetta/output_pdbs/pmpnn_wt/neg0.4/0.6_relaxed_wt_1_A22K_A68M_rep4.pdb
[DEBUG] Output file: /scratch4/jgray21/zhuggan1/projects/orthosystems/tryingggg/pos_neg_design/OrthoMPNN/Rosetta/output_pdbs/pmpnn_wt/neg0.4/0.6_relaxed_wt_1_A22K_A68M_rep5.pdb
[DEBUG] Creating jobs for bundle: [('A 22', 'K'), ('A 52', 'R'), ('A 68', 'L')]
[DEBUG] Output file: /scratch4/jgray21/zhuggan1/projects/orthosystems/tryingggg/pos_neg_design/OrthoMPNN/Rosetta/output_pdbs/pmpnn_wt/neg0.4/0.6_relaxed_wt_1_A22K_A52R_A68L_rep1.pdb
[DEBUG] Output file: /scratch4/jgray21/zhuggan1/projects/orthosystems/tryingggg/pos_neg_design/OrthoMPNN/Rosetta/output_pdbs/pmpnn_wt/neg0.4/0.6_relaxed_wt_1_A22K_A52R_A68L_rep2.pdb
[DEBUG] Output file: /scratch4/jgray21/zhuggan1/projects/orthosystems/tryingggg/pos_neg_design/OrthoMPNN/Rosetta/output_pdbs/pmpnn_wt/neg0.4/0.6_relaxed_wt_1_A22K_A52R_A68L_rep3.pdb
[DEBUG] Output file: /scratch4/jgray21/zhuggan1/projects/orthosystems/tryingggg/pos_neg_design/OrthoMPNN/Rosetta/output_pdbs/pmpnn_wt/neg0.4/0.6_relaxed_wt_1_A22K_A52R_A68L_rep4.pdb
[DEBUG] Output file: /scratch4/jgray21/zhuggan1/projects/orthosystems/tryingggg/pos_neg_design/OrthoMPNN/Rosetta/output_pdbs/pmpnn_wt/neg0.4/0.6_relaxed_wt_1_A22K_A52R_A68L_rep5.pdb
[DEBUG] Creating jobs for bundle: [('A 22', 'K'), ('A 49', 'L'), ('A 68', 'L')]
[DEBUG] Output file: /scratch4/jgray21/zhuggan1/projects/orthosystems/tryingggg/pos_neg_design/OrthoMPNN/Rosetta/output_pdbs/pmpnn_wt/neg0.4/0.6_relaxed_wt_1_A22K_A49L_A68L_rep1.pdb
[DEBUG] Output file: /scratch4/jgray21/zhuggan1/projects/orthosystems/tryingggg/pos_neg_design/OrthoMPNN/Rosetta/output_pdbs/pmpnn_wt/neg0.4/0.6_relaxed_wt_1_A22K_A49L_A68L_rep2.pdb
[DEBUG] Output file: /scratch4/jgray21/zhuggan1/projects/orthosystems/tryingggg/pos_neg_design/OrthoMPNN/Rosetta/output_pdbs/pmpnn_wt/neg0.4/0.6_relaxed_wt_1_A22K_A49L_A68L_rep3.pdb
[DEBUG] Output file: /scratch4/jgray21/zhuggan1/projects/orthosystems/tryingggg/pos_neg_design/OrthoMPNN/Rosetta/output_pdbs/pmpnn_wt/neg0.4/0.6_relaxed_wt_1_A22K_A49L_A68L_rep4.pdb
[DEBUG] Output file: /scratch4/jgray21/zhuggan1/projects/orthosystems/tryingggg/pos_neg_design/OrthoMPNN/Rosetta/output_pdbs/pmpnn_wt/neg0.4/0.6_relaxed_wt_1_A22K_A49L_A68L_rep5.pdb
[DEBUG] Creating jobs for bundle: [('A 22', 'P'), ('A 49', 'I'), ('A 68', 'L')]
[DEBUG] Output file: /scratch4/jgray21/zhuggan1/projects/orthosystems/tryingggg/pos_neg_design/OrthoMPNN/Rosetta/output_pdbs/pmpnn_wt/neg0.4/0.6_relaxed_wt_1_A22P_A49I_A68L_rep1.pdb
[DEBUG] Output file: /scratch4/jgray21/zhuggan1/projects/orthosystems/tryingggg/pos_neg_design/OrthoMPNN/Rosetta/output_pdbs/pmpnn_wt/neg0.4/0.6_relaxed_wt_1_A22P_A49I_A68L_rep2.pdb
[DEBUG] Output file: /scratch4/jgray21/zhuggan1/projects/orthosystems/tryingggg/pos_neg_design/OrthoMPNN/Rosetta/output_pdbs/pmpnn_wt/neg0.4/0.6_relaxed_wt_1_A22P_A49I_A68L_rep3.pdb
[DEBUG] Output file: /scratch4/jgray21/zhuggan1/projects/orthosystems/tryingggg/pos_neg_design/OrthoMPNN/Rosetta/output_pdbs/pmpnn_wt/neg0.4/0.6_relaxed_wt_1_A22P_A49I_A68L_rep4.pdb
[DEBUG] Output file: /scratch4/jgray21/zhuggan1/projects/orthosystems/tryingggg/pos_neg_design/OrthoMPNN/Rosetta/output_pdbs/pmpnn_wt/neg0.4/0.6_relaxed_wt_1_A22P_A49I_A68L_rep5.pdb
[DEBUG] Creating jobs for bundle: [('A 22', 'P'), ('A 68', 'Y')]
[DEBUG] Output file: /scratch4/jgray21/zhuggan1/projects/orthosystems/tryingggg/pos_neg_design/OrthoMPNN/Rosetta/output_pdbs/pmpnn_wt/neg0.4/0.6_relaxed_wt_1_A22P_A68Y_rep1.pdb
[DEBUG] Output file: /scratch4/jgray21/zhuggan1/projects/orthosystems/tryingggg/pos_neg_design/OrthoMPNN/Rosetta/output_pdbs/pmpnn_wt/neg0.4/0.6_relaxed_wt_1_A22P_A68Y_rep2.pdb
[DEBUG] Output file: /scratch4/jgray21/zhuggan1/projects/orthosystems/tryingggg/pos_neg_design/OrthoMPNN/Rosetta/output_pdbs/pmpnn_wt/neg0.4/0.6_relaxed_wt_1_A22P_A68Y_rep3.pdb
[DEBUG] Output file: /scratch4/jgray21/zhuggan1/projects/orthosystems/tryingggg/pos_neg_design/OrthoMPNN/Rosetta/output_pdbs/pmpnn_wt/neg0.4/0.6_relaxed_wt_1_A22P_A68Y_rep4.pdb
[DEBUG] Output file: /scratch4/jgray21/zhuggan1/projects/orthosystems/tryingggg/pos_neg_design/OrthoMPNN/Rosetta/output_pdbs/pmpnn_wt/neg0.4/0.6_relaxed_wt_1_A22P_A68Y_rep5.pdb
[DEBUG] Creating jobs for bundle: [('A 22', 'Q'), ('A 68', 'L')]
[DEBUG] Output file: /scratch4/jgray21/zhuggan1/projects/orthosystems/tryingggg/pos_neg_design/OrthoMPNN/Rosetta/output_pdbs/pmpnn_wt/neg0.4/0.6_relaxed_wt_1_A22Q_A68L_rep1.pdb
[DEBUG] Output file: /scratch4/jgray21/zhuggan1/projects/orthosystems/tryingggg/pos_neg_design/OrthoMPNN/Rosetta/output_pdbs/pmpnn_wt/neg0.4/0.6_relaxed_wt_1_A22Q_A68L_rep2.pdb
[DEBUG] Output file: /scratch4/jgray21/zhuggan1/projects/orthosystems/tryingggg/pos_neg_design/OrthoMPNN/Rosetta/output_pdbs/pmpnn_wt/neg0.4/0.6_relaxed_wt_1_A22Q_A68L_rep3.pdb
[DEBUG] Output file: /scratch4/jgray21/zhuggan1/projects/orthosystems/tryingggg/pos_neg_design/OrthoMPNN/Rosetta/output_pdbs/pmpnn_wt/neg0.4/0.6_relaxed_wt_1_A22Q_A68L_rep4.pdb
[DEBUG] Output file: /scratch4/jgray21/zhuggan1/projects/orthosystems/tryingggg/pos_neg_design/OrthoMPNN/Rosetta/output_pdbs/pmpnn_wt/neg0.4/0.6_relaxed_wt_1_A22Q_A68L_rep5.pdb
[DEBUG] Creating jobs for bundle: [('A 68', 'Q')]
[DEBUG] Output file: /scratch4/jgray21/zhuggan1/projects/orthosystems/tryingggg/pos_neg_design/OrthoMPNN/Rosetta/output_pdbs/pmpnn_wt/neg0.4/0.6_relaxed_wt_1_A68Q_rep1.pdb
[DEBUG] Output file: /scratch4/jgray21/zhuggan1/projects/orthosystems/tryingggg/pos_neg_design/OrthoMPNN/Rosetta/output_pdbs/pmpnn_wt/neg0.4/0.6_relaxed_wt_1_A68Q_rep2.pdb
[DEBUG] Output file: /scratch4/jgray21/zhuggan1/projects/orthosystems/tryingggg/pos_neg_design/OrthoMPNN/Rosetta/output_pdbs/pmpnn_wt/neg0.4/0.6_relaxed_wt_1_A68Q_rep3.pdb
[DEBUG] Output file: /scratch4/jgray21/zhuggan1/projects/orthosystems/tryingggg/pos_neg_design/OrthoMPNN/Rosetta/output_pdbs/pmpnn_wt/neg0.4/0.6_relaxed_wt_1_A68Q_rep4.pdb
[DEBUG] Output file: /scratch4/jgray21/zhuggan1/projects/orthosystems/tryingggg/pos_neg_design/OrthoMPNN/Rosetta/output_pdbs/pmpnn_wt/neg0.4/0.6_relaxed_wt_1_A68Q_rep5.pdb
[DEBUG] Creating jobs for bundle: [('A 49', 'L'), ('A 68', 'L')]
[DEBUG] Output file: /scratch4/jgray21/zhuggan1/projects/orthosystems/tryingggg/pos_neg_design/OrthoMPNN/Rosetta/output_pdbs/pmpnn_wt/neg0.4/0.6_relaxed_wt_1_A49L_A68L_rep1.pdb
[DEBUG] Output file: /scratch4/jgray21/zhuggan1/projects/orthosystems/tryingggg/pos_neg_design/OrthoMPNN/Rosetta/output_pdbs/pmpnn_wt/neg0.4/0.6_relaxed_wt_1_A49L_A68L_rep2.pdb
[DEBUG] Output file: /scratch4/jgray21/zhuggan1/projects/orthosystems/tryingggg/pos_neg_design/OrthoMPNN/Rosetta/output_pdbs/pmpnn_wt/neg0.4/0.6_relaxed_wt_1_A49L_A68L_rep3.pdb
[DEBUG] Output file: /scratch4/jgray21/zhuggan1/projects/orthosystems/tryingggg/pos_neg_design/OrthoMPNN/Rosetta/output_pdbs/pmpnn_wt/neg0.4/0.6_relaxed_wt_1_A49L_A68L_rep4.pdb
[DEBUG] Output file: /scratch4/jgray21/zhuggan1/projects/orthosystems/tryingggg/pos_neg_design/OrthoMPNN/Rosetta/output_pdbs/pmpnn_wt/neg0.4/0.6_relaxed_wt_1_A49L_A68L_rep5.pdb
2026-02-24 10:29:22 EST MainProcess INFO [__main__] Processing a total of 115 jobs
2026-02-24 10:29:22 EST MainProcess INFO [__main__] Starting pool with 48 worker(s)
2026-02-24 11:41:11 EST ForkPoolWorker-38 INFO [__main__] Output: 0.6_relaxed_wt_1_A22K_A49L_A68K_rep4.pdb
2026-02-24 11:42:12 EST ForkPoolWorker-29 INFO [__main__] Output: 0.6_relaxed_wt_1_A22K_A68D_rep1.pdb
2026-02-24 11:42:16 EST ForkPoolWorker-11 INFO [__main__] Output: 0.6_relaxed_wt_1_A22K_A68L_rep3.pdb
2026-02-24 11:42:29 EST ForkPoolWorker-26 INFO [__main__] Output: 0.6_relaxed_wt_1_A22K_A49L_A68K_rep3.pdb
2026-02-24 11:42:32 EST ForkPoolWorker-10 INFO [__main__] Output: 0.6_relaxed_wt_1_A22P_A49L_A68L_rep3.pdb
2026-02-24 11:42:41 EST ForkPoolWorker-44 INFO [__main__] Output: 0.6_relaxed_wt_1_A68L_rep4.pdb
2026-02-24 11:42:41 EST ForkPoolWorker-15 INFO [__main__] Output: 0.6_relaxed_wt_1_A22P_A49L_A68L_rep4.pdb
2026-02-24 11:42:48 EST ForkPoolWorker-35 INFO [__main__] Output: 0.6_relaxed_wt_1_A68T_rep1.pdb
2026-02-24 11:43:06 EST ForkPoolWorker-9 INFO [__main__] Output: 0.6_relaxed_wt_1_A22K_A68L_rep5.pdb
2026-02-24 11:43:14 EST ForkPoolWorker-5 INFO [__main__] Output: 0.6_relaxed_wt_1_A22K_A49L_A68K_rep2.pdb
2026-02-24 11:43:19 EST ForkPoolWorker-17 INFO [__main__] Output: 0.6_relaxed_wt_1_A68T_rep2.pdb
2026-02-24 11:44:02 EST ForkPoolWorker-25 INFO [__main__] Output: 0.6_relaxed_wt_1_A68M_rep3.pdb
2026-02-24 11:44:04 EST ForkPoolWorker-12 INFO [__main__] Output: 0.6_relaxed_wt_1_A68T_rep5.pdb
2026-02-24 11:44:10 EST ForkPoolWorker-18 INFO [__main__] Output: 0.6_relaxed_wt_1_A49I_rep5.pdb
2026-02-24 11:44:15 EST ForkPoolWorker-42 INFO [__main__] Output: 0.6_relaxed_wt_1_A49I_rep3.pdb
2026-02-24 11:44:32 EST ForkPoolWorker-28 INFO [__main__] Output: 0.6_relaxed_wt_1_A22K_A68T_rep4.pdb
2026-02-24 11:44:37 EST ForkPoolWorker-23 INFO [__main__] Output: 0.6_relaxed_wt_1_A68M_rep1.pdb
2026-02-24 11:44:46 EST ForkPoolWorker-21 INFO [__main__] Output: 0.6_relaxed_wt_1_A22K_A68T_rep2.pdb
2026-02-24 11:44:46 EST ForkPoolWorker-2 INFO [__main__] Output: 0.6_relaxed_wt_1_A68L_rep5.pdb
2026-02-24 11:44:50 EST ForkPoolWorker-20 INFO [__main__] Output: 0.6_relaxed_wt_1_A22K_A49V_A68T_rep3.pdb
2026-02-24 11:44:53 EST ForkPoolWorker-24 INFO [__main__] Output: 0.6_relaxed_wt_1_A68T_rep3.pdb
2026-02-24 11:44:56 EST ForkPoolWorker-19 INFO [__main__] Output: 0.6_relaxed_wt_1_A49I_rep4.pdb
2026-02-24 11:44:59 EST ForkPoolWorker-43 INFO [__main__] Output: 0.6_relaxed_wt_1_A22K_A68L_rep4.pdb
2026-02-24 11:45:00 EST ForkPoolWorker-34 INFO [__main__] Output: 0.6_relaxed_wt_1_A22K_A49V_A68T_rep1.pdb
2026-02-24 11:45:01 EST ForkPoolWorker-8 INFO [__main__] Output: 0.6_relaxed_wt_1_A49I_rep1.pdb
2026-02-24 11:45:02 EST ForkPoolWorker-13 INFO [__main__] Output: 0.6_relaxed_wt_1_A22K_A68D_rep5.pdb
2026-02-24 11:45:17 EST ForkPoolWorker-14 INFO [__main__] Output: 0.6_relaxed_wt_1_A22K_A68D_rep3.pdb
2026-02-24 11:45:21 EST ForkPoolWorker-1 INFO [__main__] Output: 0.6_relaxed_wt_1_A22K_A49L_A68K_rep5.pdb
2026-02-24 11:45:21 EST ForkPoolWorker-4 INFO [__main__] Output: 0.6_relaxed_wt_1_A49I_rep2.pdb
2026-02-24 11:45:27 EST ForkPoolWorker-31 INFO [__main__] Output: 0.6_relaxed_wt_1_A22P_A49L_A68L_rep1.pdb
2026-02-24 11:45:30 EST ForkPoolWorker-3 INFO [__main__] Output: 0.6_relaxed_wt_1_A68L_rep2.pdb
2026-02-24 11:45:34 EST ForkPoolWorker-22 INFO [__main__] Output: 0.6_relaxed_wt_1_A22P_A49L_A68L_rep2.pdb
2026-02-24 11:45:35 EST ForkPoolWorker-48 INFO [__main__] Output: 0.6_relaxed_wt_1_A22K_A49L_A68K_rep1.pdb
2026-02-24 11:45:37 EST ForkPoolWorker-33 INFO [__main__] Output: 0.6_relaxed_wt_1_A68M_rep4.pdb
2026-02-24 11:45:37 EST ForkPoolWorker-39 INFO [__main__] Output: 0.6_relaxed_wt_1_A68M_rep5.pdb
2026-02-24 11:45:48 EST ForkPoolWorker-41 INFO [__main__] Output: 0.6_relaxed_wt_1_A22K_A49V_A68T_rep2.pdb
2026-02-24 11:45:57 EST ForkPoolWorker-36 INFO [__main__] Output: 0.6_relaxed_wt_1_A68T_rep4.pdb
2026-02-24 11:46:00 EST ForkPoolWorker-30 INFO [__main__] Output: 0.6_relaxed_wt_1_A68L_rep3.pdb
2026-02-24 11:46:05 EST ForkPoolWorker-6 INFO [__main__] Output: 0.6_relaxed_wt_1_A68L_rep1.pdb
2026-02-24 11:46:10 EST ForkPoolWorker-46 INFO [__main__] Output: 0.6_relaxed_wt_1_A22K_A68L_rep1.pdb
2026-02-24 11:46:15 EST ForkPoolWorker-45 INFO [__main__] Output: 0.6_relaxed_wt_1_A22K_A68D_rep2.pdb
2026-02-24 11:46:21 EST ForkPoolWorker-47 INFO [__main__] Output: 0.6_relaxed_wt_1_A22K_A68D_rep4.pdb
2026-02-24 11:46:37 EST ForkPoolWorker-40 INFO [__main__] Output: 0.6_relaxed_wt_1_A22P_A49L_A68L_rep5.pdb
2026-02-24 11:46:41 EST ForkPoolWorker-16 INFO [__main__] Output: 0.6_relaxed_wt_1_A22K_A68T_rep3.pdb
2026-02-24 11:46:59 EST ForkPoolWorker-7 INFO [__main__] Output: 0.6_relaxed_wt_1_A22K_A68L_rep2.pdb
2026-02-24 11:47:12 EST ForkPoolWorker-27 INFO [__main__] Output: 0.6_relaxed_wt_1_A68M_rep2.pdb
2026-02-24 11:47:23 EST ForkPoolWorker-32 INFO [__main__] Output: 0.6_relaxed_wt_1_A22K_A68T_rep5.pdb
2026-02-24 11:47:51 EST ForkPoolWorker-37 INFO [__main__] Output: 0.6_relaxed_wt_1_A22K_A68T_rep1.pdb
2026-02-24 12:53:58 EST ForkPoolWorker-29 INFO [__main__] Output: 0.6_relaxed_wt_1_A22K_A49V_A68T_rep5.pdb
2026-02-24 12:54:32 EST ForkPoolWorker-38 INFO [__main__] Output: 0.6_relaxed_wt_1_A22K_A49V_A68T_rep4.pdb
2026-02-24 12:54:41 EST ForkPoolWorker-35 INFO [__main__] Output: 0.6_relaxed_wt_1_A22K_A52R_A68I_rep1.pdb
2026-02-24 12:54:41 EST ForkPoolWorker-11 INFO [__main__] Output: 0.6_relaxed_wt_1_A31D_A68L_rep1.pdb
2026-02-24 12:55:07 EST ForkPoolWorker-9 INFO [__main__] Output: 0.6_relaxed_wt_1_A22K_A52R_A68I_rep2.pdb
2026-02-24 12:55:30 EST ForkPoolWorker-18 INFO [__main__] Output: 0.6_relaxed_wt_1_A22K_A68Y_rep2.pdb
2026-02-24 12:55:46 EST ForkPoolWorker-10 INFO [__main__] Output: 0.6_relaxed_wt_1_A31D_A68L_rep3.pdb
2026-02-24 12:56:02 EST ForkPoolWorker-15 INFO [__main__] Output: 0.6_relaxed_wt_1_A31D_A68L_rep5.pdb
2026-02-24 12:56:11 EST ForkPoolWorker-12 INFO [__main__] Output: 0.6_relaxed_wt_1_A22K_A68Y_rep1.pdb
2026-02-24 12:56:34 EST ForkPoolWorker-26 INFO [__main__] Output: 0.6_relaxed_wt_1_A31D_A68L_rep2.pdb
2026-02-24 12:56:54 EST ForkPoolWorker-43 INFO [__main__] Output: 0.6_relaxed_wt_1_A22K_A52T_A68Q_rep1.pdb
2026-02-24 12:57:09 EST ForkPoolWorker-28 INFO [__main__] Output: 0.6_relaxed_wt_1_A22K_A68Y_rep4.pdb
2026-02-24 12:57:55 EST ForkPoolWorker-42 INFO [__main__] Output: 0.6_relaxed_wt_1_A22K_A68Y_rep3.pdb
2026-02-24 12:58:10 EST ForkPoolWorker-16 INFO [__main__] Output: 0.6_relaxed_wt_1_A22P_A49I_A68L_rep2.pdb
2026-02-24 12:58:15 EST ForkPoolWorker-17 INFO [__main__] Output: 0.6_relaxed_wt_1_A22K_A52R_A68I_rep4.pdb
2026-02-24 12:58:19 EST ForkPoolWorker-14 INFO [__main__] Output: 0.6_relaxed_wt_1_A22K_A52T_A68Q_rep5.pdb
2026-02-24 12:58:27 EST ForkPoolWorker-44 INFO [__main__] Output: 0.6_relaxed_wt_1_A31D_A68L_rep4.pdb
2026-02-24 12:58:28 EST ForkPoolWorker-21 INFO [__main__] Output: 0.6_relaxed_wt_1_A22K_A49I_A68T_rep1.pdb
2026-02-24 12:58:30 EST ForkPoolWorker-36 INFO [__main__] Output: 0.6_relaxed_wt_1_A22K_A52R_A68L_rep5.pdb
2026-02-24 12:58:35 EST ForkPoolWorker-13 INFO [__main__] Output: 0.6_relaxed_wt_1_A22K_A52T_A68Q_rep4.pdb
2026-02-24 12:58:36 EST ForkPoolWorker-25 INFO [__main__] Output: 0.6_relaxed_wt_1_A22K_A52R_A68I_rep5.pdb
2026-02-24 12:58:54 EST ForkPoolWorker-33 INFO [__main__] Output: 0.6_relaxed_wt_1_A22K_A52R_A68L_rep2.pdb
2026-02-24 12:58:56 EST ForkPoolWorker-39 INFO [__main__] Output: 0.6_relaxed_wt_1_A22K_A52R_A68L_rep3.pdb
2026-02-24 12:58:57 EST ForkPoolWorker-24 INFO [__main__] Output: 0.6_relaxed_wt_1_A22K_A49I_A68T_rep4.pdb
2026-02-24 12:59:02 EST ForkPoolWorker-4 INFO [__main__] Output: 0.6_relaxed_wt_1_A22K_A68M_rep2.pdb
2026-02-24 12:59:13 EST ForkPoolWorker-1 INFO [__main__] Output: 0.6_relaxed_wt_1_A22K_A68M_rep1.pdb
2026-02-24 12:59:14 EST ForkPoolWorker-20 INFO [__main__] Output: 0.6_relaxed_wt_1_A22K_A49I_A68T_rep3.pdb
2026-02-24 12:59:25 EST ForkPoolWorker-5 INFO [__main__] Output: 0.6_relaxed_wt_1_A22K_A52R_A68I_rep3.pdb
2026-02-24 12:59:27 EST ForkPoolWorker-23 INFO [__main__] Output: 0.6_relaxed_wt_1_A22K_A68Y_rep5.pdb
2026-02-24 12:59:52 EST ForkPoolWorker-2 INFO [__main__] Output: 0.6_relaxed_wt_1_A22K_A49I_A68T_rep2.pdb
2026-02-24 13:00:15 EST ForkPoolWorker-30 INFO [__main__] Output: 0.6_relaxed_wt_1_A22K_A49L_A68L_rep1.pdb
2026-02-24 13:00:18 EST ForkPoolWorker-48 INFO [__main__] Output: 0.6_relaxed_wt_1_A22K_A52R_A68L_rep1.pdb
2026-02-24 13:00:19 EST ForkPoolWorker-22 INFO [__main__] Output: 0.6_relaxed_wt_1_A22K_A68M_rep5.pdb
2026-02-24 13:00:29 EST ForkPoolWorker-34 INFO [__main__] Output: 0.6_relaxed_wt_1_A22K_A52T_A68Q_rep2.pdb
2026-02-24 13:00:42 EST ForkPoolWorker-3 INFO [__main__] Output: 0.6_relaxed_wt_1_A22K_A68M_rep4.pdb
2026-02-24 13:00:50 EST ForkPoolWorker-46 INFO [__main__] Output: 0.6_relaxed_wt_1_A22K_A49L_A68L_rep3.pdb
2026-02-24 13:01:11 EST ForkPoolWorker-27 INFO [__main__] Output: 0.6_relaxed_wt_1_A22P_A49I_A68L_rep4.pdb
2026-02-24 13:01:25 EST ForkPoolWorker-7 INFO [__main__] Output: 0.6_relaxed_wt_1_A22P_A49I_A68L_rep3.pdb
2026-02-24 13:01:26 EST ForkPoolWorker-19 INFO [__main__] Output: 0.6_relaxed_wt_1_A22K_A49I_A68T_rep5.pdb
2026-02-24 13:01:29 EST ForkPoolWorker-6 INFO [__main__] Output: 0.6_relaxed_wt_1_A22K_A49L_A68L_rep2.pdb
2026-02-24 13:01:39 EST ForkPoolWorker-31 INFO [__main__] Output: 0.6_relaxed_wt_1_A22K_A68M_rep3.pdb
2026-02-24 13:01:43 EST ForkPoolWorker-45 INFO [__main__] Output: 0.6_relaxed_wt_1_A22K_A49L_A68L_rep4.pdb
2026-02-24 13:02:06 EST ForkPoolWorker-32 INFO [__main__] Output: 0.6_relaxed_wt_1_A22P_A49I_A68L_rep5.pdb
2026-02-24 13:02:07 EST ForkPoolWorker-41 INFO [__main__] Output: 0.6_relaxed_wt_1_A22K_A52R_A68L_rep4.pdb
2026-02-24 13:02:23 EST ForkPoolWorker-37 INFO [__main__] Output: 0.6_relaxed_wt_1_A22P_A68Y_rep1.pdb
2026-02-24 13:02:24 EST ForkPoolWorker-40 INFO [__main__] Output: 0.6_relaxed_wt_1_A22P_A49I_A68L_rep1.pdb
2026-02-24 13:02:39 EST ForkPoolWorker-47 INFO [__main__] Output: 0.6_relaxed_wt_1_A22K_A49L_A68L_rep5.pdb
2026-02-24 13:03:00 EST ForkPoolWorker-8 INFO [__main__] Output: 0.6_relaxed_wt_1_A22K_A52T_A68Q_rep3.pdb
2026-02-24 14:02:46 EST ForkPoolWorker-9 INFO [__main__] Output: 0.6_relaxed_wt_1_A22Q_A68L_rep1.pdb
2026-02-24 14:03:08 EST ForkPoolWorker-38 INFO [__main__] Output: 0.6_relaxed_wt_1_A22P_A68Y_rep3.pdb
2026-02-24 14:03:20 EST ForkPoolWorker-43 INFO [__main__] Output: 0.6_relaxed_wt_1_A68Q_rep2.pdb
2026-02-24 14:03:27 EST ForkPoolWorker-29 INFO [__main__] Output: 0.6_relaxed_wt_1_A22P_A68Y_rep2.pdb
2026-02-24 14:03:50 EST ForkPoolWorker-12 INFO [__main__] Output: 0.6_relaxed_wt_1_A22Q_A68L_rep5.pdb
2026-02-24 14:04:37 EST ForkPoolWorker-15 INFO [__main__] Output: 0.6_relaxed_wt_1_A22Q_A68L_rep4.pdb
2026-02-24 14:04:45 EST ForkPoolWorker-18 INFO [__main__] Output: 0.6_relaxed_wt_1_A22Q_A68L_rep2.pdb
2026-02-24 14:04:54 EST ForkPoolWorker-35 INFO [__main__] Output: 0.6_relaxed_wt_1_A22P_A68Y_rep4.pdb
2026-02-24 14:05:08 EST ForkPoolWorker-11 INFO [__main__] Output: 0.6_relaxed_wt_1_A22P_A68Y_rep5.pdb
2026-02-24 14:05:14 EST ForkPoolWorker-21 INFO [__main__] Output: 0.6_relaxed_wt_1_A49L_A68L_rep4.pdb
2026-02-24 14:05:21 EST ForkPoolWorker-10 INFO [__main__] Output: 0.6_relaxed_wt_1_A22Q_A68L_rep3.pdb
2026-02-24 14:05:55 EST ForkPoolWorker-26 INFO [__main__] Output: 0.6_relaxed_wt_1_A68Q_rep1.pdb
2026-02-24 14:06:04 EST ForkPoolWorker-17 INFO [__main__] Output: 0.6_relaxed_wt_1_A49L_A68L_rep1.pdb
2026-02-24 14:06:42 EST ForkPoolWorker-42 INFO [__main__] Output: 0.6_relaxed_wt_1_A68Q_rep4.pdb
2026-02-24 14:06:49 EST ForkPoolWorker-44 INFO [__main__] Output: 0.6_relaxed_wt_1_A49L_A68L_rep3.pdb
2026-02-24 14:07:03 EST ForkPoolWorker-36 INFO [__main__] Output: 0.6_relaxed_wt_1_A49L_A68L_rep5.pdb
2026-02-24 14:07:12 EST ForkPoolWorker-28 INFO [__main__] Output: 0.6_relaxed_wt_1_A68Q_rep3.pdb
2026-02-24 14:07:32 EST ForkPoolWorker-16 INFO [__main__] Output: 0.6_relaxed_wt_1_A68Q_rep5.pdb
2026-02-24 14:07:47 EST ForkPoolWorker-14 INFO [__main__] Output: 0.6_relaxed_wt_1_A49L_A68L_rep2.pdb
2026-02-24 14:07:48 EST MainProcess INFO [__main__] Script execution completed
