Using existing logs directory.
2026-02-23 10:43:59 EST MainProcess INFO [numexpr.utils] Note: NumExpr detected 48 cores but "NUMEXPR_MAX_THREADS" not set, so enforcing safe limit of 8.
2026-02-23 10:43:59 EST MainProcess INFO [numexpr.utils] NumExpr defaulting to 8 threads.
[DEBUG] Parsed R68M -> [('A 68', 'M')]
[DEBUG] Parsed R68T -> [('A 68', 'T')]
[DEBUG] Parsed R22K, R68L -> [('A 22', 'K'), ('A 68', 'L')]
[DEBUG] Parsed R22P, N49L, R68L -> [('A 22', 'P'), ('A 49', 'L'), ('A 68', 'L')]
[DEBUG] Parsed R22K, R68D -> [('A 22', 'K'), ('A 68', 'D')]
[DEBUG] Parsed R22K, R68T -> [('A 22', 'K'), ('A 68', 'T')]
[DEBUG] Parsed R68L -> [('A 68', 'L')]
[DEBUG] Parsed N49I -> [('A 49', 'I')]
[DEBUG] Parsed R22K, N49L, R68K -> [('A 22', 'K'), ('A 49', 'L'), ('A 68', 'K')]
[DEBUG] Parsed R22K, N49V, R68T -> [('A 22', 'K'), ('A 49', 'V'), ('A 68', 'T')]
[DEBUG] Parsed N31D, R68L -> [('A 31', 'D'), ('A 68', 'L')]
[DEBUG] Parsed R22K, N52R, R68I -> [('A 22', 'K'), ('A 52', 'R'), ('A 68', 'I')]
[DEBUG] Parsed R22K, R68Y -> [('A 22', 'K'), ('A 68', 'Y')]
[DEBUG] Parsed R22K, N49I, R68T -> [('A 22', 'K'), ('A 49', 'I'), ('A 68', 'T')]
[DEBUG] Parsed R22K, N52T, R68Q -> [('A 22', 'K'), ('A 52', 'T'), ('A 68', 'Q')]
[DEBUG] Parsed R22K, R68M -> [('A 22', 'K'), ('A 68', 'M')]
[DEBUG] Parsed R22K, N52R, R68L -> [('A 22', 'K'), ('A 52', 'R'), ('A 68', 'L')]
[DEBUG] Parsed R22K, N49L, R68L -> [('A 22', 'K'), ('A 49', 'L'), ('A 68', 'L')]
[DEBUG] Parsed R22P, N49I, R68L -> [('A 22', 'P'), ('A 49', 'I'), ('A 68', 'L')]
[DEBUG] Parsed R22P, R68Y -> [('A 22', 'P'), ('A 68', 'Y')]
[DEBUG] Parsed R22Q, R68L -> [('A 22', 'Q'), ('A 68', 'L')]
[DEBUG] Parsed R68Q -> [('A 68', 'Q')]
[DEBUG] Parsed N49L, R68L -> [('A 49', 'L'), ('A 68', 'L')]
[DEBUG] Creating jobs for bundle: [('A 68', 'M')]
[DEBUG] Output file: /scratch4/jgray21/zhuggan1/projects/orthosystems/tryingggg/pos_neg_design/OrthoMPNN/Rosetta/output_pdbs/pmpnn_wt/neg0.4/0.4_relaxed_wt_1_A68M_rep1.pdb
[DEBUG] Output file: /scratch4/jgray21/zhuggan1/projects/orthosystems/tryingggg/pos_neg_design/OrthoMPNN/Rosetta/output_pdbs/pmpnn_wt/neg0.4/0.4_relaxed_wt_1_A68M_rep2.pdb
[DEBUG] Output file: /scratch4/jgray21/zhuggan1/projects/orthosystems/tryingggg/pos_neg_design/OrthoMPNN/Rosetta/output_pdbs/pmpnn_wt/neg0.4/0.4_relaxed_wt_1_A68M_rep3.pdb
[DEBUG] Output file: /scratch4/jgray21/zhuggan1/projects/orthosystems/tryingggg/pos_neg_design/OrthoMPNN/Rosetta/output_pdbs/pmpnn_wt/neg0.4/0.4_relaxed_wt_1_A68M_rep4.pdb
[DEBUG] Output file: /scratch4/jgray21/zhuggan1/projects/orthosystems/tryingggg/pos_neg_design/OrthoMPNN/Rosetta/output_pdbs/pmpnn_wt/neg0.4/0.4_relaxed_wt_1_A68M_rep5.pdb
[DEBUG] Creating jobs for bundle: [('A 68', 'T')]
[DEBUG] Output file: /scratch4/jgray21/zhuggan1/projects/orthosystems/tryingggg/pos_neg_design/OrthoMPNN/Rosetta/output_pdbs/pmpnn_wt/neg0.4/0.4_relaxed_wt_1_A68T_rep1.pdb
[DEBUG] Output file: /scratch4/jgray21/zhuggan1/projects/orthosystems/tryingggg/pos_neg_design/OrthoMPNN/Rosetta/output_pdbs/pmpnn_wt/neg0.4/0.4_relaxed_wt_1_A68T_rep2.pdb
[DEBUG] Output file: /scratch4/jgray21/zhuggan1/projects/orthosystems/tryingggg/pos_neg_design/OrthoMPNN/Rosetta/output_pdbs/pmpnn_wt/neg0.4/0.4_relaxed_wt_1_A68T_rep3.pdb
[DEBUG] Output file: /scratch4/jgray21/zhuggan1/projects/orthosystems/tryingggg/pos_neg_design/OrthoMPNN/Rosetta/output_pdbs/pmpnn_wt/neg0.4/0.4_relaxed_wt_1_A68T_rep4.pdb
[DEBUG] Output file: /scratch4/jgray21/zhuggan1/projects/orthosystems/tryingggg/pos_neg_design/OrthoMPNN/Rosetta/output_pdbs/pmpnn_wt/neg0.4/0.4_relaxed_wt_1_A68T_rep5.pdb
[DEBUG] Creating jobs for bundle: [('A 22', 'K'), ('A 68', 'L')]
[DEBUG] Output file: /scratch4/jgray21/zhuggan1/projects/orthosystems/tryingggg/pos_neg_design/OrthoMPNN/Rosetta/output_pdbs/pmpnn_wt/neg0.4/0.4_relaxed_wt_1_A22K_A68L_rep1.pdb
[DEBUG] Output file: /scratch4/jgray21/zhuggan1/projects/orthosystems/tryingggg/pos_neg_design/OrthoMPNN/Rosetta/output_pdbs/pmpnn_wt/neg0.4/0.4_relaxed_wt_1_A22K_A68L_rep2.pdb
[DEBUG] Output file: /scratch4/jgray21/zhuggan1/projects/orthosystems/tryingggg/pos_neg_design/OrthoMPNN/Rosetta/output_pdbs/pmpnn_wt/neg0.4/0.4_relaxed_wt_1_A22K_A68L_rep3.pdb
[DEBUG] Output file: /scratch4/jgray21/zhuggan1/projects/orthosystems/tryingggg/pos_neg_design/OrthoMPNN/Rosetta/output_pdbs/pmpnn_wt/neg0.4/0.4_relaxed_wt_1_A22K_A68L_rep4.pdb
[DEBUG] Output file: /scratch4/jgray21/zhuggan1/projects/orthosystems/tryingggg/pos_neg_design/OrthoMPNN/Rosetta/output_pdbs/pmpnn_wt/neg0.4/0.4_relaxed_wt_1_A22K_A68L_rep5.pdb
[DEBUG] Creating jobs for bundle: [('A 22', 'P'), ('A 49', 'L'), ('A 68', 'L')]
[DEBUG] Output file: /scratch4/jgray21/zhuggan1/projects/orthosystems/tryingggg/pos_neg_design/OrthoMPNN/Rosetta/output_pdbs/pmpnn_wt/neg0.4/0.4_relaxed_wt_1_A22P_A49L_A68L_rep1.pdb
[DEBUG] Output file: /scratch4/jgray21/zhuggan1/projects/orthosystems/tryingggg/pos_neg_design/OrthoMPNN/Rosetta/output_pdbs/pmpnn_wt/neg0.4/0.4_relaxed_wt_1_A22P_A49L_A68L_rep2.pdb
[DEBUG] Output file: /scratch4/jgray21/zhuggan1/projects/orthosystems/tryingggg/pos_neg_design/OrthoMPNN/Rosetta/output_pdbs/pmpnn_wt/neg0.4/0.4_relaxed_wt_1_A22P_A49L_A68L_rep3.pdb
[DEBUG] Output file: /scratch4/jgray21/zhuggan1/projects/orthosystems/tryingggg/pos_neg_design/OrthoMPNN/Rosetta/output_pdbs/pmpnn_wt/neg0.4/0.4_relaxed_wt_1_A22P_A49L_A68L_rep4.pdb
[DEBUG] Output file: /scratch4/jgray21/zhuggan1/projects/orthosystems/tryingggg/pos_neg_design/OrthoMPNN/Rosetta/output_pdbs/pmpnn_wt/neg0.4/0.4_relaxed_wt_1_A22P_A49L_A68L_rep5.pdb
[DEBUG] Creating jobs for bundle: [('A 22', 'K'), ('A 68', 'D')]
[DEBUG] Output file: /scratch4/jgray21/zhuggan1/projects/orthosystems/tryingggg/pos_neg_design/OrthoMPNN/Rosetta/output_pdbs/pmpnn_wt/neg0.4/0.4_relaxed_wt_1_A22K_A68D_rep1.pdb
[DEBUG] Output file: /scratch4/jgray21/zhuggan1/projects/orthosystems/tryingggg/pos_neg_design/OrthoMPNN/Rosetta/output_pdbs/pmpnn_wt/neg0.4/0.4_relaxed_wt_1_A22K_A68D_rep2.pdb
[DEBUG] Output file: /scratch4/jgray21/zhuggan1/projects/orthosystems/tryingggg/pos_neg_design/OrthoMPNN/Rosetta/output_pdbs/pmpnn_wt/neg0.4/0.4_relaxed_wt_1_A22K_A68D_rep3.pdb
[DEBUG] Output file: /scratch4/jgray21/zhuggan1/projects/orthosystems/tryingggg/pos_neg_design/OrthoMPNN/Rosetta/output_pdbs/pmpnn_wt/neg0.4/0.4_relaxed_wt_1_A22K_A68D_rep4.pdb
[DEBUG] Output file: /scratch4/jgray21/zhuggan1/projects/orthosystems/tryingggg/pos_neg_design/OrthoMPNN/Rosetta/output_pdbs/pmpnn_wt/neg0.4/0.4_relaxed_wt_1_A22K_A68D_rep5.pdb
[DEBUG] Creating jobs for bundle: [('A 22', 'K'), ('A 68', 'T')]
[DEBUG] Output file: /scratch4/jgray21/zhuggan1/projects/orthosystems/tryingggg/pos_neg_design/OrthoMPNN/Rosetta/output_pdbs/pmpnn_wt/neg0.4/0.4_relaxed_wt_1_A22K_A68T_rep1.pdb
[DEBUG] Output file: /scratch4/jgray21/zhuggan1/projects/orthosystems/tryingggg/pos_neg_design/OrthoMPNN/Rosetta/output_pdbs/pmpnn_wt/neg0.4/0.4_relaxed_wt_1_A22K_A68T_rep2.pdb
[DEBUG] Output file: /scratch4/jgray21/zhuggan1/projects/orthosystems/tryingggg/pos_neg_design/OrthoMPNN/Rosetta/output_pdbs/pmpnn_wt/neg0.4/0.4_relaxed_wt_1_A22K_A68T_rep3.pdb
[DEBUG] Output file: /scratch4/jgray21/zhuggan1/projects/orthosystems/tryingggg/pos_neg_design/OrthoMPNN/Rosetta/output_pdbs/pmpnn_wt/neg0.4/0.4_relaxed_wt_1_A22K_A68T_rep4.pdb
[DEBUG] Output file: /scratch4/jgray21/zhuggan1/projects/orthosystems/tryingggg/pos_neg_design/OrthoMPNN/Rosetta/output_pdbs/pmpnn_wt/neg0.4/0.4_relaxed_wt_1_A22K_A68T_rep5.pdb
[DEBUG] Creating jobs for bundle: [('A 68', 'L')]
[DEBUG] Output file: /scratch4/jgray21/zhuggan1/projects/orthosystems/tryingggg/pos_neg_design/OrthoMPNN/Rosetta/output_pdbs/pmpnn_wt/neg0.4/0.4_relaxed_wt_1_A68L_rep1.pdb
[DEBUG] Output file: /scratch4/jgray21/zhuggan1/projects/orthosystems/tryingggg/pos_neg_design/OrthoMPNN/Rosetta/output_pdbs/pmpnn_wt/neg0.4/0.4_relaxed_wt_1_A68L_rep2.pdb
[DEBUG] Output file: /scratch4/jgray21/zhuggan1/projects/orthosystems/tryingggg/pos_neg_design/OrthoMPNN/Rosetta/output_pdbs/pmpnn_wt/neg0.4/0.4_relaxed_wt_1_A68L_rep3.pdb
[DEBUG] Output file: /scratch4/jgray21/zhuggan1/projects/orthosystems/tryingggg/pos_neg_design/OrthoMPNN/Rosetta/output_pdbs/pmpnn_wt/neg0.4/0.4_relaxed_wt_1_A68L_rep4.pdb
[DEBUG] Output file: /scratch4/jgray21/zhuggan1/projects/orthosystems/tryingggg/pos_neg_design/OrthoMPNN/Rosetta/output_pdbs/pmpnn_wt/neg0.4/0.4_relaxed_wt_1_A68L_rep5.pdb
[DEBUG] Creating jobs for bundle: [('A 49', 'I')]
[DEBUG] Output file: /scratch4/jgray21/zhuggan1/projects/orthosystems/tryingggg/pos_neg_design/OrthoMPNN/Rosetta/output_pdbs/pmpnn_wt/neg0.4/0.4_relaxed_wt_1_A49I_rep1.pdb
[DEBUG] Output file: /scratch4/jgray21/zhuggan1/projects/orthosystems/tryingggg/pos_neg_design/OrthoMPNN/Rosetta/output_pdbs/pmpnn_wt/neg0.4/0.4_relaxed_wt_1_A49I_rep2.pdb
[DEBUG] Output file: /scratch4/jgray21/zhuggan1/projects/orthosystems/tryingggg/pos_neg_design/OrthoMPNN/Rosetta/output_pdbs/pmpnn_wt/neg0.4/0.4_relaxed_wt_1_A49I_rep3.pdb
[DEBUG] Output file: /scratch4/jgray21/zhuggan1/projects/orthosystems/tryingggg/pos_neg_design/OrthoMPNN/Rosetta/output_pdbs/pmpnn_wt/neg0.4/0.4_relaxed_wt_1_A49I_rep4.pdb
[DEBUG] Output file: /scratch4/jgray21/zhuggan1/projects/orthosystems/tryingggg/pos_neg_design/OrthoMPNN/Rosetta/output_pdbs/pmpnn_wt/neg0.4/0.4_relaxed_wt_1_A49I_rep5.pdb
[DEBUG] Creating jobs for bundle: [('A 22', 'K'), ('A 49', 'L'), ('A 68', 'K')]
[DEBUG] Output file: /scratch4/jgray21/zhuggan1/projects/orthosystems/tryingggg/pos_neg_design/OrthoMPNN/Rosetta/output_pdbs/pmpnn_wt/neg0.4/0.4_relaxed_wt_1_A22K_A49L_A68K_rep1.pdb
[DEBUG] Output file: /scratch4/jgray21/zhuggan1/projects/orthosystems/tryingggg/pos_neg_design/OrthoMPNN/Rosetta/output_pdbs/pmpnn_wt/neg0.4/0.4_relaxed_wt_1_A22K_A49L_A68K_rep2.pdb
[DEBUG] Output file: /scratch4/jgray21/zhuggan1/projects/orthosystems/tryingggg/pos_neg_design/OrthoMPNN/Rosetta/output_pdbs/pmpnn_wt/neg0.4/0.4_relaxed_wt_1_A22K_A49L_A68K_rep3.pdb
[DEBUG] Output file: /scratch4/jgray21/zhuggan1/projects/orthosystems/tryingggg/pos_neg_design/OrthoMPNN/Rosetta/output_pdbs/pmpnn_wt/neg0.4/0.4_relaxed_wt_1_A22K_A49L_A68K_rep4.pdb
[DEBUG] Output file: /scratch4/jgray21/zhuggan1/projects/orthosystems/tryingggg/pos_neg_design/OrthoMPNN/Rosetta/output_pdbs/pmpnn_wt/neg0.4/0.4_relaxed_wt_1_A22K_A49L_A68K_rep5.pdb
[DEBUG] Creating jobs for bundle: [('A 22', 'K'), ('A 49', 'V'), ('A 68', 'T')]
[DEBUG] Output file: /scratch4/jgray21/zhuggan1/projects/orthosystems/tryingggg/pos_neg_design/OrthoMPNN/Rosetta/output_pdbs/pmpnn_wt/neg0.4/0.4_relaxed_wt_1_A22K_A49V_A68T_rep1.pdb
[DEBUG] Output file: /scratch4/jgray21/zhuggan1/projects/orthosystems/tryingggg/pos_neg_design/OrthoMPNN/Rosetta/output_pdbs/pmpnn_wt/neg0.4/0.4_relaxed_wt_1_A22K_A49V_A68T_rep2.pdb
[DEBUG] Output file: /scratch4/jgray21/zhuggan1/projects/orthosystems/tryingggg/pos_neg_design/OrthoMPNN/Rosetta/output_pdbs/pmpnn_wt/neg0.4/0.4_relaxed_wt_1_A22K_A49V_A68T_rep3.pdb
[DEBUG] Output file: /scratch4/jgray21/zhuggan1/projects/orthosystems/tryingggg/pos_neg_design/OrthoMPNN/Rosetta/output_pdbs/pmpnn_wt/neg0.4/0.4_relaxed_wt_1_A22K_A49V_A68T_rep4.pdb
[DEBUG] Output file: /scratch4/jgray21/zhuggan1/projects/orthosystems/tryingggg/pos_neg_design/OrthoMPNN/Rosetta/output_pdbs/pmpnn_wt/neg0.4/0.4_relaxed_wt_1_A22K_A49V_A68T_rep5.pdb
[DEBUG] Creating jobs for bundle: [('A 31', 'D'), ('A 68', 'L')]
[DEBUG] Output file: /scratch4/jgray21/zhuggan1/projects/orthosystems/tryingggg/pos_neg_design/OrthoMPNN/Rosetta/output_pdbs/pmpnn_wt/neg0.4/0.4_relaxed_wt_1_A31D_A68L_rep1.pdb
[DEBUG] Output file: /scratch4/jgray21/zhuggan1/projects/orthosystems/tryingggg/pos_neg_design/OrthoMPNN/Rosetta/output_pdbs/pmpnn_wt/neg0.4/0.4_relaxed_wt_1_A31D_A68L_rep2.pdb
[DEBUG] Output file: /scratch4/jgray21/zhuggan1/projects/orthosystems/tryingggg/pos_neg_design/OrthoMPNN/Rosetta/output_pdbs/pmpnn_wt/neg0.4/0.4_relaxed_wt_1_A31D_A68L_rep3.pdb
[DEBUG] Output file: /scratch4/jgray21/zhuggan1/projects/orthosystems/tryingggg/pos_neg_design/OrthoMPNN/Rosetta/output_pdbs/pmpnn_wt/neg0.4/0.4_relaxed_wt_1_A31D_A68L_rep4.pdb
[DEBUG] Output file: /scratch4/jgray21/zhuggan1/projects/orthosystems/tryingggg/pos_neg_design/OrthoMPNN/Rosetta/output_pdbs/pmpnn_wt/neg0.4/0.4_relaxed_wt_1_A31D_A68L_rep5.pdb
[DEBUG] Creating jobs for bundle: [('A 22', 'K'), ('A 52', 'R'), ('A 68', 'I')]
[DEBUG] Output file: /scratch4/jgray21/zhuggan1/projects/orthosystems/tryingggg/pos_neg_design/OrthoMPNN/Rosetta/output_pdbs/pmpnn_wt/neg0.4/0.4_relaxed_wt_1_A22K_A52R_A68I_rep1.pdb
[DEBUG] Output file: /scratch4/jgray21/zhuggan1/projects/orthosystems/tryingggg/pos_neg_design/OrthoMPNN/Rosetta/output_pdbs/pmpnn_wt/neg0.4/0.4_relaxed_wt_1_A22K_A52R_A68I_rep2.pdb
[DEBUG] Output file: /scratch4/jgray21/zhuggan1/projects/orthosystems/tryingggg/pos_neg_design/OrthoMPNN/Rosetta/output_pdbs/pmpnn_wt/neg0.4/0.4_relaxed_wt_1_A22K_A52R_A68I_rep3.pdb
[DEBUG] Output file: /scratch4/jgray21/zhuggan1/projects/orthosystems/tryingggg/pos_neg_design/OrthoMPNN/Rosetta/output_pdbs/pmpnn_wt/neg0.4/0.4_relaxed_wt_1_A22K_A52R_A68I_rep4.pdb
[DEBUG] Output file: /scratch4/jgray21/zhuggan1/projects/orthosystems/tryingggg/pos_neg_design/OrthoMPNN/Rosetta/output_pdbs/pmpnn_wt/neg0.4/0.4_relaxed_wt_1_A22K_A52R_A68I_rep5.pdb
[DEBUG] Creating jobs for bundle: [('A 22', 'K'), ('A 68', 'Y')]
[DEBUG] Output file: /scratch4/jgray21/zhuggan1/projects/orthosystems/tryingggg/pos_neg_design/OrthoMPNN/Rosetta/output_pdbs/pmpnn_wt/neg0.4/0.4_relaxed_wt_1_A22K_A68Y_rep1.pdb
[DEBUG] Output file: /scratch4/jgray21/zhuggan1/projects/orthosystems/tryingggg/pos_neg_design/OrthoMPNN/Rosetta/output_pdbs/pmpnn_wt/neg0.4/0.4_relaxed_wt_1_A22K_A68Y_rep2.pdb
[DEBUG] Output file: /scratch4/jgray21/zhuggan1/projects/orthosystems/tryingggg/pos_neg_design/OrthoMPNN/Rosetta/output_pdbs/pmpnn_wt/neg0.4/0.4_relaxed_wt_1_A22K_A68Y_rep3.pdb
[DEBUG] Output file: /scratch4/jgray21/zhuggan1/projects/orthosystems/tryingggg/pos_neg_design/OrthoMPNN/Rosetta/output_pdbs/pmpnn_wt/neg0.4/0.4_relaxed_wt_1_A22K_A68Y_rep4.pdb
[DEBUG] Output file: /scratch4/jgray21/zhuggan1/projects/orthosystems/tryingggg/pos_neg_design/OrthoMPNN/Rosetta/output_pdbs/pmpnn_wt/neg0.4/0.4_relaxed_wt_1_A22K_A68Y_rep5.pdb
[DEBUG] Creating jobs for bundle: [('A 22', 'K'), ('A 49', 'I'), ('A 68', 'T')]
[DEBUG] Output file: /scratch4/jgray21/zhuggan1/projects/orthosystems/tryingggg/pos_neg_design/OrthoMPNN/Rosetta/output_pdbs/pmpnn_wt/neg0.4/0.4_relaxed_wt_1_A22K_A49I_A68T_rep1.pdb
[DEBUG] Output file: /scratch4/jgray21/zhuggan1/projects/orthosystems/tryingggg/pos_neg_design/OrthoMPNN/Rosetta/output_pdbs/pmpnn_wt/neg0.4/0.4_relaxed_wt_1_A22K_A49I_A68T_rep2.pdb
[DEBUG] Output file: /scratch4/jgray21/zhuggan1/projects/orthosystems/tryingggg/pos_neg_design/OrthoMPNN/Rosetta/output_pdbs/pmpnn_wt/neg0.4/0.4_relaxed_wt_1_A22K_A49I_A68T_rep3.pdb
[DEBUG] Output file: /scratch4/jgray21/zhuggan1/projects/orthosystems/tryingggg/pos_neg_design/OrthoMPNN/Rosetta/output_pdbs/pmpnn_wt/neg0.4/0.4_relaxed_wt_1_A22K_A49I_A68T_rep4.pdb
[DEBUG] Output file: /scratch4/jgray21/zhuggan1/projects/orthosystems/tryingggg/pos_neg_design/OrthoMPNN/Rosetta/output_pdbs/pmpnn_wt/neg0.4/0.4_relaxed_wt_1_A22K_A49I_A68T_rep5.pdb
[DEBUG] Creating jobs for bundle: [('A 22', 'K'), ('A 52', 'T'), ('A 68', 'Q')]
[DEBUG] Output file: /scratch4/jgray21/zhuggan1/projects/orthosystems/tryingggg/pos_neg_design/OrthoMPNN/Rosetta/output_pdbs/pmpnn_wt/neg0.4/0.4_relaxed_wt_1_A22K_A52T_A68Q_rep1.pdb
[DEBUG] Output file: /scratch4/jgray21/zhuggan1/projects/orthosystems/tryingggg/pos_neg_design/OrthoMPNN/Rosetta/output_pdbs/pmpnn_wt/neg0.4/0.4_relaxed_wt_1_A22K_A52T_A68Q_rep2.pdb
[DEBUG] Output file: /scratch4/jgray21/zhuggan1/projects/orthosystems/tryingggg/pos_neg_design/OrthoMPNN/Rosetta/output_pdbs/pmpnn_wt/neg0.4/0.4_relaxed_wt_1_A22K_A52T_A68Q_rep3.pdb
[DEBUG] Output file: /scratch4/jgray21/zhuggan1/projects/orthosystems/tryingggg/pos_neg_design/OrthoMPNN/Rosetta/output_pdbs/pmpnn_wt/neg0.4/0.4_relaxed_wt_1_A22K_A52T_A68Q_rep4.pdb
[DEBUG] Output file: /scratch4/jgray21/zhuggan1/projects/orthosystems/tryingggg/pos_neg_design/OrthoMPNN/Rosetta/output_pdbs/pmpnn_wt/neg0.4/0.4_relaxed_wt_1_A22K_A52T_A68Q_rep5.pdb
[DEBUG] Creating jobs for bundle: [('A 22', 'K'), ('A 68', 'M')]
[DEBUG] Output file: /scratch4/jgray21/zhuggan1/projects/orthosystems/tryingggg/pos_neg_design/OrthoMPNN/Rosetta/output_pdbs/pmpnn_wt/neg0.4/0.4_relaxed_wt_1_A22K_A68M_rep1.pdb
[DEBUG] Output file: /scratch4/jgray21/zhuggan1/projects/orthosystems/tryingggg/pos_neg_design/OrthoMPNN/Rosetta/output_pdbs/pmpnn_wt/neg0.4/0.4_relaxed_wt_1_A22K_A68M_rep2.pdb
[DEBUG] Output file: /scratch4/jgray21/zhuggan1/projects/orthosystems/tryingggg/pos_neg_design/OrthoMPNN/Rosetta/output_pdbs/pmpnn_wt/neg0.4/0.4_relaxed_wt_1_A22K_A68M_rep3.pdb
[DEBUG] Output file: /scratch4/jgray21/zhuggan1/projects/orthosystems/tryingggg/pos_neg_design/OrthoMPNN/Rosetta/output_pdbs/pmpnn_wt/neg0.4/0.4_relaxed_wt_1_A22K_A68M_rep4.pdb
[DEBUG] Output file: /scratch4/jgray21/zhuggan1/projects/orthosystems/tryingggg/pos_neg_design/OrthoMPNN/Rosetta/output_pdbs/pmpnn_wt/neg0.4/0.4_relaxed_wt_1_A22K_A68M_rep5.pdb
[DEBUG] Creating jobs for bundle: [('A 22', 'K'), ('A 52', 'R'), ('A 68', 'L')]
[DEBUG] Output file: /scratch4/jgray21/zhuggan1/projects/orthosystems/tryingggg/pos_neg_design/OrthoMPNN/Rosetta/output_pdbs/pmpnn_wt/neg0.4/0.4_relaxed_wt_1_A22K_A52R_A68L_rep1.pdb
[DEBUG] Output file: /scratch4/jgray21/zhuggan1/projects/orthosystems/tryingggg/pos_neg_design/OrthoMPNN/Rosetta/output_pdbs/pmpnn_wt/neg0.4/0.4_relaxed_wt_1_A22K_A52R_A68L_rep2.pdb
[DEBUG] Output file: /scratch4/jgray21/zhuggan1/projects/orthosystems/tryingggg/pos_neg_design/OrthoMPNN/Rosetta/output_pdbs/pmpnn_wt/neg0.4/0.4_relaxed_wt_1_A22K_A52R_A68L_rep3.pdb
[DEBUG] Output file: /scratch4/jgray21/zhuggan1/projects/orthosystems/tryingggg/pos_neg_design/OrthoMPNN/Rosetta/output_pdbs/pmpnn_wt/neg0.4/0.4_relaxed_wt_1_A22K_A52R_A68L_rep4.pdb
[DEBUG] Output file: /scratch4/jgray21/zhuggan1/projects/orthosystems/tryingggg/pos_neg_design/OrthoMPNN/Rosetta/output_pdbs/pmpnn_wt/neg0.4/0.4_relaxed_wt_1_A22K_A52R_A68L_rep5.pdb
[DEBUG] Creating jobs for bundle: [('A 22', 'K'), ('A 49', 'L'), ('A 68', 'L')]
[DEBUG] Output file: /scratch4/jgray21/zhuggan1/projects/orthosystems/tryingggg/pos_neg_design/OrthoMPNN/Rosetta/output_pdbs/pmpnn_wt/neg0.4/0.4_relaxed_wt_1_A22K_A49L_A68L_rep1.pdb
[DEBUG] Output file: /scratch4/jgray21/zhuggan1/projects/orthosystems/tryingggg/pos_neg_design/OrthoMPNN/Rosetta/output_pdbs/pmpnn_wt/neg0.4/0.4_relaxed_wt_1_A22K_A49L_A68L_rep2.pdb
[DEBUG] Output file: /scratch4/jgray21/zhuggan1/projects/orthosystems/tryingggg/pos_neg_design/OrthoMPNN/Rosetta/output_pdbs/pmpnn_wt/neg0.4/0.4_relaxed_wt_1_A22K_A49L_A68L_rep3.pdb
[DEBUG] Output file: /scratch4/jgray21/zhuggan1/projects/orthosystems/tryingggg/pos_neg_design/OrthoMPNN/Rosetta/output_pdbs/pmpnn_wt/neg0.4/0.4_relaxed_wt_1_A22K_A49L_A68L_rep4.pdb
[DEBUG] Output file: /scratch4/jgray21/zhuggan1/projects/orthosystems/tryingggg/pos_neg_design/OrthoMPNN/Rosetta/output_pdbs/pmpnn_wt/neg0.4/0.4_relaxed_wt_1_A22K_A49L_A68L_rep5.pdb
[DEBUG] Creating jobs for bundle: [('A 22', 'P'), ('A 49', 'I'), ('A 68', 'L')]
[DEBUG] Output file: /scratch4/jgray21/zhuggan1/projects/orthosystems/tryingggg/pos_neg_design/OrthoMPNN/Rosetta/output_pdbs/pmpnn_wt/neg0.4/0.4_relaxed_wt_1_A22P_A49I_A68L_rep1.pdb
[DEBUG] Output file: /scratch4/jgray21/zhuggan1/projects/orthosystems/tryingggg/pos_neg_design/OrthoMPNN/Rosetta/output_pdbs/pmpnn_wt/neg0.4/0.4_relaxed_wt_1_A22P_A49I_A68L_rep2.pdb
[DEBUG] Output file: /scratch4/jgray21/zhuggan1/projects/orthosystems/tryingggg/pos_neg_design/OrthoMPNN/Rosetta/output_pdbs/pmpnn_wt/neg0.4/0.4_relaxed_wt_1_A22P_A49I_A68L_rep3.pdb
[DEBUG] Output file: /scratch4/jgray21/zhuggan1/projects/orthosystems/tryingggg/pos_neg_design/OrthoMPNN/Rosetta/output_pdbs/pmpnn_wt/neg0.4/0.4_relaxed_wt_1_A22P_A49I_A68L_rep4.pdb
[DEBUG] Output file: /scratch4/jgray21/zhuggan1/projects/orthosystems/tryingggg/pos_neg_design/OrthoMPNN/Rosetta/output_pdbs/pmpnn_wt/neg0.4/0.4_relaxed_wt_1_A22P_A49I_A68L_rep5.pdb
[DEBUG] Creating jobs for bundle: [('A 22', 'P'), ('A 68', 'Y')]
[DEBUG] Output file: /scratch4/jgray21/zhuggan1/projects/orthosystems/tryingggg/pos_neg_design/OrthoMPNN/Rosetta/output_pdbs/pmpnn_wt/neg0.4/0.4_relaxed_wt_1_A22P_A68Y_rep1.pdb
[DEBUG] Output file: /scratch4/jgray21/zhuggan1/projects/orthosystems/tryingggg/pos_neg_design/OrthoMPNN/Rosetta/output_pdbs/pmpnn_wt/neg0.4/0.4_relaxed_wt_1_A22P_A68Y_rep2.pdb
[DEBUG] Output file: /scratch4/jgray21/zhuggan1/projects/orthosystems/tryingggg/pos_neg_design/OrthoMPNN/Rosetta/output_pdbs/pmpnn_wt/neg0.4/0.4_relaxed_wt_1_A22P_A68Y_rep3.pdb
[DEBUG] Output file: /scratch4/jgray21/zhuggan1/projects/orthosystems/tryingggg/pos_neg_design/OrthoMPNN/Rosetta/output_pdbs/pmpnn_wt/neg0.4/0.4_relaxed_wt_1_A22P_A68Y_rep4.pdb
[DEBUG] Output file: /scratch4/jgray21/zhuggan1/projects/orthosystems/tryingggg/pos_neg_design/OrthoMPNN/Rosetta/output_pdbs/pmpnn_wt/neg0.4/0.4_relaxed_wt_1_A22P_A68Y_rep5.pdb
[DEBUG] Creating jobs for bundle: [('A 22', 'Q'), ('A 68', 'L')]
[DEBUG] Output file: /scratch4/jgray21/zhuggan1/projects/orthosystems/tryingggg/pos_neg_design/OrthoMPNN/Rosetta/output_pdbs/pmpnn_wt/neg0.4/0.4_relaxed_wt_1_A22Q_A68L_rep1.pdb
[DEBUG] Output file: /scratch4/jgray21/zhuggan1/projects/orthosystems/tryingggg/pos_neg_design/OrthoMPNN/Rosetta/output_pdbs/pmpnn_wt/neg0.4/0.4_relaxed_wt_1_A22Q_A68L_rep2.pdb
[DEBUG] Output file: /scratch4/jgray21/zhuggan1/projects/orthosystems/tryingggg/pos_neg_design/OrthoMPNN/Rosetta/output_pdbs/pmpnn_wt/neg0.4/0.4_relaxed_wt_1_A22Q_A68L_rep3.pdb
[DEBUG] Output file: /scratch4/jgray21/zhuggan1/projects/orthosystems/tryingggg/pos_neg_design/OrthoMPNN/Rosetta/output_pdbs/pmpnn_wt/neg0.4/0.4_relaxed_wt_1_A22Q_A68L_rep4.pdb
[DEBUG] Output file: /scratch4/jgray21/zhuggan1/projects/orthosystems/tryingggg/pos_neg_design/OrthoMPNN/Rosetta/output_pdbs/pmpnn_wt/neg0.4/0.4_relaxed_wt_1_A22Q_A68L_rep5.pdb
[DEBUG] Creating jobs for bundle: [('A 68', 'Q')]
[DEBUG] Output file: /scratch4/jgray21/zhuggan1/projects/orthosystems/tryingggg/pos_neg_design/OrthoMPNN/Rosetta/output_pdbs/pmpnn_wt/neg0.4/0.4_relaxed_wt_1_A68Q_rep1.pdb
[DEBUG] Output file: /scratch4/jgray21/zhuggan1/projects/orthosystems/tryingggg/pos_neg_design/OrthoMPNN/Rosetta/output_pdbs/pmpnn_wt/neg0.4/0.4_relaxed_wt_1_A68Q_rep2.pdb
[DEBUG] Output file: /scratch4/jgray21/zhuggan1/projects/orthosystems/tryingggg/pos_neg_design/OrthoMPNN/Rosetta/output_pdbs/pmpnn_wt/neg0.4/0.4_relaxed_wt_1_A68Q_rep3.pdb
[DEBUG] Output file: /scratch4/jgray21/zhuggan1/projects/orthosystems/tryingggg/pos_neg_design/OrthoMPNN/Rosetta/output_pdbs/pmpnn_wt/neg0.4/0.4_relaxed_wt_1_A68Q_rep4.pdb
[DEBUG] Output file: /scratch4/jgray21/zhuggan1/projects/orthosystems/tryingggg/pos_neg_design/OrthoMPNN/Rosetta/output_pdbs/pmpnn_wt/neg0.4/0.4_relaxed_wt_1_A68Q_rep5.pdb
[DEBUG] Creating jobs for bundle: [('A 49', 'L'), ('A 68', 'L')]
[DEBUG] Output file: /scratch4/jgray21/zhuggan1/projects/orthosystems/tryingggg/pos_neg_design/OrthoMPNN/Rosetta/output_pdbs/pmpnn_wt/neg0.4/0.4_relaxed_wt_1_A49L_A68L_rep1.pdb
[DEBUG] Output file: /scratch4/jgray21/zhuggan1/projects/orthosystems/tryingggg/pos_neg_design/OrthoMPNN/Rosetta/output_pdbs/pmpnn_wt/neg0.4/0.4_relaxed_wt_1_A49L_A68L_rep2.pdb
[DEBUG] Output file: /scratch4/jgray21/zhuggan1/projects/orthosystems/tryingggg/pos_neg_design/OrthoMPNN/Rosetta/output_pdbs/pmpnn_wt/neg0.4/0.4_relaxed_wt_1_A49L_A68L_rep3.pdb
[DEBUG] Output file: /scratch4/jgray21/zhuggan1/projects/orthosystems/tryingggg/pos_neg_design/OrthoMPNN/Rosetta/output_pdbs/pmpnn_wt/neg0.4/0.4_relaxed_wt_1_A49L_A68L_rep4.pdb
[DEBUG] Output file: /scratch4/jgray21/zhuggan1/projects/orthosystems/tryingggg/pos_neg_design/OrthoMPNN/Rosetta/output_pdbs/pmpnn_wt/neg0.4/0.4_relaxed_wt_1_A49L_A68L_rep5.pdb
2026-02-23 10:44:04 EST MainProcess INFO [__main__] Processing a total of 115 jobs
2026-02-23 10:44:04 EST MainProcess INFO [__main__] Starting pool with 48 worker(s)
2026-02-23 11:53:27 EST ForkPoolWorker-11 INFO [__main__] Output: 0.4_relaxed_wt_1_A22K_A68D_rep4.pdb
2026-02-23 11:56:11 EST ForkPoolWorker-26 INFO [__main__] Output: 0.4_relaxed_wt_1_A22K_A49V_A68T_rep1.pdb
2026-02-23 11:56:31 EST ForkPoolWorker-23 INFO [__main__] Output: 0.4_relaxed_wt_1_A68T_rep3.pdb
2026-02-23 11:56:39 EST ForkPoolWorker-3 INFO [__main__] Output: 0.4_relaxed_wt_1_A68T_rep1.pdb
2026-02-23 11:56:40 EST ForkPoolWorker-20 INFO [__main__] Output: 0.4_relaxed_wt_1_A22P_A49L_A68L_rep5.pdb
2026-02-23 11:56:45 EST ForkPoolWorker-43 INFO [__main__] Output: 0.4_relaxed_wt_1_A68M_rep5.pdb
2026-02-23 11:56:45 EST ForkPoolWorker-2 INFO [__main__] Output: 0.4_relaxed_wt_1_A22K_A68T_rep5.pdb
2026-02-23 11:56:55 EST ForkPoolWorker-36 INFO [__main__] Output: 0.4_relaxed_wt_1_A22K_A49L_A68K_rep4.pdb
2026-02-23 11:57:00 EST ForkPoolWorker-13 INFO [__main__] Output: 0.4_relaxed_wt_1_A68T_rep4.pdb
2026-02-23 11:57:31 EST ForkPoolWorker-48 INFO [__main__] Output: 0.4_relaxed_wt_1_A49I_rep3.pdb
2026-02-23 11:57:49 EST ForkPoolWorker-15 INFO [__main__] Output: 0.4_relaxed_wt_1_A22K_A68D_rep1.pdb
2026-02-23 11:58:01 EST ForkPoolWorker-4 INFO [__main__] Output: 0.4_relaxed_wt_1_A22P_A49L_A68L_rep4.pdb
2026-02-23 11:58:01 EST ForkPoolWorker-39 INFO [__main__] Output: 0.4_relaxed_wt_1_A22K_A49L_A68K_rep1.pdb
2026-02-23 11:58:01 EST ForkPoolWorker-42 INFO [__main__] Output: 0.4_relaxed_wt_1_A49I_rep2.pdb
2026-02-23 11:58:03 EST ForkPoolWorker-17 INFO [__main__] Output: 0.4_relaxed_wt_1_A68T_rep5.pdb
2026-02-23 11:58:08 EST ForkPoolWorker-45 INFO [__main__] Output: 0.4_relaxed_wt_1_A22K_A68L_rep1.pdb
2026-02-23 11:58:11 EST ForkPoolWorker-10 INFO [__main__] Output: 0.4_relaxed_wt_1_A68T_rep2.pdb
2026-02-23 11:58:13 EST ForkPoolWorker-27 INFO [__main__] Output: 0.4_relaxed_wt_1_A68M_rep3.pdb
2026-02-23 11:58:15 EST ForkPoolWorker-19 INFO [__main__] Output: 0.4_relaxed_wt_1_A22K_A68L_rep5.pdb
2026-02-23 11:58:16 EST ForkPoolWorker-40 INFO [__main__] Output: 0.4_relaxed_wt_1_A22P_A49L_A68L_rep3.pdb
2026-02-23 11:58:19 EST ForkPoolWorker-8 INFO [__main__] Output: 0.4_relaxed_wt_1_A49I_rep5.pdb
2026-02-23 11:58:22 EST ForkPoolWorker-28 INFO [__main__] Output: 0.4_relaxed_wt_1_A22K_A49V_A68T_rep2.pdb
2026-02-23 11:58:24 EST ForkPoolWorker-9 INFO [__main__] Output: 0.4_relaxed_wt_1_A68L_rep3.pdb
2026-02-23 11:58:26 EST ForkPoolWorker-30 INFO [__main__] Output: 0.4_relaxed_wt_1_A22K_A49V_A68T_rep3.pdb
2026-02-23 11:58:30 EST ForkPoolWorker-41 INFO [__main__] Output: 0.4_relaxed_wt_1_A49I_rep1.pdb
2026-02-23 11:58:30 EST ForkPoolWorker-25 INFO [__main__] Output: 0.4_relaxed_wt_1_A22K_A68T_rep4.pdb
2026-02-23 11:58:32 EST ForkPoolWorker-5 INFO [__main__] Output: 0.4_relaxed_wt_1_A68L_rep4.pdb
2026-02-23 11:58:38 EST ForkPoolWorker-32 INFO [__main__] Output: 0.4_relaxed_wt_1_A22P_A49L_A68L_rep2.pdb
2026-02-23 11:58:40 EST ForkPoolWorker-37 INFO [__main__] Output: 0.4_relaxed_wt_1_A49I_rep4.pdb
2026-02-23 11:58:41 EST ForkPoolWorker-6 INFO [__main__] Output: 0.4_relaxed_wt_1_A68M_rep1.pdb
2026-02-23 11:58:41 EST ForkPoolWorker-24 INFO [__main__] Output: 0.4_relaxed_wt_1_A22P_A49L_A68L_rep1.pdb
2026-02-23 11:58:46 EST ForkPoolWorker-31 INFO [__main__] Output: 0.4_relaxed_wt_1_A68M_rep2.pdb
2026-02-23 11:58:50 EST ForkPoolWorker-12 INFO [__main__] Output: 0.4_relaxed_wt_1_A68L_rep5.pdb
2026-02-23 11:59:09 EST ForkPoolWorker-44 INFO [__main__] Output: 0.4_relaxed_wt_1_A22K_A68T_rep2.pdb
2026-02-23 11:59:12 EST ForkPoolWorker-29 INFO [__main__] Output: 0.4_relaxed_wt_1_A68L_rep1.pdb
2026-02-23 11:59:19 EST ForkPoolWorker-35 INFO [__main__] Output: 0.4_relaxed_wt_1_A22K_A68D_rep5.pdb
2026-02-23 11:59:27 EST ForkPoolWorker-22 INFO [__main__] Output: 0.4_relaxed_wt_1_A22K_A49L_A68K_rep3.pdb
2026-02-23 11:59:48 EST ForkPoolWorker-34 INFO [__main__] Output: 0.4_relaxed_wt_1_A22K_A68D_rep3.pdb
2026-02-23 11:59:59 EST ForkPoolWorker-1 INFO [__main__] Output: 0.4_relaxed_wt_1_A22K_A68L_rep4.pdb
2026-02-23 11:59:59 EST ForkPoolWorker-18 INFO [__main__] Output: 0.4_relaxed_wt_1_A22K_A49L_A68K_rep5.pdb
2026-02-23 12:00:04 EST ForkPoolWorker-7 INFO [__main__] Output: 0.4_relaxed_wt_1_A22K_A49L_A68K_rep2.pdb
2026-02-23 12:00:16 EST ForkPoolWorker-33 INFO [__main__] Output: 0.4_relaxed_wt_1_A22K_A68T_rep1.pdb
2026-02-23 12:00:32 EST ForkPoolWorker-14 INFO [__main__] Output: 0.4_relaxed_wt_1_A68L_rep2.pdb
2026-02-23 12:00:41 EST ForkPoolWorker-16 INFO [__main__] Output: 0.4_relaxed_wt_1_A22K_A68D_rep2.pdb
2026-02-23 12:00:47 EST ForkPoolWorker-46 INFO [__main__] Output: 0.4_relaxed_wt_1_A22K_A68T_rep3.pdb
2026-02-23 12:01:08 EST ForkPoolWorker-21 INFO [__main__] Output: 0.4_relaxed_wt_1_A68M_rep4.pdb
2026-02-23 12:01:45 EST ForkPoolWorker-38 INFO [__main__] Output: 0.4_relaxed_wt_1_A22K_A68L_rep3.pdb
2026-02-23 12:01:53 EST ForkPoolWorker-47 INFO [__main__] Output: 0.4_relaxed_wt_1_A22K_A68L_rep2.pdb
2026-02-23 13:04:25 EST ForkPoolWorker-23 INFO [__main__] Output: 0.4_relaxed_wt_1_A31D_A68L_rep1.pdb
2026-02-23 13:05:38 EST ForkPoolWorker-11 INFO [__main__] Output: 0.4_relaxed_wt_1_A22K_A49V_A68T_rep4.pdb
2026-02-23 13:08:17 EST ForkPoolWorker-39 INFO [__main__] Output: 0.4_relaxed_wt_1_A22K_A68Y_rep1.pdb
2026-02-23 13:08:53 EST ForkPoolWorker-36 INFO [__main__] Output: 0.4_relaxed_wt_1_A22K_A52R_A68I_rep1.pdb
2026-02-23 13:08:55 EST ForkPoolWorker-13 INFO [__main__] Output: 0.4_relaxed_wt_1_A22K_A52R_A68I_rep2.pdb
2026-02-23 13:09:09 EST ForkPoolWorker-17 INFO [__main__] Output: 0.4_relaxed_wt_1_A22K_A68Y_rep3.pdb
2026-02-23 13:09:13 EST ForkPoolWorker-42 INFO [__main__] Output: 0.4_relaxed_wt_1_A22K_A68Y_rep2.pdb
2026-02-23 13:09:20 EST ForkPoolWorker-8 INFO [__main__] Output: 0.4_relaxed_wt_1_A22K_A49I_A68T_rep4.pdb
2026-02-23 13:09:47 EST ForkPoolWorker-26 INFO [__main__] Output: 0.4_relaxed_wt_1_A22K_A49V_A68T_rep5.pdb
2026-02-23 13:10:15 EST ForkPoolWorker-2 INFO [__main__] Output: 0.4_relaxed_wt_1_A31D_A68L_rep5.pdb
2026-02-23 13:10:17 EST ForkPoolWorker-43 INFO [__main__] Output: 0.4_relaxed_wt_1_A31D_A68L_rep4.pdb
2026-02-23 13:10:23 EST ForkPoolWorker-3 INFO [__main__] Output: 0.4_relaxed_wt_1_A31D_A68L_rep2.pdb
2026-02-23 13:10:40 EST ForkPoolWorker-19 INFO [__main__] Output: 0.4_relaxed_wt_1_A22K_A49I_A68T_rep2.pdb
2026-02-23 13:10:50 EST ForkPoolWorker-45 INFO [__main__] Output: 0.4_relaxed_wt_1_A22K_A68Y_rep4.pdb
2026-02-23 13:11:08 EST ForkPoolWorker-31 INFO [__main__] Output: 0.4_relaxed_wt_1_A22K_A68M_rep5.pdb
2026-02-23 13:11:15 EST ForkPoolWorker-15 INFO [__main__] Output: 0.4_relaxed_wt_1_A22K_A52R_A68I_rep4.pdb
2026-02-23 13:11:21 EST ForkPoolWorker-7 INFO [__main__] Output: 0.4_relaxed_wt_1_A22K_A49L_A68L_rep4.pdb
2026-02-23 13:11:30 EST ForkPoolWorker-40 INFO [__main__] Output: 0.4_relaxed_wt_1_A22K_A49I_A68T_rep3.pdb
2026-02-23 13:11:41 EST ForkPoolWorker-27 INFO [__main__] Output: 0.4_relaxed_wt_1_A22K_A49I_A68T_rep1.pdb
2026-02-23 13:11:42 EST ForkPoolWorker-33 INFO [__main__] Output: 0.4_relaxed_wt_1_A22K_A49L_A68L_rep5.pdb
2026-02-23 13:11:42 EST ForkPoolWorker-48 INFO [__main__] Output: 0.4_relaxed_wt_1_A22K_A52R_A68I_rep3.pdb
2026-02-23 13:11:58 EST ForkPoolWorker-9 INFO [__main__] Output: 0.4_relaxed_wt_1_A22K_A52T_A68Q_rep1.pdb
2026-02-23 13:12:03 EST ForkPoolWorker-20 INFO [__main__] Output: 0.4_relaxed_wt_1_A31D_A68L_rep3.pdb
2026-02-23 13:12:10 EST ForkPoolWorker-37 INFO [__main__] Output: 0.4_relaxed_wt_1_A22K_A68M_rep2.pdb
2026-02-23 13:12:11 EST ForkPoolWorker-6 INFO [__main__] Output: 0.4_relaxed_wt_1_A22K_A68M_rep3.pdb
2026-02-23 13:12:23 EST ForkPoolWorker-4 INFO [__main__] Output: 0.4_relaxed_wt_1_A22K_A52R_A68I_rep5.pdb
2026-02-23 13:12:29 EST ForkPoolWorker-10 INFO [__main__] Output: 0.4_relaxed_wt_1_A22K_A68Y_rep5.pdb
2026-02-23 13:12:38 EST ForkPoolWorker-12 INFO [__main__] Output: 0.4_relaxed_wt_1_A22K_A52R_A68L_rep1.pdb
2026-02-23 13:13:03 EST ForkPoolWorker-1 INFO [__main__] Output: 0.4_relaxed_wt_1_A22K_A49L_A68L_rep2.pdb
2026-02-23 13:13:13 EST ForkPoolWorker-5 INFO [__main__] Output: 0.4_relaxed_wt_1_A22K_A52T_A68Q_rep5.pdb
2026-02-23 13:13:16 EST ForkPoolWorker-28 INFO [__main__] Output: 0.4_relaxed_wt_1_A22K_A49I_A68T_rep5.pdb
2026-02-23 13:13:28 EST ForkPoolWorker-30 INFO [__main__] Output: 0.4_relaxed_wt_1_A22K_A52T_A68Q_rep2.pdb
2026-02-23 13:13:53 EST ForkPoolWorker-32 INFO [__main__] Output: 0.4_relaxed_wt_1_A22K_A68M_rep1.pdb
2026-02-23 13:14:08 EST ForkPoolWorker-41 INFO [__main__] Output: 0.4_relaxed_wt_1_A22K_A52T_A68Q_rep3.pdb
2026-02-23 13:14:24 EST ForkPoolWorker-44 INFO [__main__] Output: 0.4_relaxed_wt_1_A22K_A52R_A68L_rep2.pdb
2026-02-23 13:14:28 EST ForkPoolWorker-29 INFO [__main__] Output: 0.4_relaxed_wt_1_A22K_A52R_A68L_rep3.pdb
2026-02-23 13:14:29 EST ForkPoolWorker-34 INFO [__main__] Output: 0.4_relaxed_wt_1_A22K_A49L_A68L_rep1.pdb
2026-02-23 13:14:30 EST ForkPoolWorker-21 INFO [__main__] Output: 0.4_relaxed_wt_1_A22P_A49I_A68L_rep4.pdb
2026-02-23 13:14:33 EST ForkPoolWorker-35 INFO [__main__] Output: 0.4_relaxed_wt_1_A22K_A52R_A68L_rep4.pdb
2026-02-23 13:14:38 EST ForkPoolWorker-25 INFO [__main__] Output: 0.4_relaxed_wt_1_A22K_A52T_A68Q_rep4.pdb
2026-02-23 13:14:45 EST ForkPoolWorker-18 INFO [__main__] Output: 0.4_relaxed_wt_1_A22K_A49L_A68L_rep3.pdb
2026-02-23 13:14:47 EST ForkPoolWorker-16 INFO [__main__] Output: 0.4_relaxed_wt_1_A22P_A49I_A68L_rep2.pdb
2026-02-23 13:15:00 EST ForkPoolWorker-24 INFO [__main__] Output: 0.4_relaxed_wt_1_A22K_A68M_rep4.pdb
2026-02-23 13:15:07 EST ForkPoolWorker-22 INFO [__main__] Output: 0.4_relaxed_wt_1_A22K_A52R_A68L_rep5.pdb
2026-02-23 13:15:08 EST ForkPoolWorker-46 INFO [__main__] Output: 0.4_relaxed_wt_1_A22P_A49I_A68L_rep3.pdb
2026-02-23 13:15:24 EST ForkPoolWorker-38 INFO [__main__] Output: 0.4_relaxed_wt_1_A22P_A49I_A68L_rep5.pdb
2026-02-23 13:16:00 EST ForkPoolWorker-14 INFO [__main__] Output: 0.4_relaxed_wt_1_A22P_A49I_A68L_rep1.pdb
2026-02-23 13:16:25 EST ForkPoolWorker-47 INFO [__main__] Output: 0.4_relaxed_wt_1_A22P_A68Y_rep1.pdb
2026-02-23 14:12:52 EST ForkPoolWorker-23 INFO [__main__] Output: 0.4_relaxed_wt_1_A22P_A68Y_rep2.pdb
2026-02-23 14:15:47 EST ForkPoolWorker-13 INFO [__main__] Output: 0.4_relaxed_wt_1_A22Q_A68L_rep1.pdb
2026-02-23 14:16:46 EST ForkPoolWorker-39 INFO [__main__] Output: 0.4_relaxed_wt_1_A22P_A68Y_rep4.pdb
2026-02-23 14:17:04 EST ForkPoolWorker-2 INFO [__main__] Output: 0.4_relaxed_wt_1_A68Q_rep1.pdb
2026-02-23 14:17:16 EST ForkPoolWorker-11 INFO [__main__] Output: 0.4_relaxed_wt_1_A22P_A68Y_rep3.pdb
2026-02-23 14:17:28 EST ForkPoolWorker-42 INFO [__main__] Output: 0.4_relaxed_wt_1_A22Q_A68L_rep3.pdb
2026-02-23 14:17:32 EST ForkPoolWorker-27 INFO [__main__] Output: 0.4_relaxed_wt_1_A49L_A68L_rep5.pdb
2026-02-23 14:17:34 EST ForkPoolWorker-26 INFO [__main__] Output: 0.4_relaxed_wt_1_A22Q_A68L_rep5.pdb
2026-02-23 14:18:03 EST ForkPoolWorker-31 INFO [__main__] Output: 0.4_relaxed_wt_1_A49L_A68L_rep1.pdb
2026-02-23 14:18:14 EST ForkPoolWorker-8 INFO [__main__] Output: 0.4_relaxed_wt_1_A22Q_A68L_rep4.pdb
2026-02-23 14:18:32 EST ForkPoolWorker-43 INFO [__main__] Output: 0.4_relaxed_wt_1_A68Q_rep2.pdb
2026-02-23 14:18:59 EST ForkPoolWorker-15 INFO [__main__] Output: 0.4_relaxed_wt_1_A49L_A68L_rep2.pdb
2026-02-23 14:19:05 EST ForkPoolWorker-40 INFO [__main__] Output: 0.4_relaxed_wt_1_A49L_A68L_rep4.pdb
2026-02-23 14:19:26 EST ForkPoolWorker-45 INFO [__main__] Output: 0.4_relaxed_wt_1_A68Q_rep5.pdb
2026-02-23 14:19:26 EST ForkPoolWorker-7 INFO [__main__] Output: 0.4_relaxed_wt_1_A49L_A68L_rep3.pdb
2026-02-23 14:19:39 EST ForkPoolWorker-19 INFO [__main__] Output: 0.4_relaxed_wt_1_A68Q_rep4.pdb
2026-02-23 14:19:41 EST ForkPoolWorker-3 INFO [__main__] Output: 0.4_relaxed_wt_1_A68Q_rep3.pdb
2026-02-23 14:19:55 EST ForkPoolWorker-36 INFO [__main__] Output: 0.4_relaxed_wt_1_A22P_A68Y_rep5.pdb
2026-02-23 14:24:22 EST ForkPoolWorker-17 INFO [__main__] Output: 0.4_relaxed_wt_1_A22Q_A68L_rep2.pdb
2026-02-23 14:24:23 EST MainProcess INFO [__main__] Script execution completed
