Using existing logs directory.
2026-02-26 16:59:10 EST MainProcess INFO [numexpr.utils] Note: NumExpr detected 48 cores but "NUMEXPR_MAX_THREADS" not set, so enforcing safe limit of 8.
2026-02-26 16:59:10 EST MainProcess INFO [numexpr.utils] NumExpr defaulting to 8 threads.
[DEBUG] Parsed N54L, N57T, R73T -> [('B 54', 'L'), ('B 57', 'T'), ('A 73', 'T')]
[DEBUG] Parsed N34T, N57R, R73L -> [('A 34', 'T'), ('B 57', 'R'), ('A 73', 'L')]
[DEBUG] Parsed R27K, N34T, N54I, R73L -> [('A 27', 'K'), ('A 34', 'T'), ('B 54', 'I'), ('A 73', 'L')]
[DEBUG] Parsed N54I, N57R, R73L -> [('B 54', 'I'), ('B 57', 'R'), ('A 73', 'L')]
[DEBUG] Parsed R27Q, N54V, R73Q -> [('A 27', 'Q'), ('B 54', 'V'), ('A 73', 'Q')]
[DEBUG] Parsed R27K, N54V, R73L -> [('A 27', 'K'), ('B 54', 'V'), ('A 73', 'L')]
[DEBUG] Parsed N34G, N57R, R73D -> [('A 34', 'G'), ('B 57', 'R'), ('A 73', 'D')]
[DEBUG] Parsed N54T, N57R, R73E -> [('B 54', 'T'), ('B 57', 'R'), ('A 73', 'E')]
[DEBUG] Parsed R27P, N54V, R73L -> [('A 27', 'P'), ('B 54', 'V'), ('A 73', 'L')]
[DEBUG] Parsed R27D, R73E -> [('A 27', 'D'), ('A 73', 'E')]
[DEBUG] Parsed R27P, N54I, R73Y -> [('A 27', 'P'), ('B 54', 'I'), ('A 73', 'Y')]
[DEBUG] Parsed R27K, D31N, N34T, R73T -> [('A 27', 'K'), ('A 31', 'N'), ('A 34', 'T'), ('A 73', 'T')]
[DEBUG] Parsed N54V, R73T -> [('B 54', 'V'), ('A 73', 'T')]
[DEBUG] Parsed R27K, R73Y -> [('A 27', 'K'), ('A 73', 'Y')]
[DEBUG] Parsed R27T, R73Q -> [('A 27', 'T'), ('A 73', 'Q')]
[DEBUG] Parsed R27K, D31N, N57R, R73K -> [('A 27', 'K'), ('A 31', 'N'), ('B 57', 'R'), ('A 73', 'K')]
[DEBUG] Parsed N34T, N54V, N57R, R73L -> [('A 34', 'T'), ('B 54', 'V'), ('B 57', 'R'), ('A 73', 'L')]
[DEBUG] Parsed R27K, R73K -> [('A 27', 'K'), ('A 73', 'K')]
[DEBUG] Parsed R27A, R73E -> [('A 27', 'A'), ('A 73', 'E')]
[DEBUG] Parsed R27K, N54L, R73T -> [('A 27', 'K'), ('B 54', 'L'), ('A 73', 'T')]
[DEBUG] Parsed R27T, N34T, N57R, R73A -> [('A 27', 'T'), ('A 34', 'T'), ('B 57', 'R'), ('A 73', 'A')]
[DEBUG] Parsed R27T, R73T -> [('A 27', 'T'), ('A 73', 'T')]
[DEBUG] Parsed R73M -> [('A 73', 'M')]
[DEBUG] Parsed R27P, R73L -> [('A 27', 'P'), ('A 73', 'L')]
[DEBUG] Parsed R27Q, N54I, N57R, R73T -> [('A 27', 'Q'), ('B 54', 'I'), ('B 57', 'R'), ('A 73', 'T')]
[DEBUG] Parsed R27K, N54L, N57T, R73D -> [('A 27', 'K'), ('B 54', 'L'), ('B 57', 'T'), ('A 73', 'D')]
[DEBUG] Parsed N54I, R73L -> [('B 54', 'I'), ('A 73', 'L')]
[DEBUG] Parsed N57R, R73T -> [('B 57', 'R'), ('A 73', 'T')]
[DEBUG] Parsed R27E, N34G, R73T -> [('A 27', 'E'), ('A 34', 'G'), ('A 73', 'T')]
[DEBUG] Parsed N57T, R73L -> [('B 57', 'T'), ('A 73', 'L')]
[DEBUG] Parsed R73Q -> [('A 73', 'Q')]
[DEBUG] Parsed R27K, N54F, R73L -> [('A 27', 'K'), ('B 54', 'F'), ('A 73', 'L')]
[DEBUG] Parsed N36D, R73D -> [('A 36', 'D'), ('A 73', 'D')]
[DEBUG] Parsed N57R, R73E -> [('B 57', 'R'), ('A 73', 'E')]
[DEBUG] Parsed R27S, R73L -> [('A 27', 'S'), ('A 73', 'L')]
[DEBUG] Parsed R27K, N54L, R73E -> [('A 27', 'K'), ('B 54', 'L'), ('A 73', 'E')]
[DEBUG] Parsed R27S, R73T -> [('A 27', 'S'), ('A 73', 'T')]
[DEBUG] Parsed R27K, N57T, R73L -> [('A 27', 'K'), ('B 57', 'T'), ('A 73', 'L')]
[DEBUG] Parsed N34T, N54L, N57R, R73T -> [('A 34', 'T'), ('B 54', 'L'), ('B 57', 'R'), ('A 73', 'T')]
[DEBUG] Parsed R27P, N54L, N57T, R73L -> [('A 27', 'P'), ('B 54', 'L'), ('B 57', 'T'), ('A 73', 'L')]
[DEBUG] Parsed N34T, N57R, R73Y -> [('A 34', 'T'), ('B 57', 'R'), ('A 73', 'Y')]
[DEBUG] Parsed R73Y -> [('A 73', 'Y')]
[DEBUG] Parsed R27K, N57R, R73Y -> [('A 27', 'K'), ('B 57', 'R'), ('A 73', 'Y')]
[DEBUG] Creating jobs for bundle: [('B 54', 'L'), ('B 57', 'T'), ('A 73', 'T')]
[DEBUG] Output file: /scratch4/jgray21/zhuggan1/projects/orthosystems/tryingggg/pos_neg_design/OrthoMPNN/Rosetta/output_pdbs/pmpnn_wt/neg0.6/0.6_relaxed_wt_1_B54L_B57T_A73T_rep1.pdb
[DEBUG] Output file: /scratch4/jgray21/zhuggan1/projects/orthosystems/tryingggg/pos_neg_design/OrthoMPNN/Rosetta/output_pdbs/pmpnn_wt/neg0.6/0.6_relaxed_wt_1_B54L_B57T_A73T_rep2.pdb
[DEBUG] Output file: /scratch4/jgray21/zhuggan1/projects/orthosystems/tryingggg/pos_neg_design/OrthoMPNN/Rosetta/output_pdbs/pmpnn_wt/neg0.6/0.6_relaxed_wt_1_B54L_B57T_A73T_rep3.pdb
[DEBUG] Output file: /scratch4/jgray21/zhuggan1/projects/orthosystems/tryingggg/pos_neg_design/OrthoMPNN/Rosetta/output_pdbs/pmpnn_wt/neg0.6/0.6_relaxed_wt_1_B54L_B57T_A73T_rep4.pdb
[DEBUG] Output file: /scratch4/jgray21/zhuggan1/projects/orthosystems/tryingggg/pos_neg_design/OrthoMPNN/Rosetta/output_pdbs/pmpnn_wt/neg0.6/0.6_relaxed_wt_1_B54L_B57T_A73T_rep5.pdb
[DEBUG] Creating jobs for bundle: [('A 34', 'T'), ('B 57', 'R'), ('A 73', 'L')]
[DEBUG] Output file: /scratch4/jgray21/zhuggan1/projects/orthosystems/tryingggg/pos_neg_design/OrthoMPNN/Rosetta/output_pdbs/pmpnn_wt/neg0.6/0.6_relaxed_wt_1_A34T_B57R_A73L_rep1.pdb
[DEBUG] Output file: /scratch4/jgray21/zhuggan1/projects/orthosystems/tryingggg/pos_neg_design/OrthoMPNN/Rosetta/output_pdbs/pmpnn_wt/neg0.6/0.6_relaxed_wt_1_A34T_B57R_A73L_rep2.pdb
[DEBUG] Output file: /scratch4/jgray21/zhuggan1/projects/orthosystems/tryingggg/pos_neg_design/OrthoMPNN/Rosetta/output_pdbs/pmpnn_wt/neg0.6/0.6_relaxed_wt_1_A34T_B57R_A73L_rep3.pdb
[DEBUG] Output file: /scratch4/jgray21/zhuggan1/projects/orthosystems/tryingggg/pos_neg_design/OrthoMPNN/Rosetta/output_pdbs/pmpnn_wt/neg0.6/0.6_relaxed_wt_1_A34T_B57R_A73L_rep4.pdb
[DEBUG] Output file: /scratch4/jgray21/zhuggan1/projects/orthosystems/tryingggg/pos_neg_design/OrthoMPNN/Rosetta/output_pdbs/pmpnn_wt/neg0.6/0.6_relaxed_wt_1_A34T_B57R_A73L_rep5.pdb
[DEBUG] Creating jobs for bundle: [('A 27', 'K'), ('A 34', 'T'), ('B 54', 'I'), ('A 73', 'L')]
[DEBUG] Output file: /scratch4/jgray21/zhuggan1/projects/orthosystems/tryingggg/pos_neg_design/OrthoMPNN/Rosetta/output_pdbs/pmpnn_wt/neg0.6/0.6_relaxed_wt_1_A27K_A34T_B54I_A73L_rep1.pdb
[DEBUG] Output file: /scratch4/jgray21/zhuggan1/projects/orthosystems/tryingggg/pos_neg_design/OrthoMPNN/Rosetta/output_pdbs/pmpnn_wt/neg0.6/0.6_relaxed_wt_1_A27K_A34T_B54I_A73L_rep2.pdb
[DEBUG] Output file: /scratch4/jgray21/zhuggan1/projects/orthosystems/tryingggg/pos_neg_design/OrthoMPNN/Rosetta/output_pdbs/pmpnn_wt/neg0.6/0.6_relaxed_wt_1_A27K_A34T_B54I_A73L_rep3.pdb
[DEBUG] Output file: /scratch4/jgray21/zhuggan1/projects/orthosystems/tryingggg/pos_neg_design/OrthoMPNN/Rosetta/output_pdbs/pmpnn_wt/neg0.6/0.6_relaxed_wt_1_A27K_A34T_B54I_A73L_rep4.pdb
[DEBUG] Output file: /scratch4/jgray21/zhuggan1/projects/orthosystems/tryingggg/pos_neg_design/OrthoMPNN/Rosetta/output_pdbs/pmpnn_wt/neg0.6/0.6_relaxed_wt_1_A27K_A34T_B54I_A73L_rep5.pdb
[DEBUG] Creating jobs for bundle: [('B 54', 'I'), ('B 57', 'R'), ('A 73', 'L')]
[DEBUG] Output file: /scratch4/jgray21/zhuggan1/projects/orthosystems/tryingggg/pos_neg_design/OrthoMPNN/Rosetta/output_pdbs/pmpnn_wt/neg0.6/0.6_relaxed_wt_1_B54I_B57R_A73L_rep1.pdb
[DEBUG] Output file: /scratch4/jgray21/zhuggan1/projects/orthosystems/tryingggg/pos_neg_design/OrthoMPNN/Rosetta/output_pdbs/pmpnn_wt/neg0.6/0.6_relaxed_wt_1_B54I_B57R_A73L_rep2.pdb
[DEBUG] Output file: /scratch4/jgray21/zhuggan1/projects/orthosystems/tryingggg/pos_neg_design/OrthoMPNN/Rosetta/output_pdbs/pmpnn_wt/neg0.6/0.6_relaxed_wt_1_B54I_B57R_A73L_rep3.pdb
[DEBUG] Output file: /scratch4/jgray21/zhuggan1/projects/orthosystems/tryingggg/pos_neg_design/OrthoMPNN/Rosetta/output_pdbs/pmpnn_wt/neg0.6/0.6_relaxed_wt_1_B54I_B57R_A73L_rep4.pdb
[DEBUG] Output file: /scratch4/jgray21/zhuggan1/projects/orthosystems/tryingggg/pos_neg_design/OrthoMPNN/Rosetta/output_pdbs/pmpnn_wt/neg0.6/0.6_relaxed_wt_1_B54I_B57R_A73L_rep5.pdb
[DEBUG] Creating jobs for bundle: [('A 27', 'Q'), ('B 54', 'V'), ('A 73', 'Q')]
[DEBUG] Output file: /scratch4/jgray21/zhuggan1/projects/orthosystems/tryingggg/pos_neg_design/OrthoMPNN/Rosetta/output_pdbs/pmpnn_wt/neg0.6/0.6_relaxed_wt_1_A27Q_B54V_A73Q_rep1.pdb
[DEBUG] Output file: /scratch4/jgray21/zhuggan1/projects/orthosystems/tryingggg/pos_neg_design/OrthoMPNN/Rosetta/output_pdbs/pmpnn_wt/neg0.6/0.6_relaxed_wt_1_A27Q_B54V_A73Q_rep2.pdb
[DEBUG] Output file: /scratch4/jgray21/zhuggan1/projects/orthosystems/tryingggg/pos_neg_design/OrthoMPNN/Rosetta/output_pdbs/pmpnn_wt/neg0.6/0.6_relaxed_wt_1_A27Q_B54V_A73Q_rep3.pdb
[DEBUG] Output file: /scratch4/jgray21/zhuggan1/projects/orthosystems/tryingggg/pos_neg_design/OrthoMPNN/Rosetta/output_pdbs/pmpnn_wt/neg0.6/0.6_relaxed_wt_1_A27Q_B54V_A73Q_rep4.pdb
[DEBUG] Output file: /scratch4/jgray21/zhuggan1/projects/orthosystems/tryingggg/pos_neg_design/OrthoMPNN/Rosetta/output_pdbs/pmpnn_wt/neg0.6/0.6_relaxed_wt_1_A27Q_B54V_A73Q_rep5.pdb
[DEBUG] Creating jobs for bundle: [('A 27', 'K'), ('B 54', 'V'), ('A 73', 'L')]
[DEBUG] Output file: /scratch4/jgray21/zhuggan1/projects/orthosystems/tryingggg/pos_neg_design/OrthoMPNN/Rosetta/output_pdbs/pmpnn_wt/neg0.6/0.6_relaxed_wt_1_A27K_B54V_A73L_rep1.pdb
[DEBUG] Output file: /scratch4/jgray21/zhuggan1/projects/orthosystems/tryingggg/pos_neg_design/OrthoMPNN/Rosetta/output_pdbs/pmpnn_wt/neg0.6/0.6_relaxed_wt_1_A27K_B54V_A73L_rep2.pdb
[DEBUG] Output file: /scratch4/jgray21/zhuggan1/projects/orthosystems/tryingggg/pos_neg_design/OrthoMPNN/Rosetta/output_pdbs/pmpnn_wt/neg0.6/0.6_relaxed_wt_1_A27K_B54V_A73L_rep3.pdb
[DEBUG] Output file: /scratch4/jgray21/zhuggan1/projects/orthosystems/tryingggg/pos_neg_design/OrthoMPNN/Rosetta/output_pdbs/pmpnn_wt/neg0.6/0.6_relaxed_wt_1_A27K_B54V_A73L_rep4.pdb
[DEBUG] Output file: /scratch4/jgray21/zhuggan1/projects/orthosystems/tryingggg/pos_neg_design/OrthoMPNN/Rosetta/output_pdbs/pmpnn_wt/neg0.6/0.6_relaxed_wt_1_A27K_B54V_A73L_rep5.pdb
[DEBUG] Creating jobs for bundle: [('A 34', 'G'), ('B 57', 'R'), ('A 73', 'D')]
[DEBUG] Output file: /scratch4/jgray21/zhuggan1/projects/orthosystems/tryingggg/pos_neg_design/OrthoMPNN/Rosetta/output_pdbs/pmpnn_wt/neg0.6/0.6_relaxed_wt_1_A34G_B57R_A73D_rep1.pdb
[DEBUG] Output file: /scratch4/jgray21/zhuggan1/projects/orthosystems/tryingggg/pos_neg_design/OrthoMPNN/Rosetta/output_pdbs/pmpnn_wt/neg0.6/0.6_relaxed_wt_1_A34G_B57R_A73D_rep2.pdb
[DEBUG] Output file: /scratch4/jgray21/zhuggan1/projects/orthosystems/tryingggg/pos_neg_design/OrthoMPNN/Rosetta/output_pdbs/pmpnn_wt/neg0.6/0.6_relaxed_wt_1_A34G_B57R_A73D_rep3.pdb
[DEBUG] Output file: /scratch4/jgray21/zhuggan1/projects/orthosystems/tryingggg/pos_neg_design/OrthoMPNN/Rosetta/output_pdbs/pmpnn_wt/neg0.6/0.6_relaxed_wt_1_A34G_B57R_A73D_rep4.pdb
[DEBUG] Output file: /scratch4/jgray21/zhuggan1/projects/orthosystems/tryingggg/pos_neg_design/OrthoMPNN/Rosetta/output_pdbs/pmpnn_wt/neg0.6/0.6_relaxed_wt_1_A34G_B57R_A73D_rep5.pdb
[DEBUG] Creating jobs for bundle: [('B 54', 'T'), ('B 57', 'R'), ('A 73', 'E')]
[DEBUG] Output file: /scratch4/jgray21/zhuggan1/projects/orthosystems/tryingggg/pos_neg_design/OrthoMPNN/Rosetta/output_pdbs/pmpnn_wt/neg0.6/0.6_relaxed_wt_1_B54T_B57R_A73E_rep1.pdb
[DEBUG] Output file: /scratch4/jgray21/zhuggan1/projects/orthosystems/tryingggg/pos_neg_design/OrthoMPNN/Rosetta/output_pdbs/pmpnn_wt/neg0.6/0.6_relaxed_wt_1_B54T_B57R_A73E_rep2.pdb
[DEBUG] Output file: /scratch4/jgray21/zhuggan1/projects/orthosystems/tryingggg/pos_neg_design/OrthoMPNN/Rosetta/output_pdbs/pmpnn_wt/neg0.6/0.6_relaxed_wt_1_B54T_B57R_A73E_rep3.pdb
[DEBUG] Output file: /scratch4/jgray21/zhuggan1/projects/orthosystems/tryingggg/pos_neg_design/OrthoMPNN/Rosetta/output_pdbs/pmpnn_wt/neg0.6/0.6_relaxed_wt_1_B54T_B57R_A73E_rep4.pdb
[DEBUG] Output file: /scratch4/jgray21/zhuggan1/projects/orthosystems/tryingggg/pos_neg_design/OrthoMPNN/Rosetta/output_pdbs/pmpnn_wt/neg0.6/0.6_relaxed_wt_1_B54T_B57R_A73E_rep5.pdb
[DEBUG] Creating jobs for bundle: [('A 27', 'P'), ('B 54', 'V'), ('A 73', 'L')]
[DEBUG] Output file: /scratch4/jgray21/zhuggan1/projects/orthosystems/tryingggg/pos_neg_design/OrthoMPNN/Rosetta/output_pdbs/pmpnn_wt/neg0.6/0.6_relaxed_wt_1_A27P_B54V_A73L_rep1.pdb
[DEBUG] Output file: /scratch4/jgray21/zhuggan1/projects/orthosystems/tryingggg/pos_neg_design/OrthoMPNN/Rosetta/output_pdbs/pmpnn_wt/neg0.6/0.6_relaxed_wt_1_A27P_B54V_A73L_rep2.pdb
[DEBUG] Output file: /scratch4/jgray21/zhuggan1/projects/orthosystems/tryingggg/pos_neg_design/OrthoMPNN/Rosetta/output_pdbs/pmpnn_wt/neg0.6/0.6_relaxed_wt_1_A27P_B54V_A73L_rep3.pdb
[DEBUG] Output file: /scratch4/jgray21/zhuggan1/projects/orthosystems/tryingggg/pos_neg_design/OrthoMPNN/Rosetta/output_pdbs/pmpnn_wt/neg0.6/0.6_relaxed_wt_1_A27P_B54V_A73L_rep4.pdb
[DEBUG] Output file: /scratch4/jgray21/zhuggan1/projects/orthosystems/tryingggg/pos_neg_design/OrthoMPNN/Rosetta/output_pdbs/pmpnn_wt/neg0.6/0.6_relaxed_wt_1_A27P_B54V_A73L_rep5.pdb
[DEBUG] Creating jobs for bundle: [('A 27', 'D'), ('A 73', 'E')]
[DEBUG] Output file: /scratch4/jgray21/zhuggan1/projects/orthosystems/tryingggg/pos_neg_design/OrthoMPNN/Rosetta/output_pdbs/pmpnn_wt/neg0.6/0.6_relaxed_wt_1_A27D_A73E_rep1.pdb
[DEBUG] Output file: /scratch4/jgray21/zhuggan1/projects/orthosystems/tryingggg/pos_neg_design/OrthoMPNN/Rosetta/output_pdbs/pmpnn_wt/neg0.6/0.6_relaxed_wt_1_A27D_A73E_rep2.pdb
[DEBUG] Output file: /scratch4/jgray21/zhuggan1/projects/orthosystems/tryingggg/pos_neg_design/OrthoMPNN/Rosetta/output_pdbs/pmpnn_wt/neg0.6/0.6_relaxed_wt_1_A27D_A73E_rep3.pdb
[DEBUG] Output file: /scratch4/jgray21/zhuggan1/projects/orthosystems/tryingggg/pos_neg_design/OrthoMPNN/Rosetta/output_pdbs/pmpnn_wt/neg0.6/0.6_relaxed_wt_1_A27D_A73E_rep4.pdb
[DEBUG] Output file: /scratch4/jgray21/zhuggan1/projects/orthosystems/tryingggg/pos_neg_design/OrthoMPNN/Rosetta/output_pdbs/pmpnn_wt/neg0.6/0.6_relaxed_wt_1_A27D_A73E_rep5.pdb
[DEBUG] Creating jobs for bundle: [('A 27', 'P'), ('B 54', 'I'), ('A 73', 'Y')]
[DEBUG] Output file: /scratch4/jgray21/zhuggan1/projects/orthosystems/tryingggg/pos_neg_design/OrthoMPNN/Rosetta/output_pdbs/pmpnn_wt/neg0.6/0.6_relaxed_wt_1_A27P_B54I_A73Y_rep1.pdb
[DEBUG] Output file: /scratch4/jgray21/zhuggan1/projects/orthosystems/tryingggg/pos_neg_design/OrthoMPNN/Rosetta/output_pdbs/pmpnn_wt/neg0.6/0.6_relaxed_wt_1_A27P_B54I_A73Y_rep2.pdb
[DEBUG] Output file: /scratch4/jgray21/zhuggan1/projects/orthosystems/tryingggg/pos_neg_design/OrthoMPNN/Rosetta/output_pdbs/pmpnn_wt/neg0.6/0.6_relaxed_wt_1_A27P_B54I_A73Y_rep3.pdb
[DEBUG] Output file: /scratch4/jgray21/zhuggan1/projects/orthosystems/tryingggg/pos_neg_design/OrthoMPNN/Rosetta/output_pdbs/pmpnn_wt/neg0.6/0.6_relaxed_wt_1_A27P_B54I_A73Y_rep4.pdb
[DEBUG] Output file: /scratch4/jgray21/zhuggan1/projects/orthosystems/tryingggg/pos_neg_design/OrthoMPNN/Rosetta/output_pdbs/pmpnn_wt/neg0.6/0.6_relaxed_wt_1_A27P_B54I_A73Y_rep5.pdb
[DEBUG] Creating jobs for bundle: [('A 27', 'K'), ('A 31', 'N'), ('A 34', 'T'), ('A 73', 'T')]
[DEBUG] Output file: /scratch4/jgray21/zhuggan1/projects/orthosystems/tryingggg/pos_neg_design/OrthoMPNN/Rosetta/output_pdbs/pmpnn_wt/neg0.6/0.6_relaxed_wt_1_A27K_A31N_A34T_A73T_rep1.pdb
[DEBUG] Output file: /scratch4/jgray21/zhuggan1/projects/orthosystems/tryingggg/pos_neg_design/OrthoMPNN/Rosetta/output_pdbs/pmpnn_wt/neg0.6/0.6_relaxed_wt_1_A27K_A31N_A34T_A73T_rep2.pdb
[DEBUG] Output file: /scratch4/jgray21/zhuggan1/projects/orthosystems/tryingggg/pos_neg_design/OrthoMPNN/Rosetta/output_pdbs/pmpnn_wt/neg0.6/0.6_relaxed_wt_1_A27K_A31N_A34T_A73T_rep3.pdb
[DEBUG] Output file: /scratch4/jgray21/zhuggan1/projects/orthosystems/tryingggg/pos_neg_design/OrthoMPNN/Rosetta/output_pdbs/pmpnn_wt/neg0.6/0.6_relaxed_wt_1_A27K_A31N_A34T_A73T_rep4.pdb
[DEBUG] Output file: /scratch4/jgray21/zhuggan1/projects/orthosystems/tryingggg/pos_neg_design/OrthoMPNN/Rosetta/output_pdbs/pmpnn_wt/neg0.6/0.6_relaxed_wt_1_A27K_A31N_A34T_A73T_rep5.pdb
[DEBUG] Creating jobs for bundle: [('B 54', 'V'), ('A 73', 'T')]
[DEBUG] Output file: /scratch4/jgray21/zhuggan1/projects/orthosystems/tryingggg/pos_neg_design/OrthoMPNN/Rosetta/output_pdbs/pmpnn_wt/neg0.6/0.6_relaxed_wt_1_B54V_A73T_rep1.pdb
[DEBUG] Output file: /scratch4/jgray21/zhuggan1/projects/orthosystems/tryingggg/pos_neg_design/OrthoMPNN/Rosetta/output_pdbs/pmpnn_wt/neg0.6/0.6_relaxed_wt_1_B54V_A73T_rep2.pdb
[DEBUG] Output file: /scratch4/jgray21/zhuggan1/projects/orthosystems/tryingggg/pos_neg_design/OrthoMPNN/Rosetta/output_pdbs/pmpnn_wt/neg0.6/0.6_relaxed_wt_1_B54V_A73T_rep3.pdb
[DEBUG] Output file: /scratch4/jgray21/zhuggan1/projects/orthosystems/tryingggg/pos_neg_design/OrthoMPNN/Rosetta/output_pdbs/pmpnn_wt/neg0.6/0.6_relaxed_wt_1_B54V_A73T_rep4.pdb
[DEBUG] Output file: /scratch4/jgray21/zhuggan1/projects/orthosystems/tryingggg/pos_neg_design/OrthoMPNN/Rosetta/output_pdbs/pmpnn_wt/neg0.6/0.6_relaxed_wt_1_B54V_A73T_rep5.pdb
[DEBUG] Creating jobs for bundle: [('A 27', 'K'), ('A 73', 'Y')]
[DEBUG] Output file: /scratch4/jgray21/zhuggan1/projects/orthosystems/tryingggg/pos_neg_design/OrthoMPNN/Rosetta/output_pdbs/pmpnn_wt/neg0.6/0.6_relaxed_wt_1_A27K_A73Y_rep1.pdb
[DEBUG] Output file: /scratch4/jgray21/zhuggan1/projects/orthosystems/tryingggg/pos_neg_design/OrthoMPNN/Rosetta/output_pdbs/pmpnn_wt/neg0.6/0.6_relaxed_wt_1_A27K_A73Y_rep2.pdb
[DEBUG] Output file: /scratch4/jgray21/zhuggan1/projects/orthosystems/tryingggg/pos_neg_design/OrthoMPNN/Rosetta/output_pdbs/pmpnn_wt/neg0.6/0.6_relaxed_wt_1_A27K_A73Y_rep3.pdb
[DEBUG] Output file: /scratch4/jgray21/zhuggan1/projects/orthosystems/tryingggg/pos_neg_design/OrthoMPNN/Rosetta/output_pdbs/pmpnn_wt/neg0.6/0.6_relaxed_wt_1_A27K_A73Y_rep4.pdb
[DEBUG] Output file: /scratch4/jgray21/zhuggan1/projects/orthosystems/tryingggg/pos_neg_design/OrthoMPNN/Rosetta/output_pdbs/pmpnn_wt/neg0.6/0.6_relaxed_wt_1_A27K_A73Y_rep5.pdb
[DEBUG] Creating jobs for bundle: [('A 27', 'T'), ('A 73', 'Q')]
[DEBUG] Output file: /scratch4/jgray21/zhuggan1/projects/orthosystems/tryingggg/pos_neg_design/OrthoMPNN/Rosetta/output_pdbs/pmpnn_wt/neg0.6/0.6_relaxed_wt_1_A27T_A73Q_rep1.pdb
[DEBUG] Output file: /scratch4/jgray21/zhuggan1/projects/orthosystems/tryingggg/pos_neg_design/OrthoMPNN/Rosetta/output_pdbs/pmpnn_wt/neg0.6/0.6_relaxed_wt_1_A27T_A73Q_rep2.pdb
[DEBUG] Output file: /scratch4/jgray21/zhuggan1/projects/orthosystems/tryingggg/pos_neg_design/OrthoMPNN/Rosetta/output_pdbs/pmpnn_wt/neg0.6/0.6_relaxed_wt_1_A27T_A73Q_rep3.pdb
[DEBUG] Output file: /scratch4/jgray21/zhuggan1/projects/orthosystems/tryingggg/pos_neg_design/OrthoMPNN/Rosetta/output_pdbs/pmpnn_wt/neg0.6/0.6_relaxed_wt_1_A27T_A73Q_rep4.pdb
[DEBUG] Output file: /scratch4/jgray21/zhuggan1/projects/orthosystems/tryingggg/pos_neg_design/OrthoMPNN/Rosetta/output_pdbs/pmpnn_wt/neg0.6/0.6_relaxed_wt_1_A27T_A73Q_rep5.pdb
[DEBUG] Creating jobs for bundle: [('A 27', 'K'), ('A 31', 'N'), ('B 57', 'R'), ('A 73', 'K')]
[DEBUG] Output file: /scratch4/jgray21/zhuggan1/projects/orthosystems/tryingggg/pos_neg_design/OrthoMPNN/Rosetta/output_pdbs/pmpnn_wt/neg0.6/0.6_relaxed_wt_1_A27K_A31N_B57R_A73K_rep1.pdb
[DEBUG] Output file: /scratch4/jgray21/zhuggan1/projects/orthosystems/tryingggg/pos_neg_design/OrthoMPNN/Rosetta/output_pdbs/pmpnn_wt/neg0.6/0.6_relaxed_wt_1_A27K_A31N_B57R_A73K_rep2.pdb
[DEBUG] Output file: /scratch4/jgray21/zhuggan1/projects/orthosystems/tryingggg/pos_neg_design/OrthoMPNN/Rosetta/output_pdbs/pmpnn_wt/neg0.6/0.6_relaxed_wt_1_A27K_A31N_B57R_A73K_rep3.pdb
[DEBUG] Output file: /scratch4/jgray21/zhuggan1/projects/orthosystems/tryingggg/pos_neg_design/OrthoMPNN/Rosetta/output_pdbs/pmpnn_wt/neg0.6/0.6_relaxed_wt_1_A27K_A31N_B57R_A73K_rep4.pdb
[DEBUG] Output file: /scratch4/jgray21/zhuggan1/projects/orthosystems/tryingggg/pos_neg_design/OrthoMPNN/Rosetta/output_pdbs/pmpnn_wt/neg0.6/0.6_relaxed_wt_1_A27K_A31N_B57R_A73K_rep5.pdb
[DEBUG] Creating jobs for bundle: [('A 34', 'T'), ('B 54', 'V'), ('B 57', 'R'), ('A 73', 'L')]
[DEBUG] Output file: /scratch4/jgray21/zhuggan1/projects/orthosystems/tryingggg/pos_neg_design/OrthoMPNN/Rosetta/output_pdbs/pmpnn_wt/neg0.6/0.6_relaxed_wt_1_A34T_B54V_B57R_A73L_rep1.pdb
[DEBUG] Output file: /scratch4/jgray21/zhuggan1/projects/orthosystems/tryingggg/pos_neg_design/OrthoMPNN/Rosetta/output_pdbs/pmpnn_wt/neg0.6/0.6_relaxed_wt_1_A34T_B54V_B57R_A73L_rep2.pdb
[DEBUG] Output file: /scratch4/jgray21/zhuggan1/projects/orthosystems/tryingggg/pos_neg_design/OrthoMPNN/Rosetta/output_pdbs/pmpnn_wt/neg0.6/0.6_relaxed_wt_1_A34T_B54V_B57R_A73L_rep3.pdb
[DEBUG] Output file: /scratch4/jgray21/zhuggan1/projects/orthosystems/tryingggg/pos_neg_design/OrthoMPNN/Rosetta/output_pdbs/pmpnn_wt/neg0.6/0.6_relaxed_wt_1_A34T_B54V_B57R_A73L_rep4.pdb
[DEBUG] Output file: /scratch4/jgray21/zhuggan1/projects/orthosystems/tryingggg/pos_neg_design/OrthoMPNN/Rosetta/output_pdbs/pmpnn_wt/neg0.6/0.6_relaxed_wt_1_A34T_B54V_B57R_A73L_rep5.pdb
[DEBUG] Creating jobs for bundle: [('A 27', 'K'), ('A 73', 'K')]
[DEBUG] Output file: /scratch4/jgray21/zhuggan1/projects/orthosystems/tryingggg/pos_neg_design/OrthoMPNN/Rosetta/output_pdbs/pmpnn_wt/neg0.6/0.6_relaxed_wt_1_A27K_A73K_rep1.pdb
[DEBUG] Output file: /scratch4/jgray21/zhuggan1/projects/orthosystems/tryingggg/pos_neg_design/OrthoMPNN/Rosetta/output_pdbs/pmpnn_wt/neg0.6/0.6_relaxed_wt_1_A27K_A73K_rep2.pdb
[DEBUG] Output file: /scratch4/jgray21/zhuggan1/projects/orthosystems/tryingggg/pos_neg_design/OrthoMPNN/Rosetta/output_pdbs/pmpnn_wt/neg0.6/0.6_relaxed_wt_1_A27K_A73K_rep3.pdb
[DEBUG] Output file: /scratch4/jgray21/zhuggan1/projects/orthosystems/tryingggg/pos_neg_design/OrthoMPNN/Rosetta/output_pdbs/pmpnn_wt/neg0.6/0.6_relaxed_wt_1_A27K_A73K_rep4.pdb
[DEBUG] Output file: /scratch4/jgray21/zhuggan1/projects/orthosystems/tryingggg/pos_neg_design/OrthoMPNN/Rosetta/output_pdbs/pmpnn_wt/neg0.6/0.6_relaxed_wt_1_A27K_A73K_rep5.pdb
[DEBUG] Creating jobs for bundle: [('A 27', 'A'), ('A 73', 'E')]
[DEBUG] Output file: /scratch4/jgray21/zhuggan1/projects/orthosystems/tryingggg/pos_neg_design/OrthoMPNN/Rosetta/output_pdbs/pmpnn_wt/neg0.6/0.6_relaxed_wt_1_A27A_A73E_rep1.pdb
[DEBUG] Output file: /scratch4/jgray21/zhuggan1/projects/orthosystems/tryingggg/pos_neg_design/OrthoMPNN/Rosetta/output_pdbs/pmpnn_wt/neg0.6/0.6_relaxed_wt_1_A27A_A73E_rep2.pdb
[DEBUG] Output file: /scratch4/jgray21/zhuggan1/projects/orthosystems/tryingggg/pos_neg_design/OrthoMPNN/Rosetta/output_pdbs/pmpnn_wt/neg0.6/0.6_relaxed_wt_1_A27A_A73E_rep3.pdb
[DEBUG] Output file: /scratch4/jgray21/zhuggan1/projects/orthosystems/tryingggg/pos_neg_design/OrthoMPNN/Rosetta/output_pdbs/pmpnn_wt/neg0.6/0.6_relaxed_wt_1_A27A_A73E_rep4.pdb
[DEBUG] Output file: /scratch4/jgray21/zhuggan1/projects/orthosystems/tryingggg/pos_neg_design/OrthoMPNN/Rosetta/output_pdbs/pmpnn_wt/neg0.6/0.6_relaxed_wt_1_A27A_A73E_rep5.pdb
[DEBUG] Creating jobs for bundle: [('A 27', 'K'), ('B 54', 'L'), ('A 73', 'T')]
[DEBUG] Output file: /scratch4/jgray21/zhuggan1/projects/orthosystems/tryingggg/pos_neg_design/OrthoMPNN/Rosetta/output_pdbs/pmpnn_wt/neg0.6/0.6_relaxed_wt_1_A27K_B54L_A73T_rep1.pdb
[DEBUG] Output file: /scratch4/jgray21/zhuggan1/projects/orthosystems/tryingggg/pos_neg_design/OrthoMPNN/Rosetta/output_pdbs/pmpnn_wt/neg0.6/0.6_relaxed_wt_1_A27K_B54L_A73T_rep2.pdb
[DEBUG] Output file: /scratch4/jgray21/zhuggan1/projects/orthosystems/tryingggg/pos_neg_design/OrthoMPNN/Rosetta/output_pdbs/pmpnn_wt/neg0.6/0.6_relaxed_wt_1_A27K_B54L_A73T_rep3.pdb
[DEBUG] Output file: /scratch4/jgray21/zhuggan1/projects/orthosystems/tryingggg/pos_neg_design/OrthoMPNN/Rosetta/output_pdbs/pmpnn_wt/neg0.6/0.6_relaxed_wt_1_A27K_B54L_A73T_rep4.pdb
[DEBUG] Output file: /scratch4/jgray21/zhuggan1/projects/orthosystems/tryingggg/pos_neg_design/OrthoMPNN/Rosetta/output_pdbs/pmpnn_wt/neg0.6/0.6_relaxed_wt_1_A27K_B54L_A73T_rep5.pdb
[DEBUG] Creating jobs for bundle: [('A 27', 'T'), ('A 34', 'T'), ('B 57', 'R'), ('A 73', 'A')]
[DEBUG] Output file: /scratch4/jgray21/zhuggan1/projects/orthosystems/tryingggg/pos_neg_design/OrthoMPNN/Rosetta/output_pdbs/pmpnn_wt/neg0.6/0.6_relaxed_wt_1_A27T_A34T_B57R_A73A_rep1.pdb
[DEBUG] Output file: /scratch4/jgray21/zhuggan1/projects/orthosystems/tryingggg/pos_neg_design/OrthoMPNN/Rosetta/output_pdbs/pmpnn_wt/neg0.6/0.6_relaxed_wt_1_A27T_A34T_B57R_A73A_rep2.pdb
[DEBUG] Output file: /scratch4/jgray21/zhuggan1/projects/orthosystems/tryingggg/pos_neg_design/OrthoMPNN/Rosetta/output_pdbs/pmpnn_wt/neg0.6/0.6_relaxed_wt_1_A27T_A34T_B57R_A73A_rep3.pdb
[DEBUG] Output file: /scratch4/jgray21/zhuggan1/projects/orthosystems/tryingggg/pos_neg_design/OrthoMPNN/Rosetta/output_pdbs/pmpnn_wt/neg0.6/0.6_relaxed_wt_1_A27T_A34T_B57R_A73A_rep4.pdb
[DEBUG] Output file: /scratch4/jgray21/zhuggan1/projects/orthosystems/tryingggg/pos_neg_design/OrthoMPNN/Rosetta/output_pdbs/pmpnn_wt/neg0.6/0.6_relaxed_wt_1_A27T_A34T_B57R_A73A_rep5.pdb
[DEBUG] Creating jobs for bundle: [('A 27', 'T'), ('A 73', 'T')]
[DEBUG] Output file: /scratch4/jgray21/zhuggan1/projects/orthosystems/tryingggg/pos_neg_design/OrthoMPNN/Rosetta/output_pdbs/pmpnn_wt/neg0.6/0.6_relaxed_wt_1_A27T_A73T_rep1.pdb
[DEBUG] Output file: /scratch4/jgray21/zhuggan1/projects/orthosystems/tryingggg/pos_neg_design/OrthoMPNN/Rosetta/output_pdbs/pmpnn_wt/neg0.6/0.6_relaxed_wt_1_A27T_A73T_rep2.pdb
[DEBUG] Output file: /scratch4/jgray21/zhuggan1/projects/orthosystems/tryingggg/pos_neg_design/OrthoMPNN/Rosetta/output_pdbs/pmpnn_wt/neg0.6/0.6_relaxed_wt_1_A27T_A73T_rep3.pdb
[DEBUG] Output file: /scratch4/jgray21/zhuggan1/projects/orthosystems/tryingggg/pos_neg_design/OrthoMPNN/Rosetta/output_pdbs/pmpnn_wt/neg0.6/0.6_relaxed_wt_1_A27T_A73T_rep4.pdb
[DEBUG] Output file: /scratch4/jgray21/zhuggan1/projects/orthosystems/tryingggg/pos_neg_design/OrthoMPNN/Rosetta/output_pdbs/pmpnn_wt/neg0.6/0.6_relaxed_wt_1_A27T_A73T_rep5.pdb
[DEBUG] Creating jobs for bundle: [('A 73', 'M')]
[DEBUG] Output file: /scratch4/jgray21/zhuggan1/projects/orthosystems/tryingggg/pos_neg_design/OrthoMPNN/Rosetta/output_pdbs/pmpnn_wt/neg0.6/0.6_relaxed_wt_1_A73M_rep1.pdb
[DEBUG] Output file: /scratch4/jgray21/zhuggan1/projects/orthosystems/tryingggg/pos_neg_design/OrthoMPNN/Rosetta/output_pdbs/pmpnn_wt/neg0.6/0.6_relaxed_wt_1_A73M_rep2.pdb
[DEBUG] Output file: /scratch4/jgray21/zhuggan1/projects/orthosystems/tryingggg/pos_neg_design/OrthoMPNN/Rosetta/output_pdbs/pmpnn_wt/neg0.6/0.6_relaxed_wt_1_A73M_rep3.pdb
[DEBUG] Output file: /scratch4/jgray21/zhuggan1/projects/orthosystems/tryingggg/pos_neg_design/OrthoMPNN/Rosetta/output_pdbs/pmpnn_wt/neg0.6/0.6_relaxed_wt_1_A73M_rep4.pdb
[DEBUG] Output file: /scratch4/jgray21/zhuggan1/projects/orthosystems/tryingggg/pos_neg_design/OrthoMPNN/Rosetta/output_pdbs/pmpnn_wt/neg0.6/0.6_relaxed_wt_1_A73M_rep5.pdb
[DEBUG] Creating jobs for bundle: [('A 27', 'P'), ('A 73', 'L')]
[DEBUG] Output file: /scratch4/jgray21/zhuggan1/projects/orthosystems/tryingggg/pos_neg_design/OrthoMPNN/Rosetta/output_pdbs/pmpnn_wt/neg0.6/0.6_relaxed_wt_1_A27P_A73L_rep1.pdb
[DEBUG] Output file: /scratch4/jgray21/zhuggan1/projects/orthosystems/tryingggg/pos_neg_design/OrthoMPNN/Rosetta/output_pdbs/pmpnn_wt/neg0.6/0.6_relaxed_wt_1_A27P_A73L_rep2.pdb
[DEBUG] Output file: /scratch4/jgray21/zhuggan1/projects/orthosystems/tryingggg/pos_neg_design/OrthoMPNN/Rosetta/output_pdbs/pmpnn_wt/neg0.6/0.6_relaxed_wt_1_A27P_A73L_rep3.pdb
[DEBUG] Output file: /scratch4/jgray21/zhuggan1/projects/orthosystems/tryingggg/pos_neg_design/OrthoMPNN/Rosetta/output_pdbs/pmpnn_wt/neg0.6/0.6_relaxed_wt_1_A27P_A73L_rep4.pdb
[DEBUG] Output file: /scratch4/jgray21/zhuggan1/projects/orthosystems/tryingggg/pos_neg_design/OrthoMPNN/Rosetta/output_pdbs/pmpnn_wt/neg0.6/0.6_relaxed_wt_1_A27P_A73L_rep5.pdb
[DEBUG] Creating jobs for bundle: [('A 27', 'Q'), ('B 54', 'I'), ('B 57', 'R'), ('A 73', 'T')]
[DEBUG] Output file: /scratch4/jgray21/zhuggan1/projects/orthosystems/tryingggg/pos_neg_design/OrthoMPNN/Rosetta/output_pdbs/pmpnn_wt/neg0.6/0.6_relaxed_wt_1_A27Q_B54I_B57R_A73T_rep1.pdb
[DEBUG] Output file: /scratch4/jgray21/zhuggan1/projects/orthosystems/tryingggg/pos_neg_design/OrthoMPNN/Rosetta/output_pdbs/pmpnn_wt/neg0.6/0.6_relaxed_wt_1_A27Q_B54I_B57R_A73T_rep2.pdb
[DEBUG] Output file: /scratch4/jgray21/zhuggan1/projects/orthosystems/tryingggg/pos_neg_design/OrthoMPNN/Rosetta/output_pdbs/pmpnn_wt/neg0.6/0.6_relaxed_wt_1_A27Q_B54I_B57R_A73T_rep3.pdb
[DEBUG] Output file: /scratch4/jgray21/zhuggan1/projects/orthosystems/tryingggg/pos_neg_design/OrthoMPNN/Rosetta/output_pdbs/pmpnn_wt/neg0.6/0.6_relaxed_wt_1_A27Q_B54I_B57R_A73T_rep4.pdb
[DEBUG] Output file: /scratch4/jgray21/zhuggan1/projects/orthosystems/tryingggg/pos_neg_design/OrthoMPNN/Rosetta/output_pdbs/pmpnn_wt/neg0.6/0.6_relaxed_wt_1_A27Q_B54I_B57R_A73T_rep5.pdb
[DEBUG] Creating jobs for bundle: [('A 27', 'K'), ('B 54', 'L'), ('B 57', 'T'), ('A 73', 'D')]
[DEBUG] Output file: /scratch4/jgray21/zhuggan1/projects/orthosystems/tryingggg/pos_neg_design/OrthoMPNN/Rosetta/output_pdbs/pmpnn_wt/neg0.6/0.6_relaxed_wt_1_A27K_B54L_B57T_A73D_rep1.pdb
[DEBUG] Output file: /scratch4/jgray21/zhuggan1/projects/orthosystems/tryingggg/pos_neg_design/OrthoMPNN/Rosetta/output_pdbs/pmpnn_wt/neg0.6/0.6_relaxed_wt_1_A27K_B54L_B57T_A73D_rep2.pdb
[DEBUG] Output file: /scratch4/jgray21/zhuggan1/projects/orthosystems/tryingggg/pos_neg_design/OrthoMPNN/Rosetta/output_pdbs/pmpnn_wt/neg0.6/0.6_relaxed_wt_1_A27K_B54L_B57T_A73D_rep3.pdb
[DEBUG] Output file: /scratch4/jgray21/zhuggan1/projects/orthosystems/tryingggg/pos_neg_design/OrthoMPNN/Rosetta/output_pdbs/pmpnn_wt/neg0.6/0.6_relaxed_wt_1_A27K_B54L_B57T_A73D_rep4.pdb
[DEBUG] Output file: /scratch4/jgray21/zhuggan1/projects/orthosystems/tryingggg/pos_neg_design/OrthoMPNN/Rosetta/output_pdbs/pmpnn_wt/neg0.6/0.6_relaxed_wt_1_A27K_B54L_B57T_A73D_rep5.pdb
[DEBUG] Creating jobs for bundle: [('B 54', 'I'), ('A 73', 'L')]
[DEBUG] Output file: /scratch4/jgray21/zhuggan1/projects/orthosystems/tryingggg/pos_neg_design/OrthoMPNN/Rosetta/output_pdbs/pmpnn_wt/neg0.6/0.6_relaxed_wt_1_B54I_A73L_rep1.pdb
[DEBUG] Output file: /scratch4/jgray21/zhuggan1/projects/orthosystems/tryingggg/pos_neg_design/OrthoMPNN/Rosetta/output_pdbs/pmpnn_wt/neg0.6/0.6_relaxed_wt_1_B54I_A73L_rep2.pdb
[DEBUG] Output file: /scratch4/jgray21/zhuggan1/projects/orthosystems/tryingggg/pos_neg_design/OrthoMPNN/Rosetta/output_pdbs/pmpnn_wt/neg0.6/0.6_relaxed_wt_1_B54I_A73L_rep3.pdb
[DEBUG] Output file: /scratch4/jgray21/zhuggan1/projects/orthosystems/tryingggg/pos_neg_design/OrthoMPNN/Rosetta/output_pdbs/pmpnn_wt/neg0.6/0.6_relaxed_wt_1_B54I_A73L_rep4.pdb
[DEBUG] Output file: /scratch4/jgray21/zhuggan1/projects/orthosystems/tryingggg/pos_neg_design/OrthoMPNN/Rosetta/output_pdbs/pmpnn_wt/neg0.6/0.6_relaxed_wt_1_B54I_A73L_rep5.pdb
[DEBUG] Creating jobs for bundle: [('B 57', 'R'), ('A 73', 'T')]
[DEBUG] Output file: /scratch4/jgray21/zhuggan1/projects/orthosystems/tryingggg/pos_neg_design/OrthoMPNN/Rosetta/output_pdbs/pmpnn_wt/neg0.6/0.6_relaxed_wt_1_B57R_A73T_rep1.pdb
[DEBUG] Output file: /scratch4/jgray21/zhuggan1/projects/orthosystems/tryingggg/pos_neg_design/OrthoMPNN/Rosetta/output_pdbs/pmpnn_wt/neg0.6/0.6_relaxed_wt_1_B57R_A73T_rep2.pdb
[DEBUG] Output file: /scratch4/jgray21/zhuggan1/projects/orthosystems/tryingggg/pos_neg_design/OrthoMPNN/Rosetta/output_pdbs/pmpnn_wt/neg0.6/0.6_relaxed_wt_1_B57R_A73T_rep3.pdb
[DEBUG] Output file: /scratch4/jgray21/zhuggan1/projects/orthosystems/tryingggg/pos_neg_design/OrthoMPNN/Rosetta/output_pdbs/pmpnn_wt/neg0.6/0.6_relaxed_wt_1_B57R_A73T_rep4.pdb
[DEBUG] Output file: /scratch4/jgray21/zhuggan1/projects/orthosystems/tryingggg/pos_neg_design/OrthoMPNN/Rosetta/output_pdbs/pmpnn_wt/neg0.6/0.6_relaxed_wt_1_B57R_A73T_rep5.pdb
[DEBUG] Creating jobs for bundle: [('A 27', 'E'), ('A 34', 'G'), ('A 73', 'T')]
[DEBUG] Output file: /scratch4/jgray21/zhuggan1/projects/orthosystems/tryingggg/pos_neg_design/OrthoMPNN/Rosetta/output_pdbs/pmpnn_wt/neg0.6/0.6_relaxed_wt_1_A27E_A34G_A73T_rep1.pdb
[DEBUG] Output file: /scratch4/jgray21/zhuggan1/projects/orthosystems/tryingggg/pos_neg_design/OrthoMPNN/Rosetta/output_pdbs/pmpnn_wt/neg0.6/0.6_relaxed_wt_1_A27E_A34G_A73T_rep2.pdb
[DEBUG] Output file: /scratch4/jgray21/zhuggan1/projects/orthosystems/tryingggg/pos_neg_design/OrthoMPNN/Rosetta/output_pdbs/pmpnn_wt/neg0.6/0.6_relaxed_wt_1_A27E_A34G_A73T_rep3.pdb
[DEBUG] Output file: /scratch4/jgray21/zhuggan1/projects/orthosystems/tryingggg/pos_neg_design/OrthoMPNN/Rosetta/output_pdbs/pmpnn_wt/neg0.6/0.6_relaxed_wt_1_A27E_A34G_A73T_rep4.pdb
[DEBUG] Output file: /scratch4/jgray21/zhuggan1/projects/orthosystems/tryingggg/pos_neg_design/OrthoMPNN/Rosetta/output_pdbs/pmpnn_wt/neg0.6/0.6_relaxed_wt_1_A27E_A34G_A73T_rep5.pdb
[DEBUG] Creating jobs for bundle: [('B 57', 'T'), ('A 73', 'L')]
[DEBUG] Output file: /scratch4/jgray21/zhuggan1/projects/orthosystems/tryingggg/pos_neg_design/OrthoMPNN/Rosetta/output_pdbs/pmpnn_wt/neg0.6/0.6_relaxed_wt_1_B57T_A73L_rep1.pdb
[DEBUG] Output file: /scratch4/jgray21/zhuggan1/projects/orthosystems/tryingggg/pos_neg_design/OrthoMPNN/Rosetta/output_pdbs/pmpnn_wt/neg0.6/0.6_relaxed_wt_1_B57T_A73L_rep2.pdb
[DEBUG] Output file: /scratch4/jgray21/zhuggan1/projects/orthosystems/tryingggg/pos_neg_design/OrthoMPNN/Rosetta/output_pdbs/pmpnn_wt/neg0.6/0.6_relaxed_wt_1_B57T_A73L_rep3.pdb
[DEBUG] Output file: /scratch4/jgray21/zhuggan1/projects/orthosystems/tryingggg/pos_neg_design/OrthoMPNN/Rosetta/output_pdbs/pmpnn_wt/neg0.6/0.6_relaxed_wt_1_B57T_A73L_rep4.pdb
[DEBUG] Output file: /scratch4/jgray21/zhuggan1/projects/orthosystems/tryingggg/pos_neg_design/OrthoMPNN/Rosetta/output_pdbs/pmpnn_wt/neg0.6/0.6_relaxed_wt_1_B57T_A73L_rep5.pdb
[DEBUG] Creating jobs for bundle: [('A 73', 'Q')]
[DEBUG] Output file: /scratch4/jgray21/zhuggan1/projects/orthosystems/tryingggg/pos_neg_design/OrthoMPNN/Rosetta/output_pdbs/pmpnn_wt/neg0.6/0.6_relaxed_wt_1_A73Q_rep1.pdb
[DEBUG] Output file: /scratch4/jgray21/zhuggan1/projects/orthosystems/tryingggg/pos_neg_design/OrthoMPNN/Rosetta/output_pdbs/pmpnn_wt/neg0.6/0.6_relaxed_wt_1_A73Q_rep2.pdb
[DEBUG] Output file: /scratch4/jgray21/zhuggan1/projects/orthosystems/tryingggg/pos_neg_design/OrthoMPNN/Rosetta/output_pdbs/pmpnn_wt/neg0.6/0.6_relaxed_wt_1_A73Q_rep3.pdb
[DEBUG] Output file: /scratch4/jgray21/zhuggan1/projects/orthosystems/tryingggg/pos_neg_design/OrthoMPNN/Rosetta/output_pdbs/pmpnn_wt/neg0.6/0.6_relaxed_wt_1_A73Q_rep4.pdb
[DEBUG] Output file: /scratch4/jgray21/zhuggan1/projects/orthosystems/tryingggg/pos_neg_design/OrthoMPNN/Rosetta/output_pdbs/pmpnn_wt/neg0.6/0.6_relaxed_wt_1_A73Q_rep5.pdb
[DEBUG] Creating jobs for bundle: [('A 27', 'K'), ('B 54', 'F'), ('A 73', 'L')]
[DEBUG] Output file: /scratch4/jgray21/zhuggan1/projects/orthosystems/tryingggg/pos_neg_design/OrthoMPNN/Rosetta/output_pdbs/pmpnn_wt/neg0.6/0.6_relaxed_wt_1_A27K_B54F_A73L_rep1.pdb
[DEBUG] Output file: /scratch4/jgray21/zhuggan1/projects/orthosystems/tryingggg/pos_neg_design/OrthoMPNN/Rosetta/output_pdbs/pmpnn_wt/neg0.6/0.6_relaxed_wt_1_A27K_B54F_A73L_rep2.pdb
[DEBUG] Output file: /scratch4/jgray21/zhuggan1/projects/orthosystems/tryingggg/pos_neg_design/OrthoMPNN/Rosetta/output_pdbs/pmpnn_wt/neg0.6/0.6_relaxed_wt_1_A27K_B54F_A73L_rep3.pdb
[DEBUG] Output file: /scratch4/jgray21/zhuggan1/projects/orthosystems/tryingggg/pos_neg_design/OrthoMPNN/Rosetta/output_pdbs/pmpnn_wt/neg0.6/0.6_relaxed_wt_1_A27K_B54F_A73L_rep4.pdb
[DEBUG] Output file: /scratch4/jgray21/zhuggan1/projects/orthosystems/tryingggg/pos_neg_design/OrthoMPNN/Rosetta/output_pdbs/pmpnn_wt/neg0.6/0.6_relaxed_wt_1_A27K_B54F_A73L_rep5.pdb
[DEBUG] Creating jobs for bundle: [('A 36', 'D'), ('A 73', 'D')]
[DEBUG] Output file: /scratch4/jgray21/zhuggan1/projects/orthosystems/tryingggg/pos_neg_design/OrthoMPNN/Rosetta/output_pdbs/pmpnn_wt/neg0.6/0.6_relaxed_wt_1_A36D_A73D_rep1.pdb
[DEBUG] Output file: /scratch4/jgray21/zhuggan1/projects/orthosystems/tryingggg/pos_neg_design/OrthoMPNN/Rosetta/output_pdbs/pmpnn_wt/neg0.6/0.6_relaxed_wt_1_A36D_A73D_rep2.pdb
[DEBUG] Output file: /scratch4/jgray21/zhuggan1/projects/orthosystems/tryingggg/pos_neg_design/OrthoMPNN/Rosetta/output_pdbs/pmpnn_wt/neg0.6/0.6_relaxed_wt_1_A36D_A73D_rep3.pdb
[DEBUG] Output file: /scratch4/jgray21/zhuggan1/projects/orthosystems/tryingggg/pos_neg_design/OrthoMPNN/Rosetta/output_pdbs/pmpnn_wt/neg0.6/0.6_relaxed_wt_1_A36D_A73D_rep4.pdb
[DEBUG] Output file: /scratch4/jgray21/zhuggan1/projects/orthosystems/tryingggg/pos_neg_design/OrthoMPNN/Rosetta/output_pdbs/pmpnn_wt/neg0.6/0.6_relaxed_wt_1_A36D_A73D_rep5.pdb
[DEBUG] Creating jobs for bundle: [('B 57', 'R'), ('A 73', 'E')]
[DEBUG] Output file: /scratch4/jgray21/zhuggan1/projects/orthosystems/tryingggg/pos_neg_design/OrthoMPNN/Rosetta/output_pdbs/pmpnn_wt/neg0.6/0.6_relaxed_wt_1_B57R_A73E_rep1.pdb
[DEBUG] Output file: /scratch4/jgray21/zhuggan1/projects/orthosystems/tryingggg/pos_neg_design/OrthoMPNN/Rosetta/output_pdbs/pmpnn_wt/neg0.6/0.6_relaxed_wt_1_B57R_A73E_rep2.pdb
[DEBUG] Output file: /scratch4/jgray21/zhuggan1/projects/orthosystems/tryingggg/pos_neg_design/OrthoMPNN/Rosetta/output_pdbs/pmpnn_wt/neg0.6/0.6_relaxed_wt_1_B57R_A73E_rep3.pdb
[DEBUG] Output file: /scratch4/jgray21/zhuggan1/projects/orthosystems/tryingggg/pos_neg_design/OrthoMPNN/Rosetta/output_pdbs/pmpnn_wt/neg0.6/0.6_relaxed_wt_1_B57R_A73E_rep4.pdb
[DEBUG] Output file: /scratch4/jgray21/zhuggan1/projects/orthosystems/tryingggg/pos_neg_design/OrthoMPNN/Rosetta/output_pdbs/pmpnn_wt/neg0.6/0.6_relaxed_wt_1_B57R_A73E_rep5.pdb
[DEBUG] Creating jobs for bundle: [('A 27', 'S'), ('A 73', 'L')]
[DEBUG] Output file: /scratch4/jgray21/zhuggan1/projects/orthosystems/tryingggg/pos_neg_design/OrthoMPNN/Rosetta/output_pdbs/pmpnn_wt/neg0.6/0.6_relaxed_wt_1_A27S_A73L_rep1.pdb
[DEBUG] Output file: /scratch4/jgray21/zhuggan1/projects/orthosystems/tryingggg/pos_neg_design/OrthoMPNN/Rosetta/output_pdbs/pmpnn_wt/neg0.6/0.6_relaxed_wt_1_A27S_A73L_rep2.pdb
[DEBUG] Output file: /scratch4/jgray21/zhuggan1/projects/orthosystems/tryingggg/pos_neg_design/OrthoMPNN/Rosetta/output_pdbs/pmpnn_wt/neg0.6/0.6_relaxed_wt_1_A27S_A73L_rep3.pdb
[DEBUG] Output file: /scratch4/jgray21/zhuggan1/projects/orthosystems/tryingggg/pos_neg_design/OrthoMPNN/Rosetta/output_pdbs/pmpnn_wt/neg0.6/0.6_relaxed_wt_1_A27S_A73L_rep4.pdb
[DEBUG] Output file: /scratch4/jgray21/zhuggan1/projects/orthosystems/tryingggg/pos_neg_design/OrthoMPNN/Rosetta/output_pdbs/pmpnn_wt/neg0.6/0.6_relaxed_wt_1_A27S_A73L_rep5.pdb
[DEBUG] Creating jobs for bundle: [('A 27', 'K'), ('B 54', 'L'), ('A 73', 'E')]
[DEBUG] Output file: /scratch4/jgray21/zhuggan1/projects/orthosystems/tryingggg/pos_neg_design/OrthoMPNN/Rosetta/output_pdbs/pmpnn_wt/neg0.6/0.6_relaxed_wt_1_A27K_B54L_A73E_rep1.pdb
[DEBUG] Output file: /scratch4/jgray21/zhuggan1/projects/orthosystems/tryingggg/pos_neg_design/OrthoMPNN/Rosetta/output_pdbs/pmpnn_wt/neg0.6/0.6_relaxed_wt_1_A27K_B54L_A73E_rep2.pdb
[DEBUG] Output file: /scratch4/jgray21/zhuggan1/projects/orthosystems/tryingggg/pos_neg_design/OrthoMPNN/Rosetta/output_pdbs/pmpnn_wt/neg0.6/0.6_relaxed_wt_1_A27K_B54L_A73E_rep3.pdb
[DEBUG] Output file: /scratch4/jgray21/zhuggan1/projects/orthosystems/tryingggg/pos_neg_design/OrthoMPNN/Rosetta/output_pdbs/pmpnn_wt/neg0.6/0.6_relaxed_wt_1_A27K_B54L_A73E_rep4.pdb
[DEBUG] Output file: /scratch4/jgray21/zhuggan1/projects/orthosystems/tryingggg/pos_neg_design/OrthoMPNN/Rosetta/output_pdbs/pmpnn_wt/neg0.6/0.6_relaxed_wt_1_A27K_B54L_A73E_rep5.pdb
[DEBUG] Creating jobs for bundle: [('A 27', 'S'), ('A 73', 'T')]
[DEBUG] Output file: /scratch4/jgray21/zhuggan1/projects/orthosystems/tryingggg/pos_neg_design/OrthoMPNN/Rosetta/output_pdbs/pmpnn_wt/neg0.6/0.6_relaxed_wt_1_A27S_A73T_rep1.pdb
[DEBUG] Output file: /scratch4/jgray21/zhuggan1/projects/orthosystems/tryingggg/pos_neg_design/OrthoMPNN/Rosetta/output_pdbs/pmpnn_wt/neg0.6/0.6_relaxed_wt_1_A27S_A73T_rep2.pdb
[DEBUG] Output file: /scratch4/jgray21/zhuggan1/projects/orthosystems/tryingggg/pos_neg_design/OrthoMPNN/Rosetta/output_pdbs/pmpnn_wt/neg0.6/0.6_relaxed_wt_1_A27S_A73T_rep3.pdb
[DEBUG] Output file: /scratch4/jgray21/zhuggan1/projects/orthosystems/tryingggg/pos_neg_design/OrthoMPNN/Rosetta/output_pdbs/pmpnn_wt/neg0.6/0.6_relaxed_wt_1_A27S_A73T_rep4.pdb
[DEBUG] Output file: /scratch4/jgray21/zhuggan1/projects/orthosystems/tryingggg/pos_neg_design/OrthoMPNN/Rosetta/output_pdbs/pmpnn_wt/neg0.6/0.6_relaxed_wt_1_A27S_A73T_rep5.pdb
[DEBUG] Creating jobs for bundle: [('A 27', 'K'), ('B 57', 'T'), ('A 73', 'L')]
[DEBUG] Output file: /scratch4/jgray21/zhuggan1/projects/orthosystems/tryingggg/pos_neg_design/OrthoMPNN/Rosetta/output_pdbs/pmpnn_wt/neg0.6/0.6_relaxed_wt_1_A27K_B57T_A73L_rep1.pdb
[DEBUG] Output file: /scratch4/jgray21/zhuggan1/projects/orthosystems/tryingggg/pos_neg_design/OrthoMPNN/Rosetta/output_pdbs/pmpnn_wt/neg0.6/0.6_relaxed_wt_1_A27K_B57T_A73L_rep2.pdb
[DEBUG] Output file: /scratch4/jgray21/zhuggan1/projects/orthosystems/tryingggg/pos_neg_design/OrthoMPNN/Rosetta/output_pdbs/pmpnn_wt/neg0.6/0.6_relaxed_wt_1_A27K_B57T_A73L_rep3.pdb
[DEBUG] Output file: /scratch4/jgray21/zhuggan1/projects/orthosystems/tryingggg/pos_neg_design/OrthoMPNN/Rosetta/output_pdbs/pmpnn_wt/neg0.6/0.6_relaxed_wt_1_A27K_B57T_A73L_rep4.pdb
[DEBUG] Output file: /scratch4/jgray21/zhuggan1/projects/orthosystems/tryingggg/pos_neg_design/OrthoMPNN/Rosetta/output_pdbs/pmpnn_wt/neg0.6/0.6_relaxed_wt_1_A27K_B57T_A73L_rep5.pdb
[DEBUG] Creating jobs for bundle: [('A 34', 'T'), ('B 54', 'L'), ('B 57', 'R'), ('A 73', 'T')]
[DEBUG] Output file: /scratch4/jgray21/zhuggan1/projects/orthosystems/tryingggg/pos_neg_design/OrthoMPNN/Rosetta/output_pdbs/pmpnn_wt/neg0.6/0.6_relaxed_wt_1_A34T_B54L_B57R_A73T_rep1.pdb
[DEBUG] Output file: /scratch4/jgray21/zhuggan1/projects/orthosystems/tryingggg/pos_neg_design/OrthoMPNN/Rosetta/output_pdbs/pmpnn_wt/neg0.6/0.6_relaxed_wt_1_A34T_B54L_B57R_A73T_rep2.pdb
[DEBUG] Output file: /scratch4/jgray21/zhuggan1/projects/orthosystems/tryingggg/pos_neg_design/OrthoMPNN/Rosetta/output_pdbs/pmpnn_wt/neg0.6/0.6_relaxed_wt_1_A34T_B54L_B57R_A73T_rep3.pdb
[DEBUG] Output file: /scratch4/jgray21/zhuggan1/projects/orthosystems/tryingggg/pos_neg_design/OrthoMPNN/Rosetta/output_pdbs/pmpnn_wt/neg0.6/0.6_relaxed_wt_1_A34T_B54L_B57R_A73T_rep4.pdb
[DEBUG] Output file: /scratch4/jgray21/zhuggan1/projects/orthosystems/tryingggg/pos_neg_design/OrthoMPNN/Rosetta/output_pdbs/pmpnn_wt/neg0.6/0.6_relaxed_wt_1_A34T_B54L_B57R_A73T_rep5.pdb
[DEBUG] Creating jobs for bundle: [('A 27', 'P'), ('B 54', 'L'), ('B 57', 'T'), ('A 73', 'L')]
[DEBUG] Output file: /scratch4/jgray21/zhuggan1/projects/orthosystems/tryingggg/pos_neg_design/OrthoMPNN/Rosetta/output_pdbs/pmpnn_wt/neg0.6/0.6_relaxed_wt_1_A27P_B54L_B57T_A73L_rep1.pdb
[DEBUG] Output file: /scratch4/jgray21/zhuggan1/projects/orthosystems/tryingggg/pos_neg_design/OrthoMPNN/Rosetta/output_pdbs/pmpnn_wt/neg0.6/0.6_relaxed_wt_1_A27P_B54L_B57T_A73L_rep2.pdb
[DEBUG] Output file: /scratch4/jgray21/zhuggan1/projects/orthosystems/tryingggg/pos_neg_design/OrthoMPNN/Rosetta/output_pdbs/pmpnn_wt/neg0.6/0.6_relaxed_wt_1_A27P_B54L_B57T_A73L_rep3.pdb
[DEBUG] Output file: /scratch4/jgray21/zhuggan1/projects/orthosystems/tryingggg/pos_neg_design/OrthoMPNN/Rosetta/output_pdbs/pmpnn_wt/neg0.6/0.6_relaxed_wt_1_A27P_B54L_B57T_A73L_rep4.pdb
[DEBUG] Output file: /scratch4/jgray21/zhuggan1/projects/orthosystems/tryingggg/pos_neg_design/OrthoMPNN/Rosetta/output_pdbs/pmpnn_wt/neg0.6/0.6_relaxed_wt_1_A27P_B54L_B57T_A73L_rep5.pdb
[DEBUG] Creating jobs for bundle: [('A 34', 'T'), ('B 57', 'R'), ('A 73', 'Y')]
[DEBUG] Output file: /scratch4/jgray21/zhuggan1/projects/orthosystems/tryingggg/pos_neg_design/OrthoMPNN/Rosetta/output_pdbs/pmpnn_wt/neg0.6/0.6_relaxed_wt_1_A34T_B57R_A73Y_rep1.pdb
[DEBUG] Output file: /scratch4/jgray21/zhuggan1/projects/orthosystems/tryingggg/pos_neg_design/OrthoMPNN/Rosetta/output_pdbs/pmpnn_wt/neg0.6/0.6_relaxed_wt_1_A34T_B57R_A73Y_rep2.pdb
[DEBUG] Output file: /scratch4/jgray21/zhuggan1/projects/orthosystems/tryingggg/pos_neg_design/OrthoMPNN/Rosetta/output_pdbs/pmpnn_wt/neg0.6/0.6_relaxed_wt_1_A34T_B57R_A73Y_rep3.pdb
[DEBUG] Output file: /scratch4/jgray21/zhuggan1/projects/orthosystems/tryingggg/pos_neg_design/OrthoMPNN/Rosetta/output_pdbs/pmpnn_wt/neg0.6/0.6_relaxed_wt_1_A34T_B57R_A73Y_rep4.pdb
[DEBUG] Output file: /scratch4/jgray21/zhuggan1/projects/orthosystems/tryingggg/pos_neg_design/OrthoMPNN/Rosetta/output_pdbs/pmpnn_wt/neg0.6/0.6_relaxed_wt_1_A34T_B57R_A73Y_rep5.pdb
[DEBUG] Creating jobs for bundle: [('A 73', 'Y')]
[DEBUG] Output file: /scratch4/jgray21/zhuggan1/projects/orthosystems/tryingggg/pos_neg_design/OrthoMPNN/Rosetta/output_pdbs/pmpnn_wt/neg0.6/0.6_relaxed_wt_1_A73Y_rep1.pdb
[DEBUG] Output file: /scratch4/jgray21/zhuggan1/projects/orthosystems/tryingggg/pos_neg_design/OrthoMPNN/Rosetta/output_pdbs/pmpnn_wt/neg0.6/0.6_relaxed_wt_1_A73Y_rep2.pdb
[DEBUG] Output file: /scratch4/jgray21/zhuggan1/projects/orthosystems/tryingggg/pos_neg_design/OrthoMPNN/Rosetta/output_pdbs/pmpnn_wt/neg0.6/0.6_relaxed_wt_1_A73Y_rep3.pdb
[DEBUG] Output file: /scratch4/jgray21/zhuggan1/projects/orthosystems/tryingggg/pos_neg_design/OrthoMPNN/Rosetta/output_pdbs/pmpnn_wt/neg0.6/0.6_relaxed_wt_1_A73Y_rep4.pdb
[DEBUG] Output file: /scratch4/jgray21/zhuggan1/projects/orthosystems/tryingggg/pos_neg_design/OrthoMPNN/Rosetta/output_pdbs/pmpnn_wt/neg0.6/0.6_relaxed_wt_1_A73Y_rep5.pdb
[DEBUG] Creating jobs for bundle: [('A 27', 'K'), ('B 57', 'R'), ('A 73', 'Y')]
[DEBUG] Output file: /scratch4/jgray21/zhuggan1/projects/orthosystems/tryingggg/pos_neg_design/OrthoMPNN/Rosetta/output_pdbs/pmpnn_wt/neg0.6/0.6_relaxed_wt_1_A27K_B57R_A73Y_rep1.pdb
[DEBUG] Output file: /scratch4/jgray21/zhuggan1/projects/orthosystems/tryingggg/pos_neg_design/OrthoMPNN/Rosetta/output_pdbs/pmpnn_wt/neg0.6/0.6_relaxed_wt_1_A27K_B57R_A73Y_rep2.pdb
[DEBUG] Output file: /scratch4/jgray21/zhuggan1/projects/orthosystems/tryingggg/pos_neg_design/OrthoMPNN/Rosetta/output_pdbs/pmpnn_wt/neg0.6/0.6_relaxed_wt_1_A27K_B57R_A73Y_rep3.pdb
[DEBUG] Output file: /scratch4/jgray21/zhuggan1/projects/orthosystems/tryingggg/pos_neg_design/OrthoMPNN/Rosetta/output_pdbs/pmpnn_wt/neg0.6/0.6_relaxed_wt_1_A27K_B57R_A73Y_rep4.pdb
[DEBUG] Output file: /scratch4/jgray21/zhuggan1/projects/orthosystems/tryingggg/pos_neg_design/OrthoMPNN/Rosetta/output_pdbs/pmpnn_wt/neg0.6/0.6_relaxed_wt_1_A27K_B57R_A73Y_rep5.pdb
2026-02-26 16:59:13 EST MainProcess INFO [__main__] Processing a total of 215 jobs
2026-02-26 16:59:13 EST MainProcess INFO [__main__] Starting pool with 48 worker(s)
2026-02-26 18:07:38 EST ForkPoolWorker-11 INFO [__main__] Output: 0.6_relaxed_wt_1_A27A_A73E_rep5.pdb
2026-02-26 18:08:04 EST ForkPoolWorker-37 INFO [__main__] Output: 0.6_relaxed_wt_1_A34G_B57R_A73D_rep5.pdb
2026-02-26 18:09:12 EST ForkPoolWorker-19 INFO [__main__] Output: 0.6_relaxed_wt_1_A27D_A73E_rep2.pdb
2026-02-26 18:09:39 EST ForkPoolWorker-42 INFO [__main__] Output: 0.6_relaxed_wt_1_A27D_A73E_rep4.pdb
2026-02-26 18:09:52 EST ForkPoolWorker-28 INFO [__main__] Output: 0.6_relaxed_wt_1_B54L_B57T_A73T_rep1.pdb
2026-02-26 18:10:03 EST ForkPoolWorker-36 INFO [__main__] Output: 0.6_relaxed_wt_1_A27K_A34T_B54I_A73L_rep5.pdb
2026-02-26 18:10:22 EST ForkPoolWorker-10 INFO [__main__] Output: 0.6_relaxed_wt_1_A27T_A73Q_rep5.pdb
2026-02-26 18:10:22 EST ForkPoolWorker-34 INFO [__main__] Output: 0.6_relaxed_wt_1_A27P_B54I_A73Y_rep3.pdb
2026-02-26 18:10:43 EST ForkPoolWorker-47 INFO [__main__] Output: 0.6_relaxed_wt_1_A27P_B54V_A73L_rep1.pdb
2026-02-26 18:10:53 EST ForkPoolWorker-25 INFO [__main__] Output: 0.6_relaxed_wt_1_A27K_B54V_A73L_rep2.pdb
2026-02-26 18:11:02 EST ForkPoolWorker-45 INFO [__main__] Output: 0.6_relaxed_wt_1_A34T_B54V_B57R_A73L_rep3.pdb
2026-02-26 18:11:09 EST ForkPoolWorker-23 INFO [__main__] Output: 0.6_relaxed_wt_1_B54V_A73T_rep3.pdb
2026-02-26 18:11:09 EST ForkPoolWorker-40 INFO [__main__] Output: 0.6_relaxed_wt_1_A27K_A73K_rep2.pdb
2026-02-26 18:11:16 EST ForkPoolWorker-16 INFO [__main__] Output: 0.6_relaxed_wt_1_A34G_B57R_A73D_rep3.pdb
2026-02-26 18:11:18 EST ForkPoolWorker-32 INFO [__main__] Output: 0.6_relaxed_wt_1_A27K_A34T_B54I_A73L_rep1.pdb
2026-02-26 18:11:26 EST ForkPoolWorker-21 INFO [__main__] Output: 0.6_relaxed_wt_1_A27A_A73E_rep3.pdb
2026-02-26 18:11:35 EST ForkPoolWorker-26 INFO [__main__] Output: 0.6_relaxed_wt_1_A27P_B54V_A73L_rep3.pdb
2026-02-26 18:11:36 EST ForkPoolWorker-15 INFO [__main__] Output: 0.6_relaxed_wt_1_A34G_B57R_A73D_rep1.pdb
2026-02-26 18:11:44 EST ForkPoolWorker-7 INFO [__main__] Output: 0.6_relaxed_wt_1_A27K_A73K_rep4.pdb
2026-02-26 18:11:47 EST ForkPoolWorker-38 INFO [__main__] Output: 0.6_relaxed_wt_1_A27A_A73E_rep1.pdb
2026-02-26 18:11:52 EST ForkPoolWorker-46 INFO [__main__] Output: 0.6_relaxed_wt_1_A27P_B54I_A73Y_rep5.pdb
2026-02-26 18:12:01 EST ForkPoolWorker-27 INFO [__main__] Output: 0.6_relaxed_wt_1_A27K_A31N_A34T_A73T_rep2.pdb
2026-02-26 18:12:03 EST ForkPoolWorker-41 INFO [__main__] Output: 0.6_relaxed_wt_1_B54T_B57R_A73E_rep2.pdb
2026-02-26 18:12:10 EST ForkPoolWorker-33 INFO [__main__] Output: 0.6_relaxed_wt_1_B54V_A73T_rep5.pdb
2026-02-26 18:12:14 EST ForkPoolWorker-39 INFO [__main__] Output: 0.6_relaxed_wt_1_A27T_A73Q_rep1.pdb
2026-02-26 18:12:16 EST ForkPoolWorker-9 INFO [__main__] Output: 0.6_relaxed_wt_1_A27P_B54V_A73L_rep5.pdb
2026-02-26 18:12:18 EST ForkPoolWorker-20 INFO [__main__] Output: 0.6_relaxed_wt_1_A27K_A73Y_rep4.pdb
2026-02-26 18:12:25 EST ForkPoolWorker-18 INFO [__main__] Output: 0.6_relaxed_wt_1_A27P_B54I_A73Y_rep1.pdb
2026-02-26 18:12:29 EST ForkPoolWorker-24 INFO [__main__] Output: 0.6_relaxed_wt_1_A34T_B54V_B57R_A73L_rep5.pdb
2026-02-26 18:12:46 EST ForkPoolWorker-17 INFO [__main__] Output: 0.6_relaxed_wt_1_B54I_B57R_A73L_rep4.pdb
2026-02-26 18:12:52 EST ForkPoolWorker-13 INFO [__main__] Output: 0.6_relaxed_wt_1_A27K_A73Y_rep2.pdb
2026-02-26 18:12:59 EST ForkPoolWorker-44 INFO [__main__] Output: 0.6_relaxed_wt_1_A27T_A73Q_rep3.pdb
2026-02-26 18:13:07 EST ForkPoolWorker-29 INFO [__main__] Output: 0.6_relaxed_wt_1_A34T_B54V_B57R_A73L_rep1.pdb
2026-02-26 18:13:09 EST ForkPoolWorker-22 INFO [__main__] Output: 0.6_relaxed_wt_1_A27K_B54V_A73L_rep4.pdb
2026-02-26 18:13:19 EST ForkPoolWorker-30 INFO [__main__] Output: 0.6_relaxed_wt_1_B54L_B57T_A73T_rep3.pdb
2026-02-26 18:13:29 EST ForkPoolWorker-4 INFO [__main__] Output: 0.6_relaxed_wt_1_A34T_B57R_A73L_rep2.pdb
2026-02-26 18:13:35 EST ForkPoolWorker-35 INFO [__main__] Output: 0.6_relaxed_wt_1_A27Q_B54V_A73Q_rep5.pdb
2026-02-26 18:13:39 EST ForkPoolWorker-31 INFO [__main__] Output: 0.6_relaxed_wt_1_B54V_A73T_rep1.pdb
2026-02-26 18:13:46 EST ForkPoolWorker-8 INFO [__main__] Output: 0.6_relaxed_wt_1_A34T_B57R_A73L_rep4.pdb
2026-02-26 18:14:03 EST ForkPoolWorker-3 INFO [__main__] Output: 0.6_relaxed_wt_1_B54I_B57R_A73L_rep2.pdb
2026-02-26 18:14:04 EST ForkPoolWorker-14 INFO [__main__] Output: 0.6_relaxed_wt_1_A27Q_B54V_A73Q_rep1.pdb
2026-02-26 18:14:07 EST ForkPoolWorker-43 INFO [__main__] Output: 0.6_relaxed_wt_1_B54T_B57R_A73E_rep4.pdb
2026-02-26 18:14:14 EST ForkPoolWorker-1 INFO [__main__] Output: 0.6_relaxed_wt_1_A27K_A31N_B57R_A73K_rep2.pdb
2026-02-26 18:14:35 EST ForkPoolWorker-6 INFO [__main__] Output: 0.6_relaxed_wt_1_A27Q_B54V_A73Q_rep3.pdb
2026-02-26 18:14:44 EST ForkPoolWorker-12 INFO [__main__] Output: 0.6_relaxed_wt_1_A27K_A31N_A34T_A73T_rep4.pdb
2026-02-26 18:15:04 EST ForkPoolWorker-2 INFO [__main__] Output: 0.6_relaxed_wt_1_B54L_B57T_A73T_rep5.pdb
2026-02-26 18:15:15 EST ForkPoolWorker-48 INFO [__main__] Output: 0.6_relaxed_wt_1_A27K_A34T_B54I_A73L_rep3.pdb
2026-02-26 18:16:31 EST ForkPoolWorker-5 INFO [__main__] Output: 0.6_relaxed_wt_1_A27K_A31N_B57R_A73K_rep4.pdb
2026-02-26 19:19:11 EST ForkPoolWorker-19 INFO [__main__] Output: 0.6_relaxed_wt_1_A27D_A73E_rep3.pdb
2026-02-26 19:19:14 EST ForkPoolWorker-21 INFO [__main__] Output: 0.6_relaxed_wt_1_A27A_A73E_rep4.pdb
2026-02-26 19:19:39 EST ForkPoolWorker-37 INFO [__main__] Output: 0.6_relaxed_wt_1_B54T_B57R_A73E_rep1.pdb
2026-02-26 19:19:54 EST ForkPoolWorker-42 INFO [__main__] Output: 0.6_relaxed_wt_1_A27D_A73E_rep5.pdb
2026-02-26 19:20:01 EST ForkPoolWorker-11 INFO [__main__] Output: 0.6_relaxed_wt_1_A27K_B54L_A73T_rep1.pdb
2026-02-26 19:20:08 EST ForkPoolWorker-9 INFO [__main__] Output: 0.6_relaxed_wt_1_A27D_A73E_rep1.pdb
2026-02-26 19:20:45 EST ForkPoolWorker-28 INFO [__main__] Output: 0.6_relaxed_wt_1_B54L_B57T_A73T_rep2.pdb
2026-02-26 19:21:05 EST ForkPoolWorker-18 INFO [__main__] Output: 0.6_relaxed_wt_1_A27P_B54I_A73Y_rep2.pdb
2026-02-26 19:21:45 EST ForkPoolWorker-38 INFO [__main__] Output: 0.6_relaxed_wt_1_A27A_A73E_rep2.pdb
2026-02-26 19:22:07 EST ForkPoolWorker-47 INFO [__main__] Output: 0.6_relaxed_wt_1_A27P_B54V_A73L_rep2.pdb
2026-02-26 19:22:27 EST ForkPoolWorker-34 INFO [__main__] Output: 0.6_relaxed_wt_1_A27P_B54I_A73Y_rep4.pdb
2026-02-26 19:23:02 EST ForkPoolWorker-32 INFO [__main__] Output: 0.6_relaxed_wt_1_A27K_A34T_B54I_A73L_rep2.pdb
2026-02-26 19:23:20 EST ForkPoolWorker-45 INFO [__main__] Output: 0.6_relaxed_wt_1_A34T_B54V_B57R_A73L_rep4.pdb
2026-02-26 19:23:32 EST ForkPoolWorker-46 INFO [__main__] Output: 0.6_relaxed_wt_1_A27K_A31N_A34T_A73T_rep1.pdb
2026-02-26 19:23:46 EST ForkPoolWorker-36 INFO [__main__] Output: 0.6_relaxed_wt_1_B54I_B57R_A73L_rep1.pdb
2026-02-26 19:23:46 EST ForkPoolWorker-26 INFO [__main__] Output: 0.6_relaxed_wt_1_A27P_B54V_A73L_rep4.pdb
2026-02-26 19:23:50 EST ForkPoolWorker-39 INFO [__main__] Output: 0.6_relaxed_wt_1_A27T_A73Q_rep2.pdb
2026-02-26 19:23:53 EST ForkPoolWorker-41 INFO [__main__] Output: 0.6_relaxed_wt_1_B54T_B57R_A73E_rep3.pdb
2026-02-26 19:24:03 EST ForkPoolWorker-33 INFO [__main__] Output: 0.6_relaxed_wt_1_A27K_A73Y_rep1.pdb
2026-02-26 19:24:07 EST ForkPoolWorker-22 INFO [__main__] Output: 0.6_relaxed_wt_1_A27K_B54V_A73L_rep5.pdb
2026-02-26 19:24:19 EST ForkPoolWorker-7 INFO [__main__] Output: 0.6_relaxed_wt_1_A27K_A73K_rep5.pdb
2026-02-26 19:24:20 EST ForkPoolWorker-16 INFO [__main__] Output: 0.6_relaxed_wt_1_A34G_B57R_A73D_rep4.pdb
2026-02-26 19:24:22 EST ForkPoolWorker-27 INFO [__main__] Output: 0.6_relaxed_wt_1_A27K_A31N_A34T_A73T_rep3.pdb
2026-02-26 19:24:32 EST ForkPoolWorker-13 INFO [__main__] Output: 0.6_relaxed_wt_1_A27K_A73Y_rep3.pdb
2026-02-26 19:24:37 EST ForkPoolWorker-10 INFO [__main__] Output: 0.6_relaxed_wt_1_A27K_A31N_B57R_A73K_rep1.pdb
2026-02-26 19:24:40 EST ForkPoolWorker-15 INFO [__main__] Output: 0.6_relaxed_wt_1_A34G_B57R_A73D_rep2.pdb
2026-02-26 19:24:56 EST ForkPoolWorker-23 INFO [__main__] Output: 0.6_relaxed_wt_1_B54V_A73T_rep4.pdb
2026-02-26 19:25:02 EST ForkPoolWorker-20 INFO [__main__] Output: 0.6_relaxed_wt_1_A27K_A73Y_rep5.pdb
2026-02-26 19:25:04 EST ForkPoolWorker-40 INFO [__main__] Output: 0.6_relaxed_wt_1_A27K_A73K_rep3.pdb
2026-02-26 19:25:18 EST ForkPoolWorker-30 INFO [__main__] Output: 0.6_relaxed_wt_1_B54L_B57T_A73T_rep4.pdb
2026-02-26 19:25:26 EST ForkPoolWorker-3 INFO [__main__] Output: 0.6_relaxed_wt_1_B54I_B57R_A73L_rep3.pdb
2026-02-26 19:25:27 EST ForkPoolWorker-35 INFO [__main__] Output: 0.6_relaxed_wt_1_A27K_B54V_A73L_rep1.pdb
2026-02-26 19:25:44 EST ForkPoolWorker-17 INFO [__main__] Output: 0.6_relaxed_wt_1_B54I_B57R_A73L_rep5.pdb
2026-02-26 19:25:47 EST ForkPoolWorker-44 INFO [__main__] Output: 0.6_relaxed_wt_1_A27T_A73Q_rep4.pdb
2026-02-26 19:25:58 EST ForkPoolWorker-12 INFO [__main__] Output: 0.6_relaxed_wt_1_A27K_A31N_A34T_A73T_rep5.pdb
2026-02-26 19:26:00 EST ForkPoolWorker-43 INFO [__main__] Output: 0.6_relaxed_wt_1_B54T_B57R_A73E_rep5.pdb
2026-02-26 19:26:03 EST ForkPoolWorker-29 INFO [__main__] Output: 0.6_relaxed_wt_1_A34T_B54V_B57R_A73L_rep2.pdb
2026-02-26 19:26:08 EST ForkPoolWorker-1 INFO [__main__] Output: 0.6_relaxed_wt_1_A27K_A31N_B57R_A73K_rep3.pdb
2026-02-26 19:26:21 EST ForkPoolWorker-4 INFO [__main__] Output: 0.6_relaxed_wt_1_A34T_B57R_A73L_rep3.pdb
2026-02-26 19:26:24 EST ForkPoolWorker-31 INFO [__main__] Output: 0.6_relaxed_wt_1_B54V_A73T_rep2.pdb
2026-02-26 19:26:27 EST ForkPoolWorker-14 INFO [__main__] Output: 0.6_relaxed_wt_1_A27Q_B54V_A73Q_rep2.pdb
2026-02-26 19:26:53 EST ForkPoolWorker-6 INFO [__main__] Output: 0.6_relaxed_wt_1_A27Q_B54V_A73Q_rep4.pdb
2026-02-26 19:27:00 EST ForkPoolWorker-8 INFO [__main__] Output: 0.6_relaxed_wt_1_A34T_B57R_A73L_rep5.pdb
2026-02-26 19:27:20 EST ForkPoolWorker-24 INFO [__main__] Output: 0.6_relaxed_wt_1_A27K_A73K_rep1.pdb
2026-02-26 19:27:27 EST ForkPoolWorker-25 INFO [__main__] Output: 0.6_relaxed_wt_1_A27K_B54V_A73L_rep3.pdb
2026-02-26 19:28:18 EST ForkPoolWorker-2 INFO [__main__] Output: 0.6_relaxed_wt_1_A34T_B57R_A73L_rep1.pdb
2026-02-26 19:28:57 EST ForkPoolWorker-48 INFO [__main__] Output: 0.6_relaxed_wt_1_A27K_A34T_B54I_A73L_rep4.pdb
2026-02-26 19:31:37 EST ForkPoolWorker-5 INFO [__main__] Output: 0.6_relaxed_wt_1_A27K_A31N_B57R_A73K_rep5.pdb
2026-02-26 20:30:32 EST ForkPoolWorker-21 INFO [__main__] Output: 0.6_relaxed_wt_1_A27K_B54L_A73T_rep4.pdb
2026-02-26 20:31:18 EST ForkPoolWorker-9 INFO [__main__] Output: 0.6_relaxed_wt_1_A27T_A73T_rep2.pdb
2026-02-26 20:31:31 EST ForkPoolWorker-37 INFO [__main__] Output: 0.6_relaxed_wt_1_A27T_A34T_B57R_A73A_rep1.pdb
2026-02-26 20:31:50 EST ForkPoolWorker-11 INFO [__main__] Output: 0.6_relaxed_wt_1_A27T_A34T_B57R_A73A_rep5.pdb
2026-02-26 20:31:57 EST ForkPoolWorker-42 INFO [__main__] Output: 0.6_relaxed_wt_1_A27T_A34T_B57R_A73A_rep3.pdb
2026-02-26 20:32:18 EST ForkPoolWorker-32 INFO [__main__] Output: 0.6_relaxed_wt_1_A27P_A73L_rep4.pdb
2026-02-26 20:32:46 EST ForkPoolWorker-18 INFO [__main__] Output: 0.6_relaxed_wt_1_A73M_rep1.pdb
2026-02-26 20:33:01 EST ForkPoolWorker-19 INFO [__main__] Output: 0.6_relaxed_wt_1_A27K_B54L_A73T_rep2.pdb
2026-02-26 20:33:24 EST ForkPoolWorker-47 INFO [__main__] Output: 0.6_relaxed_wt_1_A73M_rep5.pdb
2026-02-26 20:34:05 EST ForkPoolWorker-28 INFO [__main__] Output: 0.6_relaxed_wt_1_A27T_A73T_rep4.pdb
2026-02-26 20:34:24 EST ForkPoolWorker-34 INFO [__main__] Output: 0.6_relaxed_wt_1_A27P_A73L_rep2.pdb
2026-02-26 20:34:30 EST ForkPoolWorker-36 INFO [__main__] Output: 0.6_relaxed_wt_1_A27Q_B54I_B57R_A73T_rep5.pdb
2026-02-26 20:34:55 EST ForkPoolWorker-38 INFO [__main__] Output: 0.6_relaxed_wt_1_A73M_rep3.pdb
2026-02-26 20:35:06 EST ForkPoolWorker-41 INFO [__main__] Output: 0.6_relaxed_wt_1_B54I_A73L_rep1.pdb
2026-02-26 20:35:06 EST ForkPoolWorker-33 INFO [__main__] Output: 0.6_relaxed_wt_1_B54I_A73L_rep3.pdb
2026-02-26 20:35:09 EST ForkPoolWorker-8 INFO [__main__] Output: 0.6_relaxed_wt_1_A27S_A73T_rep1.pdb
2026-02-26 20:35:19 EST ForkPoolWorker-16 INFO [__main__] Output: 0.6_relaxed_wt_1_B57R_A73T_rep4.pdb
2026-02-26 20:35:29 EST ForkPoolWorker-39 INFO [__main__] Output: 0.6_relaxed_wt_1_A27K_B54L_B57T_A73D_rep4.pdb
2026-02-26 20:35:34 EST ForkPoolWorker-1 INFO [__main__] Output: 0.6_relaxed_wt_1_A27S_A73L_rep1.pdb
2026-02-26 20:35:35 EST ForkPoolWorker-10 INFO [__main__] Output: 0.6_relaxed_wt_1_A27E_A34G_A73T_rep5.pdb
2026-02-26 20:35:40 EST ForkPoolWorker-45 INFO [__main__] Output: 0.6_relaxed_wt_1_A27Q_B54I_B57R_A73T_rep1.pdb
2026-02-26 20:36:13 EST ForkPoolWorker-24 INFO [__main__] Output: 0.6_relaxed_wt_1_A27S_A73T_rep3.pdb
2026-02-26 20:36:22 EST ForkPoolWorker-31 INFO [__main__] Output: 0.6_relaxed_wt_1_A27S_A73L_rep5.pdb
2026-02-26 20:36:23 EST ForkPoolWorker-7 INFO [__main__] Output: 0.6_relaxed_wt_1_B57R_A73T_rep2.pdb
2026-02-26 20:36:25 EST ForkPoolWorker-13 INFO [__main__] Output: 0.6_relaxed_wt_1_A27E_A34G_A73T_rep3.pdb
2026-02-26 20:36:28 EST ForkPoolWorker-26 INFO [__main__] Output: 0.6_relaxed_wt_1_A27K_B54L_B57T_A73D_rep2.pdb
2026-02-26 20:36:31 EST ForkPoolWorker-3 INFO [__main__] Output: 0.6_relaxed_wt_1_A27K_B54F_A73L_rep2.pdb
2026-02-26 20:36:47 EST ForkPoolWorker-44 INFO [__main__] Output: 0.6_relaxed_wt_1_A36D_A73D_rep3.pdb
2026-02-26 20:36:49 EST ForkPoolWorker-27 INFO [__main__] Output: 0.6_relaxed_wt_1_A27E_A34G_A73T_rep1.pdb
2026-02-26 20:36:51 EST ForkPoolWorker-14 INFO [__main__] Output: 0.6_relaxed_wt_1_A27K_B54L_A73E_rep2.pdb
2026-02-26 20:37:01 EST ForkPoolWorker-17 INFO [__main__] Output: 0.6_relaxed_wt_1_A36D_A73D_rep1.pdb
2026-02-26 20:37:03 EST ForkPoolWorker-6 INFO [__main__] Output: 0.6_relaxed_wt_1_A27K_B54L_A73E_rep4.pdb
2026-02-26 20:37:33 EST ForkPoolWorker-46 INFO [__main__] Output: 0.6_relaxed_wt_1_A27Q_B54I_B57R_A73T_rep3.pdb
2026-02-26 20:37:42 EST ForkPoolWorker-35 INFO [__main__] Output: 0.6_relaxed_wt_1_A27K_B54F_A73L_rep4.pdb
2026-02-26 20:37:48 EST ForkPoolWorker-29 INFO [__main__] Output: 0.6_relaxed_wt_1_B57R_A73E_rep4.pdb
2026-02-26 20:37:53 EST ForkPoolWorker-23 INFO [__main__] Output: 0.6_relaxed_wt_1_B57T_A73L_rep4.pdb
2026-02-26 20:37:56 EST ForkPoolWorker-15 INFO [__main__] Output: 0.6_relaxed_wt_1_B57T_A73L_rep2.pdb
2026-02-26 20:38:00 EST ForkPoolWorker-20 INFO [__main__] Output: 0.6_relaxed_wt_1_A73Q_rep1.pdb
2026-02-26 20:38:08 EST ForkPoolWorker-12 INFO [__main__] Output: 0.6_relaxed_wt_1_A36D_A73D_rep5.pdb
2026-02-26 20:38:09 EST ForkPoolWorker-4 INFO [__main__] Output: 0.6_relaxed_wt_1_A27S_A73L_rep3.pdb
2026-02-26 20:38:29 EST ForkPoolWorker-48 INFO [__main__] Output: 0.6_relaxed_wt_1_A27K_B57T_A73L_rep4.pdb
2026-02-26 20:38:35 EST ForkPoolWorker-40 INFO [__main__] Output: 0.6_relaxed_wt_1_A73Q_rep3.pdb
2026-02-26 20:38:54 EST ForkPoolWorker-22 INFO [__main__] Output: 0.6_relaxed_wt_1_B54I_A73L_rep5.pdb
2026-02-26 20:38:55 EST ForkPoolWorker-43 INFO [__main__] Output: 0.6_relaxed_wt_1_B57R_A73E_rep2.pdb
2026-02-26 20:39:08 EST ForkPoolWorker-30 INFO [__main__] Output: 0.6_relaxed_wt_1_A73Q_rep5.pdb
2026-02-26 20:39:32 EST ForkPoolWorker-2 INFO [__main__] Output: 0.6_relaxed_wt_1_A27K_B57T_A73L_rep2.pdb
2026-02-26 20:39:49 EST ForkPoolWorker-25 INFO [__main__] Output: 0.6_relaxed_wt_1_A27S_A73T_rep5.pdb
2026-02-26 20:43:51 EST ForkPoolWorker-5 INFO [__main__] Output: 0.6_relaxed_wt_1_A34T_B54L_B57R_A73T_rep1.pdb
2026-02-26 21:41:48 EST ForkPoolWorker-21 INFO [__main__] Output: 0.6_relaxed_wt_1_A27K_B54L_A73T_rep5.pdb
2026-02-26 21:41:51 EST ForkPoolWorker-37 INFO [__main__] Output: 0.6_relaxed_wt_1_A27T_A34T_B57R_A73A_rep2.pdb
2026-02-26 21:41:55 EST ForkPoolWorker-42 INFO [__main__] Output: 0.6_relaxed_wt_1_A27T_A34T_B57R_A73A_rep4.pdb
2026-02-26 21:41:59 EST ForkPoolWorker-9 INFO [__main__] Output: 0.6_relaxed_wt_1_A27T_A73T_rep3.pdb
2026-02-26 21:43:23 EST ForkPoolWorker-32 INFO [__main__] Output: 0.6_relaxed_wt_1_A27P_A73L_rep5.pdb
2026-02-26 21:43:26 EST ForkPoolWorker-18 INFO [__main__] Output: 0.6_relaxed_wt_1_A73M_rep2.pdb
2026-02-26 21:44:05 EST ForkPoolWorker-11 INFO [__main__] Output: 0.6_relaxed_wt_1_A27T_A73T_rep1.pdb
2026-02-26 21:44:17 EST ForkPoolWorker-47 INFO [__main__] Output: 0.6_relaxed_wt_1_A27P_A73L_rep1.pdb
2026-02-26 21:44:19 EST ForkPoolWorker-34 INFO [__main__] Output: 0.6_relaxed_wt_1_A27P_A73L_rep3.pdb
2026-02-26 21:44:44 EST ForkPoolWorker-28 INFO [__main__] Output: 0.6_relaxed_wt_1_A27T_A73T_rep5.pdb
2026-02-26 21:44:55 EST ForkPoolWorker-19 INFO [__main__] Output: 0.6_relaxed_wt_1_A27K_B54L_A73T_rep3.pdb
2026-02-26 21:44:58 EST ForkPoolWorker-1 INFO [__main__] Output: 0.6_relaxed_wt_1_A27S_A73L_rep2.pdb
2026-02-26 21:45:25 EST ForkPoolWorker-41 INFO [__main__] Output: 0.6_relaxed_wt_1_B54I_A73L_rep2.pdb
2026-02-26 21:45:26 EST ForkPoolWorker-31 INFO [__main__] Output: 0.6_relaxed_wt_1_A27K_B54L_A73E_rep1.pdb
2026-02-26 21:45:28 EST ForkPoolWorker-4 INFO [__main__] Output: 0.6_relaxed_wt_1_A27S_A73L_rep4.pdb
2026-02-26 21:45:49 EST ForkPoolWorker-3 INFO [__main__] Output: 0.6_relaxed_wt_1_A27K_B54F_A73L_rep3.pdb
2026-02-26 21:46:15 EST ForkPoolWorker-17 INFO [__main__] Output: 0.6_relaxed_wt_1_A36D_A73D_rep2.pdb
2026-02-26 21:46:24 EST ForkPoolWorker-24 INFO [__main__] Output: 0.6_relaxed_wt_1_A27S_A73T_rep4.pdb
2026-02-26 21:46:25 EST ForkPoolWorker-39 INFO [__main__] Output: 0.6_relaxed_wt_1_A27K_B54L_B57T_A73D_rep5.pdb
2026-02-26 21:46:29 EST ForkPoolWorker-38 INFO [__main__] Output: 0.6_relaxed_wt_1_A73M_rep4.pdb
2026-02-26 21:46:56 EST ForkPoolWorker-44 INFO [__main__] Output: 0.6_relaxed_wt_1_A36D_A73D_rep4.pdb
2026-02-26 21:46:59 EST ForkPoolWorker-8 INFO [__main__] Output: 0.6_relaxed_wt_1_A27S_A73T_rep2.pdb
2026-02-26 21:47:08 EST ForkPoolWorker-16 INFO [__main__] Output: 0.6_relaxed_wt_1_B57R_A73T_rep5.pdb
2026-02-26 21:47:31 EST ForkPoolWorker-12 INFO [__main__] Output: 0.6_relaxed_wt_1_B57R_A73E_rep1.pdb
2026-02-26 21:47:35 EST ForkPoolWorker-6 INFO [__main__] Output: 0.6_relaxed_wt_1_A27K_B54L_A73E_rep5.pdb
2026-02-26 21:47:49 EST ForkPoolWorker-36 INFO [__main__] Output: 0.6_relaxed_wt_1_A27K_B54L_B57T_A73D_rep1.pdb
2026-02-26 21:47:50 EST ForkPoolWorker-27 INFO [__main__] Output: 0.6_relaxed_wt_1_A27E_A34G_A73T_rep2.pdb
2026-02-26 21:47:54 EST ForkPoolWorker-10 INFO [__main__] Output: 0.6_relaxed_wt_1_B57T_A73L_rep1.pdb
2026-02-26 21:47:55 EST ForkPoolWorker-45 INFO [__main__] Output: 0.6_relaxed_wt_1_A27Q_B54I_B57R_A73T_rep2.pdb
2026-02-26 21:47:59 EST ForkPoolWorker-33 INFO [__main__] Output: 0.6_relaxed_wt_1_B54I_A73L_rep4.pdb
2026-02-26 21:48:07 EST ForkPoolWorker-13 INFO [__main__] Output: 0.6_relaxed_wt_1_A27E_A34G_A73T_rep4.pdb
2026-02-26 21:48:10 EST ForkPoolWorker-30 INFO [__main__] Output: 0.6_relaxed_wt_1_A27K_B54F_A73L_rep1.pdb
2026-02-26 21:48:50 EST ForkPoolWorker-23 INFO [__main__] Output: 0.6_relaxed_wt_1_B57T_A73L_rep5.pdb
2026-02-26 21:48:56 EST ForkPoolWorker-43 INFO [__main__] Output: 0.6_relaxed_wt_1_B57R_A73E_rep3.pdb
2026-02-26 21:49:12 EST ForkPoolWorker-35 INFO [__main__] Output: 0.6_relaxed_wt_1_A27K_B54F_A73L_rep5.pdb
2026-02-26 21:49:12 EST ForkPoolWorker-26 INFO [__main__] Output: 0.6_relaxed_wt_1_A27K_B54L_B57T_A73D_rep3.pdb
2026-02-26 21:49:12 EST ForkPoolWorker-15 INFO [__main__] Output: 0.6_relaxed_wt_1_B57T_A73L_rep3.pdb
2026-02-26 21:49:13 EST ForkPoolWorker-2 INFO [__main__] Output: 0.6_relaxed_wt_1_A27K_B57T_A73L_rep3.pdb
2026-02-26 21:49:16 EST ForkPoolWorker-48 INFO [__main__] Output: 0.6_relaxed_wt_1_A27K_B57T_A73L_rep5.pdb
2026-02-26 21:49:24 EST ForkPoolWorker-7 INFO [__main__] Output: 0.6_relaxed_wt_1_B57R_A73T_rep3.pdb
2026-02-26 21:50:00 EST ForkPoolWorker-46 INFO [__main__] Output: 0.6_relaxed_wt_1_A27Q_B54I_B57R_A73T_rep4.pdb
2026-02-26 21:50:04 EST ForkPoolWorker-40 INFO [__main__] Output: 0.6_relaxed_wt_1_A73Q_rep4.pdb
2026-02-26 21:50:14 EST ForkPoolWorker-29 INFO [__main__] Output: 0.6_relaxed_wt_1_B57R_A73E_rep5.pdb
2026-02-26 21:50:14 EST ForkPoolWorker-20 INFO [__main__] Output: 0.6_relaxed_wt_1_A73Q_rep2.pdb
2026-02-26 21:50:40 EST ForkPoolWorker-14 INFO [__main__] Output: 0.6_relaxed_wt_1_A27K_B54L_A73E_rep3.pdb
2026-02-26 21:51:44 EST ForkPoolWorker-25 INFO [__main__] Output: 0.6_relaxed_wt_1_A27K_B57T_A73L_rep1.pdb
2026-02-26 21:52:46 EST ForkPoolWorker-22 INFO [__main__] Output: 0.6_relaxed_wt_1_B57R_A73T_rep1.pdb
2026-02-26 21:56:03 EST ForkPoolWorker-5 INFO [__main__] Output: 0.6_relaxed_wt_1_A34T_B54L_B57R_A73T_rep2.pdb
2026-02-26 22:46:45 EST ForkPoolWorker-42 INFO [__main__] Output: 0.6_relaxed_wt_1_A27P_B54L_B57T_A73L_rep2.pdb
2026-02-26 22:48:13 EST ForkPoolWorker-9 INFO [__main__] Output: 0.6_relaxed_wt_1_A27P_B54L_B57T_A73L_rep4.pdb
2026-02-26 22:49:04 EST ForkPoolWorker-21 INFO [__main__] Output: 0.6_relaxed_wt_1_A34T_B54L_B57R_A73T_rep3.pdb
2026-02-26 22:49:40 EST ForkPoolWorker-34 INFO [__main__] Output: 0.6_relaxed_wt_1_A73Y_rep4.pdb
2026-02-26 22:49:59 EST ForkPoolWorker-37 INFO [__main__] Output: 0.6_relaxed_wt_1_A34T_B54L_B57R_A73T_rep5.pdb
2026-02-26 22:50:32 EST ForkPoolWorker-28 INFO [__main__] Output: 0.6_relaxed_wt_1_A27K_B57R_A73Y_rep1.pdb
2026-02-26 22:50:42 EST ForkPoolWorker-18 INFO [__main__] Output: 0.6_relaxed_wt_1_A34T_B57R_A73Y_rep3.pdb
2026-02-26 22:51:21 EST ForkPoolWorker-32 INFO [__main__] Output: 0.6_relaxed_wt_1_A34T_B57R_A73Y_rep1.pdb
2026-02-26 22:51:36 EST ForkPoolWorker-1 INFO [__main__] Output: 0.6_relaxed_wt_1_A27K_B57R_A73Y_rep5.pdb
2026-02-26 22:51:42 EST ForkPoolWorker-47 INFO [__main__] Output: 0.6_relaxed_wt_1_A73Y_rep2.pdb
2026-02-26 22:52:10 EST ForkPoolWorker-11 INFO [__main__] Output: 0.6_relaxed_wt_1_A34T_B57R_A73Y_rep5.pdb
2026-02-26 22:52:44 EST ForkPoolWorker-19 INFO [__main__] Output: 0.6_relaxed_wt_1_A27K_B57R_A73Y_rep3.pdb
2026-02-26 23:51:03 EST ForkPoolWorker-42 INFO [__main__] Output: 0.6_relaxed_wt_1_A27P_B54L_B57T_A73L_rep3.pdb
2026-02-26 23:54:13 EST ForkPoolWorker-34 INFO [__main__] Output: 0.6_relaxed_wt_1_A73Y_rep5.pdb
2026-02-26 23:54:39 EST ForkPoolWorker-9 INFO [__main__] Output: 0.6_relaxed_wt_1_A27P_B54L_B57T_A73L_rep5.pdb
2026-02-26 23:55:43 EST ForkPoolWorker-37 INFO [__main__] Output: 0.6_relaxed_wt_1_A27P_B54L_B57T_A73L_rep1.pdb
2026-02-26 23:57:21 EST ForkPoolWorker-28 INFO [__main__] Output: 0.6_relaxed_wt_1_A27K_B57R_A73Y_rep2.pdb
2026-02-26 23:57:34 EST ForkPoolWorker-21 INFO [__main__] Output: 0.6_relaxed_wt_1_A34T_B54L_B57R_A73T_rep4.pdb
2026-02-26 23:58:26 EST ForkPoolWorker-18 INFO [__main__] Output: 0.6_relaxed_wt_1_A34T_B57R_A73Y_rep4.pdb
2026-02-26 23:59:05 EST ForkPoolWorker-11 INFO [__main__] Output: 0.6_relaxed_wt_1_A73Y_rep1.pdb
2026-02-26 23:59:33 EST ForkPoolWorker-47 INFO [__main__] Output: 0.6_relaxed_wt_1_A73Y_rep3.pdb
2026-02-26 23:59:34 EST ForkPoolWorker-19 INFO [__main__] Output: 0.6_relaxed_wt_1_A27K_B57R_A73Y_rep4.pdb
2026-02-26 23:59:34 EST ForkPoolWorker-32 INFO [__main__] Output: 0.6_relaxed_wt_1_A34T_B57R_A73Y_rep2.pdb
2026-02-26 23:59:34 EST MainProcess INFO [__main__] Script execution completed
