Using existing logs directory.
2026-02-24 10:29:17 EST MainProcess INFO [numexpr.utils] Note: NumExpr detected 48 cores but "NUMEXPR_MAX_THREADS" not set, so enforcing safe limit of 8.
2026-02-24 10:29:17 EST MainProcess INFO [numexpr.utils] NumExpr defaulting to 8 threads.
[DEBUG] Parsed R68M -> [('A 68', 'M')]
[DEBUG] Parsed R68T -> [('A 68', 'T')]
[DEBUG] Parsed R22K, R68L -> [('A 22', 'K'), ('A 68', 'L')]
[DEBUG] Parsed R22P, N49L, R68L -> [('A 22', 'P'), ('A 49', 'L'), ('A 68', 'L')]
[DEBUG] Parsed R22K, R68D -> [('A 22', 'K'), ('A 68', 'D')]
[DEBUG] Parsed R22K, R68T -> [('A 22', 'K'), ('A 68', 'T')]
[DEBUG] Parsed R68L -> [('A 68', 'L')]
[DEBUG] Parsed N49I -> [('A 49', 'I')]
[DEBUG] Parsed R22K, N49L, R68K -> [('A 22', 'K'), ('A 49', 'L'), ('A 68', 'K')]
[DEBUG] Parsed R22K, N49V, R68T -> [('A 22', 'K'), ('A 49', 'V'), ('A 68', 'T')]
[DEBUG] Parsed N31D, R68L -> [('A 31', 'D'), ('A 68', 'L')]
[DEBUG] Parsed R22K, N52R, R68I -> [('A 22', 'K'), ('A 52', 'R'), ('A 68', 'I')]
[DEBUG] Parsed R22K, R68Y -> [('A 22', 'K'), ('A 68', 'Y')]
[DEBUG] Parsed R22K, N49I, R68T -> [('A 22', 'K'), ('A 49', 'I'), ('A 68', 'T')]
[DEBUG] Parsed R22K, N52T, R68Q -> [('A 22', 'K'), ('A 52', 'T'), ('A 68', 'Q')]
[DEBUG] Parsed R22K, R68M -> [('A 22', 'K'), ('A 68', 'M')]
[DEBUG] Parsed R22K, N52R, R68L -> [('A 22', 'K'), ('A 52', 'R'), ('A 68', 'L')]
[DEBUG] Parsed R22K, N49L, R68L -> [('A 22', 'K'), ('A 49', 'L'), ('A 68', 'L')]
[DEBUG] Parsed R22P, N49I, R68L -> [('A 22', 'P'), ('A 49', 'I'), ('A 68', 'L')]
[DEBUG] Parsed R22P, R68Y -> [('A 22', 'P'), ('A 68', 'Y')]
[DEBUG] Parsed R22Q, R68L -> [('A 22', 'Q'), ('A 68', 'L')]
[DEBUG] Parsed R68Q -> [('A 68', 'Q')]
[DEBUG] Parsed N49L, R68L -> [('A 49', 'L'), ('A 68', 'L')]
[DEBUG] Creating jobs for bundle: [('A 68', 'M')]
[DEBUG] Output file: /scratch4/jgray21/zhuggan1/projects/orthosystems/tryingggg/pos_neg_design/OrthoMPNN/Rosetta/output_pdbs/pmpnn_wt/neg0.4/0.6_relaxed_wt_1_A68M_rep1.pdb
[DEBUG] Output file: /scratch4/jgray21/zhuggan1/projects/orthosystems/tryingggg/pos_neg_design/OrthoMPNN/Rosetta/output_pdbs/pmpnn_wt/neg0.4/0.6_relaxed_wt_1_A68M_rep2.pdb
[DEBUG] Output file: /scratch4/jgray21/zhuggan1/projects/orthosystems/tryingggg/pos_neg_design/OrthoMPNN/Rosetta/output_pdbs/pmpnn_wt/neg0.4/0.6_relaxed_wt_1_A68M_rep3.pdb
[DEBUG] Output file: /scratch4/jgray21/zhuggan1/projects/orthosystems/tryingggg/pos_neg_design/OrthoMPNN/Rosetta/output_pdbs/pmpnn_wt/neg0.4/0.6_relaxed_wt_1_A68M_rep4.pdb
[DEBUG] Output file: /scratch4/jgray21/zhuggan1/projects/orthosystems/tryingggg/pos_neg_design/OrthoMPNN/Rosetta/output_pdbs/pmpnn_wt/neg0.4/0.6_relaxed_wt_1_A68M_rep5.pdb
[DEBUG] Creating jobs for bundle: [('A 68', 'T')]
[DEBUG] Output file: /scratch4/jgray21/zhuggan1/projects/orthosystems/tryingggg/pos_neg_design/OrthoMPNN/Rosetta/output_pdbs/pmpnn_wt/neg0.4/0.6_relaxed_wt_1_A68T_rep1.pdb
[DEBUG] Output file: /scratch4/jgray21/zhuggan1/projects/orthosystems/tryingggg/pos_neg_design/OrthoMPNN/Rosetta/output_pdbs/pmpnn_wt/neg0.4/0.6_relaxed_wt_1_A68T_rep2.pdb
[DEBUG] Output file: /scratch4/jgray21/zhuggan1/projects/orthosystems/tryingggg/pos_neg_design/OrthoMPNN/Rosetta/output_pdbs/pmpnn_wt/neg0.4/0.6_relaxed_wt_1_A68T_rep3.pdb
[DEBUG] Output file: /scratch4/jgray21/zhuggan1/projects/orthosystems/tryingggg/pos_neg_design/OrthoMPNN/Rosetta/output_pdbs/pmpnn_wt/neg0.4/0.6_relaxed_wt_1_A68T_rep4.pdb
[DEBUG] Output file: /scratch4/jgray21/zhuggan1/projects/orthosystems/tryingggg/pos_neg_design/OrthoMPNN/Rosetta/output_pdbs/pmpnn_wt/neg0.4/0.6_relaxed_wt_1_A68T_rep5.pdb
[DEBUG] Creating jobs for bundle: [('A 22', 'K'), ('A 68', 'L')]
[DEBUG] Output file: /scratch4/jgray21/zhuggan1/projects/orthosystems/tryingggg/pos_neg_design/OrthoMPNN/Rosetta/output_pdbs/pmpnn_wt/neg0.4/0.6_relaxed_wt_1_A22K_A68L_rep1.pdb
[DEBUG] Output file: /scratch4/jgray21/zhuggan1/projects/orthosystems/tryingggg/pos_neg_design/OrthoMPNN/Rosetta/output_pdbs/pmpnn_wt/neg0.4/0.6_relaxed_wt_1_A22K_A68L_rep2.pdb
[DEBUG] Output file: /scratch4/jgray21/zhuggan1/projects/orthosystems/tryingggg/pos_neg_design/OrthoMPNN/Rosetta/output_pdbs/pmpnn_wt/neg0.4/0.6_relaxed_wt_1_A22K_A68L_rep3.pdb
[DEBUG] Output file: /scratch4/jgray21/zhuggan1/projects/orthosystems/tryingggg/pos_neg_design/OrthoMPNN/Rosetta/output_pdbs/pmpnn_wt/neg0.4/0.6_relaxed_wt_1_A22K_A68L_rep4.pdb
[DEBUG] Output file: /scratch4/jgray21/zhuggan1/projects/orthosystems/tryingggg/pos_neg_design/OrthoMPNN/Rosetta/output_pdbs/pmpnn_wt/neg0.4/0.6_relaxed_wt_1_A22K_A68L_rep5.pdb
[DEBUG] Creating jobs for bundle: [('A 22', 'P'), ('A 49', 'L'), ('A 68', 'L')]
[DEBUG] Output file: /scratch4/jgray21/zhuggan1/projects/orthosystems/tryingggg/pos_neg_design/OrthoMPNN/Rosetta/output_pdbs/pmpnn_wt/neg0.4/0.6_relaxed_wt_1_A22P_A49L_A68L_rep1.pdb
[DEBUG] Output file: /scratch4/jgray21/zhuggan1/projects/orthosystems/tryingggg/pos_neg_design/OrthoMPNN/Rosetta/output_pdbs/pmpnn_wt/neg0.4/0.6_relaxed_wt_1_A22P_A49L_A68L_rep2.pdb
[DEBUG] Output file: /scratch4/jgray21/zhuggan1/projects/orthosystems/tryingggg/pos_neg_design/OrthoMPNN/Rosetta/output_pdbs/pmpnn_wt/neg0.4/0.6_relaxed_wt_1_A22P_A49L_A68L_rep3.pdb
[DEBUG] Output file: /scratch4/jgray21/zhuggan1/projects/orthosystems/tryingggg/pos_neg_design/OrthoMPNN/Rosetta/output_pdbs/pmpnn_wt/neg0.4/0.6_relaxed_wt_1_A22P_A49L_A68L_rep4.pdb
[DEBUG] Output file: /scratch4/jgray21/zhuggan1/projects/orthosystems/tryingggg/pos_neg_design/OrthoMPNN/Rosetta/output_pdbs/pmpnn_wt/neg0.4/0.6_relaxed_wt_1_A22P_A49L_A68L_rep5.pdb
[DEBUG] Creating jobs for bundle: [('A 22', 'K'), ('A 68', 'D')]
[DEBUG] Output file: /scratch4/jgray21/zhuggan1/projects/orthosystems/tryingggg/pos_neg_design/OrthoMPNN/Rosetta/output_pdbs/pmpnn_wt/neg0.4/0.6_relaxed_wt_1_A22K_A68D_rep1.pdb
[DEBUG] Output file: /scratch4/jgray21/zhuggan1/projects/orthosystems/tryingggg/pos_neg_design/OrthoMPNN/Rosetta/output_pdbs/pmpnn_wt/neg0.4/0.6_relaxed_wt_1_A22K_A68D_rep2.pdb
[DEBUG] Output file: /scratch4/jgray21/zhuggan1/projects/orthosystems/tryingggg/pos_neg_design/OrthoMPNN/Rosetta/output_pdbs/pmpnn_wt/neg0.4/0.6_relaxed_wt_1_A22K_A68D_rep3.pdb
[DEBUG] Output file: /scratch4/jgray21/zhuggan1/projects/orthosystems/tryingggg/pos_neg_design/OrthoMPNN/Rosetta/output_pdbs/pmpnn_wt/neg0.4/0.6_relaxed_wt_1_A22K_A68D_rep4.pdb
[DEBUG] Output file: /scratch4/jgray21/zhuggan1/projects/orthosystems/tryingggg/pos_neg_design/OrthoMPNN/Rosetta/output_pdbs/pmpnn_wt/neg0.4/0.6_relaxed_wt_1_A22K_A68D_rep5.pdb
[DEBUG] Creating jobs for bundle: [('A 22', 'K'), ('A 68', 'T')]
[DEBUG] Output file: /scratch4/jgray21/zhuggan1/projects/orthosystems/tryingggg/pos_neg_design/OrthoMPNN/Rosetta/output_pdbs/pmpnn_wt/neg0.4/0.6_relaxed_wt_1_A22K_A68T_rep1.pdb
[DEBUG] Output file: /scratch4/jgray21/zhuggan1/projects/orthosystems/tryingggg/pos_neg_design/OrthoMPNN/Rosetta/output_pdbs/pmpnn_wt/neg0.4/0.6_relaxed_wt_1_A22K_A68T_rep2.pdb
[DEBUG] Output file: /scratch4/jgray21/zhuggan1/projects/orthosystems/tryingggg/pos_neg_design/OrthoMPNN/Rosetta/output_pdbs/pmpnn_wt/neg0.4/0.6_relaxed_wt_1_A22K_A68T_rep3.pdb
[DEBUG] Output file: /scratch4/jgray21/zhuggan1/projects/orthosystems/tryingggg/pos_neg_design/OrthoMPNN/Rosetta/output_pdbs/pmpnn_wt/neg0.4/0.6_relaxed_wt_1_A22K_A68T_rep4.pdb
[DEBUG] Output file: /scratch4/jgray21/zhuggan1/projects/orthosystems/tryingggg/pos_neg_design/OrthoMPNN/Rosetta/output_pdbs/pmpnn_wt/neg0.4/0.6_relaxed_wt_1_A22K_A68T_rep5.pdb
[DEBUG] Creating jobs for bundle: [('A 68', 'L')]
[DEBUG] Output file: /scratch4/jgray21/zhuggan1/projects/orthosystems/tryingggg/pos_neg_design/OrthoMPNN/Rosetta/output_pdbs/pmpnn_wt/neg0.4/0.6_relaxed_wt_1_A68L_rep1.pdb
[DEBUG] Output file: /scratch4/jgray21/zhuggan1/projects/orthosystems/tryingggg/pos_neg_design/OrthoMPNN/Rosetta/output_pdbs/pmpnn_wt/neg0.4/0.6_relaxed_wt_1_A68L_rep2.pdb
[DEBUG] Output file: /scratch4/jgray21/zhuggan1/projects/orthosystems/tryingggg/pos_neg_design/OrthoMPNN/Rosetta/output_pdbs/pmpnn_wt/neg0.4/0.6_relaxed_wt_1_A68L_rep3.pdb
[DEBUG] Output file: /scratch4/jgray21/zhuggan1/projects/orthosystems/tryingggg/pos_neg_design/OrthoMPNN/Rosetta/output_pdbs/pmpnn_wt/neg0.4/0.6_relaxed_wt_1_A68L_rep4.pdb
[DEBUG] Output file: /scratch4/jgray21/zhuggan1/projects/orthosystems/tryingggg/pos_neg_design/OrthoMPNN/Rosetta/output_pdbs/pmpnn_wt/neg0.4/0.6_relaxed_wt_1_A68L_rep5.pdb
[DEBUG] Creating jobs for bundle: [('A 49', 'I')]
[DEBUG] Output file: /scratch4/jgray21/zhuggan1/projects/orthosystems/tryingggg/pos_neg_design/OrthoMPNN/Rosetta/output_pdbs/pmpnn_wt/neg0.4/0.6_relaxed_wt_1_A49I_rep1.pdb
[DEBUG] Output file: /scratch4/jgray21/zhuggan1/projects/orthosystems/tryingggg/pos_neg_design/OrthoMPNN/Rosetta/output_pdbs/pmpnn_wt/neg0.4/0.6_relaxed_wt_1_A49I_rep2.pdb
[DEBUG] Output file: /scratch4/jgray21/zhuggan1/projects/orthosystems/tryingggg/pos_neg_design/OrthoMPNN/Rosetta/output_pdbs/pmpnn_wt/neg0.4/0.6_relaxed_wt_1_A49I_rep3.pdb
[DEBUG] Output file: /scratch4/jgray21/zhuggan1/projects/orthosystems/tryingggg/pos_neg_design/OrthoMPNN/Rosetta/output_pdbs/pmpnn_wt/neg0.4/0.6_relaxed_wt_1_A49I_rep4.pdb
[DEBUG] Output file: /scratch4/jgray21/zhuggan1/projects/orthosystems/tryingggg/pos_neg_design/OrthoMPNN/Rosetta/output_pdbs/pmpnn_wt/neg0.4/0.6_relaxed_wt_1_A49I_rep5.pdb
[DEBUG] Creating jobs for bundle: [('A 22', 'K'), ('A 49', 'L'), ('A 68', 'K')]
[DEBUG] Output file: /scratch4/jgray21/zhuggan1/projects/orthosystems/tryingggg/pos_neg_design/OrthoMPNN/Rosetta/output_pdbs/pmpnn_wt/neg0.4/0.6_relaxed_wt_1_A22K_A49L_A68K_rep1.pdb
[DEBUG] Output file: /scratch4/jgray21/zhuggan1/projects/orthosystems/tryingggg/pos_neg_design/OrthoMPNN/Rosetta/output_pdbs/pmpnn_wt/neg0.4/0.6_relaxed_wt_1_A22K_A49L_A68K_rep2.pdb
[DEBUG] Output file: /scratch4/jgray21/zhuggan1/projects/orthosystems/tryingggg/pos_neg_design/OrthoMPNN/Rosetta/output_pdbs/pmpnn_wt/neg0.4/0.6_relaxed_wt_1_A22K_A49L_A68K_rep3.pdb
[DEBUG] Output file: /scratch4/jgray21/zhuggan1/projects/orthosystems/tryingggg/pos_neg_design/OrthoMPNN/Rosetta/output_pdbs/pmpnn_wt/neg0.4/0.6_relaxed_wt_1_A22K_A49L_A68K_rep4.pdb
[DEBUG] Output file: /scratch4/jgray21/zhuggan1/projects/orthosystems/tryingggg/pos_neg_design/OrthoMPNN/Rosetta/output_pdbs/pmpnn_wt/neg0.4/0.6_relaxed_wt_1_A22K_A49L_A68K_rep5.pdb
[DEBUG] Creating jobs for bundle: [('A 22', 'K'), ('A 49', 'V'), ('A 68', 'T')]
[DEBUG] Output file: /scratch4/jgray21/zhuggan1/projects/orthosystems/tryingggg/pos_neg_design/OrthoMPNN/Rosetta/output_pdbs/pmpnn_wt/neg0.4/0.6_relaxed_wt_1_A22K_A49V_A68T_rep1.pdb
[DEBUG] Output file: /scratch4/jgray21/zhuggan1/projects/orthosystems/tryingggg/pos_neg_design/OrthoMPNN/Rosetta/output_pdbs/pmpnn_wt/neg0.4/0.6_relaxed_wt_1_A22K_A49V_A68T_rep2.pdb
[DEBUG] Output file: /scratch4/jgray21/zhuggan1/projects/orthosystems/tryingggg/pos_neg_design/OrthoMPNN/Rosetta/output_pdbs/pmpnn_wt/neg0.4/0.6_relaxed_wt_1_A22K_A49V_A68T_rep3.pdb
[DEBUG] Output file: /scratch4/jgray21/zhuggan1/projects/orthosystems/tryingggg/pos_neg_design/OrthoMPNN/Rosetta/output_pdbs/pmpnn_wt/neg0.4/0.6_relaxed_wt_1_A22K_A49V_A68T_rep4.pdb
[DEBUG] Output file: /scratch4/jgray21/zhuggan1/projects/orthosystems/tryingggg/pos_neg_design/OrthoMPNN/Rosetta/output_pdbs/pmpnn_wt/neg0.4/0.6_relaxed_wt_1_A22K_A49V_A68T_rep5.pdb
[DEBUG] Creating jobs for bundle: [('A 31', 'D'), ('A 68', 'L')]
[DEBUG] Output file: /scratch4/jgray21/zhuggan1/projects/orthosystems/tryingggg/pos_neg_design/OrthoMPNN/Rosetta/output_pdbs/pmpnn_wt/neg0.4/0.6_relaxed_wt_1_A31D_A68L_rep1.pdb
[DEBUG] Output file: /scratch4/jgray21/zhuggan1/projects/orthosystems/tryingggg/pos_neg_design/OrthoMPNN/Rosetta/output_pdbs/pmpnn_wt/neg0.4/0.6_relaxed_wt_1_A31D_A68L_rep2.pdb
[DEBUG] Output file: /scratch4/jgray21/zhuggan1/projects/orthosystems/tryingggg/pos_neg_design/OrthoMPNN/Rosetta/output_pdbs/pmpnn_wt/neg0.4/0.6_relaxed_wt_1_A31D_A68L_rep3.pdb
[DEBUG] Output file: /scratch4/jgray21/zhuggan1/projects/orthosystems/tryingggg/pos_neg_design/OrthoMPNN/Rosetta/output_pdbs/pmpnn_wt/neg0.4/0.6_relaxed_wt_1_A31D_A68L_rep4.pdb
[DEBUG] Output file: /scratch4/jgray21/zhuggan1/projects/orthosystems/tryingggg/pos_neg_design/OrthoMPNN/Rosetta/output_pdbs/pmpnn_wt/neg0.4/0.6_relaxed_wt_1_A31D_A68L_rep5.pdb
[DEBUG] Creating jobs for bundle: [('A 22', 'K'), ('A 52', 'R'), ('A 68', 'I')]
[DEBUG] Output file: /scratch4/jgray21/zhuggan1/projects/orthosystems/tryingggg/pos_neg_design/OrthoMPNN/Rosetta/output_pdbs/pmpnn_wt/neg0.4/0.6_relaxed_wt_1_A22K_A52R_A68I_rep1.pdb
[DEBUG] Output file: /scratch4/jgray21/zhuggan1/projects/orthosystems/tryingggg/pos_neg_design/OrthoMPNN/Rosetta/output_pdbs/pmpnn_wt/neg0.4/0.6_relaxed_wt_1_A22K_A52R_A68I_rep2.pdb
[DEBUG] Output file: /scratch4/jgray21/zhuggan1/projects/orthosystems/tryingggg/pos_neg_design/OrthoMPNN/Rosetta/output_pdbs/pmpnn_wt/neg0.4/0.6_relaxed_wt_1_A22K_A52R_A68I_rep3.pdb
[DEBUG] Output file: /scratch4/jgray21/zhuggan1/projects/orthosystems/tryingggg/pos_neg_design/OrthoMPNN/Rosetta/output_pdbs/pmpnn_wt/neg0.4/0.6_relaxed_wt_1_A22K_A52R_A68I_rep4.pdb
[DEBUG] Output file: /scratch4/jgray21/zhuggan1/projects/orthosystems/tryingggg/pos_neg_design/OrthoMPNN/Rosetta/output_pdbs/pmpnn_wt/neg0.4/0.6_relaxed_wt_1_A22K_A52R_A68I_rep5.pdb
[DEBUG] Creating jobs for bundle: [('A 22', 'K'), ('A 68', 'Y')]
[DEBUG] Output file: /scratch4/jgray21/zhuggan1/projects/orthosystems/tryingggg/pos_neg_design/OrthoMPNN/Rosetta/output_pdbs/pmpnn_wt/neg0.4/0.6_relaxed_wt_1_A22K_A68Y_rep1.pdb
[DEBUG] Output file: /scratch4/jgray21/zhuggan1/projects/orthosystems/tryingggg/pos_neg_design/OrthoMPNN/Rosetta/output_pdbs/pmpnn_wt/neg0.4/0.6_relaxed_wt_1_A22K_A68Y_rep2.pdb
[DEBUG] Output file: /scratch4/jgray21/zhuggan1/projects/orthosystems/tryingggg/pos_neg_design/OrthoMPNN/Rosetta/output_pdbs/pmpnn_wt/neg0.4/0.6_relaxed_wt_1_A22K_A68Y_rep3.pdb
[DEBUG] Output file: /scratch4/jgray21/zhuggan1/projects/orthosystems/tryingggg/pos_neg_design/OrthoMPNN/Rosetta/output_pdbs/pmpnn_wt/neg0.4/0.6_relaxed_wt_1_A22K_A68Y_rep4.pdb
[DEBUG] Output file: /scratch4/jgray21/zhuggan1/projects/orthosystems/tryingggg/pos_neg_design/OrthoMPNN/Rosetta/output_pdbs/pmpnn_wt/neg0.4/0.6_relaxed_wt_1_A22K_A68Y_rep5.pdb
[DEBUG] Creating jobs for bundle: [('A 22', 'K'), ('A 49', 'I'), ('A 68', 'T')]
[DEBUG] Output file: /scratch4/jgray21/zhuggan1/projects/orthosystems/tryingggg/pos_neg_design/OrthoMPNN/Rosetta/output_pdbs/pmpnn_wt/neg0.4/0.6_relaxed_wt_1_A22K_A49I_A68T_rep1.pdb
[DEBUG] Output file: /scratch4/jgray21/zhuggan1/projects/orthosystems/tryingggg/pos_neg_design/OrthoMPNN/Rosetta/output_pdbs/pmpnn_wt/neg0.4/0.6_relaxed_wt_1_A22K_A49I_A68T_rep2.pdb
[DEBUG] Output file: /scratch4/jgray21/zhuggan1/projects/orthosystems/tryingggg/pos_neg_design/OrthoMPNN/Rosetta/output_pdbs/pmpnn_wt/neg0.4/0.6_relaxed_wt_1_A22K_A49I_A68T_rep3.pdb
[DEBUG] Output file: /scratch4/jgray21/zhuggan1/projects/orthosystems/tryingggg/pos_neg_design/OrthoMPNN/Rosetta/output_pdbs/pmpnn_wt/neg0.4/0.6_relaxed_wt_1_A22K_A49I_A68T_rep4.pdb
[DEBUG] Output file: /scratch4/jgray21/zhuggan1/projects/orthosystems/tryingggg/pos_neg_design/OrthoMPNN/Rosetta/output_pdbs/pmpnn_wt/neg0.4/0.6_relaxed_wt_1_A22K_A49I_A68T_rep5.pdb
[DEBUG] Creating jobs for bundle: [('A 22', 'K'), ('A 52', 'T'), ('A 68', 'Q')]
[DEBUG] Output file: /scratch4/jgray21/zhuggan1/projects/orthosystems/tryingggg/pos_neg_design/OrthoMPNN/Rosetta/output_pdbs/pmpnn_wt/neg0.4/0.6_relaxed_wt_1_A22K_A52T_A68Q_rep1.pdb
[DEBUG] Output file: /scratch4/jgray21/zhuggan1/projects/orthosystems/tryingggg/pos_neg_design/OrthoMPNN/Rosetta/output_pdbs/pmpnn_wt/neg0.4/0.6_relaxed_wt_1_A22K_A52T_A68Q_rep2.pdb
[DEBUG] Output file: /scratch4/jgray21/zhuggan1/projects/orthosystems/tryingggg/pos_neg_design/OrthoMPNN/Rosetta/output_pdbs/pmpnn_wt/neg0.4/0.6_relaxed_wt_1_A22K_A52T_A68Q_rep3.pdb
[DEBUG] Output file: /scratch4/jgray21/zhuggan1/projects/orthosystems/tryingggg/pos_neg_design/OrthoMPNN/Rosetta/output_pdbs/pmpnn_wt/neg0.4/0.6_relaxed_wt_1_A22K_A52T_A68Q_rep4.pdb
[DEBUG] Output file: /scratch4/jgray21/zhuggan1/projects/orthosystems/tryingggg/pos_neg_design/OrthoMPNN/Rosetta/output_pdbs/pmpnn_wt/neg0.4/0.6_relaxed_wt_1_A22K_A52T_A68Q_rep5.pdb
[DEBUG] Creating jobs for bundle: [('A 22', 'K'), ('A 68', 'M')]
[DEBUG] Output file: /scratch4/jgray21/zhuggan1/projects/orthosystems/tryingggg/pos_neg_design/OrthoMPNN/Rosetta/output_pdbs/pmpnn_wt/neg0.4/0.6_relaxed_wt_1_A22K_A68M_rep1.pdb
[DEBUG] Output file: /scratch4/jgray21/zhuggan1/projects/orthosystems/tryingggg/pos_neg_design/OrthoMPNN/Rosetta/output_pdbs/pmpnn_wt/neg0.4/0.6_relaxed_wt_1_A22K_A68M_rep2.pdb
[DEBUG] Output file: /scratch4/jgray21/zhuggan1/projects/orthosystems/tryingggg/pos_neg_design/OrthoMPNN/Rosetta/output_pdbs/pmpnn_wt/neg0.4/0.6_relaxed_wt_1_A22K_A68M_rep3.pdb
[DEBUG] Output file: /scratch4/jgray21/zhuggan1/projects/orthosystems/tryingggg/pos_neg_design/OrthoMPNN/Rosetta/output_pdbs/pmpnn_wt/neg0.4/0.6_relaxed_wt_1_A22K_A68M_rep4.pdb
[DEBUG] Output file: /scratch4/jgray21/zhuggan1/projects/orthosystems/tryingggg/pos_neg_design/OrthoMPNN/Rosetta/output_pdbs/pmpnn_wt/neg0.4/0.6_relaxed_wt_1_A22K_A68M_rep5.pdb
[DEBUG] Creating jobs for bundle: [('A 22', 'K'), ('A 52', 'R'), ('A 68', 'L')]
[DEBUG] Output file: /scratch4/jgray21/zhuggan1/projects/orthosystems/tryingggg/pos_neg_design/OrthoMPNN/Rosetta/output_pdbs/pmpnn_wt/neg0.4/0.6_relaxed_wt_1_A22K_A52R_A68L_rep1.pdb
[DEBUG] Output file: /scratch4/jgray21/zhuggan1/projects/orthosystems/tryingggg/pos_neg_design/OrthoMPNN/Rosetta/output_pdbs/pmpnn_wt/neg0.4/0.6_relaxed_wt_1_A22K_A52R_A68L_rep2.pdb
[DEBUG] Output file: /scratch4/jgray21/zhuggan1/projects/orthosystems/tryingggg/pos_neg_design/OrthoMPNN/Rosetta/output_pdbs/pmpnn_wt/neg0.4/0.6_relaxed_wt_1_A22K_A52R_A68L_rep3.pdb
[DEBUG] Output file: /scratch4/jgray21/zhuggan1/projects/orthosystems/tryingggg/pos_neg_design/OrthoMPNN/Rosetta/output_pdbs/pmpnn_wt/neg0.4/0.6_relaxed_wt_1_A22K_A52R_A68L_rep4.pdb
[DEBUG] Output file: /scratch4/jgray21/zhuggan1/projects/orthosystems/tryingggg/pos_neg_design/OrthoMPNN/Rosetta/output_pdbs/pmpnn_wt/neg0.4/0.6_relaxed_wt_1_A22K_A52R_A68L_rep5.pdb
[DEBUG] Creating jobs for bundle: [('A 22', 'K'), ('A 49', 'L'), ('A 68', 'L')]
[DEBUG] Output file: /scratch4/jgray21/zhuggan1/projects/orthosystems/tryingggg/pos_neg_design/OrthoMPNN/Rosetta/output_pdbs/pmpnn_wt/neg0.4/0.6_relaxed_wt_1_A22K_A49L_A68L_rep1.pdb
[DEBUG] Output file: /scratch4/jgray21/zhuggan1/projects/orthosystems/tryingggg/pos_neg_design/OrthoMPNN/Rosetta/output_pdbs/pmpnn_wt/neg0.4/0.6_relaxed_wt_1_A22K_A49L_A68L_rep2.pdb
[DEBUG] Output file: /scratch4/jgray21/zhuggan1/projects/orthosystems/tryingggg/pos_neg_design/OrthoMPNN/Rosetta/output_pdbs/pmpnn_wt/neg0.4/0.6_relaxed_wt_1_A22K_A49L_A68L_rep3.pdb
[DEBUG] Output file: /scratch4/jgray21/zhuggan1/projects/orthosystems/tryingggg/pos_neg_design/OrthoMPNN/Rosetta/output_pdbs/pmpnn_wt/neg0.4/0.6_relaxed_wt_1_A22K_A49L_A68L_rep4.pdb
[DEBUG] Output file: /scratch4/jgray21/zhuggan1/projects/orthosystems/tryingggg/pos_neg_design/OrthoMPNN/Rosetta/output_pdbs/pmpnn_wt/neg0.4/0.6_relaxed_wt_1_A22K_A49L_A68L_rep5.pdb
[DEBUG] Creating jobs for bundle: [('A 22', 'P'), ('A 49', 'I'), ('A 68', 'L')]
[DEBUG] Output file: /scratch4/jgray21/zhuggan1/projects/orthosystems/tryingggg/pos_neg_design/OrthoMPNN/Rosetta/output_pdbs/pmpnn_wt/neg0.4/0.6_relaxed_wt_1_A22P_A49I_A68L_rep1.pdb
[DEBUG] Output file: /scratch4/jgray21/zhuggan1/projects/orthosystems/tryingggg/pos_neg_design/OrthoMPNN/Rosetta/output_pdbs/pmpnn_wt/neg0.4/0.6_relaxed_wt_1_A22P_A49I_A68L_rep2.pdb
[DEBUG] Output file: /scratch4/jgray21/zhuggan1/projects/orthosystems/tryingggg/pos_neg_design/OrthoMPNN/Rosetta/output_pdbs/pmpnn_wt/neg0.4/0.6_relaxed_wt_1_A22P_A49I_A68L_rep3.pdb
[DEBUG] Output file: /scratch4/jgray21/zhuggan1/projects/orthosystems/tryingggg/pos_neg_design/OrthoMPNN/Rosetta/output_pdbs/pmpnn_wt/neg0.4/0.6_relaxed_wt_1_A22P_A49I_A68L_rep4.pdb
[DEBUG] Output file: /scratch4/jgray21/zhuggan1/projects/orthosystems/tryingggg/pos_neg_design/OrthoMPNN/Rosetta/output_pdbs/pmpnn_wt/neg0.4/0.6_relaxed_wt_1_A22P_A49I_A68L_rep5.pdb
[DEBUG] Creating jobs for bundle: [('A 22', 'P'), ('A 68', 'Y')]
[DEBUG] Output file: /scratch4/jgray21/zhuggan1/projects/orthosystems/tryingggg/pos_neg_design/OrthoMPNN/Rosetta/output_pdbs/pmpnn_wt/neg0.4/0.6_relaxed_wt_1_A22P_A68Y_rep1.pdb
[DEBUG] Output file: /scratch4/jgray21/zhuggan1/projects/orthosystems/tryingggg/pos_neg_design/OrthoMPNN/Rosetta/output_pdbs/pmpnn_wt/neg0.4/0.6_relaxed_wt_1_A22P_A68Y_rep2.pdb
[DEBUG] Output file: /scratch4/jgray21/zhuggan1/projects/orthosystems/tryingggg/pos_neg_design/OrthoMPNN/Rosetta/output_pdbs/pmpnn_wt/neg0.4/0.6_relaxed_wt_1_A22P_A68Y_rep3.pdb
[DEBUG] Output file: /scratch4/jgray21/zhuggan1/projects/orthosystems/tryingggg/pos_neg_design/OrthoMPNN/Rosetta/output_pdbs/pmpnn_wt/neg0.4/0.6_relaxed_wt_1_A22P_A68Y_rep4.pdb
[DEBUG] Output file: /scratch4/jgray21/zhuggan1/projects/orthosystems/tryingggg/pos_neg_design/OrthoMPNN/Rosetta/output_pdbs/pmpnn_wt/neg0.4/0.6_relaxed_wt_1_A22P_A68Y_rep5.pdb
[DEBUG] Creating jobs for bundle: [('A 22', 'Q'), ('A 68', 'L')]
[DEBUG] Output file: /scratch4/jgray21/zhuggan1/projects/orthosystems/tryingggg/pos_neg_design/OrthoMPNN/Rosetta/output_pdbs/pmpnn_wt/neg0.4/0.6_relaxed_wt_1_A22Q_A68L_rep1.pdb
[DEBUG] Output file: /scratch4/jgray21/zhuggan1/projects/orthosystems/tryingggg/pos_neg_design/OrthoMPNN/Rosetta/output_pdbs/pmpnn_wt/neg0.4/0.6_relaxed_wt_1_A22Q_A68L_rep2.pdb
[DEBUG] Output file: /scratch4/jgray21/zhuggan1/projects/orthosystems/tryingggg/pos_neg_design/OrthoMPNN/Rosetta/output_pdbs/pmpnn_wt/neg0.4/0.6_relaxed_wt_1_A22Q_A68L_rep3.pdb
[DEBUG] Output file: /scratch4/jgray21/zhuggan1/projects/orthosystems/tryingggg/pos_neg_design/OrthoMPNN/Rosetta/output_pdbs/pmpnn_wt/neg0.4/0.6_relaxed_wt_1_A22Q_A68L_rep4.pdb
[DEBUG] Output file: /scratch4/jgray21/zhuggan1/projects/orthosystems/tryingggg/pos_neg_design/OrthoMPNN/Rosetta/output_pdbs/pmpnn_wt/neg0.4/0.6_relaxed_wt_1_A22Q_A68L_rep5.pdb
[DEBUG] Creating jobs for bundle: [('A 68', 'Q')]
[DEBUG] Output file: /scratch4/jgray21/zhuggan1/projects/orthosystems/tryingggg/pos_neg_design/OrthoMPNN/Rosetta/output_pdbs/pmpnn_wt/neg0.4/0.6_relaxed_wt_1_A68Q_rep1.pdb
[DEBUG] Output file: /scratch4/jgray21/zhuggan1/projects/orthosystems/tryingggg/pos_neg_design/OrthoMPNN/Rosetta/output_pdbs/pmpnn_wt/neg0.4/0.6_relaxed_wt_1_A68Q_rep2.pdb
[DEBUG] Output file: /scratch4/jgray21/zhuggan1/projects/orthosystems/tryingggg/pos_neg_design/OrthoMPNN/Rosetta/output_pdbs/pmpnn_wt/neg0.4/0.6_relaxed_wt_1_A68Q_rep3.pdb
[DEBUG] Output file: /scratch4/jgray21/zhuggan1/projects/orthosystems/tryingggg/pos_neg_design/OrthoMPNN/Rosetta/output_pdbs/pmpnn_wt/neg0.4/0.6_relaxed_wt_1_A68Q_rep4.pdb
[DEBUG] Output file: /scratch4/jgray21/zhuggan1/projects/orthosystems/tryingggg/pos_neg_design/OrthoMPNN/Rosetta/output_pdbs/pmpnn_wt/neg0.4/0.6_relaxed_wt_1_A68Q_rep5.pdb
[DEBUG] Creating jobs for bundle: [('A 49', 'L'), ('A 68', 'L')]
[DEBUG] Output file: /scratch4/jgray21/zhuggan1/projects/orthosystems/tryingggg/pos_neg_design/OrthoMPNN/Rosetta/output_pdbs/pmpnn_wt/neg0.4/0.6_relaxed_wt_1_A49L_A68L_rep1.pdb
[DEBUG] Output file: /scratch4/jgray21/zhuggan1/projects/orthosystems/tryingggg/pos_neg_design/OrthoMPNN/Rosetta/output_pdbs/pmpnn_wt/neg0.4/0.6_relaxed_wt_1_A49L_A68L_rep2.pdb
[DEBUG] Output file: /scratch4/jgray21/zhuggan1/projects/orthosystems/tryingggg/pos_neg_design/OrthoMPNN/Rosetta/output_pdbs/pmpnn_wt/neg0.4/0.6_relaxed_wt_1_A49L_A68L_rep3.pdb
[DEBUG] Output file: /scratch4/jgray21/zhuggan1/projects/orthosystems/tryingggg/pos_neg_design/OrthoMPNN/Rosetta/output_pdbs/pmpnn_wt/neg0.4/0.6_relaxed_wt_1_A49L_A68L_rep4.pdb
[DEBUG] Output file: /scratch4/jgray21/zhuggan1/projects/orthosystems/tryingggg/pos_neg_design/OrthoMPNN/Rosetta/output_pdbs/pmpnn_wt/neg0.4/0.6_relaxed_wt_1_A49L_A68L_rep5.pdb
2026-02-24 10:29:22 EST MainProcess INFO [__main__] Processing a total of 115 jobs
2026-02-24 10:29:22 EST MainProcess INFO [__main__] Starting pool with 48 worker(s)
2026-02-24 11:38:47 EST ForkPoolWorker-32 INFO [__main__] Output: 0.6_relaxed_wt_1_A22K_A68L_rep3.pdb
2026-02-24 11:40:43 EST ForkPoolWorker-31 INFO [__main__] Output: 0.6_relaxed_wt_1_A22K_A68D_rep1.pdb
2026-02-24 11:40:56 EST ForkPoolWorker-46 INFO [__main__] Output: 0.6_relaxed_wt_1_A68T_rep3.pdb
2026-02-24 11:41:22 EST ForkPoolWorker-33 INFO [__main__] Output: 0.6_relaxed_wt_1_A68T_rep2.pdb
2026-02-24 11:41:23 EST ForkPoolWorker-12 INFO [__main__] Output: 0.6_relaxed_wt_1_A22K_A49L_A68K_rep4.pdb
2026-02-24 11:41:31 EST ForkPoolWorker-7 INFO [__main__] Output: 0.6_relaxed_wt_1_A22K_A49L_A68K_rep2.pdb
2026-02-24 11:41:32 EST ForkPoolWorker-37 INFO [__main__] Output: 0.6_relaxed_wt_1_A22P_A49L_A68L_rep5.pdb
2026-02-24 11:41:50 EST ForkPoolWorker-2 INFO [__main__] Output: 0.6_relaxed_wt_1_A68L_rep5.pdb
2026-02-24 11:42:02 EST ForkPoolWorker-4 INFO [__main__] Output: 0.6_relaxed_wt_1_A49I_rep5.pdb
2026-02-24 11:42:06 EST ForkPoolWorker-28 INFO [__main__] Output: 0.6_relaxed_wt_1_A68T_rep1.pdb
2026-02-24 11:42:13 EST ForkPoolWorker-47 INFO [__main__] Output: 0.6_relaxed_wt_1_A68L_rep2.pdb
2026-02-24 11:42:22 EST ForkPoolWorker-5 INFO [__main__] Output: 0.6_relaxed_wt_1_A68L_rep3.pdb
2026-02-24 11:42:30 EST ForkPoolWorker-39 INFO [__main__] Output: 0.6_relaxed_wt_1_A49I_rep1.pdb
2026-02-24 11:42:31 EST ForkPoolWorker-16 INFO [__main__] Output: 0.6_relaxed_wt_1_A22K_A49L_A68K_rep3.pdb
2026-02-24 11:42:49 EST ForkPoolWorker-25 INFO [__main__] Output: 0.6_relaxed_wt_1_A22K_A68D_rep5.pdb
2026-02-24 11:42:52 EST ForkPoolWorker-30 INFO [__main__] Output: 0.6_relaxed_wt_1_A22K_A49L_A68K_rep5.pdb
2026-02-24 11:43:02 EST ForkPoolWorker-34 INFO [__main__] Output: 0.6_relaxed_wt_1_A49I_rep3.pdb
2026-02-24 11:43:03 EST ForkPoolWorker-8 INFO [__main__] Output: 0.6_relaxed_wt_1_A68L_rep4.pdb
2026-02-24 11:43:04 EST ForkPoolWorker-44 INFO [__main__] Output: 0.6_relaxed_wt_1_A22P_A49L_A68L_rep4.pdb
2026-02-24 11:43:06 EST ForkPoolWorker-38 INFO [__main__] Output: 0.6_relaxed_wt_1_A22K_A49L_A68K_rep1.pdb
2026-02-24 11:43:08 EST ForkPoolWorker-11 INFO [__main__] Output: 0.6_relaxed_wt_1_A22P_A49L_A68L_rep2.pdb
2026-02-24 11:43:09 EST ForkPoolWorker-29 INFO [__main__] Output: 0.6_relaxed_wt_1_A22P_A49L_A68L_rep1.pdb
2026-02-24 11:43:20 EST ForkPoolWorker-48 INFO [__main__] Output: 0.6_relaxed_wt_1_A68M_rep4.pdb
2026-02-24 11:43:23 EST ForkPoolWorker-10 INFO [__main__] Output: 0.6_relaxed_wt_1_A49I_rep2.pdb
2026-02-24 11:43:24 EST ForkPoolWorker-35 INFO [__main__] Output: 0.6_relaxed_wt_1_A22K_A68D_rep4.pdb
2026-02-24 11:43:34 EST ForkPoolWorker-14 INFO [__main__] Output: 0.6_relaxed_wt_1_A22P_A49L_A68L_rep3.pdb
2026-02-24 11:43:48 EST ForkPoolWorker-27 INFO [__main__] Output: 0.6_relaxed_wt_1_A22K_A68D_rep3.pdb
2026-02-24 11:43:56 EST ForkPoolWorker-20 INFO [__main__] Output: 0.6_relaxed_wt_1_A68T_rep4.pdb
2026-02-24 11:43:56 EST ForkPoolWorker-24 INFO [__main__] Output: 0.6_relaxed_wt_1_A49I_rep4.pdb
2026-02-24 11:44:01 EST ForkPoolWorker-40 INFO [__main__] Output: 0.6_relaxed_wt_1_A22K_A68L_rep4.pdb
2026-02-24 11:44:08 EST ForkPoolWorker-19 INFO [__main__] Output: 0.6_relaxed_wt_1_A22K_A68T_rep5.pdb
2026-02-24 11:44:09 EST ForkPoolWorker-21 INFO [__main__] Output: 0.6_relaxed_wt_1_A22K_A68L_rep1.pdb
2026-02-24 11:44:10 EST ForkPoolWorker-18 INFO [__main__] Output: 0.6_relaxed_wt_1_A22K_A68L_rep5.pdb
2026-02-24 11:44:14 EST ForkPoolWorker-1 INFO [__main__] Output: 0.6_relaxed_wt_1_A68M_rep3.pdb
2026-02-24 11:44:26 EST ForkPoolWorker-45 INFO [__main__] Output: 0.6_relaxed_wt_1_A22K_A68T_rep3.pdb
2026-02-24 11:44:39 EST ForkPoolWorker-3 INFO [__main__] Output: 0.6_relaxed_wt_1_A68M_rep5.pdb
2026-02-24 11:44:39 EST ForkPoolWorker-22 INFO [__main__] Output: 0.6_relaxed_wt_1_A22K_A49V_A68T_rep3.pdb
2026-02-24 11:44:42 EST ForkPoolWorker-9 INFO [__main__] Output: 0.6_relaxed_wt_1_A22K_A68T_rep2.pdb
2026-02-24 11:44:43 EST ForkPoolWorker-23 INFO [__main__] Output: 0.6_relaxed_wt_1_A22K_A49V_A68T_rep2.pdb
2026-02-24 11:44:45 EST ForkPoolWorker-41 INFO [__main__] Output: 0.6_relaxed_wt_1_A22K_A68T_rep4.pdb
2026-02-24 11:44:48 EST ForkPoolWorker-42 INFO [__main__] Output: 0.6_relaxed_wt_1_A22K_A49V_A68T_rep1.pdb
2026-02-24 11:44:48 EST ForkPoolWorker-6 INFO [__main__] Output: 0.6_relaxed_wt_1_A68L_rep1.pdb
2026-02-24 11:45:10 EST ForkPoolWorker-43 INFO [__main__] Output: 0.6_relaxed_wt_1_A22K_A68L_rep2.pdb
2026-02-24 11:45:23 EST ForkPoolWorker-17 INFO [__main__] Output: 0.6_relaxed_wt_1_A68T_rep5.pdb
2026-02-24 11:45:35 EST ForkPoolWorker-26 INFO [__main__] Output: 0.6_relaxed_wt_1_A68M_rep1.pdb
2026-02-24 11:45:38 EST ForkPoolWorker-15 INFO [__main__] Output: 0.6_relaxed_wt_1_A22K_A68D_rep2.pdb
2026-02-24 11:45:42 EST ForkPoolWorker-13 INFO [__main__] Output: 0.6_relaxed_wt_1_A22K_A68T_rep1.pdb
2026-02-24 11:46:34 EST ForkPoolWorker-36 INFO [__main__] Output: 0.6_relaxed_wt_1_A68M_rep2.pdb
2026-02-24 12:50:32 EST ForkPoolWorker-46 INFO [__main__] Output: 0.6_relaxed_wt_1_A31D_A68L_rep1.pdb
2026-02-24 12:51:01 EST ForkPoolWorker-30 INFO [__main__] Output: 0.6_relaxed_wt_1_A22K_A68Y_rep4.pdb
2026-02-24 12:51:28 EST ForkPoolWorker-33 INFO [__main__] Output: 0.6_relaxed_wt_1_A31D_A68L_rep2.pdb
2026-02-24 12:51:52 EST ForkPoolWorker-32 INFO [__main__] Output: 0.6_relaxed_wt_1_A22K_A49V_A68T_rep4.pdb
2026-02-24 12:52:26 EST ForkPoolWorker-37 INFO [__main__] Output: 0.6_relaxed_wt_1_A31D_A68L_rep5.pdb
2026-02-24 12:53:11 EST ForkPoolWorker-11 INFO [__main__] Output: 0.6_relaxed_wt_1_A22K_A49I_A68T_rep4.pdb
2026-02-24 12:54:05 EST ForkPoolWorker-39 INFO [__main__] Output: 0.6_relaxed_wt_1_A22K_A68Y_rep1.pdb
2026-02-24 12:54:25 EST ForkPoolWorker-12 INFO [__main__] Output: 0.6_relaxed_wt_1_A31D_A68L_rep3.pdb
2026-02-24 12:54:26 EST ForkPoolWorker-2 INFO [__main__] Output: 0.6_relaxed_wt_1_A22K_A52R_A68I_rep1.pdb
2026-02-24 12:54:26 EST ForkPoolWorker-31 INFO [__main__] Output: 0.6_relaxed_wt_1_A22K_A49V_A68T_rep5.pdb
2026-02-24 12:54:28 EST ForkPoolWorker-25 INFO [__main__] Output: 0.6_relaxed_wt_1_A22K_A68Y_rep3.pdb
2026-02-24 12:54:32 EST ForkPoolWorker-34 INFO [__main__] Output: 0.6_relaxed_wt_1_A22K_A68Y_rep5.pdb
2026-02-24 12:54:36 EST ForkPoolWorker-7 INFO [__main__] Output: 0.6_relaxed_wt_1_A31D_A68L_rep4.pdb
2026-02-24 12:55:15 EST ForkPoolWorker-5 INFO [__main__] Output: 0.6_relaxed_wt_1_A22K_A52R_A68I_rep5.pdb
2026-02-24 12:55:41 EST ForkPoolWorker-28 INFO [__main__] Output: 0.6_relaxed_wt_1_A22K_A52R_A68I_rep3.pdb
2026-02-24 12:55:46 EST ForkPoolWorker-21 INFO [__main__] Output: 0.6_relaxed_wt_1_A22K_A68M_rep5.pdb
2026-02-24 12:55:48 EST ForkPoolWorker-29 INFO [__main__] Output: 0.6_relaxed_wt_1_A22K_A49I_A68T_rep5.pdb
2026-02-24 12:56:00 EST ForkPoolWorker-44 INFO [__main__] Output: 0.6_relaxed_wt_1_A22K_A49I_A68T_rep2.pdb
2026-02-24 12:56:04 EST ForkPoolWorker-16 INFO [__main__] Output: 0.6_relaxed_wt_1_A22K_A68Y_rep2.pdb
2026-02-24 12:56:22 EST ForkPoolWorker-22 INFO [__main__] Output: 0.6_relaxed_wt_1_A22K_A52R_A68L_rep5.pdb
2026-02-24 12:56:27 EST ForkPoolWorker-38 INFO [__main__] Output: 0.6_relaxed_wt_1_A22K_A49I_A68T_rep3.pdb
2026-02-24 12:56:27 EST ForkPoolWorker-14 INFO [__main__] Output: 0.6_relaxed_wt_1_A22K_A52T_A68Q_rep4.pdb
2026-02-24 12:56:30 EST ForkPoolWorker-4 INFO [__main__] Output: 0.6_relaxed_wt_1_A22K_A52R_A68I_rep2.pdb
2026-02-24 12:56:37 EST ForkPoolWorker-8 INFO [__main__] Output: 0.6_relaxed_wt_1_A22K_A49I_A68T_rep1.pdb
2026-02-24 12:56:40 EST ForkPoolWorker-20 INFO [__main__] Output: 0.6_relaxed_wt_1_A22K_A68M_rep1.pdb
2026-02-24 12:56:54 EST ForkPoolWorker-17 INFO [__main__] Output: 0.6_relaxed_wt_1_A22P_A49I_A68L_rep2.pdb
2026-02-24 12:57:00 EST ForkPoolWorker-6 INFO [__main__] Output: 0.6_relaxed_wt_1_A22K_A49L_A68L_rep5.pdb
2026-02-24 12:57:03 EST ForkPoolWorker-47 INFO [__main__] Output: 0.6_relaxed_wt_1_A22K_A52R_A68I_rep4.pdb
2026-02-24 12:57:13 EST ForkPoolWorker-48 INFO [__main__] Output: 0.6_relaxed_wt_1_A22K_A52T_A68Q_rep1.pdb
2026-02-24 12:57:16 EST ForkPoolWorker-10 INFO [__main__] Output: 0.6_relaxed_wt_1_A22K_A52T_A68Q_rep2.pdb
2026-02-24 12:57:20 EST ForkPoolWorker-15 INFO [__main__] Output: 0.6_relaxed_wt_1_A22P_A49I_A68L_rep4.pdb
2026-02-24 12:57:28 EST ForkPoolWorker-18 INFO [__main__] Output: 0.6_relaxed_wt_1_A22K_A52R_A68L_rep1.pdb
2026-02-24 12:57:45 EST ForkPoolWorker-24 INFO [__main__] Output: 0.6_relaxed_wt_1_A22K_A68M_rep2.pdb
2026-02-24 12:57:45 EST ForkPoolWorker-27 INFO [__main__] Output: 0.6_relaxed_wt_1_A22K_A52T_A68Q_rep5.pdb
2026-02-24 12:57:51 EST ForkPoolWorker-45 INFO [__main__] Output: 0.6_relaxed_wt_1_A22K_A52R_A68L_rep3.pdb
2026-02-24 12:58:09 EST ForkPoolWorker-19 INFO [__main__] Output: 0.6_relaxed_wt_1_A22K_A68M_rep4.pdb
2026-02-24 12:58:12 EST ForkPoolWorker-1 INFO [__main__] Output: 0.6_relaxed_wt_1_A22K_A52R_A68L_rep2.pdb
2026-02-24 12:58:28 EST ForkPoolWorker-35 INFO [__main__] Output: 0.6_relaxed_wt_1_A22K_A52T_A68Q_rep3.pdb
2026-02-24 12:58:34 EST ForkPoolWorker-43 INFO [__main__] Output: 0.6_relaxed_wt_1_A22P_A49I_A68L_rep1.pdb
2026-02-24 12:58:38 EST ForkPoolWorker-9 INFO [__main__] Output: 0.6_relaxed_wt_1_A22K_A49L_A68L_rep1.pdb
2026-02-24 12:58:51 EST ForkPoolWorker-26 INFO [__main__] Output: 0.6_relaxed_wt_1_A22P_A49I_A68L_rep3.pdb
2026-02-24 12:58:54 EST ForkPoolWorker-13 INFO [__main__] Output: 0.6_relaxed_wt_1_A22P_A49I_A68L_rep5.pdb
2026-02-24 12:59:02 EST ForkPoolWorker-23 INFO [__main__] Output: 0.6_relaxed_wt_1_A22K_A49L_A68L_rep2.pdb
2026-02-24 12:59:09 EST ForkPoolWorker-40 INFO [__main__] Output: 0.6_relaxed_wt_1_A22K_A68M_rep3.pdb
2026-02-24 12:59:12 EST ForkPoolWorker-42 INFO [__main__] Output: 0.6_relaxed_wt_1_A22K_A49L_A68L_rep4.pdb
2026-02-24 12:59:21 EST ForkPoolWorker-41 INFO [__main__] Output: 0.6_relaxed_wt_1_A22K_A49L_A68L_rep3.pdb
2026-02-24 12:59:36 EST ForkPoolWorker-3 INFO [__main__] Output: 0.6_relaxed_wt_1_A22K_A52R_A68L_rep4.pdb
2026-02-24 13:01:36 EST ForkPoolWorker-36 INFO [__main__] Output: 0.6_relaxed_wt_1_A22P_A68Y_rep1.pdb
2026-02-24 13:58:34 EST ForkPoolWorker-33 INFO [__main__] Output: 0.6_relaxed_wt_1_A22P_A68Y_rep4.pdb
2026-02-24 13:58:38 EST ForkPoolWorker-37 INFO [__main__] Output: 0.6_relaxed_wt_1_A22Q_A68L_rep1.pdb
2026-02-24 13:59:30 EST ForkPoolWorker-32 INFO [__main__] Output: 0.6_relaxed_wt_1_A22P_A68Y_rep5.pdb
2026-02-24 14:00:16 EST ForkPoolWorker-11 INFO [__main__] Output: 0.6_relaxed_wt_1_A22Q_A68L_rep2.pdb
2026-02-24 14:00:50 EST ForkPoolWorker-46 INFO [__main__] Output: 0.6_relaxed_wt_1_A22P_A68Y_rep2.pdb
2026-02-24 14:00:59 EST ForkPoolWorker-30 INFO [__main__] Output: 0.6_relaxed_wt_1_A22P_A68Y_rep3.pdb
2026-02-24 14:01:18 EST ForkPoolWorker-39 INFO [__main__] Output: 0.6_relaxed_wt_1_A22Q_A68L_rep3.pdb
2026-02-24 14:01:33 EST ForkPoolWorker-2 INFO [__main__] Output: 0.6_relaxed_wt_1_A22Q_A68L_rep5.pdb
2026-02-24 14:02:03 EST ForkPoolWorker-44 INFO [__main__] Output: 0.6_relaxed_wt_1_A49L_A68L_rep4.pdb
2026-02-24 14:02:06 EST ForkPoolWorker-29 INFO [__main__] Output: 0.6_relaxed_wt_1_A49L_A68L_rep3.pdb
2026-02-24 14:02:17 EST ForkPoolWorker-34 INFO [__main__] Output: 0.6_relaxed_wt_1_A68Q_rep3.pdb
2026-02-24 14:02:33 EST ForkPoolWorker-25 INFO [__main__] Output: 0.6_relaxed_wt_1_A68Q_rep2.pdb
2026-02-24 14:03:14 EST ForkPoolWorker-16 INFO [__main__] Output: 0.6_relaxed_wt_1_A49L_A68L_rep5.pdb
2026-02-24 14:03:15 EST ForkPoolWorker-28 INFO [__main__] Output: 0.6_relaxed_wt_1_A49L_A68L_rep1.pdb
2026-02-24 14:03:21 EST ForkPoolWorker-31 INFO [__main__] Output: 0.6_relaxed_wt_1_A68Q_rep1.pdb
2026-02-24 14:03:28 EST ForkPoolWorker-5 INFO [__main__] Output: 0.6_relaxed_wt_1_A68Q_rep5.pdb
2026-02-24 14:03:49 EST ForkPoolWorker-7 INFO [__main__] Output: 0.6_relaxed_wt_1_A68Q_rep4.pdb
2026-02-24 14:04:17 EST ForkPoolWorker-12 INFO [__main__] Output: 0.6_relaxed_wt_1_A22Q_A68L_rep4.pdb
2026-02-24 14:04:37 EST ForkPoolWorker-21 INFO [__main__] Output: 0.6_relaxed_wt_1_A49L_A68L_rep2.pdb
2026-02-24 14:04:38 EST MainProcess INFO [__main__] Script execution completed
